0	05:45:28.003	ZigZag GBPUSD,Daily: uninit reason 3
0	05:45:28.013	ZigZag GBPUSD,H4: initialized
0	05:48:09.909	ZigZag GBPUSD,H4: uninit reason 3
0	05:48:09.913	ZigZag GBPUSD,Weekly: initialized
0	05:48:32.405	ZigZag GBPUSD,Weekly: uninit reason 3
0	05:48:32.407	ZigZag GBPUSD,Daily: initialized
0	05:48:46.185	ZigZag GBPUSD,Daily: uninit reason 3
0	05:48:46.188	ZigZag GBPUSD,H4: initialized
0	10:10:12.678	ZigZag GBPUSD,H4: uninit reason 3
0	10:10:12.681	ZigZag GBPUSD,Daily: initialized
0	10:10:14.030	ZigZag GBPUSD,Daily: uninit reason 3
0	10:10:14.033	ZigZag GBPUSD,Weekly: initialized
0	10:10:15.494	ZigZag GBPUSD,Weekly: uninit reason 3
0	10:10:15.495	ZigZag GBPUSD,Monthly: initialized
0	10:10:33.962	ZigZag GBPUSD,Monthly: uninit reason 3
0	10:10:33.963	ZigZag GBPUSD,Weekly: initialized
0	10:10:53.061	ZigZag GBPUSD,Weekly: uninit reason 3
0	10:10:53.063	ZigZag GBPUSD,Daily: initialized
0	10:10:57.349	ZigZag GBPUSD,Daily: uninit reason 3
0	10:10:57.353	ZigZag GBPUSD,H4: initialized
0	13:36:55.824	Custom indicator ZigZag GBPUSD,M30: loaded successfully
0	15:48:02.394	Compiling 'dbot_trend'
0	15:48:35.994	Custom indicator ZigZag GBPUSD,M30: loaded successfully
0	15:48:36.213	ZigZag GBPUSD,M30: initialized
