0	20:59:35.104	Custom indicator ZigZag GBPUSD,H1: loaded successfully
0	20:59:35.129	ZigZag GBPUSD,H1: initialized
0	20:59:37.378	ZigZag GBPUSD,H1: uninit reason 9
0	20:59:37.459	Custom indicator ZigZag GBPUSD,H1: removed
0	20:59:40.417	Compiling 'MACD Sample'
0	20:59:40.418	Compiling 'Moving Average'
0	20:59:42.432	Compiling 'Accelerator'
0	20:59:42.432	Compiling 'Accumulation'
0	20:59:42.432	Compiling 'Alligator'
0	20:59:42.432	Compiling 'ATR'
0	20:59:42.433	Compiling 'Awesome'
0	20:59:42.433	Compiling 'Bands'
0	20:59:42.433	Compiling 'Bears'
0	20:59:42.433	Compiling 'Bulls'
0	20:59:42.433	Compiling 'CCI'
0	20:59:42.433	Compiling 'Custom Moving Averages'
0	20:59:42.433	Compiling 'Heiken Ashi'
0	20:59:42.433	Compiling 'Ichimoku'
0	20:59:42.433	Compiling 'iExposure'
0	20:59:42.433	Compiling 'MACD'
0	20:59:42.433	Compiling 'Momentum'
0	20:59:42.433	Compiling 'OsMA'
0	20:59:42.433	Compiling 'Parabolic'
0	20:59:42.433	Compiling 'RSI'
0	20:59:42.433	Compiling 'Stochastic'
0	20:59:42.433	Compiling 'ZigZag'
0	20:59:42.435	Compiling 'SimplePanel'
0	20:59:47.893	Compiling 'PeriodConverter'
0	20:59:47.893	Compiling 'DLLSampleTester'
0	20:59:47.894	Compiling 'PipeClient'
0	20:59:47.894	Compiling 'PipeClientPure'
0	20:59:50.178	Compiling 'stdlib'
0	20:59:52.923	Custom indicator ZigZag GBPUSD,H1: loaded successfully
0	20:59:52.949	ZigZag GBPUSD,H1: initialized
