0	05:33:11.921	ZigZag GBPUSD,H1: uninit reason 3
0	05:33:11.926	ZigZag XAUUSD,H1: initialized
0	05:33:30.745	ZigZag XAUUSD,H1: uninit reason 3
0	05:33:30.746	ZigZag GBPUSD,H1: initialized
0	07:02:54.186	Custom indicator RSI XAUUSD,M30: loaded successfully
0	07:03:02.510	RSI XAUUSD,M30: initialized
0	07:03:19.438	Custom indicator MACD XAUUSD,M30: loaded successfully
0	07:03:22.087	MACD XAUUSD,M30: initialized
0	07:03:41.445	Custom indicator Bands XAUUSD,M30: loaded successfully
0	07:03:47.940	Bands XAUUSD,M30: initialized
0	07:06:36.138	Bands XAUUSD,M30: uninit reason 3
0	07:06:36.139	RSI XAUUSD,M30: uninit reason 3
0	07:06:36.139	MACD XAUUSD,M30: uninit reason 3
0	07:06:36.142	Bands XAUUSD,H1: initialized
0	07:06:36.142	RSI XAUUSD,H1: initialized
0	07:06:36.142	MACD XAUUSD,H1: initialized
0	07:08:00.328	Bands XAUUSD,H1: uninit reason 3
0	07:08:00.328	RSI XAUUSD,H1: uninit reason 3
0	07:08:00.328	MACD XAUUSD,H1: uninit reason 3
0	07:08:00.331	Bands XAUUSD,M30: initialized
0	07:08:00.331	RSI XAUUSD,M30: initialized
0	07:08:00.331	MACD XAUUSD,M30: initialized
0	07:17:57.366	MACD XAUUSD,M30: uninit reason 1
0	07:17:57.384	Custom indicator MACD XAUUSD,M30: removed
0	13:46:14.470	ZigZag GBPUSD,H1: uninit reason 9
0	13:46:14.470	Bands XAUUSD,M30: uninit reason 9
0	13:46:14.471	RSI XAUUSD,M30: uninit reason 9
0	13:46:14.601	Custom indicator ZigZag GBPUSD,H1: removed
0	13:46:14.629	Custom indicator Bands XAUUSD,M30: removed
0	13:46:14.661	Custom indicator RSI XAUUSD,M30: removed
0	14:49:56.902	Compiling 'dbot_gold'
0	14:49:59.317	Custom indicator ZigZag GBPUSD,H1: loaded successfully
0	14:49:59.343	ZigZag GBPUSD,H1: initialized
0	14:49:59.379	Custom indicator Bands XAUUSD,M30: loaded successfully
0	14:49:59.389	Custom indicator RSI XAUUSD,M30: loaded successfully
0	14:49:59.400	Bands XAUUSD,M30: initialized
0	14:49:59.411	RSI XAUUSD,M30: initialized
