0	19:21:01.619	Expert trend_dtrader XAUUSD,H1: loaded successfully
0	19:21:01.619	trend_dtrader XAUUSD,H1 inputs: mdesc=DBot FX; lot_size=0.3; max_trade=10; close_trade=true; tt=0; 
1	19:21:33.135	trend_dtrader XAUUSD,H1: cannot set timer (1)
0	19:21:33.135	trend_dtrader XAUUSD,H1: AAVEUSD
0	19:21:33.135	trend_dtrader XAUUSD,H1: ADAUSD
0	19:21:33.135	trend_dtrader XAUUSD,H1: ALGOUSD
0	19:21:33.135	trend_dtrader XAUUSD,H1: APTUSD
0	19:21:33.135	trend_dtrader XAUUSD,H1: ARBUSD
0	19:21:33.135	trend_dtrader XAUUSD,H1: ATOMUSD
0	19:21:33.135	trend_dtrader XAUUSD,H1: AUDUSD
0	19:21:33.135	trend_dtrader XAUUSD,H1: AVAXUSD
0	19:21:33.135	trend_dtrader XAUUSD,H1: AXSUSD
0	19:21:33.135	trend_dtrader XAUUSD,H1: BCHUSD
0	19:21:33.135	trend_dtrader XAUUSD,H1: BNBUSD
0	19:21:33.135	trend_dtrader XAUUSD,H1: BTCUSD
0	19:21:33.135	trend_dtrader XAUUSD,H1: DASHUSD
0	19:21:33.135	trend_dtrader XAUUSD,H1: DOGEUSD
0	19:21:33.135	trend_dtrader XAUUSD,H1: DOTUSD
0	19:21:33.135	trend_dtrader XAUUSD,H1: ETCUSD
0	19:21:33.135	trend_dtrader XAUUSD,H1: ETHUSD
0	19:21:33.135	trend_dtrader XAUUSD,H1: EURUSD
0	19:21:33.135	trend_dtrader XAUUSD,H1: FETUSD
0	19:21:33.135	trend_dtrader XAUUSD,H1: FILUSD
0	19:21:33.135	trend_dtrader XAUUSD,H1: FTMUSD
0	19:21:33.135	trend_dtrader XAUUSD,H1: GBPUSD
0	19:21:33.135	trend_dtrader XAUUSD,H1: GRTUSD
0	19:21:33.135	trend_dtrader XAUUSD,H1: ICPUSD
0	19:21:33.135	trend_dtrader XAUUSD,H1: IOTAUSD
0	19:21:33.135	trend_dtrader XAUUSD,H1: LINKUSD
0	19:21:33.135	trend_dtrader XAUUSD,H1: LRCUSD
0	19:21:33.135	trend_dtrader XAUUSD,H1: LTCUSD
0	19:21:33.135	trend_dtrader XAUUSD,H1: MANAUSD
0	19:21:33.135	trend_dtrader XAUUSD,H1: MATICUSD
0	19:21:33.135	trend_dtrader XAUUSD,H1: NEARUSD
0	19:21:33.135	trend_dtrader XAUUSD,H1: NZDUSD
0	19:21:33.135	trend_dtrader XAUUSD,H1: SOLUSD
0	19:21:33.135	trend_dtrader XAUUSD,H1: SUIUSD
0	19:21:33.135	trend_dtrader XAUUSD,H1: TRXUSD
0	19:21:33.135	trend_dtrader XAUUSD,H1: UNIUSD
0	19:21:33.135	trend_dtrader XAUUSD,H1: USDCAD
0	19:21:33.135	trend_dtrader XAUUSD,H1: USDCHF
0	19:21:33.135	trend_dtrader XAUUSD,H1: USDJPY
0	19:21:33.135	trend_dtrader XAUUSD,H1: USDMXN
0	19:21:33.135	trend_dtrader XAUUSD,H1: USDZAR
0	19:21:33.135	trend_dtrader XAUUSD,H1: XAGUSD
0	19:21:33.135	trend_dtrader XAUUSD,H1: XAUUSD
0	19:21:33.135	trend_dtrader XAUUSD,H1: XBRUSD
0	19:21:33.135	trend_dtrader XAUUSD,H1: XNGUSD
0	19:21:33.135	trend_dtrader XAUUSD,H1: XRPUSD
0	19:21:33.135	trend_dtrader XAUUSD,H1: XTIUSD
0	19:21:33.135	trend_dtrader XAUUSD,H1: ZECUSD
0	19:21:33.135	trend_dtrader XAUUSD,H1: 48
0	19:21:33.135	trend_dtrader XAUUSD,H1: initialized
0	19:23:43.009	trend_dtrader XAUUSD,H1: uninit reason 1
0	19:23:43.009	trend_dtrader XAUUSD,H1: Alert: 1
0	19:23:43.107	Expert trend_dtrader XAUUSD,H1: removed
0	19:23:43.155	Expert trend_dtrader XAUUSD,H1: loaded successfully
0	19:23:54.629	trend_dtrader XAUUSD,H1 inputs: mdesc=DBot FX; lot_size=0.3; max_trade=100000000; close_trade=false; tt=0; 
0	19:23:54.772	trend_dtrader XAUUSD,H1: AAVEUSD
0	19:23:54.772	trend_dtrader XAUUSD,H1: ADAUSD
0	19:23:54.772	trend_dtrader XAUUSD,H1: ALGOUSD
0	19:23:54.772	trend_dtrader XAUUSD,H1: APTUSD
0	19:23:54.772	trend_dtrader XAUUSD,H1: ARBUSD
0	19:23:54.772	trend_dtrader XAUUSD,H1: ATOMUSD
0	19:23:54.772	trend_dtrader XAUUSD,H1: AUDUSD
0	19:23:54.772	trend_dtrader XAUUSD,H1: AVAXUSD
0	19:23:54.772	trend_dtrader XAUUSD,H1: AXSUSD
0	19:23:54.772	trend_dtrader XAUUSD,H1: BCHUSD
0	19:23:54.772	trend_dtrader XAUUSD,H1: BNBUSD
0	19:23:54.772	trend_dtrader XAUUSD,H1: BTCUSD
0	19:23:54.772	trend_dtrader XAUUSD,H1: DASHUSD
0	19:23:54.772	trend_dtrader XAUUSD,H1: DOGEUSD
0	19:23:54.772	trend_dtrader XAUUSD,H1: DOTUSD
0	19:23:54.772	trend_dtrader XAUUSD,H1: ETCUSD
0	19:23:54.772	trend_dtrader XAUUSD,H1: ETHUSD
0	19:23:54.772	trend_dtrader XAUUSD,H1: EURUSD
0	19:23:54.772	trend_dtrader XAUUSD,H1: FETUSD
0	19:23:54.772	trend_dtrader XAUUSD,H1: FILUSD
0	19:23:54.772	trend_dtrader XAUUSD,H1: FTMUSD
0	19:23:54.772	trend_dtrader XAUUSD,H1: GBPUSD
0	19:23:54.772	trend_dtrader XAUUSD,H1: GRTUSD
0	19:23:54.772	trend_dtrader XAUUSD,H1: ICPUSD
0	19:23:54.772	trend_dtrader XAUUSD,H1: IOTAUSD
0	19:23:54.772	trend_dtrader XAUUSD,H1: LINKUSD
0	19:23:54.772	trend_dtrader XAUUSD,H1: LRCUSD
0	19:23:54.772	trend_dtrader XAUUSD,H1: LTCUSD
0	19:23:54.772	trend_dtrader XAUUSD,H1: MANAUSD
0	19:23:54.772	trend_dtrader XAUUSD,H1: MATICUSD
0	19:23:54.772	trend_dtrader XAUUSD,H1: NEARUSD
0	19:23:54.772	trend_dtrader XAUUSD,H1: NZDUSD
0	19:23:54.772	trend_dtrader XAUUSD,H1: SOLUSD
0	19:23:54.772	trend_dtrader XAUUSD,H1: SUIUSD
0	19:23:54.772	trend_dtrader XAUUSD,H1: TRXUSD
0	19:23:54.772	trend_dtrader XAUUSD,H1: UNIUSD
0	19:23:54.772	trend_dtrader XAUUSD,H1: USDCAD
0	19:23:54.772	trend_dtrader XAUUSD,H1: USDCHF
0	19:23:54.772	trend_dtrader XAUUSD,H1: USDJPY
0	19:23:54.772	trend_dtrader XAUUSD,H1: USDMXN
0	19:23:54.772	trend_dtrader XAUUSD,H1: USDZAR
0	19:23:54.772	trend_dtrader XAUUSD,H1: XAGUSD
0	19:23:54.772	trend_dtrader XAUUSD,H1: XAUUSD
0	19:23:54.772	trend_dtrader XAUUSD,H1: XBRUSD
0	19:23:54.772	trend_dtrader XAUUSD,H1: XNGUSD
0	19:23:54.772	trend_dtrader XAUUSD,H1: XRPUSD
0	19:23:54.772	trend_dtrader XAUUSD,H1: XTIUSD
0	19:23:54.772	trend_dtrader XAUUSD,H1: ZECUSD
0	19:23:54.772	trend_dtrader XAUUSD,H1: 48
0	19:23:54.772	trend_dtrader XAUUSD,H1: initialized
0	19:49:27.851	Expert trend_dtrader XAUUSD,H1: loaded successfully
0	19:49:27.851	trend_dtrader XAUUSD,H1 inputs: mdesc=DBot FX; lot_size=0.3; max_trade=100000000; close_trade=false; tt=0; 
