0	04:53:32.806	Compiling 'MACD Sample'
0	04:53:32.806	Compiling 'Moving Average'
0	04:53:35.674	Compiling 'Accelerator'
0	04:53:35.674	Compiling 'Accumulation'
0	04:53:35.674	Compiling 'Alligator'
0	04:53:35.674	Compiling 'ATR'
0	04:53:35.674	Compiling 'Awesome'
0	04:53:35.674	Compiling 'Bands'
0	04:53:35.674	Compiling 'Bears'
0	04:53:35.674	Compiling 'Bulls'
0	04:53:35.675	Compiling 'CCI'
0	04:53:35.675	Compiling 'Custom Moving Averages'
0	04:53:35.675	Compiling 'Heiken Ashi'
0	04:53:35.675	Compiling 'Ichimoku'
0	04:53:35.675	Compiling 'iExposure'
0	04:53:35.675	Compiling 'MACD'
0	04:53:35.675	Compiling 'Momentum'
0	04:53:35.675	Compiling 'OsMA'
0	04:53:35.675	Compiling 'Parabolic'
0	04:53:35.675	Compiling 'RSI'
0	04:53:35.675	Compiling 'Stochastic'
0	04:53:35.675	Compiling 'ZigZag'
0	04:53:35.675	Compiling 'SimplePanel'
0	04:54:02.576	Compiling 'PeriodConverter'
0	04:54:02.576	Compiling 'DLLSampleTester'
0	04:54:02.577	Compiling 'PipeClient'
0	04:54:02.577	Compiling 'PipeClientPure'
0	04:54:05.782	Compiling 'stdlib'
0	08:45:35.496	Expert trend_dtrader XAUUSD,H1: loaded successfully
0	08:45:47.752	trend_dtrader XAUUSD,H1 inputs: mdesc=DBot FX; lot_size=0.3; max_trade=100000000; close_trade=true; tt=0; 
0	08:45:47.849	trend_dtrader XAUUSD,H1: AAVEUSD
0	08:45:47.849	trend_dtrader XAUUSD,H1: ADAUSD
0	08:45:47.849	trend_dtrader XAUUSD,H1: ALGOUSD
0	08:45:47.849	trend_dtrader XAUUSD,H1: APTUSD
0	08:45:47.849	trend_dtrader XAUUSD,H1: ARBUSD
0	08:45:47.849	trend_dtrader XAUUSD,H1: ATOMUSD
0	08:45:47.849	trend_dtrader XAUUSD,H1: AUDUSD
0	08:45:47.849	trend_dtrader XAUUSD,H1: AVAXUSD
0	08:45:47.849	trend_dtrader XAUUSD,H1: AXSUSD
0	08:45:47.849	trend_dtrader XAUUSD,H1: BCHUSD
0	08:45:47.849	trend_dtrader XAUUSD,H1: BNBUSD
0	08:45:47.849	trend_dtrader XAUUSD,H1: BTCUSD
0	08:45:47.849	trend_dtrader XAUUSD,H1: DASHUSD
0	08:45:47.849	trend_dtrader XAUUSD,H1: DOGEUSD
0	08:45:47.849	trend_dtrader XAUUSD,H1: DOTUSD
0	08:45:47.849	trend_dtrader XAUUSD,H1: ETCUSD
0	08:45:47.849	trend_dtrader XAUUSD,H1: ETHUSD
0	08:45:47.849	trend_dtrader XAUUSD,H1: EURUSD
0	08:45:47.849	trend_dtrader XAUUSD,H1: FETUSD
0	08:45:47.849	trend_dtrader XAUUSD,H1: FILUSD
0	08:45:47.849	trend_dtrader XAUUSD,H1: FTMUSD
0	08:45:47.849	trend_dtrader XAUUSD,H1: GBPUSD
0	08:45:47.849	trend_dtrader XAUUSD,H1: GRTUSD
0	08:45:47.849	trend_dtrader XAUUSD,H1: ICPUSD
0	08:45:47.849	trend_dtrader XAUUSD,H1: IOTAUSD
0	08:45:47.849	trend_dtrader XAUUSD,H1: LINKUSD
0	08:45:47.849	trend_dtrader XAUUSD,H1: LRCUSD
0	08:45:47.849	trend_dtrader XAUUSD,H1: LTCUSD
0	08:45:47.849	trend_dtrader XAUUSD,H1: MANAUSD
0	08:45:47.849	trend_dtrader XAUUSD,H1: MATICUSD
0	08:45:47.849	trend_dtrader XAUUSD,H1: NEARUSD
0	08:45:47.849	trend_dtrader XAUUSD,H1: NZDUSD
0	08:45:47.849	trend_dtrader XAUUSD,H1: SOLUSD
0	08:45:47.849	trend_dtrader XAUUSD,H1: SUIUSD
0	08:45:47.849	trend_dtrader XAUUSD,H1: TRXUSD
0	08:45:47.849	trend_dtrader XAUUSD,H1: UNIUSD
0	08:45:47.849	trend_dtrader XAUUSD,H1: USDCAD
0	08:45:47.849	trend_dtrader XAUUSD,H1: USDCHF
0	08:45:47.849	trend_dtrader XAUUSD,H1: USDJPY
0	08:45:47.849	trend_dtrader XAUUSD,H1: USDMXN
0	08:45:47.849	trend_dtrader XAUUSD,H1: USDZAR
0	08:45:47.849	trend_dtrader XAUUSD,H1: XAGUSD
0	08:45:47.849	trend_dtrader XAUUSD,H1: XAUUSD
0	08:45:47.849	trend_dtrader XAUUSD,H1: XBRUSD
0	08:45:47.849	trend_dtrader XAUUSD,H1: XNGUSD
0	08:45:47.849	trend_dtrader XAUUSD,H1: XRPUSD
0	08:45:47.849	trend_dtrader XAUUSD,H1: XTIUSD
0	08:45:47.849	trend_dtrader XAUUSD,H1: ZECUSD
0	08:45:47.849	trend_dtrader XAUUSD,H1: 48
0	08:45:47.849	trend_dtrader XAUUSD,H1: initialized
2	08:45:53.648	trend_dtrader XAUUSD,H1: open #479069286 buy 0.30 ARBUSD at 0.7448 sl: 0.6874 tp: 0.8410 ok
0	08:45:53.648	trend_dtrader XAUUSD,H1: Alert: ARBUSD Ordered Successfully
2	08:45:54.602	trend_dtrader XAUUSD,H1: open #479069289 buy 0.30 ATOMUSD at 6.369 sl: 5.904 tp: 7.045 ok
0	08:45:54.602	trend_dtrader XAUUSD,H1: Alert: ATOMUSD Ordered Successfully
2	08:47:43.999	trend_dtrader XAUUSD,H1: open #479069536 buy 0.30 GBPUSD at 1.29864 sl: 1.29210 tp: 1.31134 ok
0	08:47:44.000	trend_dtrader XAUUSD,H1: Alert: GBPUSD Ordered Successfully
2	08:47:45.005	trend_dtrader XAUUSD,H1: open #479069541 buy 0.30 GRTUSD at 0.2061 sl: 0.1893 tp: 0.2328 ok
0	08:47:45.005	trend_dtrader XAUUSD,H1: Alert: GRTUSD Ordered Successfully
0	08:48:18.101	trend_dtrader XAUUSD,H1: Alert: Failed AXSUSD
2	08:48:23.124	trend_dtrader XAUUSD,H1: open #479069617 buy 0.30 DOGEUSD at 0.11930 sl: 0.11116 tp: 0.12660 ok
0	08:48:23.124	trend_dtrader XAUUSD,H1: Alert: DOGEUSD Ordered Successfully
2	08:48:30.053	trend_dtrader XAUUSD,H1: open #479069626 buy 0.30 FTMUSD at 0.4986 sl: 0.4469 tp: 0.5798 ok
0	08:48:30.053	trend_dtrader XAUUSD,H1: Alert: FTMUSD Ordered Successfully
2	08:48:33.136	trend_dtrader XAUUSD,H1: open #479069635 buy 0.30 ICPUSD at 8.943 sl: 8.122 tp: 10.108 ok
0	08:48:33.137	trend_dtrader XAUUSD,H1: Alert: ICPUSD Ordered Successfully
0	08:49:04.972	trend_dtrader XAUUSD,H1: Alert: Failed AXSUSD
0	08:49:05.996	trend_dtrader XAUUSD,H1: Alert: Failed BCHUSD
0	08:49:23.069	trend_dtrader XAUUSD,H1: Alert: Failed LRCUSD
2	08:49:51.136	trend_dtrader XAUUSD,H1: open #479069779 buy 0.30 AVAXUSD at 27.237 sl: 25.190 tp: 29.342 ok
0	08:49:51.136	trend_dtrader XAUUSD,H1: Alert: AVAXUSD Ordered Successfully
0	08:49:52.494	trend_dtrader XAUUSD,H1: Alert: Failed AXSUSD
0	08:49:53.083	trend_dtrader XAUUSD,H1: Alert: Failed BCHUSD
2	08:50:09.148	trend_dtrader XAUUSD,H1: open #479069838 buy 0.30 LINKUSD at 13.850 sl: 12.889 tp: 14.502 ok
0	08:50:09.148	trend_dtrader XAUUSD,H1: Alert: LINKUSD Ordered Successfully
0	08:50:10.160	trend_dtrader XAUUSD,H1: Alert: Failed LRCUSD
0	08:50:39.189	trend_dtrader XAUUSD,H1: Alert: Failed AXSUSD
0	08:50:57.132	trend_dtrader XAUUSD,H1: Alert: Failed LRCUSD
0	08:51:26.127	trend_dtrader XAUUSD,H1: Alert: Failed AXSUSD
0	08:51:44.269	trend_dtrader XAUUSD,H1: Alert: Failed LRCUSD
0	08:52:12.989	trend_dtrader XAUUSD,H1: Alert: Failed AXSUSD
0	08:52:30.959	trend_dtrader XAUUSD,H1: Alert: Failed LRCUSD
0	08:53:00.331	trend_dtrader XAUUSD,H1: Alert: Failed AXSUSD
0	08:53:17.959	trend_dtrader XAUUSD,H1: Alert: Failed LRCUSD
0	08:53:47.170	trend_dtrader XAUUSD,H1: Alert: Failed AXSUSD
0	08:54:05.205	trend_dtrader XAUUSD,H1: Alert: Failed LRCUSD
0	08:54:34.100	trend_dtrader XAUUSD,H1: Alert: Failed AXSUSD
0	08:54:52.304	trend_dtrader XAUUSD,H1: Alert: Failed LRCUSD
0	08:55:21.024	trend_dtrader XAUUSD,H1: Alert: Failed AXSUSD
0	08:55:39.035	trend_dtrader XAUUSD,H1: Alert: Failed LRCUSD
0	08:56:08.043	trend_dtrader XAUUSD,H1: Alert: Failed AXSUSD
0	08:56:26.071	trend_dtrader XAUUSD,H1: Alert: Failed LRCUSD
0	08:56:55.079	trend_dtrader XAUUSD,H1: Alert: Failed AXSUSD
0	08:57:13.061	trend_dtrader XAUUSD,H1: Alert: Failed LRCUSD
0	08:57:42.021	trend_dtrader XAUUSD,H1: Alert: Failed AXSUSD
0	08:58:00.028	trend_dtrader XAUUSD,H1: Alert: Failed LRCUSD
0	08:58:29.045	trend_dtrader XAUUSD,H1: Alert: Failed AXSUSD
0	08:58:47.013	trend_dtrader XAUUSD,H1: Alert: Failed LRCUSD
0	08:59:16.099	trend_dtrader XAUUSD,H1: Alert: Failed AXSUSD
0	08:59:34.109	trend_dtrader XAUUSD,H1: Alert: Failed LRCUSD
0	09:00:03.159	trend_dtrader XAUUSD,H1: Alert: Failed AXSUSD
0	09:00:21.128	trend_dtrader XAUUSD,H1: Alert: Failed LRCUSD
2	09:00:33.289	trend_dtrader XAUUSD,H1: open #479071505 sell 0.30 USDJPY at 157.760 sl: 158.942 tp: 155.396 ok
0	09:00:33.289	trend_dtrader XAUUSD,H1: Alert: USDJPY Ordered Successfully
0	09:02:24.054	trend_dtrader XAUUSD,H1: Alert: Failed AXSUSD
0	09:02:42.586	trend_dtrader XAUUSD,H1: Alert: Failed LRCUSD
0	09:04:16.065	trend_dtrader XAUUSD,H1: Alert: Failed LRCUSD
0	09:38:37.465	trend_dtrader XAUUSD,H1: Alert: Failed EURUSD
0	09:39:24.338	trend_dtrader XAUUSD,H1: Alert: Failed EURUSD
0	09:55:15.381	trend_dtrader XAUUSD,H1: Alert: Failed EURUSD
0	09:56:02.382	trend_dtrader XAUUSD,H1: Alert: Failed EURUSD
0	09:56:49.394	trend_dtrader XAUUSD,H1: Alert: Failed EURUSD
0	09:57:36.378	trend_dtrader XAUUSD,H1: Alert: Failed EURUSD
0	09:58:23.376	trend_dtrader XAUUSD,H1: Alert: Failed EURUSD
0	09:59:57.521	trend_dtrader XAUUSD,H1: Alert: Failed EURUSD
0	10:00:44.454	trend_dtrader XAUUSD,H1: Alert: Failed EURUSD
0	10:01:31.429	trend_dtrader XAUUSD,H1: Alert: Failed EURUSD
0	10:02:18.382	trend_dtrader XAUUSD,H1: Alert: Failed EURUSD
0	10:03:05.362	trend_dtrader XAUUSD,H1: Alert: Failed EURUSD
0	10:03:52.404	trend_dtrader XAUUSD,H1: Alert: Failed EURUSD
0	10:04:39.426	trend_dtrader XAUUSD,H1: Alert: Failed EURUSD
0	10:05:26.399	trend_dtrader XAUUSD,H1: Alert: Failed EURUSD
0	10:06:13.375	trend_dtrader XAUUSD,H1: Alert: Failed EURUSD
0	10:07:00.413	trend_dtrader XAUUSD,H1: Alert: Failed EURUSD
0	10:07:47.444	trend_dtrader XAUUSD,H1: Alert: Failed EURUSD
0	10:08:34.425	trend_dtrader XAUUSD,H1: Alert: Failed EURUSD
0	10:09:21.413	trend_dtrader XAUUSD,H1: Alert: Failed EURUSD
0	10:10:55.396	trend_dtrader XAUUSD,H1: Alert: Failed EURUSD
0	10:11:42.376	trend_dtrader XAUUSD,H1: Alert: Failed EURUSD
0	10:12:29.423	trend_dtrader XAUUSD,H1: Alert: Failed EURUSD
0	10:13:16.416	trend_dtrader XAUUSD,H1: Alert: Failed EURUSD
0	10:14:03.465	trend_dtrader XAUUSD,H1: Alert: Failed EURUSD
0	10:14:50.382	trend_dtrader XAUUSD,H1: Alert: Failed EURUSD
0	10:15:37.393	trend_dtrader XAUUSD,H1: Alert: Failed EURUSD
0	10:16:24.376	trend_dtrader XAUUSD,H1: Alert: Failed EURUSD
0	10:17:11.369	trend_dtrader XAUUSD,H1: Alert: Failed EURUSD
0	10:17:58.379	trend_dtrader XAUUSD,H1: Alert: Failed EURUSD
0	10:18:45.372	trend_dtrader XAUUSD,H1: Alert: Failed EURUSD
0	10:19:32.378	trend_dtrader XAUUSD,H1: Alert: Failed EURUSD
0	10:20:19.377	trend_dtrader XAUUSD,H1: Alert: Failed EURUSD
0	10:21:06.370	trend_dtrader XAUUSD,H1: Alert: Failed EURUSD
2	10:21:53.387	trend_dtrader XAUUSD,H1: open #479081389 buy 0.30 EURUSD at 1.09199 sl: 1.08736 tp: 1.09451 ok
0	10:21:53.387	trend_dtrader XAUUSD,H1: Alert: EURUSD Ordered Successfully
2	10:46:12.618	trend_dtrader XAUUSD,H1: open #479082748 buy 0.30 BTCUSD at 62728.29 sl: 60046.62 tp: 68013.48 ok
0	10:46:12.640	trend_dtrader XAUUSD,H1: Alert: BTCUSD Ordered Successfully
2	10:46:17.595	trend_dtrader XAUUSD,H1: open #479082750 buy 0.30 ETHUSD at 3343.80 sl: 3183.97 tp: 3461.24 ok
0	10:46:17.595	trend_dtrader XAUUSD,H1: Alert: ETHUSD Ordered Successfully
2	10:46:50.665	trend_dtrader XAUUSD,H1: open #479082764 buy 0.30 ALGOUSD at 0.1604 sl: 0.1449 tp: 0.1734 ok
0	10:46:50.665	trend_dtrader XAUUSD,H1: Alert: ALGOUSD Ordered Successfully
0	11:05:34.519	trend_dtrader XAUUSD,H1: Alert: Failed XRPUSD
2	11:06:21.685	trend_dtrader XAUUSD,H1: open #479083887 buy 0.30 XRPUSD at 0.53257 sl: 0.49958 tp: 0.53951 ok
0	11:06:21.686	trend_dtrader XAUUSD,H1: Alert: XRPUSD Ordered Successfully
0	11:39:42.765	trend_dtrader XAUUSD,H1: Failed modifying LINKUSD
0	11:39:43.783	trend_dtrader XAUUSD,H1: Failed modifying LRCUSD
0	11:39:44.770	trend_dtrader XAUUSD,H1: Failed modifying LTCUSD
0	11:39:45.773	trend_dtrader XAUUSD,H1: Failed modifying MANAUSD
0	11:39:46.760	trend_dtrader XAUUSD,H1: Failed modifying MATICUSD
0	11:39:47.763	trend_dtrader XAUUSD,H1: Failed modifying NEARUSD
0	11:39:48.766	trend_dtrader XAUUSD,H1: Failed modifying NZDUSD
0	11:39:49.769	trend_dtrader XAUUSD,H1: Failed modifying SOLUSD
0	11:39:50.771	trend_dtrader XAUUSD,H1: Failed modifying SUIUSD
0	11:39:51.759	trend_dtrader XAUUSD,H1: Failed modifying TRXUSD
0	11:39:52.761	trend_dtrader XAUUSD,H1: Failed modifying UNIUSD
0	11:39:53.921	trend_dtrader XAUUSD,H1: Failed modifying USDCAD
0	11:39:54.767	trend_dtrader XAUUSD,H1: Failed modifying USDCHF
0	11:39:55.770	trend_dtrader XAUUSD,H1: Failed modifying USDJPY
0	11:39:56.788	trend_dtrader XAUUSD,H1: Failed modifying USDMXN
0	11:39:57.760	trend_dtrader XAUUSD,H1: Failed modifying USDZAR
0	11:39:58.762	trend_dtrader XAUUSD,H1: Failed modifying XAGUSD
0	11:39:59.765	trend_dtrader XAUUSD,H1: Failed modifying XAUUSD
0	11:40:00.767	trend_dtrader XAUUSD,H1: Failed modifying XBRUSD
0	11:40:01.771	trend_dtrader XAUUSD,H1: Failed modifying XNGUSD
0	11:40:02.773	trend_dtrader XAUUSD,H1: Failed modifying XRPUSD
0	11:40:03.776	trend_dtrader XAUUSD,H1: Failed modifying XTIUSD
0	11:40:04.763	trend_dtrader XAUUSD,H1: Failed modifying AAVEUSD
0	11:40:05.760	trend_dtrader XAUUSD,H1: Failed modifying ADAUSD
0	11:40:06.762	trend_dtrader XAUUSD,H1: Failed modifying ALGOUSD
0	11:40:07.766	trend_dtrader XAUUSD,H1: Failed modifying APTUSD
0	11:40:08.768	trend_dtrader XAUUSD,H1: Failed modifying ARBUSD
0	11:40:09.770	trend_dtrader XAUUSD,H1: Failed modifying ATOMUSD
0	11:40:10.773	trend_dtrader XAUUSD,H1: Failed modifying AUDUSD
0	11:40:11.759	trend_dtrader XAUUSD,H1: Failed modifying AVAXUSD
0	11:40:12.761	trend_dtrader XAUUSD,H1: Failed modifying AXSUSD
0	11:40:13.795	trend_dtrader XAUUSD,H1: Failed modifying BCHUSD
0	11:40:14.766	trend_dtrader XAUUSD,H1: Failed modifying BNBUSD
0	11:40:15.769	trend_dtrader XAUUSD,H1: Failed modifying BTCUSD
0	11:40:16.772	trend_dtrader XAUUSD,H1: Failed modifying DASHUSD
0	11:40:17.760	trend_dtrader XAUUSD,H1: Failed modifying DOGEUSD
0	11:40:18.762	trend_dtrader XAUUSD,H1: Failed modifying DOTUSD
0	11:40:19.764	trend_dtrader XAUUSD,H1: Failed modifying ETCUSD
0	11:40:20.766	trend_dtrader XAUUSD,H1: Failed modifying ETHUSD
0	11:40:21.769	trend_dtrader XAUUSD,H1: Failed modifying EURUSD
0	11:40:22.772	trend_dtrader XAUUSD,H1: Failed modifying FETUSD
0	11:40:23.759	trend_dtrader XAUUSD,H1: Failed modifying FILUSD
0	11:40:24.762	trend_dtrader XAUUSD,H1: Failed modifying FTMUSD
0	11:40:25.765	trend_dtrader XAUUSD,H1: Failed modifying GBPUSD
0	11:40:26.767	trend_dtrader XAUUSD,H1: Failed modifying GRTUSD
0	11:40:27.770	trend_dtrader XAUUSD,H1: Failed modifying ICPUSD
0	11:40:28.772	trend_dtrader XAUUSD,H1: Failed modifying IOTAUSD
0	11:40:29.759	trend_dtrader XAUUSD,H1: Failed modifying LINKUSD
0	11:40:30.762	trend_dtrader XAUUSD,H1: Failed modifying LRCUSD
0	11:40:31.764	trend_dtrader XAUUSD,H1: Failed modifying LTCUSD
0	11:40:32.766	trend_dtrader XAUUSD,H1: Failed modifying MANAUSD
0	11:40:33.816	trend_dtrader XAUUSD,H1: Failed modifying MATICUSD
0	11:40:34.772	trend_dtrader XAUUSD,H1: Failed modifying NEARUSD
0	11:40:35.759	trend_dtrader XAUUSD,H1: Failed modifying NZDUSD
0	11:40:36.762	trend_dtrader XAUUSD,H1: Failed modifying SOLUSD
0	11:40:37.764	trend_dtrader XAUUSD,H1: Failed modifying SUIUSD
0	11:40:38.766	trend_dtrader XAUUSD,H1: Failed modifying TRXUSD
0	11:40:39.769	trend_dtrader XAUUSD,H1: Failed modifying UNIUSD
0	11:40:40.771	trend_dtrader XAUUSD,H1: Failed modifying USDCAD
0	11:40:41.773	trend_dtrader XAUUSD,H1: Failed modifying USDCHF
0	11:40:42.760	trend_dtrader XAUUSD,H1: Failed modifying USDJPY
0	11:40:43.763	trend_dtrader XAUUSD,H1: Failed modifying USDMXN
0	11:40:44.766	trend_dtrader XAUUSD,H1: Failed modifying USDZAR
0	11:40:45.770	trend_dtrader XAUUSD,H1: Failed modifying XAGUSD
0	11:40:46.772	trend_dtrader XAUUSD,H1: Failed modifying XAUUSD
0	11:40:47.774	trend_dtrader XAUUSD,H1: Failed modifying XBRUSD
0	11:40:48.760	trend_dtrader XAUUSD,H1: Failed modifying XNGUSD
0	11:40:49.763	trend_dtrader XAUUSD,H1: Failed modifying XRPUSD
0	11:40:50.765	trend_dtrader XAUUSD,H1: Failed modifying XTIUSD
0	11:40:51.767	trend_dtrader XAUUSD,H1: Failed modifying AAVEUSD
0	11:40:52.770	trend_dtrader XAUUSD,H1: Failed modifying ADAUSD
0	11:40:53.819	trend_dtrader XAUUSD,H1: Failed modifying ALGOUSD
0	11:40:54.759	trend_dtrader XAUUSD,H1: Failed modifying APTUSD
0	11:40:55.762	trend_dtrader XAUUSD,H1: Failed modifying ARBUSD
0	11:40:56.764	trend_dtrader XAUUSD,H1: Failed modifying ATOMUSD
0	11:40:57.766	trend_dtrader XAUUSD,H1: Failed modifying AUDUSD
0	11:40:58.784	trend_dtrader XAUUSD,H1: Failed modifying AVAXUSD
0	11:40:59.771	trend_dtrader XAUUSD,H1: Failed modifying AXSUSD
0	11:41:00.774	trend_dtrader XAUUSD,H1: Failed modifying BCHUSD
0	11:41:01.761	trend_dtrader XAUUSD,H1: Failed modifying BNBUSD
0	11:41:02.779	trend_dtrader XAUUSD,H1: Failed modifying BTCUSD
0	11:41:03.797	trend_dtrader XAUUSD,H1: Failed modifying DASHUSD
0	11:41:04.768	trend_dtrader XAUUSD,H1: Failed modifying DOGEUSD
0	11:41:05.770	trend_dtrader XAUUSD,H1: Failed modifying DOTUSD
0	11:41:06.772	trend_dtrader XAUUSD,H1: Failed modifying ETCUSD
0	11:41:07.759	trend_dtrader XAUUSD,H1: Failed modifying ETHUSD
0	11:41:08.761	trend_dtrader XAUUSD,H1: Failed modifying EURUSD
0	11:41:09.764	trend_dtrader XAUUSD,H1: Failed modifying FETUSD
0	11:41:10.766	trend_dtrader XAUUSD,H1: Failed modifying FILUSD
0	11:41:11.769	trend_dtrader XAUUSD,H1: Failed modifying FTMUSD
0	11:41:12.770	trend_dtrader XAUUSD,H1: Failed modifying GBPUSD
0	11:41:13.789	trend_dtrader XAUUSD,H1: Failed modifying GRTUSD
0	11:41:14.761	trend_dtrader XAUUSD,H1: Failed modifying ICPUSD
0	11:41:15.764	trend_dtrader XAUUSD,H1: Failed modifying IOTAUSD
0	11:41:16.766	trend_dtrader XAUUSD,H1: Failed modifying LINKUSD
0	11:41:17.768	trend_dtrader XAUUSD,H1: Failed modifying LRCUSD
0	11:41:18.771	trend_dtrader XAUUSD,H1: Failed modifying LTCUSD
0	11:41:19.773	trend_dtrader XAUUSD,H1: Failed modifying MANAUSD
0	11:41:20.759	trend_dtrader XAUUSD,H1: Failed modifying MATICUSD
0	11:41:21.762	trend_dtrader XAUUSD,H1: Failed modifying NEARUSD
0	11:41:22.764	trend_dtrader XAUUSD,H1: Failed modifying NZDUSD
0	11:41:23.767	trend_dtrader XAUUSD,H1: Failed modifying SOLUSD
0	11:41:24.770	trend_dtrader XAUUSD,H1: Failed modifying SUIUSD
0	11:41:25.771	trend_dtrader XAUUSD,H1: Failed modifying TRXUSD
0	11:41:26.773	trend_dtrader XAUUSD,H1: Failed modifying UNIUSD
0	11:41:27.759	trend_dtrader XAUUSD,H1: Failed modifying USDCAD
0	11:41:28.761	trend_dtrader XAUUSD,H1: Failed modifying USDCHF
0	11:41:29.763	trend_dtrader XAUUSD,H1: Failed modifying USDJPY
0	11:41:30.766	trend_dtrader XAUUSD,H1: Failed modifying USDMXN
0	11:41:31.768	trend_dtrader XAUUSD,H1: Failed modifying USDZAR
0	11:41:32.771	trend_dtrader XAUUSD,H1: Failed modifying XAGUSD
0	11:41:33.790	trend_dtrader XAUUSD,H1: Failed modifying XAUUSD
0	11:41:34.760	trend_dtrader XAUUSD,H1: Failed modifying XBRUSD
0	11:41:35.763	trend_dtrader XAUUSD,H1: Failed modifying XNGUSD
0	11:41:36.765	trend_dtrader XAUUSD,H1: Failed modifying XRPUSD
0	11:41:37.768	trend_dtrader XAUUSD,H1: Failed modifying XTIUSD
0	11:41:38.769	trend_dtrader XAUUSD,H1: Failed modifying AAVEUSD
0	11:41:39.772	trend_dtrader XAUUSD,H1: Failed modifying ADAUSD
0	11:41:40.773	trend_dtrader XAUUSD,H1: Failed modifying ALGOUSD
0	11:41:41.760	trend_dtrader XAUUSD,H1: Failed modifying APTUSD
0	11:41:42.763	trend_dtrader XAUUSD,H1: Failed modifying ARBUSD
0	11:41:43.812	trend_dtrader XAUUSD,H1: Failed modifying ATOMUSD
0	11:41:44.767	trend_dtrader XAUUSD,H1: Failed modifying AUDUSD
0	11:41:45.771	trend_dtrader XAUUSD,H1: Failed modifying AVAXUSD
0	11:41:46.773	trend_dtrader XAUUSD,H1: Failed modifying AXSUSD
0	11:41:47.760	trend_dtrader XAUUSD,H1: Failed modifying BCHUSD
0	11:41:48.762	trend_dtrader XAUUSD,H1: Failed modifying BNBUSD
0	11:41:49.766	trend_dtrader XAUUSD,H1: Failed modifying BTCUSD
0	11:41:50.767	trend_dtrader XAUUSD,H1: Failed modifying DASHUSD
0	11:41:51.769	trend_dtrader XAUUSD,H1: Failed modifying DOGEUSD
0	11:41:52.771	trend_dtrader XAUUSD,H1: Failed modifying DOTUSD
0	11:41:53.805	trend_dtrader XAUUSD,H1: Failed modifying ETCUSD
0	11:41:54.761	trend_dtrader XAUUSD,H1: Failed modifying ETHUSD
0	11:41:55.764	trend_dtrader XAUUSD,H1: Failed modifying EURUSD
0	11:41:56.767	trend_dtrader XAUUSD,H1: Failed modifying FETUSD
0	11:41:57.770	trend_dtrader XAUUSD,H1: Failed modifying FILUSD
0	11:41:58.773	trend_dtrader XAUUSD,H1: Failed modifying FTMUSD
0	11:41:59.760	trend_dtrader XAUUSD,H1: Failed modifying GBPUSD
0	11:42:00.763	trend_dtrader XAUUSD,H1: Failed modifying GRTUSD
0	11:42:01.766	trend_dtrader XAUUSD,H1: Failed modifying ICPUSD
0	11:42:02.769	trend_dtrader XAUUSD,H1: Failed modifying IOTAUSD
0	11:42:03.803	trend_dtrader XAUUSD,H1: Failed modifying LINKUSD
0	11:42:04.759	trend_dtrader XAUUSD,H1: Failed modifying LRCUSD
0	11:42:05.762	trend_dtrader XAUUSD,H1: Failed modifying LTCUSD
0	11:42:06.764	trend_dtrader XAUUSD,H1: Failed modifying MANAUSD
0	11:42:07.766	trend_dtrader XAUUSD,H1: Failed modifying MATICUSD
0	11:42:08.768	trend_dtrader XAUUSD,H1: Failed modifying NEARUSD
0	11:42:09.770	trend_dtrader XAUUSD,H1: Failed modifying NZDUSD
0	11:42:10.772	trend_dtrader XAUUSD,H1: Failed modifying SOLUSD
0	11:42:11.775	trend_dtrader XAUUSD,H1: Failed modifying SUIUSD
0	11:42:12.761	trend_dtrader XAUUSD,H1: Failed modifying TRXUSD
0	11:42:13.764	trend_dtrader XAUUSD,H1: Failed modifying UNIUSD
0	11:42:14.766	trend_dtrader XAUUSD,H1: Failed modifying USDCAD
0	11:42:15.769	trend_dtrader XAUUSD,H1: Failed modifying USDCHF
0	11:42:16.771	trend_dtrader XAUUSD,H1: Failed modifying USDJPY
0	11:42:17.773	trend_dtrader XAUUSD,H1: Failed modifying USDMXN
0	11:42:18.759	trend_dtrader XAUUSD,H1: Failed modifying USDZAR
0	11:42:19.762	trend_dtrader XAUUSD,H1: Failed modifying XAGUSD
0	11:42:20.764	trend_dtrader XAUUSD,H1: Failed modifying XAUUSD
0	11:42:21.768	trend_dtrader XAUUSD,H1: Failed modifying XBRUSD
0	11:42:22.770	trend_dtrader XAUUSD,H1: Failed modifying XNGUSD
0	11:42:23.788	trend_dtrader XAUUSD,H1: Failed modifying XRPUSD
0	11:42:24.759	trend_dtrader XAUUSD,H1: Failed modifying XTIUSD
0	11:42:25.762	trend_dtrader XAUUSD,H1: Failed modifying AAVEUSD
0	11:42:26.765	trend_dtrader XAUUSD,H1: Failed modifying ADAUSD
0	11:42:27.767	trend_dtrader XAUUSD,H1: Failed modifying ALGOUSD
0	11:42:28.770	trend_dtrader XAUUSD,H1: Failed modifying APTUSD
0	11:42:29.773	trend_dtrader XAUUSD,H1: Failed modifying ARBUSD
0	11:42:30.760	trend_dtrader XAUUSD,H1: Failed modifying ATOMUSD
0	11:42:31.763	trend_dtrader XAUUSD,H1: Failed modifying AUDUSD
0	11:42:32.766	trend_dtrader XAUUSD,H1: Failed modifying AVAXUSD
0	11:42:33.800	trend_dtrader XAUUSD,H1: Failed modifying AXSUSD
0	11:42:34.759	trend_dtrader XAUUSD,H1: Failed modifying BCHUSD
0	11:42:35.774	trend_dtrader XAUUSD,H1: Failed modifying BNBUSD
0	11:42:36.763	trend_dtrader XAUUSD,H1: Failed modifying BTCUSD
0	11:42:37.778	trend_dtrader XAUUSD,H1: Failed modifying DASHUSD
0	11:42:38.774	trend_dtrader XAUUSD,H1: Failed modifying DOGEUSD
0	11:42:39.775	trend_dtrader XAUUSD,H1: Failed modifying DOTUSD
0	11:42:40.775	trend_dtrader XAUUSD,H1: Failed modifying ETCUSD
0	11:42:41.778	trend_dtrader XAUUSD,H1: Failed modifying ETHUSD
0	11:42:42.776	trend_dtrader XAUUSD,H1: Failed modifying EURUSD
0	11:42:43.787	trend_dtrader XAUUSD,H1: Failed modifying FETUSD
0	11:42:44.763	trend_dtrader XAUUSD,H1: Failed modifying FILUSD
0	11:42:45.772	trend_dtrader XAUUSD,H1: Failed modifying FTMUSD
0	11:42:46.765	trend_dtrader XAUUSD,H1: Failed modifying GBPUSD
0	11:42:47.766	trend_dtrader XAUUSD,H1: Failed modifying GRTUSD
0	11:42:48.771	trend_dtrader XAUUSD,H1: Failed modifying ICPUSD
0	11:42:49.785	trend_dtrader XAUUSD,H1: Failed modifying IOTAUSD
0	11:42:50.765	trend_dtrader XAUUSD,H1: Failed modifying LINKUSD
0	11:42:51.768	trend_dtrader XAUUSD,H1: Failed modifying LRCUSD
0	11:42:52.770	trend_dtrader XAUUSD,H1: Failed modifying LTCUSD
0	11:42:53.805	trend_dtrader XAUUSD,H1: Failed modifying MANAUSD
0	11:42:54.761	trend_dtrader XAUUSD,H1: Failed modifying MATICUSD
0	11:42:55.763	trend_dtrader XAUUSD,H1: Failed modifying NEARUSD
0	11:42:56.766	trend_dtrader XAUUSD,H1: Failed modifying NZDUSD
0	11:42:57.768	trend_dtrader XAUUSD,H1: Failed modifying SOLUSD
0	11:42:58.771	trend_dtrader XAUUSD,H1: Failed modifying SUIUSD
0	11:42:59.774	trend_dtrader XAUUSD,H1: Failed modifying TRXUSD
0	11:43:00.761	trend_dtrader XAUUSD,H1: Failed modifying UNIUSD
0	11:43:01.764	trend_dtrader XAUUSD,H1: Failed modifying USDCAD
0	11:43:02.767	trend_dtrader XAUUSD,H1: Failed modifying USDCHF
0	11:43:03.769	trend_dtrader XAUUSD,H1: Failed modifying USDJPY
0	11:43:04.771	trend_dtrader XAUUSD,H1: Failed modifying USDMXN
0	11:43:05.773	trend_dtrader XAUUSD,H1: Failed modifying USDZAR
0	11:43:06.760	trend_dtrader XAUUSD,H1: Failed modifying XAGUSD
0	11:43:07.762	trend_dtrader XAUUSD,H1: Failed modifying XAUUSD
0	11:43:08.765	trend_dtrader XAUUSD,H1: Failed modifying XBRUSD
0	11:43:09.769	trend_dtrader XAUUSD,H1: Failed modifying XNGUSD
0	11:43:10.774	trend_dtrader XAUUSD,H1: Failed modifying XRPUSD
0	11:43:11.769	trend_dtrader XAUUSD,H1: Failed modifying XTIUSD
0	11:43:12.764	trend_dtrader XAUUSD,H1: Failed modifying AAVEUSD
0	11:43:13.804	trend_dtrader XAUUSD,H1: Failed modifying ADAUSD
0	11:43:14.770	trend_dtrader XAUUSD,H1: Failed modifying ALGOUSD
0	11:43:15.763	trend_dtrader XAUUSD,H1: Failed modifying APTUSD
0	11:43:16.764	trend_dtrader XAUUSD,H1: Failed modifying ARBUSD
0	11:43:17.765	trend_dtrader XAUUSD,H1: Failed modifying ATOMUSD
0	11:43:18.768	trend_dtrader XAUUSD,H1: Failed modifying AUDUSD
0	11:43:19.768	trend_dtrader XAUUSD,H1: Failed modifying AVAXUSD
0	11:43:20.764	trend_dtrader XAUUSD,H1: Failed modifying AXSUSD
0	11:43:21.767	trend_dtrader XAUUSD,H1: Failed modifying BCHUSD
0	11:43:22.771	trend_dtrader XAUUSD,H1: Failed modifying BNBUSD
0	11:43:23.818	trend_dtrader XAUUSD,H1: Failed modifying BTCUSD
0	11:43:24.774	trend_dtrader XAUUSD,H1: Failed modifying DASHUSD
0	11:43:25.761	trend_dtrader XAUUSD,H1: Failed modifying DOGEUSD
0	11:43:26.763	trend_dtrader XAUUSD,H1: Failed modifying DOTUSD
0	11:43:27.766	trend_dtrader XAUUSD,H1: Failed modifying ETCUSD
0	11:43:28.769	trend_dtrader XAUUSD,H1: Failed modifying ETHUSD
0	11:43:29.772	trend_dtrader XAUUSD,H1: Failed modifying EURUSD
0	11:43:30.759	trend_dtrader XAUUSD,H1: Failed modifying FETUSD
0	11:43:31.762	trend_dtrader XAUUSD,H1: Failed modifying FILUSD
0	11:43:32.764	trend_dtrader XAUUSD,H1: Failed modifying FTMUSD
0	11:43:33.789	trend_dtrader XAUUSD,H1: Failed modifying GBPUSD
0	11:43:34.769	trend_dtrader XAUUSD,H1: Failed modifying GRTUSD
0	11:43:35.772	trend_dtrader XAUUSD,H1: Failed modifying ICPUSD
0	11:43:36.759	trend_dtrader XAUUSD,H1: Failed modifying IOTAUSD
0	11:43:37.762	trend_dtrader XAUUSD,H1: Failed modifying LINKUSD
0	11:43:38.764	trend_dtrader XAUUSD,H1: Failed modifying LRCUSD
0	11:43:39.767	trend_dtrader XAUUSD,H1: Failed modifying LTCUSD
0	11:43:40.770	trend_dtrader XAUUSD,H1: Failed modifying MANAUSD
0	11:43:41.773	trend_dtrader XAUUSD,H1: Failed modifying MATICUSD
0	11:43:42.760	trend_dtrader XAUUSD,H1: Failed modifying NEARUSD
0	11:43:43.795	trend_dtrader XAUUSD,H1: Failed modifying NZDUSD
0	11:43:44.767	trend_dtrader XAUUSD,H1: Failed modifying SOLUSD
0	11:43:45.770	trend_dtrader XAUUSD,H1: Failed modifying SUIUSD
0	11:43:46.773	trend_dtrader XAUUSD,H1: Failed modifying TRXUSD
0	11:43:47.760	trend_dtrader XAUUSD,H1: Failed modifying UNIUSD
0	11:43:48.762	trend_dtrader XAUUSD,H1: Failed modifying USDCAD
0	11:43:49.765	trend_dtrader XAUUSD,H1: Failed modifying USDCHF
0	11:43:50.768	trend_dtrader XAUUSD,H1: Failed modifying USDJPY
0	11:43:51.770	trend_dtrader XAUUSD,H1: Failed modifying USDMXN
0	11:43:52.772	trend_dtrader XAUUSD,H1: Failed modifying USDZAR
0	11:43:53.775	trend_dtrader XAUUSD,H1: Failed modifying XAGUSD
0	11:43:54.763	trend_dtrader XAUUSD,H1: Failed modifying XAUUSD
0	11:43:55.765	trend_dtrader XAUUSD,H1: Failed modifying XBRUSD
0	11:43:56.767	trend_dtrader XAUUSD,H1: Failed modifying XNGUSD
0	11:43:57.770	trend_dtrader XAUUSD,H1: Failed modifying XRPUSD
0	11:43:58.773	trend_dtrader XAUUSD,H1: Failed modifying XTIUSD
0	11:43:59.760	trend_dtrader XAUUSD,H1: Failed modifying AAVEUSD
0	11:44:00.762	trend_dtrader XAUUSD,H1: Failed modifying ADAUSD
0	11:44:01.765	trend_dtrader XAUUSD,H1: Failed modifying ALGOUSD
0	11:44:02.767	trend_dtrader XAUUSD,H1: Failed modifying APTUSD
0	11:44:03.770	trend_dtrader XAUUSD,H1: Failed modifying ARBUSD
0	11:44:04.774	trend_dtrader XAUUSD,H1: Failed modifying ATOMUSD
0	11:44:05.763	trend_dtrader XAUUSD,H1: Failed modifying AUDUSD
0	11:44:06.764	trend_dtrader XAUUSD,H1: Failed modifying AVAXUSD
0	11:44:07.768	trend_dtrader XAUUSD,H1: Failed modifying AXSUSD
0	11:44:08.770	trend_dtrader XAUUSD,H1: Failed modifying BCHUSD
0	11:44:09.773	trend_dtrader XAUUSD,H1: Failed modifying BNBUSD
0	11:44:10.760	trend_dtrader XAUUSD,H1: Failed modifying BTCUSD
0	11:44:11.764	trend_dtrader XAUUSD,H1: Failed modifying DASHUSD
0	11:44:12.767	trend_dtrader XAUUSD,H1: Failed modifying DOGEUSD
0	11:44:13.802	trend_dtrader XAUUSD,H1: Failed modifying DOTUSD
0	11:44:14.773	trend_dtrader XAUUSD,H1: Failed modifying ETCUSD
0	11:44:15.761	trend_dtrader XAUUSD,H1: Failed modifying ETHUSD
0	11:44:16.779	trend_dtrader XAUUSD,H1: Failed modifying EURUSD
0	11:44:17.767	trend_dtrader XAUUSD,H1: Failed modifying FETUSD
0	11:44:18.770	trend_dtrader XAUUSD,H1: Failed modifying FILUSD
0	11:44:19.773	trend_dtrader XAUUSD,H1: Failed modifying FTMUSD
0	11:44:20.760	trend_dtrader XAUUSD,H1: Failed modifying GBPUSD
0	11:44:21.764	trend_dtrader XAUUSD,H1: Failed modifying GRTUSD
0	11:44:22.766	trend_dtrader XAUUSD,H1: Failed modifying ICPUSD
0	11:44:23.817	trend_dtrader XAUUSD,H1: Failed modifying IOTAUSD
0	11:44:24.773	trend_dtrader XAUUSD,H1: Failed modifying LINKUSD
0	11:44:25.760	trend_dtrader XAUUSD,H1: Failed modifying LRCUSD
0	11:44:26.762	trend_dtrader XAUUSD,H1: Failed modifying LTCUSD
0	11:44:27.765	trend_dtrader XAUUSD,H1: Failed modifying MANAUSD
0	11:44:28.768	trend_dtrader XAUUSD,H1: Failed modifying MATICUSD
0	11:44:29.771	trend_dtrader XAUUSD,H1: Failed modifying NEARUSD
0	11:44:30.774	trend_dtrader XAUUSD,H1: Failed modifying NZDUSD
0	11:44:31.761	trend_dtrader XAUUSD,H1: Failed modifying SOLUSD
0	11:44:32.764	trend_dtrader XAUUSD,H1: Failed modifying SUIUSD
0	11:44:33.799	trend_dtrader XAUUSD,H1: Failed modifying TRXUSD
0	11:44:34.771	trend_dtrader XAUUSD,H1: Failed modifying UNIUSD
0	11:44:35.774	trend_dtrader XAUUSD,H1: Failed modifying USDCAD
0	11:44:36.761	trend_dtrader XAUUSD,H1: Failed modifying USDCHF
0	11:44:37.764	trend_dtrader XAUUSD,H1: Failed modifying USDJPY
0	11:44:38.766	trend_dtrader XAUUSD,H1: Failed modifying USDMXN
0	11:44:39.769	trend_dtrader XAUUSD,H1: Failed modifying USDZAR
0	11:44:40.772	trend_dtrader XAUUSD,H1: Failed modifying XAGUSD
0	11:44:41.760	trend_dtrader XAUUSD,H1: Failed modifying XAUUSD
0	11:44:42.763	trend_dtrader XAUUSD,H1: Failed modifying XBRUSD
0	11:44:43.797	trend_dtrader XAUUSD,H1: Failed modifying XNGUSD
0	11:44:44.769	trend_dtrader XAUUSD,H1: Failed modifying XRPUSD
0	11:44:45.772	trend_dtrader XAUUSD,H1: Failed modifying XTIUSD
0	11:44:46.759	trend_dtrader XAUUSD,H1: Failed modifying AAVEUSD
0	11:44:47.763	trend_dtrader XAUUSD,H1: Failed modifying ADAUSD
0	11:44:48.766	trend_dtrader XAUUSD,H1: Failed modifying ALGOUSD
0	11:44:49.769	trend_dtrader XAUUSD,H1: Failed modifying APTUSD
0	11:44:50.772	trend_dtrader XAUUSD,H1: Failed modifying ARBUSD
0	11:44:51.760	trend_dtrader XAUUSD,H1: Failed modifying ATOMUSD
0	11:44:52.763	trend_dtrader XAUUSD,H1: Failed modifying AUDUSD
0	11:44:53.797	trend_dtrader XAUUSD,H1: Failed modifying AVAXUSD
0	11:44:54.767	trend_dtrader XAUUSD,H1: Failed modifying AXSUSD
0	11:44:55.770	trend_dtrader XAUUSD,H1: Failed modifying BCHUSD
0	11:44:56.773	trend_dtrader XAUUSD,H1: Failed modifying BNBUSD
0	11:44:57.761	trend_dtrader XAUUSD,H1: Failed modifying BTCUSD
0	11:44:58.764	trend_dtrader XAUUSD,H1: Failed modifying DASHUSD
0	11:44:59.767	trend_dtrader XAUUSD,H1: Failed modifying DOGEUSD
0	11:45:00.771	trend_dtrader XAUUSD,H1: Failed modifying DOTUSD
0	11:45:01.774	trend_dtrader XAUUSD,H1: Failed modifying ETCUSD
0	11:45:02.778	trend_dtrader XAUUSD,H1: Failed modifying ETHUSD
0	11:45:03.843	trend_dtrader XAUUSD,H1: Failed modifying EURUSD
0	11:45:04.768	trend_dtrader XAUUSD,H1: Failed modifying FETUSD
0	11:45:05.772	trend_dtrader XAUUSD,H1: Failed modifying FILUSD
0	11:45:06.774	trend_dtrader XAUUSD,H1: Failed modifying FTMUSD
0	11:45:07.761	trend_dtrader XAUUSD,H1: Failed modifying GBPUSD
0	11:45:08.764	trend_dtrader XAUUSD,H1: Failed modifying GRTUSD
0	11:45:09.768	trend_dtrader XAUUSD,H1: Failed modifying ICPUSD
0	11:45:10.770	trend_dtrader XAUUSD,H1: Failed modifying IOTAUSD
0	11:45:11.773	trend_dtrader XAUUSD,H1: Failed modifying LINKUSD
0	11:45:12.760	trend_dtrader XAUUSD,H1: Failed modifying LRCUSD
0	11:45:13.887	trend_dtrader XAUUSD,H1: Failed modifying LTCUSD
0	11:45:14.765	trend_dtrader XAUUSD,H1: Failed modifying MANAUSD
0	11:45:15.783	trend_dtrader XAUUSD,H1: Failed modifying MATICUSD
0	11:45:16.771	trend_dtrader XAUUSD,H1: Failed modifying NEARUSD
0	11:45:17.774	trend_dtrader XAUUSD,H1: Failed modifying NZDUSD
0	11:45:18.762	trend_dtrader XAUUSD,H1: Failed modifying SOLUSD
0	11:45:19.766	trend_dtrader XAUUSD,H1: Failed modifying SUIUSD
0	11:45:20.768	trend_dtrader XAUUSD,H1: Failed modifying TRXUSD
0	11:45:21.771	trend_dtrader XAUUSD,H1: Failed modifying UNIUSD
0	11:45:22.773	trend_dtrader XAUUSD,H1: Failed modifying USDCAD
0	11:45:23.854	trend_dtrader XAUUSD,H1: Failed modifying USDCHF
0	11:45:24.763	trend_dtrader XAUUSD,H1: Failed modifying USDJPY
0	11:45:25.767	trend_dtrader XAUUSD,H1: Failed modifying USDMXN
0	11:45:26.769	trend_dtrader XAUUSD,H1: Failed modifying USDZAR
0	11:45:27.773	trend_dtrader XAUUSD,H1: Failed modifying XAGUSD
0	11:45:28.760	trend_dtrader XAUUSD,H1: Failed modifying XAUUSD
0	11:45:29.763	trend_dtrader XAUUSD,H1: Failed modifying XBRUSD
0	11:45:30.766	trend_dtrader XAUUSD,H1: Failed modifying XNGUSD
0	11:45:31.769	trend_dtrader XAUUSD,H1: Failed modifying XRPUSD
0	11:45:32.772	trend_dtrader XAUUSD,H1: Failed modifying XTIUSD
0	11:45:33.760	trend_dtrader XAUUSD,H1: Failed modifying AAVEUSD
0	11:45:34.764	trend_dtrader XAUUSD,H1: Failed modifying ADAUSD
0	11:45:35.766	trend_dtrader XAUUSD,H1: Failed modifying ALGOUSD
0	11:45:36.768	trend_dtrader XAUUSD,H1: Failed modifying APTUSD
0	11:46:21.765	trend_dtrader XAUUSD,H1: Failed modifying ADAUSD
0	11:46:26.761	trend_dtrader XAUUSD,H1: Failed modifying AUDUSD
0	11:46:27.763	trend_dtrader XAUUSD,H1: Failed modifying AVAXUSD
0	11:46:28.766	trend_dtrader XAUUSD,H1: Failed modifying AXSUSD
0	11:46:29.768	trend_dtrader XAUUSD,H1: Failed modifying BCHUSD
0	11:46:30.770	trend_dtrader XAUUSD,H1: Failed modifying BNBUSD
0	11:46:31.773	trend_dtrader XAUUSD,H1: Failed modifying BTCUSD
0	11:46:32.760	trend_dtrader XAUUSD,H1: Failed modifying DASHUSD
0	11:46:33.779	trend_dtrader XAUUSD,H1: Failed modifying DOGEUSD
0	11:46:34.766	trend_dtrader XAUUSD,H1: Failed modifying DOTUSD
0	11:46:35.768	trend_dtrader XAUUSD,H1: Failed modifying ETCUSD
0	11:46:36.771	trend_dtrader XAUUSD,H1: Failed modifying ETHUSD
0	11:46:37.773	trend_dtrader XAUUSD,H1: Failed modifying EURUSD
0	11:46:38.760	trend_dtrader XAUUSD,H1: Failed modifying FETUSD
0	11:46:39.763	trend_dtrader XAUUSD,H1: Failed modifying FILUSD
0	11:46:40.766	trend_dtrader XAUUSD,H1: Failed modifying FTMUSD
0	11:46:41.768	trend_dtrader XAUUSD,H1: Failed modifying GBPUSD
0	11:46:42.771	trend_dtrader XAUUSD,H1: Failed modifying GRTUSD
0	11:46:43.790	trend_dtrader XAUUSD,H1: Failed modifying ICPUSD
0	11:46:44.760	trend_dtrader XAUUSD,H1: Failed modifying IOTAUSD
0	11:46:45.763	trend_dtrader XAUUSD,H1: Failed modifying LINKUSD
0	11:46:46.766	trend_dtrader XAUUSD,H1: Failed modifying LRCUSD
0	11:46:47.769	trend_dtrader XAUUSD,H1: Failed modifying LTCUSD
0	11:46:48.772	trend_dtrader XAUUSD,H1: Failed modifying MANAUSD
0	11:46:49.759	trend_dtrader XAUUSD,H1: Failed modifying MATICUSD
0	11:46:50.762	trend_dtrader XAUUSD,H1: Failed modifying NEARUSD
0	11:46:51.764	trend_dtrader XAUUSD,H1: Failed modifying NZDUSD
0	11:46:52.767	trend_dtrader XAUUSD,H1: Failed modifying SOLUSD
0	11:46:53.801	trend_dtrader XAUUSD,H1: Failed modifying SUIUSD
0	11:46:54.772	trend_dtrader XAUUSD,H1: Failed modifying TRXUSD
0	11:46:55.760	trend_dtrader XAUUSD,H1: Failed modifying UNIUSD
0	11:46:56.762	trend_dtrader XAUUSD,H1: Failed modifying USDCAD
0	11:46:57.765	trend_dtrader XAUUSD,H1: Failed modifying USDCHF
0	11:46:58.768	trend_dtrader XAUUSD,H1: Failed modifying USDJPY
0	11:46:59.771	trend_dtrader XAUUSD,H1: Failed modifying USDMXN
0	11:47:00.774	trend_dtrader XAUUSD,H1: Failed modifying USDZAR
0	11:47:01.761	trend_dtrader XAUUSD,H1: Failed modifying XAGUSD
0	11:47:02.764	trend_dtrader XAUUSD,H1: Failed modifying XAUUSD
0	11:47:03.799	trend_dtrader XAUUSD,H1: Failed modifying XBRUSD
0	11:47:04.770	trend_dtrader XAUUSD,H1: Failed modifying XNGUSD
0	11:47:05.773	trend_dtrader XAUUSD,H1: Failed modifying XRPUSD
0	11:47:06.760	trend_dtrader XAUUSD,H1: Failed modifying XTIUSD
0	11:47:07.763	trend_dtrader XAUUSD,H1: Failed modifying AAVEUSD
0	11:47:08.765	trend_dtrader XAUUSD,H1: Failed modifying ADAUSD
0	11:47:09.768	trend_dtrader XAUUSD,H1: Failed modifying ALGOUSD
0	11:47:10.771	trend_dtrader XAUUSD,H1: Failed modifying APTUSD
0	11:47:11.759	trend_dtrader XAUUSD,H1: Failed modifying ARBUSD
0	11:47:12.762	trend_dtrader XAUUSD,H1: Failed modifying ATOMUSD
0	11:47:13.780	trend_dtrader XAUUSD,H1: Failed modifying AUDUSD
0	11:47:14.767	trend_dtrader XAUUSD,H1: Failed modifying AVAXUSD
0	11:47:15.770	trend_dtrader XAUUSD,H1: Failed modifying AXSUSD
0	11:47:16.773	trend_dtrader XAUUSD,H1: Failed modifying BCHUSD
0	11:47:17.760	trend_dtrader XAUUSD,H1: Failed modifying BNBUSD
0	11:47:18.765	trend_dtrader XAUUSD,H1: Failed modifying BTCUSD
0	11:47:19.768	trend_dtrader XAUUSD,H1: Failed modifying DASHUSD
0	11:47:20.770	trend_dtrader XAUUSD,H1: Failed modifying DOGEUSD
0	11:47:21.773	trend_dtrader XAUUSD,H1: Failed modifying DOTUSD
0	11:47:22.760	trend_dtrader XAUUSD,H1: Failed modifying ETCUSD
0	11:47:23.763	trend_dtrader XAUUSD,H1: Failed modifying ETHUSD
0	11:47:24.766	trend_dtrader XAUUSD,H1: Failed modifying EURUSD
0	11:47:25.768	trend_dtrader XAUUSD,H1: Failed modifying FETUSD
0	11:47:26.771	trend_dtrader XAUUSD,H1: Failed modifying FILUSD
0	11:47:27.759	trend_dtrader XAUUSD,H1: Failed modifying FTMUSD
0	11:47:28.762	trend_dtrader XAUUSD,H1: Failed modifying GBPUSD
0	11:47:29.765	trend_dtrader XAUUSD,H1: Failed modifying GRTUSD
0	11:47:30.767	trend_dtrader XAUUSD,H1: Failed modifying ICPUSD
0	11:47:31.770	trend_dtrader XAUUSD,H1: Failed modifying IOTAUSD
0	11:47:32.772	trend_dtrader XAUUSD,H1: Failed modifying LINKUSD
0	11:47:33.790	trend_dtrader XAUUSD,H1: Failed modifying LRCUSD
0	11:47:34.761	trend_dtrader XAUUSD,H1: Failed modifying LTCUSD
0	11:47:35.764	trend_dtrader XAUUSD,H1: Failed modifying MANAUSD
0	11:47:36.767	trend_dtrader XAUUSD,H1: Failed modifying MATICUSD
0	11:47:37.770	trend_dtrader XAUUSD,H1: Failed modifying NEARUSD
0	11:47:38.772	trend_dtrader XAUUSD,H1: Failed modifying NZDUSD
0	11:47:39.759	trend_dtrader XAUUSD,H1: Failed modifying SOLUSD
0	11:47:40.762	trend_dtrader XAUUSD,H1: Failed modifying SUIUSD
0	11:47:41.767	trend_dtrader XAUUSD,H1: Failed modifying TRXUSD
0	11:47:42.769	trend_dtrader XAUUSD,H1: Failed modifying UNIUSD
0	11:47:43.804	trend_dtrader XAUUSD,H1: Failed modifying USDCAD
0	11:47:44.760	trend_dtrader XAUUSD,H1: Failed modifying USDCHF
0	11:47:45.762	trend_dtrader XAUUSD,H1: Failed modifying USDJPY
0	11:47:46.780	trend_dtrader XAUUSD,H1: Failed modifying USDMXN
0	11:47:47.767	trend_dtrader XAUUSD,H1: Failed modifying USDZAR
0	11:47:48.770	trend_dtrader XAUUSD,H1: Failed modifying XAGUSD
0	11:47:49.773	trend_dtrader XAUUSD,H1: Failed modifying XAUUSD
0	11:47:50.760	trend_dtrader XAUUSD,H1: Failed modifying XBRUSD
0	11:47:51.763	trend_dtrader XAUUSD,H1: Failed modifying XNGUSD
0	11:47:52.765	trend_dtrader XAUUSD,H1: Failed modifying XRPUSD
0	11:47:53.799	trend_dtrader XAUUSD,H1: Failed modifying XTIUSD
0	11:47:54.770	trend_dtrader XAUUSD,H1: Failed modifying AAVEUSD
0	11:47:55.772	trend_dtrader XAUUSD,H1: Failed modifying ADAUSD
0	11:47:56.759	trend_dtrader XAUUSD,H1: Failed modifying ALGOUSD
0	11:47:57.762	trend_dtrader XAUUSD,H1: Failed modifying APTUSD
0	11:47:58.764	trend_dtrader XAUUSD,H1: Failed modifying ARBUSD
0	11:47:59.767	trend_dtrader XAUUSD,H1: Failed modifying ATOMUSD
0	11:48:00.770	trend_dtrader XAUUSD,H1: Failed modifying AUDUSD
0	11:48:01.773	trend_dtrader XAUUSD,H1: Failed modifying AVAXUSD
0	11:48:02.759	trend_dtrader XAUUSD,H1: Failed modifying AXSUSD
0	11:48:03.794	trend_dtrader XAUUSD,H1: Failed modifying BCHUSD
0	11:48:04.765	trend_dtrader XAUUSD,H1: Failed modifying BNBUSD
0	11:48:05.767	trend_dtrader XAUUSD,H1: Failed modifying BTCUSD
0	11:48:06.770	trend_dtrader XAUUSD,H1: Failed modifying DASHUSD
0	11:48:07.773	trend_dtrader XAUUSD,H1: Failed modifying DOGEUSD
0	11:48:08.760	trend_dtrader XAUUSD,H1: Failed modifying DOTUSD
0	11:48:09.763	trend_dtrader XAUUSD,H1: Failed modifying ETCUSD
0	11:48:10.766	trend_dtrader XAUUSD,H1: Failed modifying ETHUSD
0	11:48:11.768	trend_dtrader XAUUSD,H1: Failed modifying EURUSD
0	11:48:12.770	trend_dtrader XAUUSD,H1: Failed modifying FETUSD
0	11:48:13.898	trend_dtrader XAUUSD,H1: Failed modifying FILUSD
0	11:48:14.759	trend_dtrader XAUUSD,H1: Failed modifying FTMUSD
0	11:48:15.762	trend_dtrader XAUUSD,H1: Failed modifying GBPUSD
0	11:48:16.765	trend_dtrader XAUUSD,H1: Failed modifying GRTUSD
0	11:48:17.767	trend_dtrader XAUUSD,H1: Failed modifying ICPUSD
0	11:48:18.770	trend_dtrader XAUUSD,H1: Failed modifying IOTAUSD
0	11:48:19.771	trend_dtrader XAUUSD,H1: Failed modifying LINKUSD
0	11:48:20.759	trend_dtrader XAUUSD,H1: Failed modifying LRCUSD
0	11:48:21.762	trend_dtrader XAUUSD,H1: Failed modifying LTCUSD
0	11:48:22.764	trend_dtrader XAUUSD,H1: Failed modifying MANAUSD
0	11:48:23.798	trend_dtrader XAUUSD,H1: Failed modifying MATICUSD
0	11:48:24.770	trend_dtrader XAUUSD,H1: Failed modifying NEARUSD
0	11:48:25.773	trend_dtrader XAUUSD,H1: Failed modifying NZDUSD
0	11:48:26.760	trend_dtrader XAUUSD,H1: Failed modifying SOLUSD
0	11:48:27.763	trend_dtrader XAUUSD,H1: Failed modifying SUIUSD
0	11:48:28.766	trend_dtrader XAUUSD,H1: Failed modifying TRXUSD
0	11:48:29.769	trend_dtrader XAUUSD,H1: Failed modifying UNIUSD
0	11:48:30.771	trend_dtrader XAUUSD,H1: Failed modifying USDCAD
0	11:48:31.774	trend_dtrader XAUUSD,H1: Failed modifying USDCHF
0	11:48:32.760	trend_dtrader XAUUSD,H1: Failed modifying USDJPY
0	11:48:33.795	trend_dtrader XAUUSD,H1: Failed modifying USDMXN
0	11:48:34.767	trend_dtrader XAUUSD,H1: Failed modifying USDZAR
0	11:48:35.771	trend_dtrader XAUUSD,H1: Failed modifying XAGUSD
0	11:48:36.773	trend_dtrader XAUUSD,H1: Failed modifying XAUUSD
0	11:48:37.761	trend_dtrader XAUUSD,H1: Failed modifying XBRUSD
0	11:48:38.763	trend_dtrader XAUUSD,H1: Failed modifying XNGUSD
0	11:48:39.766	trend_dtrader XAUUSD,H1: Failed modifying XRPUSD
0	11:48:40.770	trend_dtrader XAUUSD,H1: Failed modifying XTIUSD
0	11:48:41.772	trend_dtrader XAUUSD,H1: Failed modifying AAVEUSD
0	11:48:42.774	trend_dtrader XAUUSD,H1: Failed modifying ADAUSD
0	11:48:43.777	trend_dtrader XAUUSD,H1: Failed modifying ALGOUSD
0	11:48:44.763	trend_dtrader XAUUSD,H1: Failed modifying APTUSD
0	11:48:45.767	trend_dtrader XAUUSD,H1: Failed modifying ARBUSD
0	11:48:46.770	trend_dtrader XAUUSD,H1: Failed modifying ATOMUSD
0	11:48:47.773	trend_dtrader XAUUSD,H1: Failed modifying AUDUSD
0	11:48:48.759	trend_dtrader XAUUSD,H1: Failed modifying AVAXUSD
0	11:48:49.763	trend_dtrader XAUUSD,H1: Failed modifying AXSUSD
0	11:48:50.765	trend_dtrader XAUUSD,H1: Failed modifying BCHUSD
0	11:48:51.768	trend_dtrader XAUUSD,H1: Failed modifying BNBUSD
0	11:48:52.771	trend_dtrader XAUUSD,H1: Failed modifying BTCUSD
0	11:48:53.805	trend_dtrader XAUUSD,H1: Failed modifying DASHUSD
0	11:48:54.761	trend_dtrader XAUUSD,H1: Failed modifying DOGEUSD
0	11:48:55.764	trend_dtrader XAUUSD,H1: Failed modifying DOTUSD
0	11:48:56.766	trend_dtrader XAUUSD,H1: Failed modifying ETCUSD
0	11:48:57.769	trend_dtrader XAUUSD,H1: Failed modifying ETHUSD
0	11:48:58.771	trend_dtrader XAUUSD,H1: Failed modifying EURUSD
0	11:48:59.774	trend_dtrader XAUUSD,H1: Failed modifying FETUSD
0	11:49:00.761	trend_dtrader XAUUSD,H1: Failed modifying FILUSD
0	11:49:01.764	trend_dtrader XAUUSD,H1: Failed modifying FTMUSD
0	11:49:02.766	trend_dtrader XAUUSD,H1: Failed modifying GBPUSD
0	11:49:03.863	trend_dtrader XAUUSD,H1: Failed modifying GRTUSD
0	11:49:04.773	trend_dtrader XAUUSD,H1: Failed modifying ICPUSD
0	11:49:05.761	trend_dtrader XAUUSD,H1: Failed modifying IOTAUSD
0	11:49:06.764	trend_dtrader XAUUSD,H1: Failed modifying LINKUSD
0	11:49:07.767	trend_dtrader XAUUSD,H1: Failed modifying LRCUSD
0	11:49:08.768	trend_dtrader XAUUSD,H1: Failed modifying LTCUSD
0	11:49:09.771	trend_dtrader XAUUSD,H1: Failed modifying MANAUSD
0	11:49:10.774	trend_dtrader XAUUSD,H1: Failed modifying MATICUSD
0	11:49:11.761	trend_dtrader XAUUSD,H1: Failed modifying NEARUSD
0	11:49:12.764	trend_dtrader XAUUSD,H1: Failed modifying NZDUSD
0	11:49:13.767	trend_dtrader XAUUSD,H1: Failed modifying SOLUSD
0	11:49:14.768	trend_dtrader XAUUSD,H1: Failed modifying SUIUSD
0	11:49:15.771	trend_dtrader XAUUSD,H1: Failed modifying TRXUSD
0	11:49:16.774	trend_dtrader XAUUSD,H1: Failed modifying UNIUSD
0	11:49:17.761	trend_dtrader XAUUSD,H1: Failed modifying USDCAD
0	11:49:18.764	trend_dtrader XAUUSD,H1: Failed modifying USDCHF
0	11:49:19.767	trend_dtrader XAUUSD,H1: Failed modifying USDJPY
0	11:49:20.770	trend_dtrader XAUUSD,H1: Failed modifying USDMXN
0	11:49:21.773	trend_dtrader XAUUSD,H1: Failed modifying USDZAR
0	11:49:22.760	trend_dtrader XAUUSD,H1: Failed modifying XAGUSD
0	11:49:23.872	trend_dtrader XAUUSD,H1: Failed modifying XAUUSD
0	11:49:24.766	trend_dtrader XAUUSD,H1: Failed modifying XBRUSD
0	11:49:25.768	trend_dtrader XAUUSD,H1: Failed modifying XNGUSD
0	11:49:26.770	trend_dtrader XAUUSD,H1: Failed modifying XRPUSD
0	11:49:27.773	trend_dtrader XAUUSD,H1: Failed modifying XTIUSD
0	11:49:29.763	trend_dtrader XAUUSD,H1: Failed modifying ADAUSD
0	11:49:30.765	trend_dtrader XAUUSD,H1: Failed modifying ALGOUSD
0	11:49:31.768	trend_dtrader XAUUSD,H1: Failed modifying APTUSD
0	11:49:32.771	trend_dtrader XAUUSD,H1: Failed modifying ARBUSD
0	11:49:33.806	trend_dtrader XAUUSD,H1: Failed modifying ATOMUSD
0	11:49:34.761	trend_dtrader XAUUSD,H1: Failed modifying AUDUSD
0	11:49:35.764	trend_dtrader XAUUSD,H1: Failed modifying AVAXUSD
0	11:49:36.767	trend_dtrader XAUUSD,H1: Failed modifying AXSUSD
0	11:49:37.770	trend_dtrader XAUUSD,H1: Failed modifying BCHUSD
0	11:49:38.773	trend_dtrader XAUUSD,H1: Failed modifying BNBUSD
0	11:49:39.760	trend_dtrader XAUUSD,H1: Failed modifying BTCUSD
0	11:49:40.763	trend_dtrader XAUUSD,H1: Failed modifying DASHUSD
0	11:49:41.766	trend_dtrader XAUUSD,H1: Failed modifying DOGEUSD
0	11:49:42.769	trend_dtrader XAUUSD,H1: Failed modifying DOTUSD
0	11:49:43.897	trend_dtrader XAUUSD,H1: Failed modifying ETCUSD
0	11:49:44.774	trend_dtrader XAUUSD,H1: Failed modifying ETHUSD
0	11:49:45.762	trend_dtrader XAUUSD,H1: Failed modifying EURUSD
0	11:49:46.764	trend_dtrader XAUUSD,H1: Failed modifying FETUSD
0	11:49:47.767	trend_dtrader XAUUSD,H1: Failed modifying FILUSD
0	11:49:48.770	trend_dtrader XAUUSD,H1: Failed modifying FTMUSD
0	11:49:49.773	trend_dtrader XAUUSD,H1: Failed modifying GBPUSD
0	11:49:50.761	trend_dtrader XAUUSD,H1: Failed modifying GRTUSD
0	11:49:52.766	trend_dtrader XAUUSD,H1: Failed modifying IOTAUSD
0	11:50:03.767	trend_dtrader XAUUSD,H1: Failed modifying UNIUSD
0	11:50:07.761	trend_dtrader XAUUSD,H1: Failed modifying USDMXN
0	11:50:39.771	trend_dtrader XAUUSD,H1: Failed modifying IOTAUSD
0	11:51:50.759	trend_dtrader XAUUSD,H1: Failed modifying ADAUSD
0	11:51:51.762	trend_dtrader XAUUSD,H1: Failed modifying ALGOUSD
0	11:51:53.800	trend_dtrader XAUUSD,H1: Failed modifying ARBUSD
0	11:51:54.771	trend_dtrader XAUUSD,H1: Failed modifying ATOMUSD
0	11:51:55.774	trend_dtrader XAUUSD,H1: Failed modifying AUDUSD
0	11:51:56.761	trend_dtrader XAUUSD,H1: Failed modifying AVAXUSD
0	11:51:57.764	trend_dtrader XAUUSD,H1: Failed modifying AXSUSD
0	11:51:58.767	trend_dtrader XAUUSD,H1: Failed modifying BCHUSD
0	11:51:59.770	trend_dtrader XAUUSD,H1: Failed modifying BNBUSD
0	11:52:00.773	trend_dtrader XAUUSD,H1: Failed modifying BTCUSD
0	11:52:01.760	trend_dtrader XAUUSD,H1: Failed modifying DASHUSD
0	11:52:02.763	trend_dtrader XAUUSD,H1: Failed modifying DOGEUSD
0	11:52:03.813	trend_dtrader XAUUSD,H1: Failed modifying DOTUSD
0	11:52:04.768	trend_dtrader XAUUSD,H1: Failed modifying ETCUSD
0	11:52:05.766	trend_dtrader XAUUSD,H1: Failed modifying ETHUSD
0	11:52:06.773	trend_dtrader XAUUSD,H1: Failed modifying EURUSD
0	11:52:07.777	trend_dtrader XAUUSD,H1: Failed modifying FETUSD
0	11:52:08.781	trend_dtrader XAUUSD,H1: Failed modifying FILUSD
0	11:52:09.782	trend_dtrader XAUUSD,H1: Failed modifying FTMUSD
0	11:52:10.759	trend_dtrader XAUUSD,H1: Failed modifying GBPUSD
0	11:52:11.762	trend_dtrader XAUUSD,H1: Failed modifying GRTUSD
0	11:52:12.765	trend_dtrader XAUUSD,H1: Failed modifying ICPUSD
0	11:52:13.767	trend_dtrader XAUUSD,H1: Failed modifying IOTAUSD
0	11:52:14.770	trend_dtrader XAUUSD,H1: Failed modifying LINKUSD
0	11:52:15.772	trend_dtrader XAUUSD,H1: Failed modifying LRCUSD
0	11:52:16.775	trend_dtrader XAUUSD,H1: Failed modifying LTCUSD
0	11:52:17.763	trend_dtrader XAUUSD,H1: Failed modifying MANAUSD
0	11:52:18.765	trend_dtrader XAUUSD,H1: Failed modifying MATICUSD
0	11:52:19.768	trend_dtrader XAUUSD,H1: Failed modifying NEARUSD
0	11:52:20.770	trend_dtrader XAUUSD,H1: Failed modifying NZDUSD
0	11:52:21.772	trend_dtrader XAUUSD,H1: Failed modifying SOLUSD
0	11:52:22.760	trend_dtrader XAUUSD,H1: Failed modifying SUIUSD
0	11:52:23.763	trend_dtrader XAUUSD,H1: Failed modifying TRXUSD
0	11:52:24.765	trend_dtrader XAUUSD,H1: Failed modifying UNIUSD
0	11:52:25.768	trend_dtrader XAUUSD,H1: Failed modifying USDCAD
0	11:52:26.770	trend_dtrader XAUUSD,H1: Failed modifying USDCHF
0	11:52:27.772	trend_dtrader XAUUSD,H1: Failed modifying USDJPY
0	11:52:28.774	trend_dtrader XAUUSD,H1: Failed modifying USDMXN
0	11:52:29.761	trend_dtrader XAUUSD,H1: Failed modifying USDZAR
0	11:52:30.764	trend_dtrader XAUUSD,H1: Failed modifying XAGUSD
0	11:52:31.767	trend_dtrader XAUUSD,H1: Failed modifying XAUUSD
0	11:52:32.770	trend_dtrader XAUUSD,H1: Failed modifying XBRUSD
0	11:52:33.819	trend_dtrader XAUUSD,H1: Failed modifying XNGUSD
0	11:52:34.760	trend_dtrader XAUUSD,H1: Failed modifying XRPUSD
0	11:52:35.769	trend_dtrader XAUUSD,H1: Failed modifying XTIUSD
0	11:52:36.764	trend_dtrader XAUUSD,H1: Failed modifying AAVEUSD
0	11:52:37.767	trend_dtrader XAUUSD,H1: Failed modifying ADAUSD
0	11:52:38.769	trend_dtrader XAUUSD,H1: Failed modifying ALGOUSD
0	11:52:39.774	trend_dtrader XAUUSD,H1: Failed modifying APTUSD
0	11:52:40.760	trend_dtrader XAUUSD,H1: Failed modifying ARBUSD
0	11:52:41.762	trend_dtrader XAUUSD,H1: Failed modifying ATOMUSD
0	11:52:42.764	trend_dtrader XAUUSD,H1: Failed modifying AUDUSD
0	11:52:43.782	trend_dtrader XAUUSD,H1: Failed modifying AVAXUSD
0	11:52:44.769	trend_dtrader XAUUSD,H1: Failed modifying AXSUSD
0	11:52:45.772	trend_dtrader XAUUSD,H1: Failed modifying BCHUSD
0	11:52:46.759	trend_dtrader XAUUSD,H1: Failed modifying BNBUSD
0	11:52:47.762	trend_dtrader XAUUSD,H1: Failed modifying BTCUSD
0	11:52:48.764	trend_dtrader XAUUSD,H1: Failed modifying DASHUSD
0	11:52:49.768	trend_dtrader XAUUSD,H1: Failed modifying DOGEUSD
0	11:52:50.771	trend_dtrader XAUUSD,H1: Failed modifying DOTUSD
0	11:52:51.773	trend_dtrader XAUUSD,H1: Failed modifying ETCUSD
0	11:52:52.760	trend_dtrader XAUUSD,H1: Failed modifying ETHUSD
0	11:52:53.793	trend_dtrader XAUUSD,H1: Failed modifying EURUSD
0	11:52:54.765	trend_dtrader XAUUSD,H1: Failed modifying FETUSD
0	11:52:55.767	trend_dtrader XAUUSD,H1: Failed modifying FILUSD
0	11:52:56.770	trend_dtrader XAUUSD,H1: Failed modifying FTMUSD
0	11:52:57.773	trend_dtrader XAUUSD,H1: Failed modifying GBPUSD
0	11:52:58.761	trend_dtrader XAUUSD,H1: Failed modifying GRTUSD
0	11:52:59.764	trend_dtrader XAUUSD,H1: Failed modifying ICPUSD
0	11:53:00.766	trend_dtrader XAUUSD,H1: Failed modifying IOTAUSD
0	11:53:01.768	trend_dtrader XAUUSD,H1: Failed modifying LINKUSD
0	11:53:02.771	trend_dtrader XAUUSD,H1: Failed modifying LRCUSD
0	11:53:03.805	trend_dtrader XAUUSD,H1: Failed modifying LTCUSD
0	11:53:04.761	trend_dtrader XAUUSD,H1: Failed modifying MANAUSD
0	11:53:05.763	trend_dtrader XAUUSD,H1: Failed modifying MATICUSD
0	11:53:06.766	trend_dtrader XAUUSD,H1: Failed modifying NEARUSD
0	11:53:07.769	trend_dtrader XAUUSD,H1: Failed modifying NZDUSD
0	11:53:08.771	trend_dtrader XAUUSD,H1: Failed modifying SOLUSD
0	11:53:09.759	trend_dtrader XAUUSD,H1: Failed modifying SUIUSD
0	11:53:10.762	trend_dtrader XAUUSD,H1: Failed modifying TRXUSD
0	11:53:11.765	trend_dtrader XAUUSD,H1: Failed modifying UNIUSD
0	11:53:12.768	trend_dtrader XAUUSD,H1: Failed modifying USDCAD
0	11:53:13.771	trend_dtrader XAUUSD,H1: Failed modifying USDCHF
0	11:53:14.773	trend_dtrader XAUUSD,H1: Failed modifying USDJPY
0	11:53:15.761	trend_dtrader XAUUSD,H1: Failed modifying USDMXN
0	11:53:16.764	trend_dtrader XAUUSD,H1: Failed modifying USDZAR
0	11:53:17.768	trend_dtrader XAUUSD,H1: Failed modifying XAGUSD
0	11:53:18.770	trend_dtrader XAUUSD,H1: Failed modifying XAUUSD
0	11:53:19.773	trend_dtrader XAUUSD,H1: Failed modifying XBRUSD
0	11:53:20.760	trend_dtrader XAUUSD,H1: Failed modifying XNGUSD
0	11:53:21.764	trend_dtrader XAUUSD,H1: Failed modifying XRPUSD
0	11:53:22.767	trend_dtrader XAUUSD,H1: Failed modifying XTIUSD
0	11:53:23.771	trend_dtrader XAUUSD,H1: Failed modifying AAVEUSD
0	11:53:24.773	trend_dtrader XAUUSD,H1: Failed modifying ADAUSD
0	11:53:25.761	trend_dtrader XAUUSD,H1: Failed modifying ALGOUSD
0	11:53:26.763	trend_dtrader XAUUSD,H1: Failed modifying APTUSD
0	11:53:27.767	trend_dtrader XAUUSD,H1: Failed modifying ARBUSD
0	11:53:28.769	trend_dtrader XAUUSD,H1: Failed modifying ATOMUSD
0	11:53:29.773	trend_dtrader XAUUSD,H1: Failed modifying AUDUSD
0	11:53:30.761	trend_dtrader XAUUSD,H1: Failed modifying AVAXUSD
0	11:53:31.764	trend_dtrader XAUUSD,H1: Failed modifying AXSUSD
0	11:53:32.767	trend_dtrader XAUUSD,H1: Failed modifying BCHUSD
0	11:53:33.786	trend_dtrader XAUUSD,H1: Failed modifying BNBUSD
0	11:53:34.774	trend_dtrader XAUUSD,H1: Failed modifying BTCUSD
0	11:53:35.761	trend_dtrader XAUUSD,H1: Failed modifying DASHUSD
0	11:53:36.764	trend_dtrader XAUUSD,H1: Failed modifying DOGEUSD
0	11:53:37.768	trend_dtrader XAUUSD,H1: Failed modifying DOTUSD
0	11:53:38.770	trend_dtrader XAUUSD,H1: Failed modifying ETCUSD
0	11:53:39.774	trend_dtrader XAUUSD,H1: Failed modifying ETHUSD
0	11:53:40.762	trend_dtrader XAUUSD,H1: Failed modifying EURUSD
0	11:53:41.765	trend_dtrader XAUUSD,H1: Failed modifying FETUSD
0	11:53:42.768	trend_dtrader XAUUSD,H1: Failed modifying FILUSD
0	11:53:43.895	trend_dtrader XAUUSD,H1: Failed modifying FTMUSD
0	11:53:44.773	trend_dtrader XAUUSD,H1: Failed modifying GBPUSD
0	11:53:45.761	trend_dtrader XAUUSD,H1: Failed modifying GRTUSD
0	11:53:46.764	trend_dtrader XAUUSD,H1: Failed modifying ICPUSD
0	11:53:47.768	trend_dtrader XAUUSD,H1: Failed modifying IOTAUSD
0	11:53:48.771	trend_dtrader XAUUSD,H1: Failed modifying LINKUSD
0	11:53:49.774	trend_dtrader XAUUSD,H1: Failed modifying LRCUSD
0	11:53:50.761	trend_dtrader XAUUSD,H1: Failed modifying LTCUSD
0	11:53:51.765	trend_dtrader XAUUSD,H1: Failed modifying MANAUSD
0	11:53:52.768	trend_dtrader XAUUSD,H1: Failed modifying MATICUSD
0	11:53:53.802	trend_dtrader XAUUSD,H1: Failed modifying NEARUSD
0	11:53:54.759	trend_dtrader XAUUSD,H1: Failed modifying NZDUSD
0	11:53:55.762	trend_dtrader XAUUSD,H1: Failed modifying SOLUSD
0	11:53:56.765	trend_dtrader XAUUSD,H1: Failed modifying SUIUSD
0	11:53:57.769	trend_dtrader XAUUSD,H1: Failed modifying TRXUSD
0	11:53:58.772	trend_dtrader XAUUSD,H1: Failed modifying UNIUSD
0	11:53:59.759	trend_dtrader XAUUSD,H1: Failed modifying USDCAD
0	11:54:00.762	trend_dtrader XAUUSD,H1: Failed modifying USDCHF
0	11:54:01.766	trend_dtrader XAUUSD,H1: Failed modifying USDJPY
0	11:54:02.769	trend_dtrader XAUUSD,H1: Failed modifying USDMXN
0	11:54:03.804	trend_dtrader XAUUSD,H1: Failed modifying USDZAR
0	11:54:04.760	trend_dtrader XAUUSD,H1: Failed modifying XAGUSD
0	11:54:05.763	trend_dtrader XAUUSD,H1: Failed modifying XAUUSD
0	11:54:06.766	trend_dtrader XAUUSD,H1: Failed modifying XBRUSD
0	11:54:07.769	trend_dtrader XAUUSD,H1: Failed modifying XNGUSD
0	11:54:08.772	trend_dtrader XAUUSD,H1: Failed modifying XRPUSD
0	11:54:09.759	trend_dtrader XAUUSD,H1: Failed modifying XTIUSD
0	11:54:10.762	trend_dtrader XAUUSD,H1: Failed modifying AAVEUSD
0	11:54:11.766	trend_dtrader XAUUSD,H1: Failed modifying ADAUSD
0	11:54:12.768	trend_dtrader XAUUSD,H1: Failed modifying ALGOUSD
0	11:54:13.786	trend_dtrader XAUUSD,H1: Failed modifying APTUSD
0	11:54:14.773	trend_dtrader XAUUSD,H1: Failed modifying ARBUSD
0	11:54:15.761	trend_dtrader XAUUSD,H1: Failed modifying ATOMUSD
0	11:54:16.764	trend_dtrader XAUUSD,H1: Failed modifying AUDUSD
0	11:54:17.768	trend_dtrader XAUUSD,H1: Failed modifying AVAXUSD
0	11:54:18.771	trend_dtrader XAUUSD,H1: Failed modifying AXSUSD
0	11:54:19.773	trend_dtrader XAUUSD,H1: Failed modifying BCHUSD
0	11:54:20.760	trend_dtrader XAUUSD,H1: Failed modifying BNBUSD
0	11:54:21.764	trend_dtrader XAUUSD,H1: Failed modifying BTCUSD
0	11:54:22.767	trend_dtrader XAUUSD,H1: Failed modifying DASHUSD
0	11:54:23.802	trend_dtrader XAUUSD,H1: Failed modifying DOGEUSD
0	11:54:24.774	trend_dtrader XAUUSD,H1: Failed modifying DOTUSD
0	11:54:25.762	trend_dtrader XAUUSD,H1: Failed modifying ETCUSD
0	11:54:26.765	trend_dtrader XAUUSD,H1: Failed modifying ETHUSD
0	11:54:27.767	trend_dtrader XAUUSD,H1: Failed modifying EURUSD
0	11:54:28.771	trend_dtrader XAUUSD,H1: Failed modifying FETUSD
0	11:54:29.774	trend_dtrader XAUUSD,H1: Failed modifying FILUSD
0	11:54:30.761	trend_dtrader XAUUSD,H1: Failed modifying FTMUSD
0	11:54:31.764	trend_dtrader XAUUSD,H1: Failed modifying GBPUSD
0	11:54:32.767	trend_dtrader XAUUSD,H1: Failed modifying GRTUSD
0	11:54:33.786	trend_dtrader XAUUSD,H1: Failed modifying ICPUSD
0	11:54:34.774	trend_dtrader XAUUSD,H1: Failed modifying IOTAUSD
0	11:54:35.762	trend_dtrader XAUUSD,H1: Failed modifying LINKUSD
0	11:54:36.765	trend_dtrader XAUUSD,H1: Failed modifying LRCUSD
0	11:54:37.768	trend_dtrader XAUUSD,H1: Failed modifying LTCUSD
0	11:54:38.771	trend_dtrader XAUUSD,H1: Failed modifying MANAUSD
0	11:54:39.774	trend_dtrader XAUUSD,H1: Failed modifying MATICUSD
0	11:54:40.761	trend_dtrader XAUUSD,H1: Failed modifying NEARUSD
0	11:54:41.765	trend_dtrader XAUUSD,H1: Failed modifying NZDUSD
0	11:54:42.767	trend_dtrader XAUUSD,H1: Failed modifying SOLUSD
0	11:54:43.803	trend_dtrader XAUUSD,H1: Failed modifying SUIUSD
0	11:54:44.759	trend_dtrader XAUUSD,H1: Failed modifying TRXUSD
0	11:54:45.778	trend_dtrader XAUUSD,H1: Failed modifying UNIUSD
0	11:54:46.766	trend_dtrader XAUUSD,H1: Failed modifying USDCAD
0	11:54:47.769	trend_dtrader XAUUSD,H1: Failed modifying USDCHF
0	11:54:48.772	trend_dtrader XAUUSD,H1: Failed modifying USDJPY
0	11:54:49.759	trend_dtrader XAUUSD,H1: Failed modifying USDMXN
0	11:54:58.771	trend_dtrader XAUUSD,H1: Failed modifying ADAUSD
0	11:54:59.759	trend_dtrader XAUUSD,H1: Failed modifying ALGOUSD
0	11:55:00.762	trend_dtrader XAUUSD,H1: Failed modifying APTUSD
0	11:55:01.766	trend_dtrader XAUUSD,H1: Failed modifying ARBUSD
0	11:55:02.769	trend_dtrader XAUUSD,H1: Failed modifying ATOMUSD
0	11:55:03.787	trend_dtrader XAUUSD,H1: Failed modifying AUDUSD
0	11:55:04.759	trend_dtrader XAUUSD,H1: Failed modifying AVAXUSD
0	11:55:05.762	trend_dtrader XAUUSD,H1: Failed modifying AXSUSD
0	11:55:10.763	trend_dtrader XAUUSD,H1: Failed modifying DOGEUSD
0	11:55:11.766	trend_dtrader XAUUSD,H1: Failed modifying DOTUSD
0	11:55:12.769	trend_dtrader XAUUSD,H1: Failed modifying ETCUSD
0	11:55:13.804	trend_dtrader XAUUSD,H1: Failed modifying ETHUSD
0	11:55:14.774	trend_dtrader XAUUSD,H1: Failed modifying EURUSD
0	11:55:15.778	trend_dtrader XAUUSD,H1: Failed modifying FETUSD
0	11:55:16.781	trend_dtrader XAUUSD,H1: Failed modifying FILUSD
0	11:55:17.785	trend_dtrader XAUUSD,H1: Failed modifying FTMUSD
0	11:55:18.788	trend_dtrader XAUUSD,H1: Failed modifying GBPUSD
0	11:55:19.776	trend_dtrader XAUUSD,H1: Failed modifying GRTUSD
0	11:55:20.778	trend_dtrader XAUUSD,H1: Failed modifying ICPUSD
0	11:55:21.782	trend_dtrader XAUUSD,H1: Failed modifying IOTAUSD
0	11:55:22.784	trend_dtrader XAUUSD,H1: Failed modifying LINKUSD
0	11:55:23.820	trend_dtrader XAUUSD,H1: Failed modifying LRCUSD
0	11:55:24.776	trend_dtrader XAUUSD,H1: Failed modifying LTCUSD
0	11:55:25.780	trend_dtrader XAUUSD,H1: Failed modifying MANAUSD
0	11:55:26.783	trend_dtrader XAUUSD,H1: Failed modifying MATICUSD
0	11:55:27.786	trend_dtrader XAUUSD,H1: Failed modifying NEARUSD
0	11:55:28.789	trend_dtrader XAUUSD,H1: Failed modifying NZDUSD
0	11:55:29.777	trend_dtrader XAUUSD,H1: Failed modifying SOLUSD
0	11:55:30.781	trend_dtrader XAUUSD,H1: Failed modifying SUIUSD
0	11:55:31.784	trend_dtrader XAUUSD,H1: Failed modifying TRXUSD
0	11:55:32.787	trend_dtrader XAUUSD,H1: Failed modifying UNIUSD
0	11:55:33.806	trend_dtrader XAUUSD,H1: Failed modifying USDCAD
0	11:55:34.777	trend_dtrader XAUUSD,H1: Failed modifying USDCHF
0	11:56:05.785	trend_dtrader XAUUSD,H1: Failed modifying GBPUSD
0	11:56:06.787	trend_dtrader XAUUSD,H1: Failed modifying GRTUSD
0	11:56:07.775	trend_dtrader XAUUSD,H1: Failed modifying ICPUSD
0	11:56:50.786	trend_dtrader XAUUSD,H1: Failed modifying FILUSD
0	11:56:54.781	trend_dtrader XAUUSD,H1: Failed modifying ICPUSD
0	11:56:55.784	trend_dtrader XAUUSD,H1: Failed modifying IOTAUSD
0	11:56:56.786	trend_dtrader XAUUSD,H1: Failed modifying LINKUSD
0	11:56:57.789	trend_dtrader XAUUSD,H1: Failed modifying LRCUSD
0	11:56:58.777	trend_dtrader XAUUSD,H1: Failed modifying LTCUSD
0	11:56:59.779	trend_dtrader XAUUSD,H1: Failed modifying MANAUSD
0	11:57:00.802	trend_dtrader XAUUSD,H1: Failed modifying MATICUSD
0	11:57:01.785	trend_dtrader XAUUSD,H1: Failed modifying NEARUSD
0	11:57:02.788	trend_dtrader XAUUSD,H1: Failed modifying NZDUSD
0	11:57:03.806	trend_dtrader XAUUSD,H1: Failed modifying SOLUSD
0	11:57:04.778	trend_dtrader XAUUSD,H1: Failed modifying SUIUSD
0	11:57:05.781	trend_dtrader XAUUSD,H1: Failed modifying TRXUSD
0	11:57:09.775	trend_dtrader XAUUSD,H1: Failed modifying USDJPY
0	11:57:13.817	trend_dtrader XAUUSD,H1: Failed modifying XAUUSD
0	11:57:14.788	trend_dtrader XAUUSD,H1: Failed modifying XBRUSD
0	11:57:15.775	trend_dtrader XAUUSD,H1: Failed modifying XNGUSD
0	11:57:16.785	trend_dtrader XAUUSD,H1: Failed modifying XRPUSD
0	11:57:17.788	trend_dtrader XAUUSD,H1: Failed modifying XTIUSD
0	11:57:18.792	trend_dtrader XAUUSD,H1: Failed modifying AAVEUSD
0	11:57:19.785	trend_dtrader XAUUSD,H1: Failed modifying ADAUSD
0	11:57:20.788	trend_dtrader XAUUSD,H1: Failed modifying ALGOUSD
0	11:57:21.775	trend_dtrader XAUUSD,H1: Failed modifying APTUSD
0	11:57:22.777	trend_dtrader XAUUSD,H1: Failed modifying ARBUSD
0	11:57:23.797	trend_dtrader XAUUSD,H1: Failed modifying ATOMUSD
0	11:57:24.783	trend_dtrader XAUUSD,H1: Failed modifying AUDUSD
0	11:57:25.786	trend_dtrader XAUUSD,H1: Failed modifying AVAXUSD
0	11:57:26.788	trend_dtrader XAUUSD,H1: Failed modifying AXSUSD
0	11:57:27.776	trend_dtrader XAUUSD,H1: Failed modifying BCHUSD
0	11:57:28.779	trend_dtrader XAUUSD,H1: Failed modifying BNBUSD
0	11:57:29.781	trend_dtrader XAUUSD,H1: Failed modifying BTCUSD
0	11:57:30.784	trend_dtrader XAUUSD,H1: Failed modifying DASHUSD
0	11:57:31.787	trend_dtrader XAUUSD,H1: Failed modifying DOGEUSD
0	11:57:32.790	trend_dtrader XAUUSD,H1: Failed modifying DOTUSD
0	11:57:33.808	trend_dtrader XAUUSD,H1: Failed modifying ETCUSD
0	11:57:34.780	trend_dtrader XAUUSD,H1: Failed modifying ETHUSD
0	11:57:35.781	trend_dtrader XAUUSD,H1: Failed modifying EURUSD
0	11:57:36.784	trend_dtrader XAUUSD,H1: Failed modifying FETUSD
0	11:57:37.786	trend_dtrader XAUUSD,H1: Failed modifying FILUSD
0	11:57:38.788	trend_dtrader XAUUSD,H1: Failed modifying FTMUSD
0	11:57:39.776	trend_dtrader XAUUSD,H1: Failed modifying GBPUSD
0	11:57:40.778	trend_dtrader XAUUSD,H1: Failed modifying GRTUSD
0	11:57:41.781	trend_dtrader XAUUSD,H1: Failed modifying ICPUSD
0	11:57:42.784	trend_dtrader XAUUSD,H1: Failed modifying IOTAUSD
0	11:57:43.818	trend_dtrader XAUUSD,H1: Failed modifying LINKUSD
0	11:57:44.789	trend_dtrader XAUUSD,H1: Failed modifying LRCUSD
0	11:57:45.776	trend_dtrader XAUUSD,H1: Failed modifying LTCUSD
0	11:57:46.779	trend_dtrader XAUUSD,H1: Failed modifying MANAUSD
0	11:57:47.781	trend_dtrader XAUUSD,H1: Failed modifying MATICUSD
0	11:57:48.784	trend_dtrader XAUUSD,H1: Failed modifying NEARUSD
0	11:57:49.787	trend_dtrader XAUUSD,H1: Failed modifying NZDUSD
0	11:57:50.775	trend_dtrader XAUUSD,H1: Failed modifying SOLUSD
0	11:57:51.778	trend_dtrader XAUUSD,H1: Failed modifying SUIUSD
0	11:57:52.780	trend_dtrader XAUUSD,H1: Failed modifying TRXUSD
0	11:57:53.815	trend_dtrader XAUUSD,H1: Failed modifying UNIUSD
0	11:57:54.786	trend_dtrader XAUUSD,H1: Failed modifying USDCAD
0	11:57:55.789	trend_dtrader XAUUSD,H1: Failed modifying USDCHF
0	11:57:56.777	trend_dtrader XAUUSD,H1: Failed modifying USDJPY
0	11:57:57.780	trend_dtrader XAUUSD,H1: Failed modifying USDMXN
0	11:57:58.783	trend_dtrader XAUUSD,H1: Failed modifying USDZAR
0	11:57:59.786	trend_dtrader XAUUSD,H1: Failed modifying XAGUSD
0	11:58:00.787	trend_dtrader XAUUSD,H1: Failed modifying XAUUSD
0	11:58:01.789	trend_dtrader XAUUSD,H1: Failed modifying XBRUSD
0	11:58:02.776	trend_dtrader XAUUSD,H1: Failed modifying XNGUSD
0	11:58:03.810	trend_dtrader XAUUSD,H1: Failed modifying XRPUSD
0	11:58:04.782	trend_dtrader XAUUSD,H1: Failed modifying XTIUSD
0	11:58:05.785	trend_dtrader XAUUSD,H1: Failed modifying AAVEUSD
0	11:58:06.788	trend_dtrader XAUUSD,H1: Failed modifying ADAUSD
0	11:58:07.775	trend_dtrader XAUUSD,H1: Failed modifying ALGOUSD
0	11:58:08.778	trend_dtrader XAUUSD,H1: Failed modifying APTUSD
0	11:58:09.781	trend_dtrader XAUUSD,H1: Failed modifying ARBUSD
0	11:58:10.783	trend_dtrader XAUUSD,H1: Failed modifying ATOMUSD
0	11:58:11.786	trend_dtrader XAUUSD,H1: Failed modifying AUDUSD
0	11:58:12.790	trend_dtrader XAUUSD,H1: Failed modifying AVAXUSD
0	11:58:13.824	trend_dtrader XAUUSD,H1: Failed modifying AXSUSD
0	11:58:14.795	trend_dtrader XAUUSD,H1: Failed modifying BCHUSD
0	11:58:15.782	trend_dtrader XAUUSD,H1: Failed modifying BNBUSD
0	11:58:16.785	trend_dtrader XAUUSD,H1: Failed modifying BTCUSD
0	11:58:17.803	trend_dtrader XAUUSD,H1: Failed modifying DASHUSD
0	11:58:18.790	trend_dtrader XAUUSD,H1: Failed modifying DOGEUSD
0	11:58:19.777	trend_dtrader XAUUSD,H1: Failed modifying DOTUSD
0	11:58:20.779	trend_dtrader XAUUSD,H1: Failed modifying ETCUSD
0	11:58:21.782	trend_dtrader XAUUSD,H1: Failed modifying ETHUSD
0	11:58:22.784	trend_dtrader XAUUSD,H1: Failed modifying EURUSD
0	11:58:23.787	trend_dtrader XAUUSD,H1: Failed modifying FETUSD
0	11:58:24.789	trend_dtrader XAUUSD,H1: Failed modifying FILUSD
0	11:58:25.776	trend_dtrader XAUUSD,H1: Failed modifying FTMUSD
0	11:58:26.778	trend_dtrader XAUUSD,H1: Failed modifying GBPUSD
0	11:58:27.780	trend_dtrader XAUUSD,H1: Failed modifying GRTUSD
0	11:58:28.782	trend_dtrader XAUUSD,H1: Failed modifying ICPUSD
0	11:58:29.785	trend_dtrader XAUUSD,H1: Failed modifying IOTAUSD
0	11:58:30.787	trend_dtrader XAUUSD,H1: Failed modifying LINKUSD
0	11:58:31.774	trend_dtrader XAUUSD,H1: Failed modifying LRCUSD
0	11:58:32.776	trend_dtrader XAUUSD,H1: Failed modifying LTCUSD
0	11:58:33.794	trend_dtrader XAUUSD,H1: Failed modifying MANAUSD
0	11:58:34.782	trend_dtrader XAUUSD,H1: Failed modifying MATICUSD
0	11:58:35.785	trend_dtrader XAUUSD,H1: Failed modifying NEARUSD
0	11:58:36.787	trend_dtrader XAUUSD,H1: Failed modifying NZDUSD
0	11:58:37.774	trend_dtrader XAUUSD,H1: Failed modifying SOLUSD
0	11:58:38.777	trend_dtrader XAUUSD,H1: Failed modifying SUIUSD
0	11:58:39.780	trend_dtrader XAUUSD,H1: Failed modifying TRXUSD
0	11:58:40.783	trend_dtrader XAUUSD,H1: Failed modifying UNIUSD
0	11:58:41.787	trend_dtrader XAUUSD,H1: Failed modifying USDCAD
0	11:58:42.789	trend_dtrader XAUUSD,H1: Failed modifying USDCHF
0	11:58:43.792	trend_dtrader XAUUSD,H1: Failed modifying USDJPY
0	11:58:44.780	trend_dtrader XAUUSD,H1: Failed modifying USDMXN
0	11:58:45.782	trend_dtrader XAUUSD,H1: Failed modifying USDZAR
0	11:58:46.784	trend_dtrader XAUUSD,H1: Failed modifying XAGUSD
0	11:58:47.787	trend_dtrader XAUUSD,H1: Failed modifying XAUUSD
0	11:58:48.774	trend_dtrader XAUUSD,H1: Failed modifying XBRUSD
0	11:58:49.777	trend_dtrader XAUUSD,H1: Failed modifying XNGUSD
0	11:58:50.780	trend_dtrader XAUUSD,H1: Failed modifying XRPUSD
0	11:58:51.783	trend_dtrader XAUUSD,H1: Failed modifying XTIUSD
0	11:58:52.785	trend_dtrader XAUUSD,H1: Failed modifying AAVEUSD
0	11:58:53.819	trend_dtrader XAUUSD,H1: Failed modifying ADAUSD
0	11:58:54.774	trend_dtrader XAUUSD,H1: Failed modifying ALGOUSD
0	11:58:55.778	trend_dtrader XAUUSD,H1: Failed modifying APTUSD
0	11:58:56.780	trend_dtrader XAUUSD,H1: Failed modifying ARBUSD
0	11:58:57.783	trend_dtrader XAUUSD,H1: Failed modifying ATOMUSD
0	11:58:58.786	trend_dtrader XAUUSD,H1: Failed modifying AUDUSD
0	11:58:59.788	trend_dtrader XAUUSD,H1: Failed modifying AVAXUSD
0	11:59:00.780	trend_dtrader XAUUSD,H1: Failed modifying AXSUSD
0	11:59:01.778	trend_dtrader XAUUSD,H1: Failed modifying BCHUSD
0	11:59:02.812	trend_dtrader XAUUSD,H1: Failed modifying BNBUSD
0	11:59:03.800	trend_dtrader XAUUSD,H1: Failed modifying BTCUSD
0	11:59:04.787	trend_dtrader XAUUSD,H1: Failed modifying DASHUSD
0	11:59:05.790	trend_dtrader XAUUSD,H1: Failed modifying DOGEUSD
0	11:59:06.776	trend_dtrader XAUUSD,H1: Failed modifying DOTUSD
0	11:59:07.779	trend_dtrader XAUUSD,H1: Failed modifying ETCUSD
0	11:59:08.781	trend_dtrader XAUUSD,H1: Failed modifying ETHUSD
0	11:59:09.784	trend_dtrader XAUUSD,H1: Failed modifying EURUSD
0	11:59:10.787	trend_dtrader XAUUSD,H1: Failed modifying FETUSD
0	11:59:11.789	trend_dtrader XAUUSD,H1: Failed modifying FILUSD
0	11:59:12.776	trend_dtrader XAUUSD,H1: Failed modifying FTMUSD
0	11:59:13.795	trend_dtrader XAUUSD,H1: Failed modifying GBPUSD
0	11:59:14.782	trend_dtrader XAUUSD,H1: Failed modifying GRTUSD
0	11:59:15.800	trend_dtrader XAUUSD,H1: Failed modifying ICPUSD
0	11:59:16.787	trend_dtrader XAUUSD,H1: Failed modifying IOTAUSD
0	11:59:17.774	trend_dtrader XAUUSD,H1: Failed modifying LINKUSD
0	11:59:18.777	trend_dtrader XAUUSD,H1: Failed modifying LRCUSD
0	11:59:19.780	trend_dtrader XAUUSD,H1: Failed modifying LTCUSD
0	11:59:20.783	trend_dtrader XAUUSD,H1: Failed modifying MANAUSD
0	11:59:21.785	trend_dtrader XAUUSD,H1: Failed modifying MATICUSD
0	11:59:22.788	trend_dtrader XAUUSD,H1: Failed modifying NEARUSD
0	11:59:23.775	trend_dtrader XAUUSD,H1: Failed modifying NZDUSD
0	11:59:24.781	trend_dtrader XAUUSD,H1: Failed modifying SOLUSD
0	11:59:25.784	trend_dtrader XAUUSD,H1: Failed modifying SUIUSD
0	11:59:26.788	trend_dtrader XAUUSD,H1: Failed modifying TRXUSD
0	11:59:27.775	trend_dtrader XAUUSD,H1: Failed modifying UNIUSD
0	11:59:28.777	trend_dtrader XAUUSD,H1: Failed modifying USDCAD
0	11:59:29.780	trend_dtrader XAUUSD,H1: Failed modifying USDCHF
0	11:59:30.782	trend_dtrader XAUUSD,H1: Failed modifying USDJPY
0	11:59:31.785	trend_dtrader XAUUSD,H1: Failed modifying USDMXN
0	11:59:32.788	trend_dtrader XAUUSD,H1: Failed modifying USDZAR
0	11:59:33.807	trend_dtrader XAUUSD,H1: Failed modifying XAGUSD
0	11:59:34.779	trend_dtrader XAUUSD,H1: Failed modifying XAUUSD
0	11:59:35.782	trend_dtrader XAUUSD,H1: Failed modifying XBRUSD
0	11:59:36.785	trend_dtrader XAUUSD,H1: Failed modifying XNGUSD
0	11:59:37.775	trend_dtrader XAUUSD,H1: Failed modifying XRPUSD
0	11:59:38.777	trend_dtrader XAUUSD,H1: Failed modifying XTIUSD
0	11:59:39.780	trend_dtrader XAUUSD,H1: Failed modifying AAVEUSD
0	11:59:40.783	trend_dtrader XAUUSD,H1: Failed modifying ADAUSD
0	11:59:41.786	trend_dtrader XAUUSD,H1: Failed modifying ALGOUSD
0	11:59:42.788	trend_dtrader XAUUSD,H1: Failed modifying APTUSD
0	11:59:43.822	trend_dtrader XAUUSD,H1: Failed modifying ARBUSD
0	11:59:44.778	trend_dtrader XAUUSD,H1: Failed modifying ATOMUSD
0	11:59:45.781	trend_dtrader XAUUSD,H1: Failed modifying AUDUSD
0	11:59:46.783	trend_dtrader XAUUSD,H1: Failed modifying AVAXUSD
0	11:59:47.786	trend_dtrader XAUUSD,H1: Failed modifying AXSUSD
0	11:59:48.788	trend_dtrader XAUUSD,H1: Failed modifying BCHUSD
0	11:59:49.776	trend_dtrader XAUUSD,H1: Failed modifying BNBUSD
0	11:59:50.778	trend_dtrader XAUUSD,H1: Failed modifying BTCUSD
0	11:59:51.781	trend_dtrader XAUUSD,H1: Failed modifying DASHUSD
0	11:59:52.784	trend_dtrader XAUUSD,H1: Failed modifying DOGEUSD
0	11:59:53.803	trend_dtrader XAUUSD,H1: Failed modifying DOTUSD
0	11:59:54.789	trend_dtrader XAUUSD,H1: Failed modifying ETCUSD
0	11:59:55.777	trend_dtrader XAUUSD,H1: Failed modifying ETHUSD
0	11:59:56.780	trend_dtrader XAUUSD,H1: Failed modifying EURUSD
0	11:59:57.782	trend_dtrader XAUUSD,H1: Failed modifying FETUSD
0	11:59:58.784	trend_dtrader XAUUSD,H1: Failed modifying FILUSD
0	11:59:59.788	trend_dtrader XAUUSD,H1: Failed modifying FTMUSD
0	12:00:00.775	trend_dtrader XAUUSD,H1: Failed modifying GBPUSD
0	12:00:01.778	trend_dtrader XAUUSD,H1: Failed modifying GRTUSD
0	12:00:02.781	trend_dtrader XAUUSD,H1: Failed modifying ICPUSD
0	12:00:03.784	trend_dtrader XAUUSD,H1: Failed modifying IOTAUSD
0	12:00:04.787	trend_dtrader XAUUSD,H1: Failed modifying LINKUSD
0	12:00:05.775	trend_dtrader XAUUSD,H1: Failed modifying LRCUSD
0	12:00:06.777	trend_dtrader XAUUSD,H1: Failed modifying LTCUSD
0	12:00:07.780	trend_dtrader XAUUSD,H1: Failed modifying MANAUSD
0	12:00:08.783	trend_dtrader XAUUSD,H1: Failed modifying MATICUSD
0	12:00:09.785	trend_dtrader XAUUSD,H1: Failed modifying NEARUSD
0	12:00:10.788	trend_dtrader XAUUSD,H1: Failed modifying NZDUSD
0	12:00:11.775	trend_dtrader XAUUSD,H1: Failed modifying SOLUSD
0	12:00:12.778	trend_dtrader XAUUSD,H1: Failed modifying SUIUSD
0	12:00:13.781	trend_dtrader XAUUSD,H1: Failed modifying TRXUSD
0	12:00:14.784	trend_dtrader XAUUSD,H1: Failed modifying UNIUSD
0	12:00:15.787	trend_dtrader XAUUSD,H1: Failed modifying USDCAD
0	12:00:16.790	trend_dtrader XAUUSD,H1: Failed modifying USDCHF
0	12:00:17.777	trend_dtrader XAUUSD,H1: Failed modifying USDJPY
0	12:00:18.779	trend_dtrader XAUUSD,H1: Failed modifying USDMXN
0	12:00:19.782	trend_dtrader XAUUSD,H1: Failed modifying USDZAR
0	12:00:20.816	trend_dtrader XAUUSD,H1: Failed modifying XAGUSD
0	12:00:21.899	trend_dtrader XAUUSD,H1: Failed modifying XAUUSD
0	12:00:22.801	trend_dtrader XAUUSD,H1: Failed modifying XBRUSD
0	12:00:25.276	trend_dtrader XAUUSD,H1: Failed modifying XNGUSD
0	12:00:25.284	trend_dtrader XAUUSD,H1: Failed modifying XRPUSD
0	12:00:25.838	trend_dtrader XAUUSD,H1: Failed modifying XTIUSD
0	12:00:26.809	trend_dtrader XAUUSD,H1: Failed modifying AAVEUSD
0	12:00:27.794	trend_dtrader XAUUSD,H1: Failed modifying ADAUSD
0	12:00:28.800	trend_dtrader XAUUSD,H1: Failed modifying ALGOUSD
0	12:00:29.793	trend_dtrader XAUUSD,H1: Failed modifying APTUSD
0	12:00:30.795	trend_dtrader XAUUSD,H1: Failed modifying ARBUSD
0	12:00:31.786	trend_dtrader XAUUSD,H1: Failed modifying ATOMUSD
0	12:00:32.786	trend_dtrader XAUUSD,H1: Failed modifying AUDUSD
0	12:00:34.036	trend_dtrader XAUUSD,H1: Failed modifying AVAXUSD
0	12:00:34.786	trend_dtrader XAUUSD,H1: Failed modifying AXSUSD
0	12:00:35.792	trend_dtrader XAUUSD,H1: Failed modifying BCHUSD
0	12:00:36.786	trend_dtrader XAUUSD,H1: Failed modifying BNBUSD
0	12:00:37.775	trend_dtrader XAUUSD,H1: Failed modifying BTCUSD
0	12:00:38.786	trend_dtrader XAUUSD,H1: Failed modifying DASHUSD
0	12:00:39.777	trend_dtrader XAUUSD,H1: Failed modifying DOGEUSD
0	12:00:40.786	trend_dtrader XAUUSD,H1: Failed modifying DOTUSD
0	12:00:41.786	trend_dtrader XAUUSD,H1: Failed modifying ETCUSD
0	12:00:42.777	trend_dtrader XAUUSD,H1: Failed modifying ETHUSD
0	12:00:43.888	trend_dtrader XAUUSD,H1: Failed modifying EURUSD
0	12:00:44.777	trend_dtrader XAUUSD,H1: Failed modifying FETUSD
0	12:00:45.787	trend_dtrader XAUUSD,H1: Failed modifying FILUSD
0	12:00:46.787	trend_dtrader XAUUSD,H1: Failed modifying FTMUSD
0	12:00:47.786	trend_dtrader XAUUSD,H1: Failed modifying GBPUSD
0	12:00:48.786	trend_dtrader XAUUSD,H1: Failed modifying GRTUSD
0	12:00:49.786	trend_dtrader XAUUSD,H1: Failed modifying ICPUSD
0	12:00:50.786	trend_dtrader XAUUSD,H1: Failed modifying IOTAUSD
0	12:00:51.777	trend_dtrader XAUUSD,H1: Failed modifying LINKUSD
0	12:00:52.775	trend_dtrader XAUUSD,H1: Failed modifying LRCUSD
0	12:00:53.819	trend_dtrader XAUUSD,H1: Failed modifying LTCUSD
0	12:00:54.786	trend_dtrader XAUUSD,H1: Failed modifying MANAUSD
0	12:00:55.777	trend_dtrader XAUUSD,H1: Failed modifying MATICUSD
0	12:00:56.777	trend_dtrader XAUUSD,H1: Failed modifying NEARUSD
0	12:00:57.776	trend_dtrader XAUUSD,H1: Failed modifying NZDUSD
0	12:00:58.788	trend_dtrader XAUUSD,H1: Failed modifying SOLUSD
0	12:00:59.788	trend_dtrader XAUUSD,H1: Failed modifying SUIUSD
0	12:01:00.786	trend_dtrader XAUUSD,H1: Failed modifying TRXUSD
0	12:01:01.786	trend_dtrader XAUUSD,H1: Failed modifying UNIUSD
0	12:01:02.786	trend_dtrader XAUUSD,H1: Failed modifying USDCAD
0	12:01:03.804	trend_dtrader XAUUSD,H1: Failed modifying USDCHF
0	12:01:04.786	trend_dtrader XAUUSD,H1: Failed modifying USDJPY
0	12:01:05.786	trend_dtrader XAUUSD,H1: Failed modifying USDMXN
0	12:01:06.786	trend_dtrader XAUUSD,H1: Failed modifying USDZAR
0	12:01:07.786	trend_dtrader XAUUSD,H1: Failed modifying XAGUSD
0	12:01:08.776	trend_dtrader XAUUSD,H1: Failed modifying XAUUSD
0	12:01:09.775	trend_dtrader XAUUSD,H1: Failed modifying XBRUSD
0	12:01:10.786	trend_dtrader XAUUSD,H1: Failed modifying XNGUSD
0	12:01:11.790	trend_dtrader XAUUSD,H1: Failed modifying XRPUSD
0	12:01:12.790	trend_dtrader XAUUSD,H1: Failed modifying XTIUSD
0	12:01:13.817	trend_dtrader XAUUSD,H1: Failed modifying AAVEUSD
0	12:01:14.799	trend_dtrader XAUUSD,H1: Failed modifying ADAUSD
0	12:01:15.817	trend_dtrader XAUUSD,H1: Failed modifying ALGOUSD
0	12:01:16.802	trend_dtrader XAUUSD,H1: Failed modifying APTUSD
0	12:01:17.792	trend_dtrader XAUUSD,H1: Failed modifying ARBUSD
0	12:01:18.790	trend_dtrader XAUUSD,H1: Failed modifying ATOMUSD
0	12:01:22.808	trend_dtrader XAUUSD,H1: Failed modifying BCHUSD
0	12:01:23.801	trend_dtrader XAUUSD,H1: Failed modifying BNBUSD
0	12:01:24.793	trend_dtrader XAUUSD,H1: Failed modifying BTCUSD
0	12:01:25.792	trend_dtrader XAUUSD,H1: Failed modifying DASHUSD
0	12:01:26.792	trend_dtrader XAUUSD,H1: Failed modifying DOGEUSD
0	12:01:27.803	trend_dtrader XAUUSD,H1: Failed modifying DOTUSD
0	12:01:37.795	trend_dtrader XAUUSD,H1: Failed modifying IOTAUSD
0	12:03:00.823	trend_dtrader XAUUSD,H1: Failed modifying DOGEUSD
0	12:03:01.823	trend_dtrader XAUUSD,H1: Failed modifying DOTUSD
0	12:03:02.822	trend_dtrader XAUUSD,H1: Failed modifying ETCUSD
0	12:21:17.161	trend_dtrader XAUUSD,H1: uninit reason 5
0	12:21:17.161	trend_dtrader XAUUSD,H1: Alert: 5
0	12:21:17.182	trend_dtrader XAUUSD,H1 inputs: mdesc=DBot FX; lot_size=0.3; max_trade=10; close_trade=true; tt=0; 
0	12:21:17.198	trend_dtrader XAUUSD,H1: AAVEUSD
0	12:21:17.198	trend_dtrader XAUUSD,H1: ADAUSD
0	12:21:17.198	trend_dtrader XAUUSD,H1: ALGOUSD
0	12:21:17.198	trend_dtrader XAUUSD,H1: APTUSD
0	12:21:17.198	trend_dtrader XAUUSD,H1: ARBUSD
0	12:21:17.198	trend_dtrader XAUUSD,H1: ATOMUSD
0	12:21:17.198	trend_dtrader XAUUSD,H1: AUDUSD
0	12:21:17.198	trend_dtrader XAUUSD,H1: AVAXUSD
0	12:21:17.198	trend_dtrader XAUUSD,H1: AXSUSD
0	12:21:17.198	trend_dtrader XAUUSD,H1: BCHUSD
0	12:21:17.198	trend_dtrader XAUUSD,H1: BNBUSD
0	12:21:17.198	trend_dtrader XAUUSD,H1: BTCUSD
0	12:21:17.198	trend_dtrader XAUUSD,H1: DASHUSD
0	12:21:17.198	trend_dtrader XAUUSD,H1: DOGEUSD
0	12:21:17.198	trend_dtrader XAUUSD,H1: DOTUSD
0	12:21:17.198	trend_dtrader XAUUSD,H1: ETCUSD
0	12:21:17.198	trend_dtrader XAUUSD,H1: ETHUSD
0	12:21:17.198	trend_dtrader XAUUSD,H1: EURUSD
0	12:21:17.198	trend_dtrader XAUUSD,H1: FETUSD
0	12:21:17.198	trend_dtrader XAUUSD,H1: FILUSD
0	12:21:17.198	trend_dtrader XAUUSD,H1: FTMUSD
0	12:21:17.198	trend_dtrader XAUUSD,H1: GBPUSD
0	12:21:17.198	trend_dtrader XAUUSD,H1: GRTUSD
0	12:21:17.198	trend_dtrader XAUUSD,H1: ICPUSD
0	12:21:17.198	trend_dtrader XAUUSD,H1: IOTAUSD
0	12:21:17.198	trend_dtrader XAUUSD,H1: LINKUSD
0	12:21:17.198	trend_dtrader XAUUSD,H1: LRCUSD
0	12:21:17.198	trend_dtrader XAUUSD,H1: LTCUSD
0	12:21:17.198	trend_dtrader XAUUSD,H1: MANAUSD
0	12:21:17.198	trend_dtrader XAUUSD,H1: MATICUSD
0	12:21:17.198	trend_dtrader XAUUSD,H1: NEARUSD
0	12:21:17.198	trend_dtrader XAUUSD,H1: NZDUSD
0	12:21:17.198	trend_dtrader XAUUSD,H1: SOLUSD
0	12:21:17.198	trend_dtrader XAUUSD,H1: SUIUSD
0	12:21:17.198	trend_dtrader XAUUSD,H1: TRXUSD
0	12:21:17.198	trend_dtrader XAUUSD,H1: UNIUSD
0	12:21:17.198	trend_dtrader XAUUSD,H1: USDCAD
0	12:21:17.198	trend_dtrader XAUUSD,H1: USDCHF
0	12:21:17.198	trend_dtrader XAUUSD,H1: USDJPY
0	12:21:17.198	trend_dtrader XAUUSD,H1: USDMXN
0	12:21:17.198	trend_dtrader XAUUSD,H1: USDZAR
0	12:21:17.198	trend_dtrader XAUUSD,H1: XAGUSD
0	12:21:17.198	trend_dtrader XAUUSD,H1: XAUUSD
0	12:21:17.198	trend_dtrader XAUUSD,H1: XBRUSD
0	12:21:17.198	trend_dtrader XAUUSD,H1: XNGUSD
0	12:21:17.198	trend_dtrader XAUUSD,H1: XRPUSD
0	12:21:17.198	trend_dtrader XAUUSD,H1: XTIUSD
0	12:21:17.198	trend_dtrader XAUUSD,H1: ZECUSD
0	12:21:17.198	trend_dtrader XAUUSD,H1: 48
0	12:21:17.198	trend_dtrader XAUUSD,H1: initialized
0	16:29:34.430	trend_dtrader XAUUSD,H1: Failed modifying LRCUSD
0	16:29:35.427	trend_dtrader XAUUSD,H1: Failed modifying LRCUSD
0	16:29:36.422	trend_dtrader XAUUSD,H1: Failed modifying LRCUSD
0	16:29:37.421	trend_dtrader XAUUSD,H1: Failed modifying LRCUSD
0	16:29:38.422	trend_dtrader XAUUSD,H1: Failed modifying LRCUSD
0	16:29:39.426	trend_dtrader XAUUSD,H1: Failed modifying LRCUSD
0	16:29:40.423	trend_dtrader XAUUSD,H1: Failed modifying LRCUSD
0	16:29:41.428	trend_dtrader XAUUSD,H1: Failed modifying LRCUSD
0	16:29:42.418	trend_dtrader XAUUSD,H1: Failed modifying LRCUSD
0	16:29:43.417	trend_dtrader XAUUSD,H1: Failed modifying LRCUSD
0	16:29:44.420	trend_dtrader XAUUSD,H1: Failed modifying LRCUSD
0	16:29:45.419	trend_dtrader XAUUSD,H1: Failed modifying LRCUSD
0	16:29:46.432	trend_dtrader XAUUSD,H1: Failed modifying LRCUSD
0	16:29:47.428	trend_dtrader XAUUSD,H1: Failed modifying LRCUSD
0	16:29:48.430	trend_dtrader XAUUSD,H1: Failed modifying LRCUSD
0	16:29:49.416	trend_dtrader XAUUSD,H1: Failed modifying LRCUSD
0	16:29:50.420	trend_dtrader XAUUSD,H1: Failed modifying LRCUSD
0	16:29:51.415	trend_dtrader XAUUSD,H1: Failed modifying LRCUSD
0	16:29:52.429	trend_dtrader XAUUSD,H1: Failed modifying LRCUSD
0	16:29:53.429	trend_dtrader XAUUSD,H1: Failed modifying LRCUSD
0	16:29:54.423	trend_dtrader XAUUSD,H1: Failed modifying LRCUSD
0	16:29:55.424	trend_dtrader XAUUSD,H1: Failed modifying LRCUSD
0	16:29:56.421	trend_dtrader XAUUSD,H1: Failed modifying LRCUSD
0	16:29:57.423	trend_dtrader XAUUSD,H1: Failed modifying LRCUSD
0	16:29:58.423	trend_dtrader XAUUSD,H1: Failed modifying LRCUSD
0	16:29:59.422	trend_dtrader XAUUSD,H1: Failed modifying LRCUSD
0	16:30:00.425	trend_dtrader XAUUSD,H1: Failed modifying LRCUSD
0	16:30:01.419	trend_dtrader XAUUSD,H1: Failed modifying LRCUSD
0	16:30:02.430	trend_dtrader XAUUSD,H1: Failed modifying LRCUSD
0	16:30:03.419	trend_dtrader XAUUSD,H1: Failed modifying LRCUSD
0	16:30:04.427	trend_dtrader XAUUSD,H1: Failed modifying LRCUSD
0	16:30:05.419	trend_dtrader XAUUSD,H1: Failed modifying LRCUSD
0	16:30:06.425	trend_dtrader XAUUSD,H1: Failed modifying LRCUSD
0	16:30:07.429	trend_dtrader XAUUSD,H1: Failed modifying LRCUSD
0	16:30:08.427	trend_dtrader XAUUSD,H1: Failed modifying LRCUSD
0	16:30:09.418	trend_dtrader XAUUSD,H1: Failed modifying LRCUSD
0	16:30:10.427	trend_dtrader XAUUSD,H1: Failed modifying LRCUSD
0	16:30:11.422	trend_dtrader XAUUSD,H1: Failed modifying LRCUSD
0	16:31:17.422	trend_dtrader XAUUSD,H1: Failed modifying LRCUSD
0	16:31:18.427	trend_dtrader XAUUSD,H1: Failed modifying LRCUSD
0	16:31:19.425	trend_dtrader XAUUSD,H1: Failed modifying LRCUSD
0	16:31:20.418	trend_dtrader XAUUSD,H1: Failed modifying LRCUSD
0	16:31:21.421	trend_dtrader XAUUSD,H1: Failed modifying LRCUSD
0	16:31:22.428	trend_dtrader XAUUSD,H1: Failed modifying LRCUSD
0	16:31:23.425	trend_dtrader XAUUSD,H1: Failed modifying LRCUSD
0	16:31:24.428	trend_dtrader XAUUSD,H1: Failed modifying LRCUSD
0	16:31:27.418	trend_dtrader XAUUSD,H1: Failed modifying LRCUSD
0	16:31:28.422	trend_dtrader XAUUSD,H1: Failed modifying LRCUSD
0	16:31:29.428	trend_dtrader XAUUSD,H1: Failed modifying LRCUSD
0	16:31:30.421	trend_dtrader XAUUSD,H1: Failed modifying LRCUSD
0	16:31:31.422	trend_dtrader XAUUSD,H1: Failed modifying LRCUSD
0	16:31:32.428	trend_dtrader XAUUSD,H1: Failed modifying LRCUSD
0	16:31:33.423	trend_dtrader XAUUSD,H1: Failed modifying LRCUSD
0	16:31:34.424	trend_dtrader XAUUSD,H1: Failed modifying LRCUSD
0	16:31:35.418	trend_dtrader XAUUSD,H1: Failed modifying LRCUSD
0	16:31:36.429	trend_dtrader XAUUSD,H1: Failed modifying LRCUSD
0	16:34:36.421	trend_dtrader XAUUSD,H1: Failed modifying LRCUSD
0	16:34:37.418	trend_dtrader XAUUSD,H1: Failed modifying LRCUSD
0	16:34:38.431	trend_dtrader XAUUSD,H1: Failed modifying LRCUSD
0	16:34:39.422	trend_dtrader XAUUSD,H1: Failed modifying LRCUSD
0	16:34:40.425	trend_dtrader XAUUSD,H1: Failed modifying LRCUSD
0	16:34:41.422	trend_dtrader XAUUSD,H1: Failed modifying LRCUSD
0	16:34:47.430	trend_dtrader XAUUSD,H1: Failed modifying LRCUSD
0	16:34:48.421	trend_dtrader XAUUSD,H1: Failed modifying LRCUSD
0	16:34:49.421	trend_dtrader XAUUSD,H1: Failed modifying LRCUSD
0	16:34:50.429	trend_dtrader XAUUSD,H1: Failed modifying LRCUSD
0	16:34:51.419	trend_dtrader XAUUSD,H1: Failed modifying LRCUSD
0	16:34:52.426	trend_dtrader XAUUSD,H1: Failed modifying LRCUSD
0	16:34:54.428	trend_dtrader XAUUSD,H1: Failed modifying LRCUSD
0	16:34:55.419	trend_dtrader XAUUSD,H1: Failed modifying LRCUSD
0	16:34:56.432	trend_dtrader XAUUSD,H1: Failed modifying LRCUSD
0	16:34:57.434	trend_dtrader XAUUSD,H1: Failed modifying LRCUSD
0	16:34:58.440	trend_dtrader XAUUSD,H1: Failed modifying LRCUSD
0	16:34:59.440	trend_dtrader XAUUSD,H1: Failed modifying LRCUSD
0	16:35:00.436	trend_dtrader XAUUSD,H1: Failed modifying LRCUSD
0	16:35:01.435	trend_dtrader XAUUSD,H1: Failed modifying LRCUSD
0	16:35:02.438	trend_dtrader XAUUSD,H1: Failed modifying LRCUSD
0	16:35:03.442	trend_dtrader XAUUSD,H1: Failed modifying LRCUSD
0	16:35:04.440	trend_dtrader XAUUSD,H1: Failed modifying LRCUSD
0	16:35:05.444	trend_dtrader XAUUSD,H1: Failed modifying LRCUSD
0	16:35:06.436	trend_dtrader XAUUSD,H1: Failed modifying LRCUSD
0	16:35:07.443	trend_dtrader XAUUSD,H1: Failed modifying LRCUSD
0	16:35:08.442	trend_dtrader XAUUSD,H1: Failed modifying LRCUSD
0	16:35:09.445	trend_dtrader XAUUSD,H1: Failed modifying LRCUSD
0	16:35:10.443	trend_dtrader XAUUSD,H1: Failed modifying LRCUSD
0	16:35:11.441	trend_dtrader XAUUSD,H1: Failed modifying LRCUSD
0	16:35:12.438	trend_dtrader XAUUSD,H1: Failed modifying LRCUSD
0	16:35:13.434	trend_dtrader XAUUSD,H1: Failed modifying LRCUSD
0	16:35:14.442	trend_dtrader XAUUSD,H1: Failed modifying LRCUSD
0	16:35:15.441	trend_dtrader XAUUSD,H1: Failed modifying LRCUSD
0	16:35:16.445	trend_dtrader XAUUSD,H1: Failed modifying LRCUSD
0	16:35:17.435	trend_dtrader XAUUSD,H1: Failed modifying LRCUSD
0	16:35:18.437	trend_dtrader XAUUSD,H1: Failed modifying LRCUSD
0	16:35:19.434	trend_dtrader XAUUSD,H1: Failed modifying LRCUSD
0	16:35:20.443	trend_dtrader XAUUSD,H1: Failed modifying LRCUSD
0	16:35:21.446	trend_dtrader XAUUSD,H1: Failed modifying LRCUSD
0	16:35:22.442	trend_dtrader XAUUSD,H1: Failed modifying LRCUSD
0	16:35:23.442	trend_dtrader XAUUSD,H1: Failed modifying LRCUSD
0	16:35:24.440	trend_dtrader XAUUSD,H1: Failed modifying LRCUSD
0	16:35:25.433	trend_dtrader XAUUSD,H1: Failed modifying LRCUSD
0	16:35:26.435	trend_dtrader XAUUSD,H1: Failed modifying LRCUSD
0	16:35:27.431	trend_dtrader XAUUSD,H1: Failed modifying LRCUSD
0	16:35:28.438	trend_dtrader XAUUSD,H1: Failed modifying LRCUSD
0	16:35:29.435	trend_dtrader XAUUSD,H1: Failed modifying LRCUSD
0	16:35:30.443	trend_dtrader XAUUSD,H1: Failed modifying LRCUSD
0	16:35:31.434	trend_dtrader XAUUSD,H1: Failed modifying LRCUSD
0	16:35:32.438	trend_dtrader XAUUSD,H1: Failed modifying LRCUSD
0	16:35:33.435	trend_dtrader XAUUSD,H1: Failed modifying LRCUSD
0	16:35:34.444	trend_dtrader XAUUSD,H1: Failed modifying LRCUSD
0	16:35:35.444	trend_dtrader XAUUSD,H1: Failed modifying LRCUSD
0	16:35:36.445	trend_dtrader XAUUSD,H1: Failed modifying LRCUSD
0	16:35:37.440	trend_dtrader XAUUSD,H1: Failed modifying LRCUSD
0	16:35:38.434	trend_dtrader XAUUSD,H1: Failed modifying LRCUSD
0	16:35:39.442	trend_dtrader XAUUSD,H1: Failed modifying LRCUSD
0	16:35:40.439	trend_dtrader XAUUSD,H1: Failed modifying LRCUSD
0	16:35:41.439	trend_dtrader XAUUSD,H1: Failed modifying LRCUSD
0	16:35:42.435	trend_dtrader XAUUSD,H1: Failed modifying LRCUSD
0	16:35:43.432	trend_dtrader XAUUSD,H1: Failed modifying LRCUSD
0	16:35:44.441	trend_dtrader XAUUSD,H1: Failed modifying LRCUSD
0	16:35:45.442	trend_dtrader XAUUSD,H1: Failed modifying LRCUSD
0	16:35:46.437	trend_dtrader XAUUSD,H1: Failed modifying LRCUSD
0	16:35:47.434	trend_dtrader XAUUSD,H1: Failed modifying LRCUSD
0	16:35:48.437	trend_dtrader XAUUSD,H1: Failed modifying LRCUSD
0	16:35:49.435	trend_dtrader XAUUSD,H1: Failed modifying LRCUSD
0	16:35:50.445	trend_dtrader XAUUSD,H1: Failed modifying LRCUSD
0	16:35:51.444	trend_dtrader XAUUSD,H1: Failed modifying LRCUSD
0	16:35:52.432	trend_dtrader XAUUSD,H1: Failed modifying LRCUSD
0	16:35:53.445	trend_dtrader XAUUSD,H1: Failed modifying LRCUSD
0	16:35:54.442	trend_dtrader XAUUSD,H1: Failed modifying LRCUSD
0	16:35:55.442	trend_dtrader XAUUSD,H1: Failed modifying LRCUSD
0	16:35:56.441	trend_dtrader XAUUSD,H1: Failed modifying LRCUSD
2	16:35:57.580	trend_dtrader XAUUSD,H1: modify #479069635 buy 0.30 ICPUSD at 8.943 sl: 9.526 tp: 10.108 ok
0	16:35:57.580	trend_dtrader XAUUSD,H1: Alert: ICPUSD has been assigned a breakeven 9.525500000000001
2	16:41:45.709	trend_dtrader XAUUSD,H1: close #479069286 buy 0.30 ARBUSD at 0.7448 sl: 0.6874 tp: 0.8410 at price 0.7394
0	16:41:45.709	trend_dtrader XAUUSD,H1: Trying to close ARBUSD
2	16:41:45.925	trend_dtrader XAUUSD,H1: close #479069536 buy 0.30 GBPUSD at 1.29864 sl: 1.29210 tp: 1.31134 at price 1.29758
0	16:41:45.925	trend_dtrader XAUUSD,H1: Trying to close GBPUSD
2	16:41:46.147	trend_dtrader XAUUSD,H1: close #479069617 buy 0.30 DOGEUSD at 0.11930 sl: 0.11116 tp: 0.12660 at price 0.12047
0	16:41:46.147	trend_dtrader XAUUSD,H1: Trying to close DOGEUSD
2	16:41:46.390	trend_dtrader XAUUSD,H1: close #479069635 buy 0.30 ICPUSD at 8.943 sl: 9.526 tp: 10.108 at price 9.772
0	16:41:46.390	trend_dtrader XAUUSD,H1: Trying to close ICPUSD
2	16:41:46.550	trend_dtrader XAUUSD,H1: close #479069838 buy 0.30 LINKUSD at 13.850 sl: 12.889 tp: 14.502 at price 13.932
0	16:41:46.550	trend_dtrader XAUUSD,H1: Trying to close LINKUSD
2	16:41:46.691	trend_dtrader XAUUSD,H1: close #479081389 buy 0.30 EURUSD at 1.09199 sl: 1.08736 tp: 1.09451 at price 1.09064
0	16:41:46.691	trend_dtrader XAUUSD,H1: Trying to close EURUSD
2	16:41:47.610	trend_dtrader XAUUSD,H1: close #479082750 buy 0.30 ETHUSD at 3343.80 sl: 3183.97 tp: 3461.24 at price 3394.52
0	16:41:47.610	trend_dtrader XAUUSD,H1: Trying to close ETHUSD
2	16:41:47.840	trend_dtrader XAUUSD,H1: close #479083887 buy 0.30 XRPUSD at 0.53257 sl: 0.49958 tp: 0.53951 at price 0.53041
0	16:41:47.840	trend_dtrader XAUUSD,H1: Trying to close XRPUSD
2	16:42:04.717	trend_dtrader XAUUSD,H1: close #479069289 buy 0.30 ATOMUSD at 6.369 sl: 5.904 tp: 7.045 at price 6.283
0	16:42:04.717	trend_dtrader XAUUSD,H1: Trying to close ATOMUSD
2	16:42:04.896	trend_dtrader XAUUSD,H1: close #479069626 buy 0.30 FTMUSD at 0.4986 sl: 0.4469 tp: 0.5798 at price 0.4986
0	16:42:04.896	trend_dtrader XAUUSD,H1: Trying to close FTMUSD
2	16:42:05.060	trend_dtrader XAUUSD,H1: close #479071505 sell 0.30 USDJPY at 157.760 sl: 158.942 tp: 155.396 at price 157.291
0	16:42:05.060	trend_dtrader XAUUSD,H1: Trying to close USDJPY
2	16:42:05.243	trend_dtrader XAUUSD,H1: close #479082764 buy 0.30 ALGOUSD at 0.1604 sl: 0.1449 tp: 0.1734 at price 0.1553
0	16:42:05.243	trend_dtrader XAUUSD,H1: Trying to close ALGOUSD
2	17:07:43.873	trend_dtrader XAUUSD,H1: modify #479082748 buy 0.30 BTCUSD at 62728.29 sl: 63230.42 tp: 68013.48 ok
0	17:07:43.873	trend_dtrader XAUUSD,H1: Alert: BTCUSD has been assigned a breakeven 63230.42
2	17:25:19.155	trend_dtrader XAUUSD,H1: close #479069541 buy 0.30 GRTUSD at 0.2061 sl: 0.1893 tp: 0.2328 at price 0.2060
0	17:25:19.155	trend_dtrader XAUUSD,H1: Trying to close GRTUSD
2	17:25:19.261	trend_dtrader XAUUSD,H1: close #479082748 buy 0.30 BTCUSD at 62728.29 sl: 63230.42 tp: 68013.48 at price 63762.09
0	17:25:19.261	trend_dtrader XAUUSD,H1: Trying to close BTCUSD
