0	07:20:15.883	Custom indicator ZigZag GBPUSD,H1: loaded successfully
0	07:20:15.899	Custom indicator s_and_d GBPUSD,H1: loaded successfully
0	07:20:15.931	ZigZag GBPUSD,H1: initialized
0	07:20:15.957	s_and_d GBPUSD,H1: initialized
0	07:26:51.652	Expert trend_dtrader AUDUSD,H1: loaded successfully
0	07:26:59.581	trend_dtrader AUDUSD,H1 inputs: mdesc=DBot FX; lot_size=0.01; 
0	07:26:59.622	trend_dtrader AUDUSD,H1: 6
0	07:26:59.622	trend_dtrader AUDUSD,H1: initialized
0	07:27:59.624	trend_dtrader AUDUSD,H1: 6 : 27
0	07:28:59.621	trend_dtrader AUDUSD,H1: 6 : 28
0	07:29:59.619	trend_dtrader AUDUSD,H1: 6 : 29
0	07:30:59.619	trend_dtrader AUDUSD,H1: 6 : 30
0	07:31:59.619	trend_dtrader AUDUSD,H1: 6 : 31
0	07:32:59.616	trend_dtrader AUDUSD,H1: 6 : 32
0	07:33:59.616	trend_dtrader AUDUSD,H1: 6 : 33
0	07:34:59.594	trend_dtrader AUDUSD,H1: 6 : 34
0	07:35:59.590	trend_dtrader AUDUSD,H1: 6 : 35
0	07:36:59.588	trend_dtrader AUDUSD,H1: 6 : 36
0	07:37:59.588	trend_dtrader AUDUSD,H1: 6 : 37
0	07:38:59.586	trend_dtrader AUDUSD,H1: 6 : 38
0	07:39:59.586	trend_dtrader AUDUSD,H1: 6 : 39
0	07:40:59.584	trend_dtrader AUDUSD,H1: 6 : 40
0	07:41:59.582	trend_dtrader AUDUSD,H1: 6 : 41
0	07:42:59.581	trend_dtrader AUDUSD,H1: 6 : 42
0	07:43:59.580	trend_dtrader AUDUSD,H1: 6 : 43
0	07:44:59.580	trend_dtrader AUDUSD,H1: 6 : 44
0	07:45:59.577	trend_dtrader AUDUSD,H1: 6 : 45
0	07:46:59.577	trend_dtrader AUDUSD,H1: 6 : 46
0	07:47:59.575	trend_dtrader AUDUSD,H1: 6 : 47
0	07:48:59.574	trend_dtrader AUDUSD,H1: 6 : 48
0	07:49:59.572	trend_dtrader AUDUSD,H1: 6 : 49
0	08:07:49.556	trend_dtrader AUDUSD,H1: Alert: Please check your internet connection
0	08:07:49.556	trend_dtrader AUDUSD,H1: 7 : 7
0	08:12:09.502	trend_dtrader AUDUSD,H1: Alert: Please check your internet connection
0	08:12:09.502	trend_dtrader AUDUSD,H1: 7 : 12
0	08:23:12.122	trend_dtrader AUDUSD,H1: 7 : 23
0	08:23:59.517	trend_dtrader AUDUSD,H1: 7 : 23
0	08:24:59.515	trend_dtrader AUDUSD,H1: 7 : 24
0	08:25:59.530	trend_dtrader AUDUSD,H1: 7 : 25
0	08:26:59.512	trend_dtrader AUDUSD,H1: 7 : 26
0	08:27:59.512	trend_dtrader AUDUSD,H1: 7 : 27
0	08:28:59.510	trend_dtrader AUDUSD,H1: 7 : 28
0	08:29:59.509	trend_dtrader AUDUSD,H1: 7 : 29
0	08:30:59.508	trend_dtrader AUDUSD,H1: 7 : 30
0	08:31:59.506	trend_dtrader AUDUSD,H1: 7 : 31
0	08:32:59.505	trend_dtrader AUDUSD,H1: 7 : 32
0	08:33:59.503	trend_dtrader AUDUSD,H1: 7 : 33
0	08:34:59.502	trend_dtrader AUDUSD,H1: 7 : 34
0	08:35:59.501	trend_dtrader AUDUSD,H1: 7 : 35
0	08:36:59.500	trend_dtrader AUDUSD,H1: 7 : 36
0	08:37:59.498	trend_dtrader AUDUSD,H1: 7 : 37
0	08:38:59.493	trend_dtrader AUDUSD,H1: 7 : 38
0	08:39:59.490	trend_dtrader AUDUSD,H1: 7 : 39
0	08:40:59.489	trend_dtrader AUDUSD,H1: 7 : 40
0	08:41:59.487	trend_dtrader AUDUSD,H1: 7 : 41
0	08:42:59.486	trend_dtrader AUDUSD,H1: 7 : 42
0	08:43:59.485	trend_dtrader AUDUSD,H1: 7 : 43
0	08:44:59.484	trend_dtrader AUDUSD,H1: 7 : 44
0	08:45:59.482	trend_dtrader AUDUSD,H1: 7 : 45
0	08:46:59.480	trend_dtrader AUDUSD,H1: 7 : 46
0	08:47:59.479	trend_dtrader AUDUSD,H1: 7 : 47
0	08:48:59.478	trend_dtrader AUDUSD,H1: 7 : 48
0	08:49:59.476	trend_dtrader AUDUSD,H1: 7 : 49
0	08:50:59.475	trend_dtrader AUDUSD,H1: 7 : 50
0	08:51:59.473	trend_dtrader AUDUSD,H1: 7 : 51
0	08:52:59.472	trend_dtrader AUDUSD,H1: 7 : 52
0	08:53:59.467	trend_dtrader AUDUSD,H1: 7 : 53
0	08:54:59.462	trend_dtrader AUDUSD,H1: 7 : 54
0	08:55:59.460	trend_dtrader AUDUSD,H1: 7 : 55
0	08:56:59.458	trend_dtrader AUDUSD,H1: 7 : 56
0	08:57:59.457	trend_dtrader AUDUSD,H1: 7 : 57
0	08:58:59.456	trend_dtrader AUDUSD,H1: 7 : 58
0	08:59:59.454	trend_dtrader AUDUSD,H1: 7 : 59
0	09:00:59.453	trend_dtrader AUDUSD,H1: 8 : 0
0	09:02:48.918	trend_dtrader AUDUSD,H1: Alert: Please check your internet connection
0	09:02:48.918	trend_dtrader AUDUSD,H1: 8 : 2
0	09:02:59.445	trend_dtrader AUDUSD,H1: 8 : 2
0	09:08:44.855	trend_dtrader AUDUSD,H1: 8 : 8
0	09:08:59.434	trend_dtrader AUDUSD,H1: 8 : 8
0	09:25:18.232	trend_dtrader AUDUSD,H1: 8 : 25
0	09:32:04.002	trend_dtrader AUDUSD,H1: Alert: Please check your internet connection
0	09:32:04.002	trend_dtrader AUDUSD,H1: 8 : 32
0	09:35:17.588	trend_dtrader AUDUSD,H1: Alert: Please check your internet connection
0	09:35:17.589	trend_dtrader AUDUSD,H1: 8 : 35
0	09:35:59.376	trend_dtrader AUDUSD,H1: Alert: Please check your internet connection
0	09:35:59.376	trend_dtrader AUDUSD,H1: 8 : 35
0	09:52:13.165	trend_dtrader AUDUSD,H1: Alert: Please check your internet connection
0	09:52:13.165	trend_dtrader AUDUSD,H1: 8 : 52
0	10:08:05.132	trend_dtrader AUDUSD,H1: Alert: Please check your internet connection
0	10:08:05.132	trend_dtrader AUDUSD,H1: 9 : 8
0	10:26:01.134	trend_dtrader AUDUSD,H1: Alert: Please check your internet connection
0	10:26:01.135	trend_dtrader AUDUSD,H1: 9 : 26
0	10:42:24.081	trend_dtrader AUDUSD,H1: Alert: Please check your internet connection
0	10:42:24.081	trend_dtrader AUDUSD,H1: 9 : 42
0	10:48:33.233	trend_dtrader AUDUSD,H1: Alert: Please check your internet connection
0	10:48:33.233	trend_dtrader AUDUSD,H1: 9 : 48
0	10:48:58.869	trend_dtrader AUDUSD,H1: Alert: Please check your internet connection
0	10:48:58.869	trend_dtrader AUDUSD,H1: 9 : 48
0	10:49:58.868	trend_dtrader AUDUSD,H1: Alert: Please check your internet connection
0	10:49:58.869	trend_dtrader AUDUSD,H1: 9 : 49
0	10:50:58.863	trend_dtrader AUDUSD,H1: Alert: Please check your internet connection
0	10:50:58.864	trend_dtrader AUDUSD,H1: 9 : 50
0	10:51:58.860	trend_dtrader AUDUSD,H1: Alert: Please check your internet connection
0	10:51:58.861	trend_dtrader AUDUSD,H1: 9 : 51
0	10:52:58.855	trend_dtrader AUDUSD,H1: 9 : 52
0	10:53:58.852	trend_dtrader AUDUSD,H1: 9 : 53
0	10:54:58.848	trend_dtrader AUDUSD,H1: 9 : 54
0	10:55:58.844	trend_dtrader AUDUSD,H1: 9 : 55
0	10:56:58.841	trend_dtrader AUDUSD,H1: 9 : 56
0	10:57:58.836	trend_dtrader AUDUSD,H1: 9 : 57
0	10:58:58.833	trend_dtrader AUDUSD,H1: 9 : 58
0	10:59:58.830	trend_dtrader AUDUSD,H1: 9 : 59
0	11:00:58.827	trend_dtrader AUDUSD,H1: 10 : 0
0	11:01:58.823	trend_dtrader AUDUSD,H1: 10 : 1
0	11:02:58.820	trend_dtrader AUDUSD,H1: Alert: Please check your internet connection
0	11:02:58.821	trend_dtrader AUDUSD,H1: 10 : 2
0	11:03:58.817	trend_dtrader AUDUSD,H1: Alert: Please check your internet connection
0	11:03:58.818	trend_dtrader AUDUSD,H1: 10 : 3
0	11:04:58.715	trend_dtrader AUDUSD,H1: 10 : 4
0	11:05:58.729	trend_dtrader AUDUSD,H1: Alert: Please check your internet connection
0	11:05:58.731	trend_dtrader AUDUSD,H1: 10 : 5
0	11:06:58.709	trend_dtrader AUDUSD,H1: Alert: Please check your internet connection
0	11:06:58.710	trend_dtrader AUDUSD,H1: 10 : 6
0	11:07:58.705	trend_dtrader AUDUSD,H1: Alert: Please check your internet connection
0	11:07:58.706	trend_dtrader AUDUSD,H1: 10 : 7
0	11:08:58.700	trend_dtrader AUDUSD,H1: 10 : 8
0	11:09:58.697	trend_dtrader AUDUSD,H1: 10 : 9
0	11:10:58.694	trend_dtrader AUDUSD,H1: 10 : 10
0	11:11:58.690	trend_dtrader AUDUSD,H1: 10 : 11
0	11:12:58.685	trend_dtrader AUDUSD,H1: 10 : 12
0	11:13:58.682	trend_dtrader AUDUSD,H1: 10 : 13
0	11:14:58.679	trend_dtrader AUDUSD,H1: 10 : 14
0	11:15:58.676	trend_dtrader AUDUSD,H1: 10 : 15
0	11:16:58.671	trend_dtrader AUDUSD,H1: 10 : 16
0	11:17:58.669	trend_dtrader AUDUSD,H1: 10 : 17
0	11:18:58.664	trend_dtrader AUDUSD,H1: 10 : 18
0	11:19:58.838	trend_dtrader AUDUSD,H1: 10 : 19
0	11:20:58.839	trend_dtrader AUDUSD,H1: 10 : 20
0	11:21:58.838	trend_dtrader AUDUSD,H1: 10 : 21
0	11:22:58.839	trend_dtrader AUDUSD,H1: 10 : 22
0	11:23:58.839	trend_dtrader AUDUSD,H1: 10 : 23
0	11:24:58.840	trend_dtrader AUDUSD,H1: 10 : 24
0	11:25:58.839	trend_dtrader AUDUSD,H1: 10 : 25
0	11:26:58.840	trend_dtrader AUDUSD,H1: 10 : 26
0	11:27:58.841	trend_dtrader AUDUSD,H1: 10 : 27
0	11:28:58.842	trend_dtrader AUDUSD,H1: Alert: Please check your internet connection
0	11:28:58.843	trend_dtrader AUDUSD,H1: 10 : 28
0	11:29:58.843	trend_dtrader AUDUSD,H1: Alert: Please check your internet connection
0	11:29:58.843	trend_dtrader AUDUSD,H1: 10 : 29
0	11:30:58.841	trend_dtrader AUDUSD,H1: 10 : 30
0	11:31:58.840	trend_dtrader AUDUSD,H1: 10 : 31
0	11:32:58.841	trend_dtrader AUDUSD,H1: 10 : 32
0	11:33:58.841	trend_dtrader AUDUSD,H1: 10 : 33
0	11:34:58.935	trend_dtrader AUDUSD,H1: 10 : 34
0	11:35:58.937	trend_dtrader AUDUSD,H1: 10 : 35
0	11:36:58.939	trend_dtrader AUDUSD,H1: 10 : 36
0	11:37:58.941	trend_dtrader AUDUSD,H1: 10 : 37
0	11:38:58.943	trend_dtrader AUDUSD,H1: 10 : 38
0	11:39:58.948	trend_dtrader AUDUSD,H1: Alert: Please check your internet connection
0	11:39:58.948	trend_dtrader AUDUSD,H1: 10 : 39
0	11:40:58.949	trend_dtrader AUDUSD,H1: Alert: Please check your internet connection
0	11:40:58.954	trend_dtrader AUDUSD,H1: 10 : 40
0	11:41:58.949	trend_dtrader AUDUSD,H1: Alert: Please check your internet connection
0	11:41:58.951	trend_dtrader AUDUSD,H1: 10 : 41
0	11:42:58.952	trend_dtrader AUDUSD,H1: Alert: Please check your internet connection
0	11:42:58.953	trend_dtrader AUDUSD,H1: 10 : 42
0	11:43:58.955	trend_dtrader AUDUSD,H1: Alert: Please check your internet connection
0	11:43:58.955	trend_dtrader AUDUSD,H1: 10 : 43
0	11:44:58.953	trend_dtrader AUDUSD,H1: 10 : 44
0	11:45:58.955	trend_dtrader AUDUSD,H1: 10 : 45
0	11:46:58.957	trend_dtrader AUDUSD,H1: 10 : 46
0	11:47:58.959	trend_dtrader AUDUSD,H1: 10 : 47
0	11:48:58.963	trend_dtrader AUDUSD,H1: 10 : 48
0	11:49:58.965	trend_dtrader AUDUSD,H1: 10 : 49
0	11:50:58.978	trend_dtrader AUDUSD,H1: 10 : 50
0	11:51:58.981	trend_dtrader AUDUSD,H1: 10 : 51
0	11:52:58.982	trend_dtrader AUDUSD,H1: 10 : 52
0	11:53:20.026	trend_dtrader AUDUSD,H1: uninit reason 1
0	11:53:20.027	trend_dtrader AUDUSD,H1: Alert: 1
0	11:53:20.067	Expert trend_dtrader AUDUSD,H1: removed
0	13:10:38.104	Custom indicator ZigZag AUDUSD,H1: loaded successfully
0	13:10:52.940	ZigZag AUDUSD,H1: initialized
0	13:11:00.385	Custom indicator s_and_d AUDUSD,H1: loaded successfully
0	13:11:03.666	s_and_d AUDUSD,H1: initialized
