0	20:21:44.726	Expert trend_dtrader XAUUSD,H1: loaded successfully
0	20:21:56.674	Expert trend_dtrader XAUUSD,H1: removed
0	20:27:57.219	Compiling 'MACD Sample'
0	20:27:57.219	Compiling 'Moving Average'
0	20:27:58.125	Compiling 'Accelerator'
0	20:27:58.125	Compiling 'Accumulation'
0	20:27:58.125	Compiling 'Alligator'
0	20:27:58.125	Compiling 'ATR'
0	20:27:58.125	Compiling 'Awesome'
0	20:27:58.125	Compiling 'Bands'
0	20:27:58.125	Compiling 'Bears'
0	20:27:58.125	Compiling 'Bulls'
0	20:27:58.125	Compiling 'CCI'
0	20:27:58.125	Compiling 'Custom Moving Averages'
0	20:27:58.125	Compiling 'Heiken Ashi'
0	20:27:58.126	Compiling 'Ichimoku'
0	20:27:58.126	Compiling 'iExposure'
0	20:27:58.126	Compiling 'MACD'
0	20:27:58.126	Compiling 'Momentum'
0	20:27:58.126	Compiling 'OsMA'
0	20:27:58.126	Compiling 'Parabolic'
0	20:27:58.126	Compiling 'RSI'
0	20:27:58.126	Compiling 'Stochastic'
0	20:27:58.126	Compiling 'ZigZag'
0	20:27:58.126	Compiling 'SimplePanel'
0	20:28:11.438	Compiling 'PeriodConverter'
0	20:28:11.439	Compiling 'DLLSampleTester'
0	20:28:11.439	Compiling 'PipeClient'
0	20:28:11.439	Compiling 'PipeClientPure'
0	20:28:12.580	Compiling 'stdlib'
