0	08:57:48.985	Expert trend_dtrader AUDUSD,H1: loaded successfully
0	08:57:53.629	trend_dtrader AUDUSD,H1 inputs: mdesc=DBot FX; lot_size=0.01; max_trade=3; 
0	08:57:53.681	trend_dtrader AUDUSD,H1: ADAUSD --> 0
0	08:57:53.682	trend_dtrader AUDUSD,H1: ALGOUSD --> 0
0	08:57:53.684	trend_dtrader AUDUSD,H1: AUDUSD --> 5
0	08:57:53.688	trend_dtrader AUDUSD,H1: DOGEUSD --> 0
0	08:57:53.691	trend_dtrader AUDUSD,H1: EURUSD --> 5
0	08:57:53.692	trend_dtrader AUDUSD,H1: FTMUSD --> 0
0	08:57:53.692	trend_dtrader AUDUSD,H1: GBPUSD --> 5
0	08:57:53.693	trend_dtrader AUDUSD,H1: GRTUSD --> 0
0	08:57:53.694	trend_dtrader AUDUSD,H1: IOTAUSD --> 4
0	08:57:53.695	trend_dtrader AUDUSD,H1: LRCUSD --> 4
0	08:57:53.696	trend_dtrader AUDUSD,H1: MANAUSD --> 4
0	08:57:53.697	trend_dtrader AUDUSD,H1: MATICUSD --> 4
0	08:57:53.698	trend_dtrader AUDUSD,H1: NZDUSD --> 5
0	08:57:53.699	trend_dtrader AUDUSD,H1: TRXUSD --> 5
0	08:57:53.700	trend_dtrader AUDUSD,H1: USDCAD --> 5
0	08:57:53.701	trend_dtrader AUDUSD,H1: USDCHF --> 5
0	08:57:53.705	trend_dtrader AUDUSD,H1: XNGUSD --> 0
0	08:57:53.705	trend_dtrader AUDUSD,H1: XRPUSD --> 0
0	08:57:53.707	trend_dtrader AUDUSD,H1: 18
0	08:57:53.707	trend_dtrader AUDUSD,H1: initialized
0	08:58:53.679	trend_dtrader AUDUSD,H1: 7 : 58
0	08:59:53.672	trend_dtrader AUDUSD,H1: 7 : 59
0	09:00:53.669	trend_dtrader AUDUSD,H1: 8 : 0
0	09:01:53.677	trend_dtrader AUDUSD,H1: 8 : 1
0	09:02:53.677	trend_dtrader AUDUSD,H1: 8 : 2
0	09:03:53.674	trend_dtrader AUDUSD,H1: 8 : 3
0	09:04:53.672	trend_dtrader AUDUSD,H1: 8 : 4
0	09:05:53.668	trend_dtrader AUDUSD,H1: 8 : 5
0	09:06:53.665	trend_dtrader AUDUSD,H1: 8 : 6
0	09:07:53.662	trend_dtrader AUDUSD,H1: 8 : 7
0	09:08:53.659	trend_dtrader AUDUSD,H1: 8 : 8
0	09:09:53.657	trend_dtrader AUDUSD,H1: 8 : 9
0	09:10:53.653	trend_dtrader AUDUSD,H1: 8 : 10
0	09:11:53.650	trend_dtrader AUDUSD,H1: 8 : 11
0	09:12:53.655	trend_dtrader AUDUSD,H1: 8 : 12
0	09:13:53.643	trend_dtrader AUDUSD,H1: 8 : 13
0	09:14:53.641	trend_dtrader AUDUSD,H1: 8 : 14
0	09:15:53.637	trend_dtrader AUDUSD,H1: 8 : 15
0	09:16:53.694	trend_dtrader AUDUSD,H1: 8 : 16
0	09:17:53.691	trend_dtrader AUDUSD,H1: 8 : 17
0	09:20:56.114	trend_dtrader AUDUSD,H1: Alert: Please check your internet connection
0	09:20:56.115	trend_dtrader AUDUSD,H1: 8 : 20
0	09:35:23.346	trend_dtrader AUDUSD,H1: 8 : 35
0	09:52:11.558	trend_dtrader AUDUSD,H1: Alert: Please check your internet connection
0	09:52:11.558	trend_dtrader AUDUSD,H1: 8 : 52
0	10:04:06.241	trend_dtrader AUDUSD,H1: Alert: Please check your internet connection
0	10:04:06.241	trend_dtrader AUDUSD,H1: 9 : 4
0	10:06:39.946	trend_dtrader AUDUSD,H1: Alert: Please check your internet connection
0	10:06:39.947	trend_dtrader AUDUSD,H1: 9 : 6
0	10:07:13.966	trend_dtrader AUDUSD,H1: 9 : 7
0	10:19:27.968	trend_dtrader AUDUSD,H1: Alert: Please check your internet connection
0	10:19:27.968	trend_dtrader AUDUSD,H1: 9 : 19
0	10:20:00.617	trend_dtrader AUDUSD,H1: 9 : 20
0	10:22:56.559	trend_dtrader AUDUSD,H1: 9 : 22
0	10:24:03.833	trend_dtrader AUDUSD,H1: Alert: Please check your internet connection
0	10:24:03.834	trend_dtrader AUDUSD,H1: 9 : 24
0	10:26:03.045	trend_dtrader AUDUSD,H1: 9 : 26
0	10:26:14.732	trend_dtrader AUDUSD,H1: uninit reason 1
0	10:26:14.732	trend_dtrader AUDUSD,H1: Alert: 1
0	10:26:14.740	Expert trend_dtrader AUDUSD,H1: removed
0	10:45:36.847	Expert trend_dtrader AUDUSD,H1: loaded successfully
0	10:45:38.994	trend_dtrader AUDUSD,H1 inputs: mdesc=DBot FX; lot_size=0.01; max_trade=3; 
0	10:45:39.047	trend_dtrader AUDUSD,H1: ADAUSD --> 0
0	10:45:39.048	trend_dtrader AUDUSD,H1: ALGOUSD --> 0
0	10:45:39.050	trend_dtrader AUDUSD,H1: AUDUSD --> 5
0	10:45:39.083	trend_dtrader AUDUSD,H1: DOGEUSD --> 0
0	10:45:39.120	trend_dtrader AUDUSD,H1: EURUSD --> 5
0	10:45:39.123	trend_dtrader AUDUSD,H1: FTMUSD --> 0
0	10:45:39.126	trend_dtrader AUDUSD,H1: GBPUSD --> 5
0	10:45:39.128	trend_dtrader AUDUSD,H1: GRTUSD --> 0
0	10:45:39.131	trend_dtrader AUDUSD,H1: IOTAUSD --> 4
0	10:45:39.134	trend_dtrader AUDUSD,H1: LRCUSD --> 4
0	10:45:39.136	trend_dtrader AUDUSD,H1: MANAUSD --> 4
0	10:45:39.137	trend_dtrader AUDUSD,H1: MATICUSD --> 4
0	10:45:39.141	trend_dtrader AUDUSD,H1: NZDUSD --> 5
0	10:45:39.147	trend_dtrader AUDUSD,H1: TRXUSD --> 5
0	10:45:39.148	trend_dtrader AUDUSD,H1: USDCAD --> 5
0	10:45:39.149	trend_dtrader AUDUSD,H1: USDCHF --> 5
0	10:45:39.153	trend_dtrader AUDUSD,H1: XNGUSD --> 0
0	10:45:39.154	trend_dtrader AUDUSD,H1: XRPUSD --> 0
0	10:45:39.156	trend_dtrader AUDUSD,H1: 18
0	10:45:39.156	trend_dtrader AUDUSD,H1: initialized
0	10:46:24.753	trend_dtrader AUDUSD,H1: uninit reason 2
0	10:46:24.753	trend_dtrader AUDUSD,H1: Alert: 2
0	10:46:24.761	Expert trend_dtrader AUDUSD,H1: removed
0	10:46:24.786	Expert trend_dtrader AUDUSD,H1: loaded successfully
0	10:46:24.860	trend_dtrader AUDUSD,H1: ADAUSD --> 0
0	10:46:24.861	trend_dtrader AUDUSD,H1: ALGOUSD --> 0
0	10:46:24.862	trend_dtrader AUDUSD,H1: AUDUSD --> 5
0	10:46:24.868	trend_dtrader AUDUSD,H1: DOGEUSD --> 0
0	10:46:24.870	trend_dtrader AUDUSD,H1: EURUSD --> 5
0	10:46:24.874	trend_dtrader AUDUSD,H1: FTMUSD --> 0
0	10:46:24.874	trend_dtrader AUDUSD,H1: GBPUSD --> 5
0	10:46:24.874	trend_dtrader AUDUSD,H1: GRTUSD --> 0
0	10:46:24.874	trend_dtrader AUDUSD,H1: IOTAUSD --> 4
0	10:46:24.875	trend_dtrader AUDUSD,H1: LRCUSD --> 4
0	10:46:24.875	trend_dtrader AUDUSD,H1: MANAUSD --> 4
0	10:46:24.875	trend_dtrader AUDUSD,H1: MATICUSD --> 4
0	10:46:24.875	trend_dtrader AUDUSD,H1: NZDUSD --> 5
0	10:46:24.876	trend_dtrader AUDUSD,H1: TRXUSD --> 5
0	10:46:24.876	trend_dtrader AUDUSD,H1: USDCAD --> 5
0	10:46:24.877	trend_dtrader AUDUSD,H1: USDCHF --> 5
0	10:46:24.878	trend_dtrader AUDUSD,H1: XNGUSD --> 0
0	10:46:24.878	trend_dtrader AUDUSD,H1: XRPUSD --> 0
0	10:46:24.878	trend_dtrader AUDUSD,H1: 18
0	10:46:24.878	trend_dtrader AUDUSD,H1: initialized
0	10:47:24.860	trend_dtrader AUDUSD,H1: 9 : 47
0	10:48:24.859	trend_dtrader AUDUSD,H1: 9 : 48
0	10:49:24.855	trend_dtrader AUDUSD,H1: 9 : 49
0	10:50:24.852	trend_dtrader AUDUSD,H1: 9 : 50
0	10:51:24.850	trend_dtrader AUDUSD,H1: 9 : 51
0	10:52:24.849	trend_dtrader AUDUSD,H1: 9 : 52
0	10:53:24.847	trend_dtrader AUDUSD,H1: 9 : 53
0	10:54:24.846	trend_dtrader AUDUSD,H1: 9 : 54
0	10:55:24.843	trend_dtrader AUDUSD,H1: 9 : 55
0	10:56:24.841	trend_dtrader AUDUSD,H1: 9 : 56
0	10:57:24.840	trend_dtrader AUDUSD,H1: 9 : 57
0	10:58:24.837	trend_dtrader AUDUSD,H1: 9 : 58
0	10:59:24.836	trend_dtrader AUDUSD,H1: 9 : 59
0	11:00:24.833	trend_dtrader AUDUSD,H1: 10 : 0
0	11:01:24.831	trend_dtrader AUDUSD,H1: 10 : 1
0	11:02:24.830	trend_dtrader AUDUSD,H1: 10 : 2
0	11:03:24.828	trend_dtrader AUDUSD,H1: 10 : 3
0	11:04:24.825	trend_dtrader AUDUSD,H1: 10 : 4
0	11:05:24.823	trend_dtrader AUDUSD,H1: 10 : 5
0	11:06:24.820	trend_dtrader AUDUSD,H1: 10 : 6
0	11:07:24.819	trend_dtrader AUDUSD,H1: 10 : 7
0	11:08:24.822	trend_dtrader AUDUSD,H1: 10 : 8
0	11:09:24.837	trend_dtrader AUDUSD,H1: 10 : 9
0	11:10:24.835	trend_dtrader AUDUSD,H1: 10 : 10
0	11:11:24.833	trend_dtrader AUDUSD,H1: 10 : 11
0	11:12:24.831	trend_dtrader AUDUSD,H1: 10 : 12
0	11:13:24.829	trend_dtrader AUDUSD,H1: 10 : 13
0	11:14:24.827	trend_dtrader AUDUSD,H1: 10 : 14
0	11:15:24.826	trend_dtrader AUDUSD,H1: 10 : 15
0	11:16:24.823	trend_dtrader AUDUSD,H1: 10 : 16
0	11:17:24.822	trend_dtrader AUDUSD,H1: 10 : 17
0	11:18:24.820	trend_dtrader AUDUSD,H1: 10 : 18
0	11:19:24.818	trend_dtrader AUDUSD,H1: 10 : 19
0	11:20:24.816	trend_dtrader AUDUSD,H1: 10 : 20
0	11:21:24.814	trend_dtrader AUDUSD,H1: 10 : 21
0	11:22:24.812	trend_dtrader AUDUSD,H1: 10 : 22
0	11:23:24.810	trend_dtrader AUDUSD,H1: 10 : 23
0	11:24:24.899	trend_dtrader AUDUSD,H1: 10 : 24
0	11:25:24.898	trend_dtrader AUDUSD,H1: 10 : 25
0	11:26:24.897	trend_dtrader AUDUSD,H1: 10 : 26
0	11:27:24.896	trend_dtrader AUDUSD,H1: 10 : 27
0	11:28:24.895	trend_dtrader AUDUSD,H1: 10 : 28
0	11:29:24.893	trend_dtrader AUDUSD,H1: 10 : 29
0	11:30:24.892	trend_dtrader AUDUSD,H1: 10 : 30
0	11:31:24.891	trend_dtrader AUDUSD,H1: 10 : 31
0	11:32:24.891	trend_dtrader AUDUSD,H1: 10 : 32
0	11:33:24.890	trend_dtrader AUDUSD,H1: 10 : 33
0	11:34:24.888	trend_dtrader AUDUSD,H1: 10 : 34
0	11:35:24.887	trend_dtrader AUDUSD,H1: 10 : 35
0	11:36:24.885	trend_dtrader AUDUSD,H1: 10 : 36
0	11:37:24.884	trend_dtrader AUDUSD,H1: 10 : 37
0	11:38:24.885	trend_dtrader AUDUSD,H1: 10 : 38
0	11:39:24.882	trend_dtrader AUDUSD,H1: 10 : 39
0	11:40:24.881	trend_dtrader AUDUSD,H1: 10 : 40
0	11:41:24.880	trend_dtrader AUDUSD,H1: 10 : 41
0	11:42:24.879	trend_dtrader AUDUSD,H1: 10 : 42
0	11:43:24.878	trend_dtrader AUDUSD,H1: 10 : 43
0	11:44:24.876	trend_dtrader AUDUSD,H1: 10 : 44
0	11:45:24.875	trend_dtrader AUDUSD,H1: 10 : 45
0	11:46:24.875	trend_dtrader AUDUSD,H1: 10 : 46
0	11:47:24.874	trend_dtrader AUDUSD,H1: 10 : 47
0	11:48:24.872	trend_dtrader AUDUSD,H1: 10 : 48
0	11:49:24.871	trend_dtrader AUDUSD,H1: 10 : 49
0	11:50:24.870	trend_dtrader AUDUSD,H1: 10 : 50
0	11:51:24.869	trend_dtrader AUDUSD,H1: 10 : 51
0	11:52:24.868	trend_dtrader AUDUSD,H1: 10 : 52
0	11:53:24.867	trend_dtrader AUDUSD,H1: 10 : 53
0	11:54:24.865	trend_dtrader AUDUSD,H1: 10 : 54
0	11:55:24.879	trend_dtrader AUDUSD,H1: 10 : 55
0	11:56:24.879	trend_dtrader AUDUSD,H1: 10 : 56
0	11:57:24.878	trend_dtrader AUDUSD,H1: 10 : 57
0	11:58:24.877	trend_dtrader AUDUSD,H1: 10 : 58
0	11:59:24.876	trend_dtrader AUDUSD,H1: 10 : 59
0	12:00:24.876	trend_dtrader AUDUSD,H1: 11 : 0
0	12:01:24.874	trend_dtrader AUDUSD,H1: 11 : 1
0	12:02:24.875	trend_dtrader AUDUSD,H1: 11 : 2
0	12:03:24.872	trend_dtrader AUDUSD,H1: 11 : 3
0	12:04:24.871	trend_dtrader AUDUSD,H1: 11 : 4
0	12:05:24.869	trend_dtrader AUDUSD,H1: 11 : 5
0	12:06:24.869	trend_dtrader AUDUSD,H1: 11 : 6
0	12:07:24.868	trend_dtrader AUDUSD,H1: 11 : 7
0	12:08:24.867	trend_dtrader AUDUSD,H1: 11 : 8
0	12:09:24.866	trend_dtrader AUDUSD,H1: 11 : 9
0	12:10:24.887	trend_dtrader AUDUSD,H1: 11 : 10
0	12:11:24.902	trend_dtrader AUDUSD,H1: 11 : 11
0	12:12:24.890	trend_dtrader AUDUSD,H1: 11 : 12
0	12:13:24.888	trend_dtrader AUDUSD,H1: 11 : 13
0	12:14:24.887	trend_dtrader AUDUSD,H1: 11 : 14
0	12:15:24.886	trend_dtrader AUDUSD,H1: 11 : 15
0	12:16:24.886	trend_dtrader AUDUSD,H1: 11 : 16
0	12:17:24.896	trend_dtrader AUDUSD,H1: 11 : 17
0	12:18:24.883	trend_dtrader AUDUSD,H1: 11 : 18
0	12:19:24.883	trend_dtrader AUDUSD,H1: 11 : 19
0	12:20:24.882	trend_dtrader AUDUSD,H1: 11 : 20
0	12:21:24.881	trend_dtrader AUDUSD,H1: 11 : 21
0	12:22:24.880	trend_dtrader AUDUSD,H1: 11 : 22
0	12:23:24.880	trend_dtrader AUDUSD,H1: 11 : 23
0	12:24:24.878	trend_dtrader AUDUSD,H1: 11 : 24
0	12:25:24.996	trend_dtrader AUDUSD,H1: 11 : 25
0	12:26:24.997	trend_dtrader AUDUSD,H1: 11 : 26
0	12:27:24.996	trend_dtrader AUDUSD,H1: 11 : 27
0	12:28:24.997	trend_dtrader AUDUSD,H1: 11 : 28
0	12:29:24.997	trend_dtrader AUDUSD,H1: 11 : 29
0	12:30:24.997	trend_dtrader AUDUSD,H1: 11 : 30
0	12:31:24.997	trend_dtrader AUDUSD,H1: 11 : 31
0	12:32:24.997	trend_dtrader AUDUSD,H1: 11 : 32
0	12:33:25.002	trend_dtrader AUDUSD,H1: 11 : 33
0	12:34:24.997	trend_dtrader AUDUSD,H1: 11 : 34
0	12:35:24.997	trend_dtrader AUDUSD,H1: 11 : 35
0	12:36:24.997	trend_dtrader AUDUSD,H1: 11 : 36
0	12:37:24.997	trend_dtrader AUDUSD,H1: 11 : 37
0	12:38:24.999	trend_dtrader AUDUSD,H1: 11 : 38
0	12:39:24.997	trend_dtrader AUDUSD,H1: 11 : 39
0	12:40:25.013	trend_dtrader AUDUSD,H1: 11 : 40
0	12:41:25.016	trend_dtrader AUDUSD,H1: 11 : 41
0	12:42:25.016	trend_dtrader AUDUSD,H1: 11 : 42
0	12:43:25.016	trend_dtrader AUDUSD,H1: 11 : 43
0	12:44:25.016	trend_dtrader AUDUSD,H1: 11 : 44
0	12:45:25.016	trend_dtrader AUDUSD,H1: 11 : 45
0	12:46:25.017	trend_dtrader AUDUSD,H1: 11 : 46
0	12:47:25.016	trend_dtrader AUDUSD,H1: 11 : 47
0	12:48:25.017	trend_dtrader AUDUSD,H1: 11 : 48
0	12:49:25.017	trend_dtrader AUDUSD,H1: 11 : 49
0	12:50:25.017	trend_dtrader AUDUSD,H1: 11 : 50
0	12:51:25.019	trend_dtrader AUDUSD,H1: 11 : 51
0	12:52:25.018	trend_dtrader AUDUSD,H1: 11 : 52
0	12:53:25.018	trend_dtrader AUDUSD,H1: 11 : 53
0	12:54:25.018	trend_dtrader AUDUSD,H1: 11 : 54
0	12:55:24.989	trend_dtrader AUDUSD,H1: 11 : 55
0	12:56:24.981	trend_dtrader AUDUSD,H1: 11 : 56
0	12:57:24.981	trend_dtrader AUDUSD,H1: 11 : 57
0	12:58:24.981	trend_dtrader AUDUSD,H1: 11 : 58
0	12:59:24.981	trend_dtrader AUDUSD,H1: 11 : 59
0	13:00:24.980	trend_dtrader AUDUSD,H1: 12 : 0
0	13:01:24.980	trend_dtrader AUDUSD,H1: 12 : 1
0	13:02:24.981	trend_dtrader AUDUSD,H1: 12 : 2
0	13:03:24.980	trend_dtrader AUDUSD,H1: 12 : 3
0	13:04:24.980	trend_dtrader AUDUSD,H1: 12 : 4
0	13:05:24.992	trend_dtrader AUDUSD,H1: 12 : 5
0	13:06:24.981	trend_dtrader AUDUSD,H1: 12 : 6
0	13:07:24.980	trend_dtrader AUDUSD,H1: 12 : 7
0	13:08:24.981	trend_dtrader AUDUSD,H1: 12 : 8
0	13:09:24.985	trend_dtrader AUDUSD,H1: 12 : 9
0	13:10:24.995	trend_dtrader AUDUSD,H1: 12 : 10
0	13:11:25.001	trend_dtrader AUDUSD,H1: 12 : 11
0	13:12:25.002	trend_dtrader AUDUSD,H1: 12 : 12
0	13:13:25.002	trend_dtrader AUDUSD,H1: 12 : 13
0	13:14:25.002	trend_dtrader AUDUSD,H1: 12 : 14
0	13:15:25.002	trend_dtrader AUDUSD,H1: 12 : 15
0	13:16:25.002	trend_dtrader AUDUSD,H1: 12 : 16
0	13:17:25.001	trend_dtrader AUDUSD,H1: 12 : 17
0	13:18:25.002	trend_dtrader AUDUSD,H1: 12 : 18
0	13:19:25.002	trend_dtrader AUDUSD,H1: 12 : 19
0	13:20:25.003	trend_dtrader AUDUSD,H1: 12 : 20
0	13:21:25.003	trend_dtrader AUDUSD,H1: 12 : 21
0	13:22:25.003	trend_dtrader AUDUSD,H1: 12 : 22
0	13:23:25.002	trend_dtrader AUDUSD,H1: 12 : 23
0	13:24:25.003	trend_dtrader AUDUSD,H1: 12 : 24
0	13:25:25.002	trend_dtrader AUDUSD,H1: 12 : 25
0	13:26:25.086	trend_dtrader AUDUSD,H1: 12 : 26
0	13:27:25.091	trend_dtrader AUDUSD,H1: 12 : 27
0	13:28:25.088	trend_dtrader AUDUSD,H1: 12 : 28
0	13:29:25.089	trend_dtrader AUDUSD,H1: 12 : 29
0	13:30:25.089	trend_dtrader AUDUSD,H1: 12 : 30
0	13:31:25.089	trend_dtrader AUDUSD,H1: 12 : 31
0	13:32:25.090	trend_dtrader AUDUSD,H1: 12 : 32
0	13:33:25.091	trend_dtrader AUDUSD,H1: 12 : 33
0	13:34:25.092	trend_dtrader AUDUSD,H1: 12 : 34
0	13:35:25.093	trend_dtrader AUDUSD,H1: 12 : 35
0	13:36:25.094	trend_dtrader AUDUSD,H1: 12 : 36
0	13:37:25.094	trend_dtrader AUDUSD,H1: 12 : 37
0	13:38:25.095	trend_dtrader AUDUSD,H1: 12 : 38
0	13:39:25.096	trend_dtrader AUDUSD,H1: 12 : 39
0	13:40:25.096	trend_dtrader AUDUSD,H1: 12 : 40
0	13:41:25.140	trend_dtrader AUDUSD,H1: 12 : 41
0	13:42:25.144	trend_dtrader AUDUSD,H1: 12 : 42
0	13:43:25.145	trend_dtrader AUDUSD,H1: 12 : 43
0	13:44:25.148	trend_dtrader AUDUSD,H1: 12 : 44
0	13:45:25.147	trend_dtrader AUDUSD,H1: 12 : 45
0	13:46:25.149	trend_dtrader AUDUSD,H1: 12 : 46
0	13:47:25.149	trend_dtrader AUDUSD,H1: 12 : 47
0	13:48:25.150	trend_dtrader AUDUSD,H1: 12 : 48
0	13:49:25.151	trend_dtrader AUDUSD,H1: 12 : 49
0	13:50:25.153	trend_dtrader AUDUSD,H1: 12 : 50
0	13:51:25.153	trend_dtrader AUDUSD,H1: 12 : 51
0	13:52:25.154	trend_dtrader AUDUSD,H1: 12 : 52
0	13:53:25.155	trend_dtrader AUDUSD,H1: 12 : 53
0	13:54:25.157	trend_dtrader AUDUSD,H1: 12 : 54
0	13:55:25.158	trend_dtrader AUDUSD,H1: 12 : 55
0	13:56:25.158	trend_dtrader AUDUSD,H1: 12 : 56
0	13:57:25.153	trend_dtrader AUDUSD,H1: 12 : 57
0	13:58:25.154	trend_dtrader AUDUSD,H1: 12 : 58
0	13:59:25.155	trend_dtrader AUDUSD,H1: 12 : 59
0	14:00:25.156	trend_dtrader AUDUSD,H1: 13 : 0
0	14:01:25.160	trend_dtrader AUDUSD,H1: 13 : 1
0	14:02:25.158	trend_dtrader AUDUSD,H1: 13 : 2
0	14:03:25.159	trend_dtrader AUDUSD,H1: 13 : 3
0	14:04:25.161	trend_dtrader AUDUSD,H1: 13 : 4
0	14:05:25.161	trend_dtrader AUDUSD,H1: 13 : 5
0	14:06:25.162	trend_dtrader AUDUSD,H1: 13 : 6
0	14:07:25.163	trend_dtrader AUDUSD,H1: 13 : 7
0	14:08:25.165	trend_dtrader AUDUSD,H1: 13 : 8
0	14:09:25.166	trend_dtrader AUDUSD,H1: 13 : 9
0	14:10:25.166	trend_dtrader AUDUSD,H1: 13 : 10
0	14:11:25.167	trend_dtrader AUDUSD,H1: 13 : 11
0	14:12:25.190	trend_dtrader AUDUSD,H1: 13 : 12
0	14:13:25.193	trend_dtrader AUDUSD,H1: 13 : 13
0	14:14:25.195	trend_dtrader AUDUSD,H1: 13 : 14
0	14:15:25.195	trend_dtrader AUDUSD,H1: 13 : 15
0	14:16:25.196	trend_dtrader AUDUSD,H1: 13 : 16
0	14:17:25.198	trend_dtrader AUDUSD,H1: 13 : 17
0	14:18:25.199	trend_dtrader AUDUSD,H1: 13 : 18
0	14:19:25.201	trend_dtrader AUDUSD,H1: 13 : 19
0	14:20:25.201	trend_dtrader AUDUSD,H1: 13 : 20
0	14:21:25.203	trend_dtrader AUDUSD,H1: 13 : 21
0	14:22:25.204	trend_dtrader AUDUSD,H1: 13 : 22
0	14:23:25.205	trend_dtrader AUDUSD,H1: 13 : 23
0	14:24:25.206	trend_dtrader AUDUSD,H1: 13 : 24
0	14:25:25.207	trend_dtrader AUDUSD,H1: 13 : 25
0	14:26:25.210	trend_dtrader AUDUSD,H1: 13 : 26
0	14:27:25.213	trend_dtrader AUDUSD,H1: Alert: Please check your internet connection
0	14:27:25.214	trend_dtrader AUDUSD,H1: 13 : 27
0	14:28:25.212	trend_dtrader AUDUSD,H1: Alert: Please check your internet connection
0	14:28:25.213	trend_dtrader AUDUSD,H1: 13 : 28
0	14:29:25.213	trend_dtrader AUDUSD,H1: 13 : 29
0	14:30:25.213	trend_dtrader AUDUSD,H1: 13 : 30
0	14:31:25.214	trend_dtrader AUDUSD,H1: 13 : 31
0	14:32:25.216	trend_dtrader AUDUSD,H1: 13 : 32
0	14:33:25.216	trend_dtrader AUDUSD,H1: 13 : 33
0	14:34:25.225	trend_dtrader AUDUSD,H1: 13 : 34
0	14:35:25.231	trend_dtrader AUDUSD,H1: 13 : 35
0	14:36:25.219	trend_dtrader AUDUSD,H1: 13 : 36
0	14:37:25.222	trend_dtrader AUDUSD,H1: 13 : 37
0	14:38:25.222	trend_dtrader AUDUSD,H1: 13 : 38
0	14:39:25.223	trend_dtrader AUDUSD,H1: 13 : 39
0	14:40:25.224	trend_dtrader AUDUSD,H1: 13 : 40
0	14:41:25.226	trend_dtrader AUDUSD,H1: 13 : 41
0	14:42:25.189	trend_dtrader AUDUSD,H1: 13 : 42
0	14:43:25.188	trend_dtrader AUDUSD,H1: 13 : 43
0	14:44:25.188	trend_dtrader AUDUSD,H1: 13 : 44
0	14:45:25.190	trend_dtrader AUDUSD,H1: 13 : 45
0	14:46:25.191	trend_dtrader AUDUSD,H1: 13 : 46
0	14:47:25.191	trend_dtrader AUDUSD,H1: 13 : 47
0	14:48:25.193	trend_dtrader AUDUSD,H1: 13 : 48
0	14:49:25.193	trend_dtrader AUDUSD,H1: 13 : 49
0	14:50:25.194	trend_dtrader AUDUSD,H1: 13 : 50
0	14:51:25.195	trend_dtrader AUDUSD,H1: 13 : 51
0	14:52:25.196	trend_dtrader AUDUSD,H1: 13 : 52
0	14:53:25.196	trend_dtrader AUDUSD,H1: 13 : 53
0	14:54:25.251	trend_dtrader AUDUSD,H1: 13 : 54
0	14:55:25.199	trend_dtrader AUDUSD,H1: 13 : 55
0	14:56:25.199	trend_dtrader AUDUSD,H1: 13 : 56
0	14:57:25.221	trend_dtrader AUDUSD,H1: 13 : 57
0	14:58:25.225	trend_dtrader AUDUSD,H1: 13 : 58
0	14:59:25.226	trend_dtrader AUDUSD,H1: 13 : 59
0	15:00:25.227	trend_dtrader AUDUSD,H1: 14 : 0
0	15:01:25.228	trend_dtrader AUDUSD,H1: 14 : 1
0	15:02:25.229	trend_dtrader AUDUSD,H1: 14 : 2
0	15:03:25.231	trend_dtrader AUDUSD,H1: 14 : 3
0	15:04:25.232	trend_dtrader AUDUSD,H1: 14 : 4
0	15:05:25.233	trend_dtrader AUDUSD,H1: 14 : 5
0	15:06:25.233	trend_dtrader AUDUSD,H1: 14 : 6
0	15:07:25.235	trend_dtrader AUDUSD,H1: 14 : 7
0	15:08:25.236	trend_dtrader AUDUSD,H1: 14 : 8
0	15:09:25.236	trend_dtrader AUDUSD,H1: 14 : 9
0	15:10:25.237	trend_dtrader AUDUSD,H1: 14 : 10
0	15:11:25.238	trend_dtrader AUDUSD,H1: 14 : 11
0	15:12:25.185	trend_dtrader AUDUSD,H1: 14 : 12
0	15:13:25.185	trend_dtrader AUDUSD,H1: 14 : 13
0	15:14:25.186	trend_dtrader AUDUSD,H1: 14 : 14
0	15:15:25.186	trend_dtrader AUDUSD,H1: 14 : 15
0	15:16:25.186	trend_dtrader AUDUSD,H1: 14 : 16
0	15:17:25.188	trend_dtrader AUDUSD,H1: 14 : 17
0	15:18:25.188	trend_dtrader AUDUSD,H1: 14 : 18
0	15:19:25.189	trend_dtrader AUDUSD,H1: 14 : 19
0	15:20:25.189	trend_dtrader AUDUSD,H1: 14 : 20
0	15:21:25.190	trend_dtrader AUDUSD,H1: 14 : 21
0	15:22:25.191	trend_dtrader AUDUSD,H1: 14 : 22
0	15:23:25.192	trend_dtrader AUDUSD,H1: 14 : 23
0	15:24:25.192	trend_dtrader AUDUSD,H1: 14 : 24
0	15:25:25.193	trend_dtrader AUDUSD,H1: 14 : 25
0	15:26:25.194	trend_dtrader AUDUSD,H1: 14 : 26
0	15:27:25.230	trend_dtrader AUDUSD,H1: 14 : 27
0	15:28:25.235	trend_dtrader AUDUSD,H1: 14 : 28
0	15:29:25.236	trend_dtrader AUDUSD,H1: 14 : 29
0	15:30:25.237	trend_dtrader AUDUSD,H1: 14 : 30
0	15:31:25.237	trend_dtrader AUDUSD,H1: 14 : 31
0	15:32:25.240	trend_dtrader AUDUSD,H1: 14 : 32
0	15:33:25.240	trend_dtrader AUDUSD,H1: 14 : 33
0	15:34:25.241	trend_dtrader AUDUSD,H1: 14 : 34
0	15:35:25.242	trend_dtrader AUDUSD,H1: 14 : 35
0	15:36:25.243	trend_dtrader AUDUSD,H1: 14 : 36
0	15:37:25.245	trend_dtrader AUDUSD,H1: 14 : 37
0	15:38:25.245	trend_dtrader AUDUSD,H1: 14 : 38
0	15:39:25.246	trend_dtrader AUDUSD,H1: 14 : 39
0	15:40:25.246	trend_dtrader AUDUSD,H1: 14 : 40
0	15:41:25.248	trend_dtrader AUDUSD,H1: 14 : 41
0	15:42:25.170	trend_dtrader AUDUSD,H1: 14 : 42
0	15:43:25.171	trend_dtrader AUDUSD,H1: 14 : 43
0	15:44:25.171	trend_dtrader AUDUSD,H1: 14 : 44
0	15:45:25.171	trend_dtrader AUDUSD,H1: 14 : 45
0	15:46:25.172	trend_dtrader AUDUSD,H1: 14 : 46
0	15:47:25.172	trend_dtrader AUDUSD,H1: 14 : 47
0	15:48:25.172	trend_dtrader AUDUSD,H1: 14 : 48
0	15:49:25.173	trend_dtrader AUDUSD,H1: 14 : 49
0	15:50:25.173	trend_dtrader AUDUSD,H1: 14 : 50
0	15:51:25.173	trend_dtrader AUDUSD,H1: 14 : 51
0	15:52:25.174	trend_dtrader AUDUSD,H1: 14 : 52
0	15:53:25.174	trend_dtrader AUDUSD,H1: 14 : 53
0	15:54:25.176	trend_dtrader AUDUSD,H1: 14 : 54
0	15:55:25.175	trend_dtrader AUDUSD,H1: 14 : 55
0	15:56:25.175	trend_dtrader AUDUSD,H1: 14 : 56
0	15:57:25.285	trend_dtrader AUDUSD,H1: 14 : 57
0	15:58:25.170	trend_dtrader AUDUSD,H1: 14 : 58
0	15:59:25.170	trend_dtrader AUDUSD,H1: 14 : 59
0	16:00:25.171	trend_dtrader AUDUSD,H1: 15 : 0
0	16:01:25.173	trend_dtrader AUDUSD,H1: 15 : 1
0	16:02:25.172	trend_dtrader AUDUSD,H1: 15 : 2
0	16:03:25.172	trend_dtrader AUDUSD,H1: 15 : 3
0	16:04:25.173	trend_dtrader AUDUSD,H1: 15 : 4
0	16:05:25.173	trend_dtrader AUDUSD,H1: 15 : 5
0	16:06:25.173	trend_dtrader AUDUSD,H1: 15 : 6
0	16:07:25.174	trend_dtrader AUDUSD,H1: 15 : 7
0	16:08:25.174	trend_dtrader AUDUSD,H1: 15 : 8
0	16:09:25.175	trend_dtrader AUDUSD,H1: 15 : 9
0	16:10:25.174	trend_dtrader AUDUSD,H1: 15 : 10
0	16:11:25.174	trend_dtrader AUDUSD,H1: 15 : 11
0	16:12:25.207	trend_dtrader AUDUSD,H1: 15 : 12
0	16:13:25.212	trend_dtrader AUDUSD,H1: 15 : 13
0	16:14:25.212	trend_dtrader AUDUSD,H1: 15 : 14
0	16:15:25.213	trend_dtrader AUDUSD,H1: 15 : 15
0	16:16:25.213	trend_dtrader AUDUSD,H1: 15 : 16
0	16:17:25.214	trend_dtrader AUDUSD,H1: 15 : 17
0	16:18:25.214	trend_dtrader AUDUSD,H1: 15 : 18
0	16:19:25.215	trend_dtrader AUDUSD,H1: 15 : 19
0	16:20:25.216	trend_dtrader AUDUSD,H1: 15 : 20
0	16:21:25.216	trend_dtrader AUDUSD,H1: 15 : 21
0	16:22:25.217	trend_dtrader AUDUSD,H1: 15 : 22
0	16:23:25.218	trend_dtrader AUDUSD,H1: 15 : 23
0	16:24:25.218	trend_dtrader AUDUSD,H1: 15 : 24
0	16:25:25.219	trend_dtrader AUDUSD,H1: 15 : 25
0	16:26:25.219	trend_dtrader AUDUSD,H1: 15 : 26
0	16:27:25.142	trend_dtrader AUDUSD,H1: 15 : 27
0	16:28:25.142	trend_dtrader AUDUSD,H1: 15 : 28
0	16:29:25.142	trend_dtrader AUDUSD,H1: 15 : 29
0	16:30:25.142	trend_dtrader AUDUSD,H1: 15 : 30
0	16:31:25.143	trend_dtrader AUDUSD,H1: 15 : 31
0	16:32:25.142	trend_dtrader AUDUSD,H1: 15 : 32
0	16:33:25.142	trend_dtrader AUDUSD,H1: 15 : 33
0	16:34:25.142	trend_dtrader AUDUSD,H1: 15 : 34
0	16:35:25.142	trend_dtrader AUDUSD,H1: 15 : 35
0	16:36:25.142	trend_dtrader AUDUSD,H1: 15 : 36
0	16:37:25.142	trend_dtrader AUDUSD,H1: 15 : 37
0	16:38:25.142	trend_dtrader AUDUSD,H1: 15 : 38
0	16:39:25.143	trend_dtrader AUDUSD,H1: 15 : 39
0	16:40:25.143	trend_dtrader AUDUSD,H1: 15 : 40
0	16:41:25.142	trend_dtrader AUDUSD,H1: 15 : 41
0	16:42:25.153	trend_dtrader AUDUSD,H1: 15 : 42
0	16:43:25.156	trend_dtrader AUDUSD,H1: 15 : 43
0	16:44:25.155	trend_dtrader AUDUSD,H1: 15 : 44
0	16:45:25.155	trend_dtrader AUDUSD,H1: 15 : 45
0	16:46:25.156	trend_dtrader AUDUSD,H1: 15 : 46
0	16:47:25.155	trend_dtrader AUDUSD,H1: 15 : 47
0	16:48:25.155	trend_dtrader AUDUSD,H1: 15 : 48
0	16:49:25.156	trend_dtrader AUDUSD,H1: 15 : 49
0	16:50:25.155	trend_dtrader AUDUSD,H1: 15 : 50
0	16:51:25.156	trend_dtrader AUDUSD,H1: 15 : 51
0	16:52:25.156	trend_dtrader AUDUSD,H1: 15 : 52
0	16:53:25.156	trend_dtrader AUDUSD,H1: 15 : 53
0	16:54:25.156	trend_dtrader AUDUSD,H1: 15 : 54
0	16:55:25.156	trend_dtrader AUDUSD,H1: 15 : 55
0	16:56:25.156	trend_dtrader AUDUSD,H1: 15 : 56
0	16:57:25.181	trend_dtrader AUDUSD,H1: 15 : 57
0	16:58:25.191	trend_dtrader AUDUSD,H1: 15 : 58
0	16:59:25.193	trend_dtrader AUDUSD,H1: 15 : 59
0	17:00:25.193	trend_dtrader AUDUSD,H1: 16 : 0
0	17:01:25.193	trend_dtrader AUDUSD,H1: 16 : 1
0	17:02:25.194	trend_dtrader AUDUSD,H1: 16 : 2
0	17:03:25.194	trend_dtrader AUDUSD,H1: 16 : 3
0	17:04:25.195	trend_dtrader AUDUSD,H1: 16 : 4
0	17:05:25.326	trend_dtrader AUDUSD,H1: 16 : 5
0	17:06:25.195	trend_dtrader AUDUSD,H1: 16 : 6
0	17:07:25.195	trend_dtrader AUDUSD,H1: 16 : 7
0	17:08:25.196	trend_dtrader AUDUSD,H1: 16 : 8
0	17:09:25.196	trend_dtrader AUDUSD,H1: 16 : 9
0	17:10:25.197	trend_dtrader AUDUSD,H1: 16 : 10
0	17:11:25.197	trend_dtrader AUDUSD,H1: 16 : 11
0	17:12:25.207	trend_dtrader AUDUSD,H1: 16 : 12
0	17:13:25.213	trend_dtrader AUDUSD,H1: 16 : 13
0	17:14:25.213	trend_dtrader AUDUSD,H1: 16 : 14
0	17:15:25.213	trend_dtrader AUDUSD,H1: 16 : 15
0	17:16:25.214	trend_dtrader AUDUSD,H1: 16 : 16
0	17:17:25.214	trend_dtrader AUDUSD,H1: 16 : 17
0	17:18:25.215	trend_dtrader AUDUSD,H1: 16 : 18
0	17:19:25.216	trend_dtrader AUDUSD,H1: 16 : 19
0	17:20:25.217	trend_dtrader AUDUSD,H1: 16 : 20
0	17:21:25.216	trend_dtrader AUDUSD,H1: 16 : 21
0	17:22:25.218	trend_dtrader AUDUSD,H1: 16 : 22
0	17:23:25.217	trend_dtrader AUDUSD,H1: 16 : 23
0	17:24:25.218	trend_dtrader AUDUSD,H1: 16 : 24
0	17:25:25.219	trend_dtrader AUDUSD,H1: 16 : 25
0	17:26:25.219	trend_dtrader AUDUSD,H1: 16 : 26
0	17:27:25.226	trend_dtrader AUDUSD,H1: 16 : 27
0	17:28:25.228	trend_dtrader AUDUSD,H1: 16 : 28
0	17:29:25.228	trend_dtrader AUDUSD,H1: 16 : 29
0	17:30:25.229	trend_dtrader AUDUSD,H1: 16 : 30
0	17:31:25.230	trend_dtrader AUDUSD,H1: 16 : 31
0	17:32:25.264	trend_dtrader AUDUSD,H1: 16 : 32
0	17:33:25.241	trend_dtrader AUDUSD,H1: 16 : 33
0	17:34:25.232	trend_dtrader AUDUSD,H1: 16 : 34
0	17:35:25.232	trend_dtrader AUDUSD,H1: 16 : 35
0	17:36:25.232	trend_dtrader AUDUSD,H1: 16 : 36
0	17:37:25.233	trend_dtrader AUDUSD,H1: 16 : 37
0	17:38:25.234	trend_dtrader AUDUSD,H1: 16 : 38
0	17:39:25.234	trend_dtrader AUDUSD,H1: 16 : 39
0	17:40:25.235	trend_dtrader AUDUSD,H1: 16 : 40
0	17:41:25.235	trend_dtrader AUDUSD,H1: 16 : 41
0	17:42:25.229	trend_dtrader AUDUSD,H1: 16 : 42
0	17:43:25.227	trend_dtrader AUDUSD,H1: 16 : 43
0	17:44:25.227	trend_dtrader AUDUSD,H1: 16 : 44
0	17:45:25.228	trend_dtrader AUDUSD,H1: 16 : 45
0	17:46:25.228	trend_dtrader AUDUSD,H1: 16 : 46
0	17:47:25.228	trend_dtrader AUDUSD,H1: 16 : 47
0	17:48:25.229	trend_dtrader AUDUSD,H1: 16 : 48
0	17:49:25.229	trend_dtrader AUDUSD,H1: 16 : 49
0	17:50:25.230	trend_dtrader AUDUSD,H1: 16 : 50
0	17:51:25.230	trend_dtrader AUDUSD,H1: 16 : 51
0	17:52:25.230	trend_dtrader AUDUSD,H1: 16 : 52
0	17:53:25.232	trend_dtrader AUDUSD,H1: 16 : 53
0	17:54:25.232	trend_dtrader AUDUSD,H1: 16 : 54
0	17:55:25.233	trend_dtrader AUDUSD,H1: 16 : 55
0	17:56:25.233	trend_dtrader AUDUSD,H1: 16 : 56
0	17:57:25.233	trend_dtrader AUDUSD,H1: 16 : 57
0	17:58:25.158	trend_dtrader AUDUSD,H1: 16 : 58
0	17:59:25.158	trend_dtrader AUDUSD,H1: 16 : 59
0	18:00:25.159	trend_dtrader AUDUSD,H1: 17 : 0
0	18:01:25.159	trend_dtrader AUDUSD,H1: 17 : 1
0	18:02:25.159	trend_dtrader AUDUSD,H1: 17 : 2
0	18:03:25.158	trend_dtrader AUDUSD,H1: 17 : 3
0	18:04:25.159	trend_dtrader AUDUSD,H1: 17 : 4
0	18:05:25.158	trend_dtrader AUDUSD,H1: 17 : 5
0	18:06:25.158	trend_dtrader AUDUSD,H1: 17 : 6
0	18:07:25.170	trend_dtrader AUDUSD,H1: 17 : 7
0	18:08:25.158	trend_dtrader AUDUSD,H1: 17 : 8
0	18:09:25.158	trend_dtrader AUDUSD,H1: 17 : 9
0	18:10:25.158	trend_dtrader AUDUSD,H1: 17 : 10
0	18:11:25.158	trend_dtrader AUDUSD,H1: 17 : 11
0	18:12:25.182	trend_dtrader AUDUSD,H1: 17 : 12
0	18:13:25.154	trend_dtrader AUDUSD,H1: 17 : 13
0	18:14:25.153	trend_dtrader AUDUSD,H1: 17 : 14
0	18:15:25.153	trend_dtrader AUDUSD,H1: 17 : 15
0	18:16:25.153	trend_dtrader AUDUSD,H1: 17 : 16
0	18:17:25.153	trend_dtrader AUDUSD,H1: 17 : 17
0	18:18:25.152	trend_dtrader AUDUSD,H1: 17 : 18
0	18:19:25.152	trend_dtrader AUDUSD,H1: 17 : 19
0	18:20:25.152	trend_dtrader AUDUSD,H1: 17 : 20
0	18:21:25.153	trend_dtrader AUDUSD,H1: 17 : 21
0	18:22:25.152	trend_dtrader AUDUSD,H1: 17 : 22
0	18:23:25.152	trend_dtrader AUDUSD,H1: 17 : 23
0	18:24:25.153	trend_dtrader AUDUSD,H1: 17 : 24
0	18:25:25.152	trend_dtrader AUDUSD,H1: 17 : 25
0	18:26:25.151	trend_dtrader AUDUSD,H1: 17 : 26
0	18:27:25.152	trend_dtrader AUDUSD,H1: 17 : 27
0	18:28:25.151	trend_dtrader AUDUSD,H1: 17 : 28
0	18:29:25.150	trend_dtrader AUDUSD,H1: 17 : 29
0	18:30:25.151	trend_dtrader AUDUSD,H1: 17 : 30
0	18:31:25.150	trend_dtrader AUDUSD,H1: 17 : 31
0	18:32:25.150	trend_dtrader AUDUSD,H1: 17 : 32
0	18:33:25.150	trend_dtrader AUDUSD,H1: 17 : 33
0	18:34:25.150	trend_dtrader AUDUSD,H1: 17 : 34
0	18:35:25.149	trend_dtrader AUDUSD,H1: 17 : 35
0	18:36:25.150	trend_dtrader AUDUSD,H1: 17 : 36
0	18:37:25.149	trend_dtrader AUDUSD,H1: 17 : 37
0	18:38:25.150	trend_dtrader AUDUSD,H1: 17 : 38
0	18:39:25.149	trend_dtrader AUDUSD,H1: 17 : 39
0	18:40:25.149	trend_dtrader AUDUSD,H1: 17 : 40
0	18:41:25.149	trend_dtrader AUDUSD,H1: 17 : 41
0	18:42:25.149	trend_dtrader AUDUSD,H1: 17 : 42
0	18:43:25.150	trend_dtrader AUDUSD,H1: 17 : 43
0	18:44:25.151	trend_dtrader AUDUSD,H1: 17 : 44
0	18:45:25.152	trend_dtrader AUDUSD,H1: 17 : 45
0	18:46:25.154	trend_dtrader AUDUSD,H1: 17 : 46
0	18:47:25.151	trend_dtrader AUDUSD,H1: 17 : 47
0	18:48:25.151	trend_dtrader AUDUSD,H1: 17 : 48
0	18:49:25.151	trend_dtrader AUDUSD,H1: 17 : 49
0	18:50:25.151	trend_dtrader AUDUSD,H1: 17 : 50
0	18:51:25.150	trend_dtrader AUDUSD,H1: 17 : 51
0	18:52:25.150	trend_dtrader AUDUSD,H1: 17 : 52
0	18:53:25.150	trend_dtrader AUDUSD,H1: 17 : 53
0	18:54:25.150	trend_dtrader AUDUSD,H1: 17 : 54
0	18:55:25.151	trend_dtrader AUDUSD,H1: 17 : 55
0	18:56:25.150	trend_dtrader AUDUSD,H1: 17 : 56
0	18:57:25.150	trend_dtrader AUDUSD,H1: 17 : 57
0	18:58:25.150	trend_dtrader AUDUSD,H1: 17 : 58
0	18:59:25.173	trend_dtrader AUDUSD,H1: 17 : 59
0	19:00:25.177	trend_dtrader AUDUSD,H1: 18 : 0
0	19:01:25.177	trend_dtrader AUDUSD,H1: 18 : 1
0	19:02:25.177	trend_dtrader AUDUSD,H1: 18 : 2
0	19:03:25.177	trend_dtrader AUDUSD,H1: 18 : 3
0	19:04:25.177	trend_dtrader AUDUSD,H1: 18 : 4
0	19:05:25.178	trend_dtrader AUDUSD,H1: 18 : 5
0	19:06:25.177	trend_dtrader AUDUSD,H1: 18 : 6
0	19:07:25.177	trend_dtrader AUDUSD,H1: 18 : 7
0	19:08:25.177	trend_dtrader AUDUSD,H1: 18 : 8
0	19:09:25.178	trend_dtrader AUDUSD,H1: 18 : 9
0	19:10:25.178	trend_dtrader AUDUSD,H1: 18 : 10
0	19:11:25.177	trend_dtrader AUDUSD,H1: 18 : 11
0	19:12:25.178	trend_dtrader AUDUSD,H1: 18 : 12
0	19:13:25.178	trend_dtrader AUDUSD,H1: 18 : 13
0	19:14:25.180	trend_dtrader AUDUSD,H1: 18 : 14
0	19:15:25.181	trend_dtrader AUDUSD,H1: 18 : 15
0	19:16:25.181	trend_dtrader AUDUSD,H1: 18 : 16
0	19:17:25.181	trend_dtrader AUDUSD,H1: 18 : 17
0	19:18:25.181	trend_dtrader AUDUSD,H1: 18 : 18
0	19:19:25.182	trend_dtrader AUDUSD,H1: 18 : 19
0	19:20:25.182	trend_dtrader AUDUSD,H1: 18 : 20
0	19:21:25.182	trend_dtrader AUDUSD,H1: 18 : 21
0	19:22:25.182	trend_dtrader AUDUSD,H1: 18 : 22
0	19:23:25.182	trend_dtrader AUDUSD,H1: 18 : 23
0	19:24:25.182	trend_dtrader AUDUSD,H1: 18 : 24
0	19:25:25.182	trend_dtrader AUDUSD,H1: 18 : 25
0	19:26:25.182	trend_dtrader AUDUSD,H1: 18 : 26
0	19:27:25.183	trend_dtrader AUDUSD,H1: 18 : 27
0	19:28:25.182	trend_dtrader AUDUSD,H1: 18 : 28
0	19:29:25.183	trend_dtrader AUDUSD,H1: 18 : 29
0	19:30:25.207	trend_dtrader AUDUSD,H1: 18 : 30
0	19:31:25.209	trend_dtrader AUDUSD,H1: 18 : 31
0	19:32:25.209	trend_dtrader AUDUSD,H1: 18 : 32
0	19:33:25.210	trend_dtrader AUDUSD,H1: 18 : 33
0	19:34:25.210	trend_dtrader AUDUSD,H1: 18 : 34
0	19:35:25.210	trend_dtrader AUDUSD,H1: 18 : 35
0	19:36:25.212	trend_dtrader AUDUSD,H1: 18 : 36
0	19:37:25.212	trend_dtrader AUDUSD,H1: 18 : 37
0	19:38:25.212	trend_dtrader AUDUSD,H1: 18 : 38
0	19:39:25.212	trend_dtrader AUDUSD,H1: 18 : 39
0	19:40:25.212	trend_dtrader AUDUSD,H1: 18 : 40
0	19:41:25.213	trend_dtrader AUDUSD,H1: 18 : 41
0	19:42:25.212	trend_dtrader AUDUSD,H1: 18 : 42
0	19:45:00.605	trend_dtrader AUDUSD,H1: Alert: Please check your internet connection
0	19:45:00.605	trend_dtrader AUDUSD,H1: 18 : 45
0	19:45:25.214	trend_dtrader AUDUSD,H1: 18 : 45
0	19:53:24.007	trend_dtrader AUDUSD,H1: 18 : 53
0	19:53:25.218	trend_dtrader AUDUSD,H1: Alert: Please check your internet connection
0	19:53:25.218	trend_dtrader AUDUSD,H1: 18 : 53
0	20:10:50.806	trend_dtrader AUDUSD,H1: 19 : 10
0	20:26:07.837	trend_dtrader AUDUSD,H1: 19 : 26
0	20:27:55.328	trend_dtrader AUDUSD,H1: Alert: Please check your internet connection
0	20:27:55.330	trend_dtrader AUDUSD,H1: 19 : 27
0	20:34:04.639	trend_dtrader AUDUSD,H1: 19 : 34
0	20:49:45.745	trend_dtrader AUDUSD,H1: 19 : 49
0	21:05:37.814	trend_dtrader AUDUSD,H1: 20 : 5
0	21:22:02.626	trend_dtrader AUDUSD,H1: 20 : 22
0	21:35:32.865	trend_dtrader AUDUSD,H1: 20 : 35
0	21:43:40.617	trend_dtrader AUDUSD,H1: 20 : 43
0	21:51:56.273	trend_dtrader AUDUSD,H1: 20 : 51
0	21:54:42.974	trend_dtrader AUDUSD,H1: 20 : 54
0	21:58:18.821	trend_dtrader AUDUSD,H1: 20 : 58
0	21:58:24.948	trend_dtrader AUDUSD,H1: 20 : 58
0	22:01:34.605	trend_dtrader AUDUSD,H1: 21 : 1
0	22:03:21.227	trend_dtrader AUDUSD,H1: 21 : 3
0	22:03:24.924	trend_dtrader AUDUSD,H1: Alert: Please check your internet connection
0	22:03:24.924	trend_dtrader AUDUSD,H1: 21 : 3
0	22:08:28.300	trend_dtrader AUDUSD,H1: 21 : 8
0	22:22:02.178	trend_dtrader AUDUSD,H1: 21 : 22
0	22:22:24.870	trend_dtrader AUDUSD,H1: 21 : 22
0	22:23:24.867	trend_dtrader AUDUSD,H1: 21 : 23
0	22:24:24.865	trend_dtrader AUDUSD,H1: 21 : 24
0	22:39:50.442	trend_dtrader AUDUSD,H1: 21 : 39
0	22:43:18.404	trend_dtrader AUDUSD,H1: 21 : 43
0	22:43:24.831	trend_dtrader AUDUSD,H1: Alert: Please check your internet connection
0	22:43:24.831	trend_dtrader AUDUSD,H1: 21 : 43
0	22:44:33.639	trend_dtrader AUDUSD,H1: Alert: Please check your internet connection
0	22:44:33.639	trend_dtrader AUDUSD,H1: 21 : 44
0	22:45:40.879	trend_dtrader AUDUSD,H1: 21 : 45
0	22:46:46.589	trend_dtrader AUDUSD,H1: 21 : 46
0	23:02:20.410	trend_dtrader AUDUSD,H1: 22 : 2
0	23:02:24.798	trend_dtrader AUDUSD,H1: Alert: Please check your internet connection
0	23:02:24.798	trend_dtrader AUDUSD,H1: 22 : 2
0	23:03:35.449	trend_dtrader AUDUSD,H1: 22 : 3
0	23:06:50.919	trend_dtrader AUDUSD,H1: Alert: Please check your internet connection
0	23:06:50.919	trend_dtrader AUDUSD,H1: 22 : 6
0	23:08:38.447	trend_dtrader AUDUSD,H1: 22 : 8
0	23:10:50.955	trend_dtrader AUDUSD,H1: 22 : 10
0	23:11:25.857	trend_dtrader AUDUSD,H1: 22 : 11
0	23:12:36.932	trend_dtrader AUDUSD,H1: Alert: Please check your internet connection
0	23:12:36.933	trend_dtrader AUDUSD,H1: 22 : 12
0	23:18:40.654	trend_dtrader AUDUSD,H1: 22 : 18
0	23:34:42.584	trend_dtrader AUDUSD,H1: Alert: Please check your internet connection
0	23:34:42.584	trend_dtrader AUDUSD,H1: 22 : 34
0	23:45:01.402	trend_dtrader AUDUSD,H1: Alert: Please check your internet connection
0	23:45:01.412	trend_dtrader AUDUSD,H1: 22 : 45
0	23:45:24.720	trend_dtrader AUDUSD,H1: 22 : 45
