0	13:22:40.486	Expert trend_dtrader XAUUSD,H1: loaded successfully
0	13:22:40.486	trend_dtrader XAUUSD,H1 inputs: mdesc=DBot FX; lot_size=0.3; max_trade=10; close_trade=true; tt=0; 
0	13:22:52.825	trend_dtrader XAUUSD,H1: AAVEUSD
0	13:22:52.825	trend_dtrader XAUUSD,H1: ADAUSD
0	13:22:52.825	trend_dtrader XAUUSD,H1: ALGOUSD
0	13:22:52.825	trend_dtrader XAUUSD,H1: APTUSD
0	13:22:52.825	trend_dtrader XAUUSD,H1: ARBUSD
0	13:22:52.825	trend_dtrader XAUUSD,H1: ATOMUSD
0	13:22:52.825	trend_dtrader XAUUSD,H1: AUDUSD
0	13:22:52.825	trend_dtrader XAUUSD,H1: AVAXUSD
0	13:22:52.825	trend_dtrader XAUUSD,H1: AXSUSD
0	13:22:52.825	trend_dtrader XAUUSD,H1: BCHUSD
0	13:22:52.825	trend_dtrader XAUUSD,H1: BNBUSD
0	13:22:52.825	trend_dtrader XAUUSD,H1: BTCUSD
0	13:22:52.825	trend_dtrader XAUUSD,H1: DASHUSD
0	13:22:52.825	trend_dtrader XAUUSD,H1: DOGEUSD
0	13:22:52.825	trend_dtrader XAUUSD,H1: DOTUSD
0	13:22:52.825	trend_dtrader XAUUSD,H1: ETCUSD
0	13:22:52.825	trend_dtrader XAUUSD,H1: ETHUSD
0	13:22:52.825	trend_dtrader XAUUSD,H1: EURUSD
0	13:22:52.825	trend_dtrader XAUUSD,H1: FETUSD
0	13:22:52.825	trend_dtrader XAUUSD,H1: FILUSD
0	13:22:52.825	trend_dtrader XAUUSD,H1: FTMUSD
0	13:22:52.825	trend_dtrader XAUUSD,H1: GBPUSD
0	13:22:52.825	trend_dtrader XAUUSD,H1: GRTUSD
0	13:22:52.825	trend_dtrader XAUUSD,H1: ICPUSD
0	13:22:52.825	trend_dtrader XAUUSD,H1: IOTAUSD
0	13:22:52.825	trend_dtrader XAUUSD,H1: LINKUSD
0	13:22:52.825	trend_dtrader XAUUSD,H1: LRCUSD
0	13:22:52.825	trend_dtrader XAUUSD,H1: LTCUSD
0	13:22:52.825	trend_dtrader XAUUSD,H1: MANAUSD
0	13:22:52.825	trend_dtrader XAUUSD,H1: MATICUSD
0	13:22:52.825	trend_dtrader XAUUSD,H1: NEARUSD
0	13:22:52.825	trend_dtrader XAUUSD,H1: NZDUSD
0	13:22:52.825	trend_dtrader XAUUSD,H1: SOLUSD
0	13:22:52.825	trend_dtrader XAUUSD,H1: SUIUSD
0	13:22:52.825	trend_dtrader XAUUSD,H1: TRXUSD
0	13:22:52.825	trend_dtrader XAUUSD,H1: UNIUSD
0	13:22:52.825	trend_dtrader XAUUSD,H1: USDCAD
0	13:22:52.825	trend_dtrader XAUUSD,H1: USDCHF
0	13:22:52.825	trend_dtrader XAUUSD,H1: USDJPY
0	13:22:52.825	trend_dtrader XAUUSD,H1: USDMXN
0	13:22:52.825	trend_dtrader XAUUSD,H1: USDZAR
0	13:22:52.825	trend_dtrader XAUUSD,H1: XAGUSD
0	13:22:52.825	trend_dtrader XAUUSD,H1: XAUUSD
0	13:22:52.825	trend_dtrader XAUUSD,H1: XBRUSD
0	13:22:52.825	trend_dtrader XAUUSD,H1: XNGUSD
0	13:22:52.825	trend_dtrader XAUUSD,H1: XRPUSD
0	13:22:52.825	trend_dtrader XAUUSD,H1: XTIUSD
0	13:22:52.825	trend_dtrader XAUUSD,H1: ZECUSD
0	13:22:52.825	trend_dtrader XAUUSD,H1: 48
0	13:22:52.825	trend_dtrader XAUUSD,H1: initialized
2	14:25:20.835	trend_dtrader XAUUSD,H1: open #479427398 sell 0.30 XBRUSD at 83.37 sl: 84.69 tp: 80.73 ok
0	14:25:20.835	trend_dtrader XAUUSD,H1: Alert: XBRUSD Ordered Successfully
2	17:00:00.187	trend_dtrader XAUUSD,H1: close #479157558 buy 0.30 ATOMUSD at 6.367 sl: 5.894 tp: 7.035 at price 6.356
0	17:00:00.187	trend_dtrader XAUUSD,H1: Trying to close ATOMUSD
2	17:00:00.341	trend_dtrader XAUUSD,H1: close #479166875 buy 0.30 GRTUSD at 0.2092 sl: 0.1909 tp: 0.2389 at price 0.2074
0	17:00:00.341	trend_dtrader XAUUSD,H1: Trying to close GRTUSD
2	17:00:00.502	trend_dtrader XAUUSD,H1: close #479411639 buy 0.30 TRXUSD at 0.13501 sl: 0.13136 tp: 0.14150 at price 0.13443
0	17:00:00.502	trend_dtrader XAUUSD,H1: Trying to close TRXUSD
2	17:00:00.675	trend_dtrader XAUUSD,H1: close #479415197 sell 0.30 XTIUSD at 80.74 sl: 82.16 tp: 77.90 at price 79.86
0	17:00:00.675	trend_dtrader XAUUSD,H1: Trying to close XTIUSD
2	17:35:00.290	trend_dtrader XAUUSD,H1: close #479243826 buy 0.30 FILUSD at 4.665 sl: 4.204 tp: 5.168 at price 4.485
0	17:35:00.290	trend_dtrader XAUUSD,H1: Trying to close FILUSD
2	17:35:00.446	trend_dtrader XAUUSD,H1: close #479251074 sell 0.30 XNGUSD at 2.173 sl: 2.267 tp: 1.984 at price 2.139
0	17:35:00.446	trend_dtrader XAUUSD,H1: Trying to close XNGUSD
2	17:44:28.465	trend_dtrader XAUUSD,H1: close #479243740 buy 0.30 LTCUSD at 73.32 sl: 69.33 tp: 75.73 at price 73.06
0	17:44:28.465	trend_dtrader XAUUSD,H1: Trying to close LTCUSD
2	17:44:29.492	trend_dtrader XAUUSD,H1: close #479427398 sell 0.30 XBRUSD at 83.37 sl: 84.69 tp: 80.73 at price 82.34
0	17:44:29.492	trend_dtrader XAUUSD,H1: Trying to close XBRUSD
