0	18:39:32.145	Expert trend_dtrader XAUUSD,H1: loaded successfully
0	18:39:32.145	trend_dtrader XAUUSD,H1 inputs: mdesc=DBot FX; lot_size=0.3; max_trade=100000000; close_trade=false; tt=0; 
0	18:39:46.840	trend_dtrader XAUUSD,H1: AAVEUSD
0	18:39:46.840	trend_dtrader XAUUSD,H1: ADAUSD
0	18:39:46.840	trend_dtrader XAUUSD,H1: ALGOUSD
0	18:39:46.840	trend_dtrader XAUUSD,H1: APTUSD
0	18:39:46.840	trend_dtrader XAUUSD,H1: ARBUSD
0	18:39:46.840	trend_dtrader XAUUSD,H1: ATOMUSD
0	18:39:46.840	trend_dtrader XAUUSD,H1: AUDUSD
0	18:39:46.840	trend_dtrader XAUUSD,H1: AVAXUSD
0	18:39:46.840	trend_dtrader XAUUSD,H1: AXSUSD
0	18:39:46.840	trend_dtrader XAUUSD,H1: BCHUSD
0	18:39:46.840	trend_dtrader XAUUSD,H1: BNBUSD
0	18:39:46.840	trend_dtrader XAUUSD,H1: BTCUSD
0	18:39:46.840	trend_dtrader XAUUSD,H1: DASHUSD
0	18:39:46.840	trend_dtrader XAUUSD,H1: DOGEUSD
0	18:39:46.840	trend_dtrader XAUUSD,H1: DOTUSD
0	18:39:46.840	trend_dtrader XAUUSD,H1: ETCUSD
0	18:39:46.840	trend_dtrader XAUUSD,H1: ETHUSD
0	18:39:46.840	trend_dtrader XAUUSD,H1: EURUSD
0	18:39:46.840	trend_dtrader XAUUSD,H1: FETUSD
0	18:39:46.840	trend_dtrader XAUUSD,H1: FILUSD
0	18:39:46.840	trend_dtrader XAUUSD,H1: FTMUSD
0	18:39:46.840	trend_dtrader XAUUSD,H1: GBPUSD
0	18:39:46.840	trend_dtrader XAUUSD,H1: GRTUSD
0	18:39:46.840	trend_dtrader XAUUSD,H1: ICPUSD
0	18:39:46.840	trend_dtrader XAUUSD,H1: IOTAUSD
0	18:39:46.840	trend_dtrader XAUUSD,H1: LINKUSD
0	18:39:46.840	trend_dtrader XAUUSD,H1: LRCUSD
0	18:39:46.840	trend_dtrader XAUUSD,H1: LTCUSD
0	18:39:46.840	trend_dtrader XAUUSD,H1: MANAUSD
0	18:39:46.840	trend_dtrader XAUUSD,H1: MATICUSD
0	18:39:46.840	trend_dtrader XAUUSD,H1: NEARUSD
0	18:39:46.840	trend_dtrader XAUUSD,H1: NZDUSD
0	18:39:46.840	trend_dtrader XAUUSD,H1: SOLUSD
0	18:39:46.840	trend_dtrader XAUUSD,H1: SUIUSD
0	18:39:46.840	trend_dtrader XAUUSD,H1: TRXUSD
0	18:39:46.840	trend_dtrader XAUUSD,H1: UNIUSD
0	18:39:46.840	trend_dtrader XAUUSD,H1: USDCAD
0	18:39:46.840	trend_dtrader XAUUSD,H1: USDCHF
0	18:39:46.840	trend_dtrader XAUUSD,H1: USDJPY
0	18:39:46.840	trend_dtrader XAUUSD,H1: USDMXN
0	18:39:46.840	trend_dtrader XAUUSD,H1: USDZAR
0	18:39:46.840	trend_dtrader XAUUSD,H1: XAGUSD
0	18:39:46.840	trend_dtrader XAUUSD,H1: XAUUSD
0	18:39:46.840	trend_dtrader XAUUSD,H1: XBRUSD
0	18:39:46.840	trend_dtrader XAUUSD,H1: XNGUSD
0	18:39:46.840	trend_dtrader XAUUSD,H1: XRPUSD
0	18:39:46.840	trend_dtrader XAUUSD,H1: XTIUSD
0	18:39:46.840	trend_dtrader XAUUSD,H1: ZECUSD
0	18:39:46.840	trend_dtrader XAUUSD,H1: 48
0	18:39:46.840	trend_dtrader XAUUSD,H1: initialized
