0	00:02:20.564	trend_dtrader GBPUSD,H1: Alert: Please check your internet connection
0	00:02:20.801	trend_dtrader GBPUSD,H1: Alert: Please check your internet connection
0	00:02:21.748	trend_dtrader GBPUSD,H1: Alert: Please check your internet connection
0	00:33:41.592	trend_dtrader GBPUSD,H1: Alert: Please check your internet connection
0	00:33:42.577	trend_dtrader GBPUSD,H1: Alert: Please check your internet connection
0	00:33:43.629	trend_dtrader GBPUSD,H1: Alert: Please check your internet connection
0	00:33:44.628	trend_dtrader GBPUSD,H1: Alert: Please check your internet connection
0	00:33:45.628	trend_dtrader GBPUSD,H1: Alert: Please check your internet connection
0	00:45:23.315	trend_dtrader GBPUSD,H1: Alert: Please check your internet connection
0	00:45:23.601	trend_dtrader GBPUSD,H1: Alert: Please check your internet connection
0	00:45:24.602	trend_dtrader GBPUSD,H1: Alert: Please check your internet connection
0	01:46:24.261	trend_dtrader GBPUSD,H1: Alert: Please check your internet connection
0	01:46:25.263	trend_dtrader GBPUSD,H1: Alert: Please check your internet connection
0	02:04:32.241	trend_dtrader GBPUSD,H1: Alert: Please check your internet connection
0	02:04:33.241	trend_dtrader GBPUSD,H1: Alert: Please check your internet connection
0	02:39:01.071	trend_dtrader GBPUSD,H1: Alert: Please check your internet connection
0	02:39:02.151	trend_dtrader GBPUSD,H1: Alert: Please check your internet connection
0	02:39:03.149	trend_dtrader GBPUSD,H1: Alert: Please check your internet connection
0	02:39:04.150	trend_dtrader GBPUSD,H1: Alert: Please check your internet connection
0	02:39:05.151	trend_dtrader GBPUSD,H1: Alert: Please check your internet connection
0	02:47:24.851	trend_dtrader GBPUSD,H1: Alert: Please check your internet connection
0	02:47:25.135	trend_dtrader GBPUSD,H1: Alert: Please check your internet connection
0	02:47:26.136	trend_dtrader GBPUSD,H1: Alert: Please check your internet connection
0	03:02:08.119	trend_dtrader GBPUSD,H1: Alert: Please check your internet connection
0	03:02:09.111	trend_dtrader GBPUSD,H1: Alert: Please check your internet connection
0	03:18:33.054	trend_dtrader GBPUSD,H1: Alert: Please check your internet connection
0	03:18:33.986	trend_dtrader GBPUSD,H1: Alert: Please check your internet connection
0	03:35:50.949	trend_dtrader GBPUSD,H1: Alert: Please check your internet connection
0	03:35:51.952	trend_dtrader GBPUSD,H1: Alert: Please check your internet connection
0	03:35:52.957	trend_dtrader GBPUSD,H1: Alert: Please check your internet connection
0	03:35:53.956	trend_dtrader GBPUSD,H1: Alert: Please check your internet connection
0	03:35:54.959	trend_dtrader GBPUSD,H1: Alert: Please check your internet connection
0	03:48:25.645	trend_dtrader GBPUSD,H1: Alert: Please check your internet connection
0	03:48:25.930	trend_dtrader GBPUSD,H1: Alert: Please check your internet connection
0	03:48:26.932	trend_dtrader GBPUSD,H1: Alert: Please check your internet connection
0	03:48:27.934	trend_dtrader GBPUSD,H1: Alert: Please check your internet connection
0	03:55:58.974	trend_dtrader GBPUSD,H1: Alert: Please check your internet connection
0	03:55:59.925	trend_dtrader GBPUSD,H1: Alert: Please check your internet connection
0	03:56:00.926	trend_dtrader GBPUSD,H1: Alert: Please check your internet connection
0	04:35:35.691	trend_dtrader GBPUSD,H1: Alert: Please check your internet connection
0	04:35:36.693	trend_dtrader GBPUSD,H1: Alert: Please check your internet connection
0	04:52:48.719	trend_dtrader GBPUSD,H1: Alert: Please check your internet connection
0	04:52:49.720	trend_dtrader GBPUSD,H1: Alert: Please check your internet connection
0	04:52:50.720	trend_dtrader GBPUSD,H1: Alert: Please check your internet connection
0	04:52:51.724	trend_dtrader GBPUSD,H1: Alert: Please check your internet connection
0	04:52:52.722	trend_dtrader GBPUSD,H1: Alert: Please check your internet connection
0	04:52:53.723	trend_dtrader GBPUSD,H1: Alert: Please check your internet connection
0	05:08:52.436	trend_dtrader GBPUSD,H1: Alert: Please check your internet connection
0	05:08:52.705	trend_dtrader GBPUSD,H1: Alert: Please check your internet connection
0	05:08:53.706	trend_dtrader GBPUSD,H1: Alert: Please check your internet connection
0	05:08:54.705	trend_dtrader GBPUSD,H1: Alert: Please check your internet connection
0	05:31:40.719	trend_dtrader GBPUSD,H1: Alert: Please check your internet connection
0	05:31:41.737	trend_dtrader GBPUSD,H1: Alert: Please check your internet connection
0	05:47:31.733	trend_dtrader GBPUSD,H1: Alert: Please check your internet connection
0	05:47:32.734	trend_dtrader GBPUSD,H1: Alert: Please check your internet connection
0	05:47:33.740	trend_dtrader GBPUSD,H1: Alert: Please check your internet connection
0	05:49:20.743	trend_dtrader GBPUSD,H1: Alert: Please check your internet connection
0	05:49:21.745	trend_dtrader GBPUSD,H1: Alert: Please check your internet connection
0	05:49:22.746	trend_dtrader GBPUSD,H1: Alert: Please check your internet connection
0	05:49:23.760	trend_dtrader GBPUSD,H1: Alert: Please check your internet connection
0	05:49:24.752	trend_dtrader GBPUSD,H1: Alert: Please check your internet connection
0	05:49:25.754	trend_dtrader GBPUSD,H1: Alert: Please check your internet connection
0	05:49:26.755	trend_dtrader GBPUSD,H1: Alert: Please check your internet connection
0	05:49:27.755	trend_dtrader GBPUSD,H1: Alert: Please check your internet connection
0	05:49:28.757	trend_dtrader GBPUSD,H1: Alert: Please check your internet connection
0	05:49:29.757	trend_dtrader GBPUSD,H1: Alert: Please check your internet connection
0	05:49:30.759	trend_dtrader GBPUSD,H1: Alert: Please check your internet connection
0	06:06:15.769	trend_dtrader GBPUSD,H1: Alert: Please check your internet connection
0	06:06:16.767	trend_dtrader GBPUSD,H1: Alert: Please check your internet connection
0	06:19:43.770	trend_dtrader GBPUSD,H1: Alert: Please check your internet connection
0	06:19:44.768	trend_dtrader GBPUSD,H1: Alert: Please check your internet connection
0	06:25:19.785	trend_dtrader GBPUSD,H1: Alert: Please check your internet connection
0	06:25:20.765	trend_dtrader GBPUSD,H1: Alert: Please check your internet connection
0	06:25:21.763	trend_dtrader GBPUSD,H1: Alert: Please check your internet connection
0	06:25:22.764	trend_dtrader GBPUSD,H1: Alert: Please check your internet connection
0	06:25:23.763	trend_dtrader GBPUSD,H1: Alert: Please check your internet connection
0	06:25:24.764	trend_dtrader GBPUSD,H1: Alert: Please check your internet connection
0	06:25:25.765	trend_dtrader GBPUSD,H1: Alert: Please check your internet connection
0	06:25:26.666	trend_dtrader GBPUSD,H1: Alert: Please check your internet connection
0	06:25:27.664	trend_dtrader GBPUSD,H1: Alert: Please check your internet connection
0	06:25:28.664	trend_dtrader GBPUSD,H1: Alert: Please check your internet connection
0	06:27:28.664	trend_dtrader GBPUSD,H1: Alert: Please check your internet connection
0	06:27:29.662	trend_dtrader GBPUSD,H1: Alert: Please check your internet connection
0	06:27:30.662	trend_dtrader GBPUSD,H1: Alert: Please check your internet connection
0	06:27:31.664	trend_dtrader GBPUSD,H1: Alert: Please check your internet connection
0	06:27:32.661	trend_dtrader GBPUSD,H1: Alert: Please check your internet connection
0	06:27:33.683	trend_dtrader GBPUSD,H1: Alert: Please check your internet connection
0	06:27:34.662	trend_dtrader GBPUSD,H1: Alert: Please check your internet connection
0	06:27:35.662	trend_dtrader GBPUSD,H1: Alert: Please check your internet connection
0	06:40:35.661	trend_dtrader GBPUSD,H1: Alert: Please check your internet connection
0	06:40:36.647	trend_dtrader GBPUSD,H1: Alert: Please check your internet connection
0	06:40:37.648	trend_dtrader GBPUSD,H1: Alert: Please check your internet connection
0	06:40:38.649	trend_dtrader GBPUSD,H1: Alert: Please check your internet connection
0	06:40:39.648	trend_dtrader GBPUSD,H1: Alert: Please check your internet connection
0	06:40:40.649	trend_dtrader GBPUSD,H1: Alert: Please check your internet connection
0	06:40:41.648	trend_dtrader GBPUSD,H1: Alert: Please check your internet connection
0	06:40:42.649	trend_dtrader GBPUSD,H1: Alert: Please check your internet connection
0	06:40:43.649	trend_dtrader GBPUSD,H1: Alert: Please check your internet connection
0	06:40:44.647	trend_dtrader GBPUSD,H1: Alert: Please check your internet connection
0	06:40:45.647	trend_dtrader GBPUSD,H1: Alert: Please check your internet connection
0	06:40:46.648	trend_dtrader GBPUSD,H1: Alert: Please check your internet connection
0	06:40:47.647	trend_dtrader GBPUSD,H1: Alert: Please check your internet connection
0	06:40:48.647	trend_dtrader GBPUSD,H1: Alert: Please check your internet connection
0	06:40:49.647	trend_dtrader GBPUSD,H1: Alert: Please check your internet connection
0	06:40:50.648	trend_dtrader GBPUSD,H1: Alert: Please check your internet connection
0	06:40:51.648	trend_dtrader GBPUSD,H1: Alert: Please check your internet connection
0	06:40:52.648	trend_dtrader GBPUSD,H1: Alert: Please check your internet connection
0	06:56:52.447	trend_dtrader GBPUSD,H1: Alert: Please check your internet connection
0	06:56:52.630	trend_dtrader GBPUSD,H1: Alert: Please check your internet connection
0	06:56:53.634	trend_dtrader GBPUSD,H1: Alert: Please check your internet connection
0	06:56:54.631	trend_dtrader GBPUSD,H1: Alert: Please check your internet connection
0	06:56:55.630	trend_dtrader GBPUSD,H1: Alert: Please check your internet connection
0	06:56:56.630	trend_dtrader GBPUSD,H1: Alert: Please check your internet connection
0	07:12:51.327	trend_dtrader GBPUSD,H1: Alert: Please check your internet connection
0	07:12:51.623	trend_dtrader GBPUSD,H1: Alert: Please check your internet connection
0	07:12:52.613	trend_dtrader GBPUSD,H1: Alert: Please check your internet connection
0	07:12:53.614	trend_dtrader GBPUSD,H1: Alert: Please check your internet connection
0	07:12:54.612	trend_dtrader GBPUSD,H1: Alert: Please check your internet connection
0	07:12:55.613	trend_dtrader GBPUSD,H1: Alert: Please check your internet connection
0	07:16:19.888	trend_dtrader GBPUSD,H1: Alert: Please check your internet connection
0	07:16:20.607	trend_dtrader GBPUSD,H1: Alert: Please check your internet connection
0	07:16:21.608	trend_dtrader GBPUSD,H1: Alert: Please check your internet connection
0	07:16:22.607	trend_dtrader GBPUSD,H1: Alert: Please check your internet connection
0	07:16:23.608	trend_dtrader GBPUSD,H1: Alert: Please check your internet connection
0	07:16:24.609	trend_dtrader GBPUSD,H1: Alert: Please check your internet connection
0	07:16:25.608	trend_dtrader GBPUSD,H1: Alert: Please check your internet connection
0	07:16:26.607	trend_dtrader GBPUSD,H1: Alert: Please check your internet connection
0	07:16:27.607	trend_dtrader GBPUSD,H1: Alert: Please check your internet connection
0	07:16:28.610	trend_dtrader GBPUSD,H1: Alert: Please check your internet connection
0	07:16:29.609	trend_dtrader GBPUSD,H1: Alert: Please check your internet connection
0	07:16:30.608	trend_dtrader GBPUSD,H1: Alert: Please check your internet connection
0	07:16:31.608	trend_dtrader GBPUSD,H1: Alert: Please check your internet connection
0	07:16:32.608	trend_dtrader GBPUSD,H1: Alert: Please check your internet connection
0	07:16:33.608	trend_dtrader GBPUSD,H1: Alert: Please check your internet connection
0	07:16:34.608	trend_dtrader GBPUSD,H1: Alert: Please check your internet connection
0	07:16:35.607	trend_dtrader GBPUSD,H1: Alert: Please check your internet connection
0	07:16:36.608	trend_dtrader GBPUSD,H1: Alert: Please check your internet connection
0	07:16:37.608	trend_dtrader GBPUSD,H1: Alert: Please check your internet connection
0	07:16:38.608	trend_dtrader GBPUSD,H1: Alert: Please check your internet connection
0	07:16:39.627	trend_dtrader GBPUSD,H1: Alert: Please check your internet connection
0	07:16:40.608	trend_dtrader GBPUSD,H1: Alert: Please check your internet connection
0	07:16:41.608	trend_dtrader GBPUSD,H1: Alert: Please check your internet connection
0	07:20:43.326	trend_dtrader GBPUSD,H1: Alert: Please check your internet connection
0	07:20:43.607	trend_dtrader GBPUSD,H1: Alert: Please check your internet connection
0	07:20:44.604	trend_dtrader GBPUSD,H1: Alert: Please check your internet connection
0	07:20:45.604	trend_dtrader GBPUSD,H1: Alert: Please check your internet connection
0	07:20:46.604	trend_dtrader GBPUSD,H1: Alert: Please check your internet connection
0	07:20:47.603	trend_dtrader GBPUSD,H1: Alert: Please check your internet connection
0	07:20:48.604	trend_dtrader GBPUSD,H1: Alert: Please check your internet connection
0	07:20:49.602	trend_dtrader GBPUSD,H1: Alert: Please check your internet connection
0	07:36:52.307	trend_dtrader GBPUSD,H1: Alert: Please check your internet connection
0	07:36:52.586	trend_dtrader GBPUSD,H1: Alert: Please check your internet connection
0	07:36:53.584	trend_dtrader GBPUSD,H1: Alert: Please check your internet connection
0	07:36:54.586	trend_dtrader GBPUSD,H1: Alert: Please check your internet connection
0	07:36:55.586	trend_dtrader GBPUSD,H1: Alert: Please check your internet connection
0	07:36:56.585	trend_dtrader GBPUSD,H1: Alert: Please check your internet connection
0	07:52:01.285	trend_dtrader GBPUSD,H1: Alert: Please check your internet connection
0	07:52:01.569	trend_dtrader GBPUSD,H1: Alert: Please check your internet connection
0	07:52:02.569	trend_dtrader GBPUSD,H1: Alert: Please check your internet connection
0	07:52:03.569	trend_dtrader GBPUSD,H1: Alert: Please check your internet connection
0	07:52:04.567	trend_dtrader GBPUSD,H1: Alert: Please check your internet connection
0	07:52:05.569	trend_dtrader GBPUSD,H1: Alert: Please check your internet connection
0	08:08:24.265	trend_dtrader GBPUSD,H1: Alert: Please check your internet connection
0	08:08:24.551	trend_dtrader GBPUSD,H1: Alert: Please check your internet connection
0	08:08:25.549	trend_dtrader GBPUSD,H1: Alert: Please check your internet connection
0	08:08:26.549	trend_dtrader GBPUSD,H1: Alert: Please check your internet connection
0	08:08:27.551	trend_dtrader GBPUSD,H1: Alert: Please check your internet connection
0	08:08:28.551	trend_dtrader GBPUSD,H1: Alert: Please check your internet connection
0	08:21:43.433	trend_dtrader GBPUSD,H1: Alert: Please check your internet connection
0	08:21:43.534	trend_dtrader GBPUSD,H1: Alert: Please check your internet connection
0	08:21:44.536	trend_dtrader GBPUSD,H1: Alert: Please check your internet connection
0	08:21:45.536	trend_dtrader GBPUSD,H1: Alert: Please check your internet connection
0	08:21:46.535	trend_dtrader GBPUSD,H1: Alert: Please check your internet connection
0	08:21:47.534	trend_dtrader GBPUSD,H1: Alert: Please check your internet connection
0	08:21:48.536	trend_dtrader GBPUSD,H1: Alert: Please check your internet connection
0	08:21:49.536	trend_dtrader GBPUSD,H1: Alert: Please check your internet connection
0	08:21:50.534	trend_dtrader GBPUSD,H1: Alert: Please check your internet connection
0	08:30:10.752	trend_dtrader GBPUSD,H1: Alert: Please check your internet connection
0	08:30:11.527	trend_dtrader GBPUSD,H1: Alert: Please check your internet connection
0	08:30:12.526	trend_dtrader GBPUSD,H1: Alert: Please check your internet connection
0	08:30:13.526	trend_dtrader GBPUSD,H1: Alert: Please check your internet connection
0	08:30:14.525	trend_dtrader GBPUSD,H1: Alert: Please check your internet connection
0	08:30:15.525	trend_dtrader GBPUSD,H1: Alert: Please check your internet connection
0	08:30:16.397	trend_dtrader GBPUSD,H1: Alert: Please check your internet connection
0	08:30:17.397	trend_dtrader GBPUSD,H1: Alert: Please check your internet connection
0	08:30:18.395	trend_dtrader GBPUSD,H1: Alert: Please check your internet connection
0	08:30:19.397	trend_dtrader GBPUSD,H1: Alert: Please check your internet connection
0	08:30:20.397	trend_dtrader GBPUSD,H1: Alert: Please check your internet connection
0	08:34:28.391	trend_dtrader GBPUSD,H1: Alert: Please check your internet connection
0	08:34:29.390	trend_dtrader GBPUSD,H1: Alert: Please check your internet connection
0	08:34:30.387	trend_dtrader GBPUSD,H1: Alert: Please check your internet connection
0	08:34:31.389	trend_dtrader GBPUSD,H1: Alert: Please check your internet connection
0	08:36:56.383	trend_dtrader GBPUSD,H1: Alert: Please check your internet connection
0	08:36:57.385	trend_dtrader GBPUSD,H1: Alert: Please check your internet connection
0	08:36:58.384	trend_dtrader GBPUSD,H1: Alert: Please check your internet connection
0	08:36:59.384	trend_dtrader GBPUSD,H1: Alert: Please check your internet connection
0	08:37:00.383	trend_dtrader GBPUSD,H1: Alert: Please check your internet connection
0	08:37:01.386	trend_dtrader GBPUSD,H1: Alert: Please check your internet connection
0	08:37:02.383	trend_dtrader GBPUSD,H1: Alert: Please check your internet connection
0	08:37:03.384	trend_dtrader GBPUSD,H1: Alert: Please check your internet connection
0	08:37:04.383	trend_dtrader GBPUSD,H1: Alert: Please check your internet connection
0	08:37:05.383	trend_dtrader GBPUSD,H1: Alert: Please check your internet connection
0	08:38:47.576	trend_dtrader GBPUSD,H1: Alert: Please check your internet connection
0	08:38:49.382	trend_dtrader GBPUSD,H1: Alert: Please check your internet connection
0	08:38:50.380	trend_dtrader GBPUSD,H1: Alert: Please check your internet connection
0	08:38:51.381	trend_dtrader GBPUSD,H1: Alert: Please check your internet connection
0	08:38:52.382	trend_dtrader GBPUSD,H1: Alert: Please check your internet connection
0	08:38:53.381	trend_dtrader GBPUSD,H1: Alert: Please check your internet connection
0	08:38:54.380	trend_dtrader GBPUSD,H1: Alert: Please check your internet connection
0	08:38:55.380	trend_dtrader GBPUSD,H1: Alert: Please check your internet connection
0	08:38:56.381	trend_dtrader GBPUSD,H1: Alert: Please check your internet connection
0	08:38:57.379	trend_dtrader GBPUSD,H1: Alert: Please check your internet connection
0	08:38:58.380	trend_dtrader GBPUSD,H1: Alert: Please check your internet connection
0	08:38:59.381	trend_dtrader GBPUSD,H1: Alert: Please check your internet connection
0	08:39:00.381	trend_dtrader GBPUSD,H1: Alert: Please check your internet connection
0	08:39:01.392	trend_dtrader GBPUSD,H1: Alert: Please check your internet connection
0	08:39:02.380	trend_dtrader GBPUSD,H1: Alert: Please check your internet connection
0	08:39:03.380	trend_dtrader GBPUSD,H1: Alert: Please check your internet connection
0	08:41:41.377	trend_dtrader GBPUSD,H1: Alert: Please check your internet connection
0	08:41:42.376	trend_dtrader GBPUSD,H1: Alert: Please check your internet connection
0	08:41:43.375	trend_dtrader GBPUSD,H1: Alert: Please check your internet connection
0	08:41:44.375	trend_dtrader GBPUSD,H1: Alert: Please check your internet connection
0	08:41:45.375	trend_dtrader GBPUSD,H1: Alert: Please check your internet connection
0	08:41:46.376	trend_dtrader GBPUSD,H1: Alert: Please check your internet connection
0	08:41:47.376	trend_dtrader GBPUSD,H1: Alert: Please check your internet connection
0	08:41:48.376	trend_dtrader GBPUSD,H1: Alert: Please check your internet connection
0	08:41:49.374	trend_dtrader GBPUSD,H1: Alert: Please check your internet connection
0	08:41:50.374	trend_dtrader GBPUSD,H1: Alert: Please check your internet connection
0	08:41:51.376	trend_dtrader GBPUSD,H1: Alert: Please check your internet connection
0	08:41:52.374	trend_dtrader GBPUSD,H1: Alert: Please check your internet connection
0	08:41:53.375	trend_dtrader GBPUSD,H1: Alert: Please check your internet connection
0	08:41:54.376	trend_dtrader GBPUSD,H1: Alert: Please check your internet connection
0	08:41:55.374	trend_dtrader GBPUSD,H1: Alert: Please check your internet connection
0	08:41:56.376	trend_dtrader GBPUSD,H1: Alert: Please check your internet connection
0	08:41:57.385	trend_dtrader GBPUSD,H1: Alert: Please check your internet connection
0	08:55:00.445	trend_dtrader GBPUSD,H1: Alert: Please check your internet connection
0	08:55:01.351	trend_dtrader GBPUSD,H1: Alert: Please check your internet connection
0	08:55:02.352	trend_dtrader GBPUSD,H1: Alert: Please check your internet connection
0	08:55:03.351	trend_dtrader GBPUSD,H1: Alert: Please check your internet connection
0	08:55:04.349	trend_dtrader GBPUSD,H1: Alert: Please check your internet connection
0	08:55:05.297	trend_dtrader GBPUSD,H1: Alert: Please check your internet connection
0	08:55:06.297	trend_dtrader GBPUSD,H1: Alert: Please check your internet connection
0	09:11:57.871	trend_dtrader GBPUSD,H1: Alert: Please check your internet connection
0	09:11:58.261	trend_dtrader GBPUSD,H1: Alert: Please check your internet connection
0	09:11:59.151	trend_dtrader GBPUSD,H1: Alert: Please check your internet connection
2	09:12:03.823	trend_dtrader GBPUSD,H1: open #477430999 sell 0.30 LINKUSD at 13.863 sl: 14.353 tp: 13.003 ok
0	09:12:03.823	trend_dtrader GBPUSD,H1: Alert: LINKUSD Ordered Successfully
0	09:17:18.433	trend_dtrader GBPUSD,H1: Alert: Please check your internet connection
0	09:17:19.137	trend_dtrader GBPUSD,H1: Alert: Please check your internet connection
0	09:17:20.135	trend_dtrader GBPUSD,H1: Alert: Please check your internet connection
2	09:17:24.666	trend_dtrader GBPUSD,H1: open #477431309 sell 0.30 SOLUSD at 134.39 sl: 141.03 tp: 125.43 ok
0	09:17:24.666	trend_dtrader GBPUSD,H1: Alert: SOLUSD Ordered Successfully
0	09:19:56.129	trend_dtrader GBPUSD,H1: Alert: Please check your internet connection
0	09:19:57.128	trend_dtrader GBPUSD,H1: Alert: Please check your internet connection
0	09:19:58.129	trend_dtrader GBPUSD,H1: Alert: Please check your internet connection
0	09:19:59.128	trend_dtrader GBPUSD,H1: Alert: Please check your internet connection
0	09:20:00.128	trend_dtrader GBPUSD,H1: Alert: Please check your internet connection
0	09:20:01.130	trend_dtrader GBPUSD,H1: Alert: Please check your internet connection
0	09:20:02.129	trend_dtrader GBPUSD,H1: Alert: Please check your internet connection
0	09:22:44.271	trend_dtrader GBPUSD,H1: Alert: Please check your internet connection
0	09:22:45.121	trend_dtrader GBPUSD,H1: Alert: Please check your internet connection
0	09:22:46.120	trend_dtrader GBPUSD,H1: Alert: Please check your internet connection
0	09:26:28.756	trend_dtrader GBPUSD,H1: Alert: Please check your internet connection
0	09:26:29.124	trend_dtrader GBPUSD,H1: Alert: Please check your internet connection
0	09:26:30.110	trend_dtrader GBPUSD,H1: Alert: Please check your internet connection
0	09:26:31.111	trend_dtrader GBPUSD,H1: Alert: Please check your internet connection
0	09:27:48.715	trend_dtrader GBPUSD,H1: Alert: Please check your internet connection
0	09:27:49.107	trend_dtrader GBPUSD,H1: Alert: Please check your internet connection
0	09:27:50.106	trend_dtrader GBPUSD,H1: Alert: Please check your internet connection
0	09:27:51.033	trend_dtrader GBPUSD,H1: Alert: Please check your internet connection
0	09:27:52.035	trend_dtrader GBPUSD,H1: Alert: Please check your internet connection
0	09:27:53.035	trend_dtrader GBPUSD,H1: Alert: Please check your internet connection
0	09:27:54.033	trend_dtrader GBPUSD,H1: Alert: Please check your internet connection
0	09:32:36.046	trend_dtrader GBPUSD,H1: Alert: Please check your internet connection
0	09:32:37.017	trend_dtrader GBPUSD,H1: Alert: Please check your internet connection
0	09:34:22.059	trend_dtrader GBPUSD,H1: Alert: Please check your internet connection
0	09:34:23.013	trend_dtrader GBPUSD,H1: Alert: Please check your internet connection
0	09:34:24.013	trend_dtrader GBPUSD,H1: Alert: Please check your internet connection
0	09:34:25.011	trend_dtrader GBPUSD,H1: Alert: Please check your internet connection
0	09:36:15.006	trend_dtrader GBPUSD,H1: Alert: Please check your internet connection
0	09:36:16.008	trend_dtrader GBPUSD,H1: Alert: Please check your internet connection
0	09:36:17.005	trend_dtrader GBPUSD,H1: Alert: Please check your internet connection
0	09:36:18.006	trend_dtrader GBPUSD,H1: Alert: Please check your internet connection
0	09:36:19.006	trend_dtrader GBPUSD,H1: Alert: Please check your internet connection
0	09:36:20.005	trend_dtrader GBPUSD,H1: Alert: Please check your internet connection
0	09:36:21.005	trend_dtrader GBPUSD,H1: Alert: Please check your internet connection
0	09:37:34.083	trend_dtrader GBPUSD,H1: Alert: Failed ADAUSD
0	09:37:34.219	trend_dtrader GBPUSD,H1: Alert: Please check your internet connection
0	09:37:35.001	trend_dtrader GBPUSD,H1: Alert: Please check your internet connection
2	09:37:42.618	trend_dtrader GBPUSD,H1: open #477432242 buy 0.30 AXSUSD at 6.31 sl: 5.59 tp: 6.89 ok
0	09:37:42.618	trend_dtrader GBPUSD,H1: Alert: AXSUSD Ordered Successfully
0	09:46:09.471	trend_dtrader GBPUSD,H1: Alert: Please check your internet connection
0	09:46:09.972	trend_dtrader GBPUSD,H1: Alert: Please check your internet connection
0	09:46:11.025	trend_dtrader GBPUSD,H1: Alert: Please check your internet connection
0	09:57:48.991	trend_dtrader GBPUSD,H1: Alert: Please check your internet connection
0	09:57:49.992	trend_dtrader GBPUSD,H1: Alert: Please check your internet connection
0	09:57:50.990	trend_dtrader GBPUSD,H1: Alert: Please check your internet connection
0	09:57:51.992	trend_dtrader GBPUSD,H1: Alert: Please check your internet connection
0	09:57:52.990	trend_dtrader GBPUSD,H1: Alert: Please check your internet connection
0	09:57:53.992	trend_dtrader GBPUSD,H1: Alert: Please check your internet connection
0	09:57:54.991	trend_dtrader GBPUSD,H1: Alert: Please check your internet connection
0	09:57:55.991	trend_dtrader GBPUSD,H1: Alert: Please check your internet connection
0	10:13:10.992	trend_dtrader GBPUSD,H1: Alert: Please check your internet connection
0	10:13:11.948	trend_dtrader GBPUSD,H1: Alert: Please check your internet connection
0	10:13:12.946	trend_dtrader GBPUSD,H1: Alert: Please check your internet connection
0	10:22:25.919	trend_dtrader GBPUSD,H1: Alert: Please check your internet connection
0	10:22:26.920	trend_dtrader GBPUSD,H1: Alert: Please check your internet connection
0	10:27:17.461	trend_dtrader GBPUSD,H1: Alert: Please check your internet connection
0	10:27:17.907	trend_dtrader GBPUSD,H1: Alert: Please check your internet connection
0	10:27:18.907	trend_dtrader GBPUSD,H1: Alert: Please check your internet connection
0	10:27:19.912	trend_dtrader GBPUSD,H1: Alert: Please check your internet connection
0	10:27:20.907	trend_dtrader GBPUSD,H1: Alert: Please check your internet connection
0	10:27:21.909	trend_dtrader GBPUSD,H1: Alert: Please check your internet connection
0	10:27:22.907	trend_dtrader GBPUSD,H1: Alert: Please check your internet connection
0	10:32:53.890	trend_dtrader GBPUSD,H1: Alert: Please check your internet connection
0	10:32:54.892	trend_dtrader GBPUSD,H1: Alert: Please check your internet connection
0	10:40:18.537	trend_dtrader GBPUSD,H1: Alert: Please check your internet connection
0	10:40:18.874	trend_dtrader GBPUSD,H1: Alert: Please check your internet connection
0	10:40:19.875	trend_dtrader GBPUSD,H1: Alert: Please check your internet connection
0	10:56:14.533	trend_dtrader GBPUSD,H1: Alert: Please check your internet connection
0	10:56:14.829	trend_dtrader GBPUSD,H1: Alert: Please check your internet connection
0	10:56:15.829	trend_dtrader GBPUSD,H1: Alert: Please check your internet connection
0	10:56:16.828	trend_dtrader GBPUSD,H1: Alert: Please check your internet connection
0	10:56:17.828	trend_dtrader GBPUSD,H1: Alert: Please check your internet connection
0	10:56:18.828	trend_dtrader GBPUSD,H1: Alert: Please check your internet connection
0	10:56:19.827	trend_dtrader GBPUSD,H1: Alert: Please check your internet connection
0	11:14:52.393	trend_dtrader GBPUSD,H1: Alert: Please check your internet connection
0	11:14:52.772	trend_dtrader GBPUSD,H1: Alert: Please check your internet connection
0	11:14:53.771	trend_dtrader GBPUSD,H1: Alert: Please check your internet connection
0	11:23:45.345	trend_dtrader GBPUSD,H1: Alert: Please check your internet connection
0	11:23:45.764	trend_dtrader GBPUSD,H1: Alert: Please check your internet connection
0	11:23:46.762	trend_dtrader GBPUSD,H1: Alert: Please check your internet connection
0	11:23:47.762	trend_dtrader GBPUSD,H1: Alert: Please check your internet connection
0	11:23:48.762	trend_dtrader GBPUSD,H1: Alert: Please check your internet connection
0	11:23:49.762	trend_dtrader GBPUSD,H1: Alert: Please check your internet connection
0	11:23:50.763	trend_dtrader GBPUSD,H1: Alert: Please check your internet connection
0	11:33:25.736	trend_dtrader GBPUSD,H1: Alert: Please check your internet connection
0	11:33:26.739	trend_dtrader GBPUSD,H1: Alert: Please check your internet connection
0	11:33:27.735	trend_dtrader GBPUSD,H1: Alert: Please check your internet connection
0	11:33:28.735	trend_dtrader GBPUSD,H1: Alert: Please check your internet connection
0	11:33:29.753	trend_dtrader GBPUSD,H1: Alert: Please check your internet connection
0	11:33:30.736	trend_dtrader GBPUSD,H1: Alert: Please check your internet connection
0	11:33:31.736	trend_dtrader GBPUSD,H1: Alert: Please check your internet connection
0	11:33:32.734	trend_dtrader GBPUSD,H1: Alert: Please check your internet connection
0	11:49:23.375	trend_dtrader GBPUSD,H1: Alert: Please check your internet connection
0	11:49:23.669	trend_dtrader GBPUSD,H1: Alert: Please check your internet connection
0	11:52:32.773	trend_dtrader GBPUSD,H1: Alert: Please check your internet connection
0	11:52:33.642	trend_dtrader GBPUSD,H1: Alert: Please check your internet connection
0	11:52:34.641	trend_dtrader GBPUSD,H1: Alert: Please check your internet connection
0	11:55:45.737	trend_dtrader GBPUSD,H1: Alert: Please check your internet connection
0	11:55:46.622	trend_dtrader GBPUSD,H1: Alert: Please check your internet connection
0	11:55:47.621	trend_dtrader GBPUSD,H1: Alert: Please check your internet connection
0	11:55:48.621	trend_dtrader GBPUSD,H1: Alert: Please check your internet connection
0	11:55:49.622	trend_dtrader GBPUSD,H1: Alert: Please check your internet connection
0	11:55:50.621	trend_dtrader GBPUSD,H1: Alert: Please check your internet connection
0	11:55:51.619	trend_dtrader GBPUSD,H1: Alert: Please check your internet connection
0	11:55:52.619	trend_dtrader GBPUSD,H1: Alert: Please check your internet connection
0	11:57:37.609	trend_dtrader GBPUSD,H1: Alert: Please check your internet connection
0	11:57:38.611	trend_dtrader GBPUSD,H1: Alert: Please check your internet connection
0	11:57:39.610	trend_dtrader GBPUSD,H1: Alert: Please check your internet connection
0	12:15:51.817	trend_dtrader GBPUSD,H1: Alert: Please check your internet connection
0	12:15:52.545	trend_dtrader GBPUSD,H1: Alert: Please check your internet connection
0	12:15:53.546	trend_dtrader GBPUSD,H1: Alert: Please check your internet connection
0	12:21:34.532	trend_dtrader GBPUSD,H1: Alert: Please check your internet connection
0	12:21:35.528	trend_dtrader GBPUSD,H1: Alert: Please check your internet connection
0	12:21:36.528	trend_dtrader GBPUSD,H1: Alert: Please check your internet connection
0	12:21:37.529	trend_dtrader GBPUSD,H1: Alert: Please check your internet connection
0	12:21:38.528	trend_dtrader GBPUSD,H1: Alert: Please check your internet connection
0	12:21:39.530	trend_dtrader GBPUSD,H1: Alert: Please check your internet connection
0	12:21:40.530	trend_dtrader GBPUSD,H1: Alert: Please check your internet connection
0	12:24:44.585	trend_dtrader GBPUSD,H1: Alert: Please check your internet connection
0	12:24:45.519	trend_dtrader GBPUSD,H1: Alert: Please check your internet connection
0	12:24:46.522	trend_dtrader GBPUSD,H1: Alert: Please check your internet connection
0	12:41:29.245	trend_dtrader GBPUSD,H1: Alert: Please check your internet connection
0	12:41:29.467	trend_dtrader GBPUSD,H1: Alert: Please check your internet connection
0	12:41:30.468	trend_dtrader GBPUSD,H1: Alert: Please check your internet connection
0	12:58:11.416	trend_dtrader GBPUSD,H1: Alert: Please check your internet connection
0	12:58:12.401	trend_dtrader GBPUSD,H1: Alert: Please check your internet connection
0	12:58:13.275	trend_dtrader GBPUSD,H1: Alert: Please check your internet connection
0	12:58:14.268	trend_dtrader GBPUSD,H1: Alert: Please check your internet connection
0	12:58:15.270	trend_dtrader GBPUSD,H1: Alert: Please check your internet connection
0	12:58:55.578	trend_dtrader GBPUSD,H1: Alert: Please check your internet connection
0	12:58:56.270	trend_dtrader GBPUSD,H1: Alert: Please check your internet connection
0	12:58:57.273	trend_dtrader GBPUSD,H1: Alert: Please check your internet connection
0	12:58:58.272	trend_dtrader GBPUSD,H1: Alert: Please check your internet connection
0	13:03:23.348	trend_dtrader GBPUSD,H1: Alert: Please check your internet connection
0	13:03:24.266	trend_dtrader GBPUSD,H1: Alert: Please check your internet connection
0	13:06:25.260	trend_dtrader GBPUSD,H1: Alert: Please check your internet connection
0	13:06:26.261	trend_dtrader GBPUSD,H1: Alert: Please check your internet connection
0	13:18:03.587	trend_dtrader GBPUSD,H1: Alert: Please check your internet connection
0	13:18:04.223	trend_dtrader GBPUSD,H1: Alert: Please check your internet connection
0	13:18:05.322	trend_dtrader GBPUSD,H1: Alert: Please check your internet connection
0	13:18:06.321	trend_dtrader GBPUSD,H1: Alert: Please check your internet connection
0	13:18:07.321	trend_dtrader GBPUSD,H1: Alert: Please check your internet connection
0	13:18:08.321	trend_dtrader GBPUSD,H1: Alert: Please check your internet connection
0	13:18:09.323	trend_dtrader GBPUSD,H1: Alert: Please check your internet connection
0	13:18:10.321	trend_dtrader GBPUSD,H1: Alert: Please check your internet connection
0	13:20:15.319	trend_dtrader GBPUSD,H1: Alert: Please check your internet connection
0	13:20:16.319	trend_dtrader GBPUSD,H1: Alert: Please check your internet connection
0	13:29:39.343	trend_dtrader GBPUSD,H1: Alert: Please check your internet connection
0	13:29:40.313	trend_dtrader GBPUSD,H1: Alert: Please check your internet connection
0	13:29:41.316	trend_dtrader GBPUSD,H1: Alert: Please check your internet connection
0	13:37:58.285	trend_dtrader GBPUSD,H1: Alert: Please check your internet connection
0	13:37:58.310	trend_dtrader GBPUSD,H1: Alert: Please check your internet connection
0	13:37:59.363	trend_dtrader GBPUSD,H1: Alert: Please check your internet connection
0	13:38:00.273	trend_dtrader GBPUSD,H1: Alert: Please check your internet connection
0	13:38:01.272	trend_dtrader GBPUSD,H1: Alert: Please check your internet connection
0	13:38:02.275	trend_dtrader GBPUSD,H1: Alert: Please check your internet connection
0	13:38:03.275	trend_dtrader GBPUSD,H1: Alert: Please check your internet connection
0	13:38:04.273	trend_dtrader GBPUSD,H1: Alert: Please check your internet connection
0	13:49:24.922	trend_dtrader GBPUSD,H1: Alert: Please check your internet connection
0	13:49:25.259	trend_dtrader GBPUSD,H1: Alert: Please check your internet connection
0	13:49:26.258	trend_dtrader GBPUSD,H1: Alert: Please check your internet connection
0	14:06:26.037	trend_dtrader GBPUSD,H1: Alert: Please check your internet connection
0	14:06:26.234	trend_dtrader GBPUSD,H1: Alert: Please check your internet connection
0	14:25:19.879	trend_dtrader GBPUSD,H1: Alert: Please check your internet connection
0	14:25:20.215	trend_dtrader GBPUSD,H1: Alert: Please check your internet connection
0	14:25:21.215	trend_dtrader GBPUSD,H1: Alert: Please check your internet connection
0	14:25:22.212	trend_dtrader GBPUSD,H1: Alert: Please check your internet connection
0	14:25:23.214	trend_dtrader GBPUSD,H1: Alert: Please check your internet connection
0	14:25:49.165	trend_dtrader GBPUSD,H1: Alert: Please check your internet connection
0	14:25:49.414	trend_dtrader GBPUSD,H1: Alert: Please check your internet connection
0	14:25:50.209	trend_dtrader GBPUSD,H1: Alert: Please check your internet connection
0	14:25:51.207	trend_dtrader GBPUSD,H1: Alert: Please check your internet connection
0	14:25:52.207	trend_dtrader GBPUSD,H1: Alert: Please check your internet connection
0	14:26:23.200	trend_dtrader GBPUSD,H1: Alert: Please check your internet connection
0	14:59:12.888	trend_dtrader GBPUSD,H1: Alert: Please check your internet connection
0	14:59:13.182	trend_dtrader GBPUSD,H1: Alert: Please check your internet connection
0	14:59:14.133	trend_dtrader GBPUSD,H1: Alert: Please check your internet connection
0	14:59:15.133	trend_dtrader GBPUSD,H1: Alert: Please check your internet connection
0	14:59:16.133	trend_dtrader GBPUSD,H1: Alert: Please check your internet connection
0	14:59:17.133	trend_dtrader GBPUSD,H1: Alert: Please check your internet connection
0	15:16:36.818	trend_dtrader GBPUSD,H1: Alert: Please check your internet connection
0	15:16:37.103	trend_dtrader GBPUSD,H1: Alert: Please check your internet connection
0	15:16:38.105	trend_dtrader GBPUSD,H1: Alert: Please check your internet connection
0	15:16:39.104	trend_dtrader GBPUSD,H1: Alert: Please check your internet connection
0	15:16:40.104	trend_dtrader GBPUSD,H1: Alert: Please check your internet connection
0	15:16:41.105	trend_dtrader GBPUSD,H1: Alert: Please check your internet connection
0	15:31:59.791	trend_dtrader GBPUSD,H1: Alert: Please check your internet connection
0	15:32:00.076	trend_dtrader GBPUSD,H1: Alert: Please check your internet connection
0	15:32:01.078	trend_dtrader GBPUSD,H1: Alert: Please check your internet connection
0	15:32:02.077	trend_dtrader GBPUSD,H1: Alert: Please check your internet connection
0	15:32:03.078	trend_dtrader GBPUSD,H1: Alert: Please check your internet connection
0	15:32:04.077	trend_dtrader GBPUSD,H1: Alert: Please check your internet connection
0	15:47:55.766	trend_dtrader GBPUSD,H1: Alert: Please check your internet connection
0	15:47:56.051	trend_dtrader GBPUSD,H1: Alert: Please check your internet connection
0	15:47:57.051	trend_dtrader GBPUSD,H1: Alert: Please check your internet connection
0	15:47:58.051	trend_dtrader GBPUSD,H1: Alert: Please check your internet connection
0	15:47:59.051	trend_dtrader GBPUSD,H1: Alert: Please check your internet connection
0	15:48:00.051	trend_dtrader GBPUSD,H1: Alert: Please check your internet connection
0	16:03:35.738	trend_dtrader GBPUSD,H1: Alert: Please check your internet connection
0	16:03:36.023	trend_dtrader GBPUSD,H1: Alert: Please check your internet connection
0	16:03:37.022	trend_dtrader GBPUSD,H1: Alert: Please check your internet connection
0	16:03:38.023	trend_dtrader GBPUSD,H1: Alert: Please check your internet connection
0	16:03:39.023	trend_dtrader GBPUSD,H1: Alert: Please check your internet connection
0	16:03:40.023	trend_dtrader GBPUSD,H1: Alert: Please check your internet connection
0	16:20:36.726	trend_dtrader GBPUSD,H1: Alert: Please check your internet connection
0	16:20:36.994	trend_dtrader GBPUSD,H1: Alert: Please check your internet connection
0	16:20:38.007	trend_dtrader GBPUSD,H1: Alert: Please check your internet connection
0	16:20:38.995	trend_dtrader GBPUSD,H1: Alert: Please check your internet connection
0	16:20:39.995	trend_dtrader GBPUSD,H1: Alert: Please check your internet connection
0	16:20:40.993	trend_dtrader GBPUSD,H1: Alert: Please check your internet connection
0	16:32:08.982	trend_dtrader GBPUSD,H1: Alert: Please check your internet connection
0	16:32:09.975	trend_dtrader GBPUSD,H1: Alert: Please check your internet connection
0	16:32:10.976	trend_dtrader GBPUSD,H1: Alert: Please check your internet connection
0	16:32:11.976	trend_dtrader GBPUSD,H1: Alert: Please check your internet connection
0	16:32:12.975	trend_dtrader GBPUSD,H1: Alert: Please check your internet connection
0	16:32:13.975	trend_dtrader GBPUSD,H1: Alert: Please check your internet connection
0	16:32:14.741	trend_dtrader GBPUSD,H1: Alert: Please check your internet connection
0	16:32:15.723	trend_dtrader GBPUSD,H1: Alert: Please check your internet connection
0	16:32:16.723	trend_dtrader GBPUSD,H1: Alert: Please check your internet connection
0	16:32:17.724	trend_dtrader GBPUSD,H1: Alert: Please check your internet connection
0	16:32:18.722	trend_dtrader GBPUSD,H1: Alert: Please check your internet connection
0	16:38:33.707	trend_dtrader GBPUSD,H1: Alert: Please check your internet connection
0	16:38:34.534	trend_dtrader GBPUSD,H1: Alert: Please check your internet connection
0	16:38:35.533	trend_dtrader GBPUSD,H1: Alert: Please check your internet connection
0	16:40:42.523	trend_dtrader GBPUSD,H1: Alert: Please check your internet connection
0	16:40:43.525	trend_dtrader GBPUSD,H1: Alert: Please check your internet connection
0	16:40:44.523	trend_dtrader GBPUSD,H1: Alert: Please check your internet connection
0	16:43:42.511	trend_dtrader GBPUSD,H1: Alert: Please check your internet connection
0	16:43:43.509	trend_dtrader GBPUSD,H1: Alert: Please check your internet connection
0	16:43:44.509	trend_dtrader GBPUSD,H1: Alert: Please check your internet connection
0	16:43:45.508	trend_dtrader GBPUSD,H1: Alert: Please check your internet connection
0	16:43:46.510	trend_dtrader GBPUSD,H1: Alert: Please check your internet connection
0	16:43:47.509	trend_dtrader GBPUSD,H1: Alert: Please check your internet connection
0	16:43:48.519	trend_dtrader GBPUSD,H1: Alert: Please check your internet connection
0	16:51:37.482	trend_dtrader GBPUSD,H1: Alert: Please check your internet connection
0	16:51:38.481	trend_dtrader GBPUSD,H1: Alert: Please check your internet connection
0	16:51:39.482	trend_dtrader GBPUSD,H1: Alert: Please check your internet connection
0	16:51:40.480	trend_dtrader GBPUSD,H1: Alert: Please check your internet connection
0	16:51:41.481	trend_dtrader GBPUSD,H1: Alert: Please check your internet connection
0	16:51:42.480	trend_dtrader GBPUSD,H1: Alert: Please check your internet connection
0	16:51:43.480	trend_dtrader GBPUSD,H1: Alert: Please check your internet connection
0	17:01:38.444	trend_dtrader GBPUSD,H1: Alert: Please check your internet connection
0	17:01:39.445	trend_dtrader GBPUSD,H1: Alert: Please check your internet connection
0	17:01:40.573	trend_dtrader GBPUSD,H1: Alert: Please check your internet connection
0	17:02:53.575	trend_dtrader GBPUSD,H1: Alert: Please check your internet connection
0	17:02:54.574	trend_dtrader GBPUSD,H1: Alert: Please check your internet connection
0	17:02:55.576	trend_dtrader GBPUSD,H1: Alert: Please check your internet connection
0	17:02:56.574	trend_dtrader GBPUSD,H1: Alert: Please check your internet connection
0	17:02:57.574	trend_dtrader GBPUSD,H1: Alert: Please check your internet connection
0	17:02:58.575	trend_dtrader GBPUSD,H1: Alert: Please check your internet connection
0	17:02:59.575	trend_dtrader GBPUSD,H1: Alert: Please check your internet connection
0	17:04:27.575	trend_dtrader GBPUSD,H1: Alert: Please check your internet connection
0	17:04:28.573	trend_dtrader GBPUSD,H1: Alert: Please check your internet connection
0	17:07:34.587	trend_dtrader GBPUSD,H1: Alert: Please check your internet connection
0	17:07:35.570	trend_dtrader GBPUSD,H1: Alert: Please check your internet connection
0	17:07:36.570	trend_dtrader GBPUSD,H1: Alert: Please check your internet connection
0	17:07:37.572	trend_dtrader GBPUSD,H1: Alert: Please check your internet connection
0	17:07:38.571	trend_dtrader GBPUSD,H1: Alert: Please check your internet connection
0	17:07:39.572	trend_dtrader GBPUSD,H1: Alert: Please check your internet connection
0	17:22:50.559	trend_dtrader GBPUSD,H1: Alert: Please check your internet connection
0	17:22:51.660	trend_dtrader GBPUSD,H1: Alert: Please check your internet connection
0	17:22:52.541	trend_dtrader GBPUSD,H1: Alert: Please check your internet connection
0	17:22:53.541	trend_dtrader GBPUSD,H1: Alert: Please check your internet connection
0	17:22:54.542	trend_dtrader GBPUSD,H1: Alert: Please check your internet connection
0	17:23:20.519	trend_dtrader GBPUSD,H1: Alert: Please check your internet connection
0	17:23:20.541	trend_dtrader GBPUSD,H1: Alert: Please check your internet connection
0	17:23:21.543	trend_dtrader GBPUSD,H1: Alert: Please check your internet connection
0	17:23:22.543	trend_dtrader GBPUSD,H1: Alert: Please check your internet connection
0	17:24:45.540	trend_dtrader GBPUSD,H1: Alert: Please check your internet connection
0	17:25:14.539	trend_dtrader GBPUSD,H1: Alert: Please check your internet connection
0	17:25:15.541	trend_dtrader GBPUSD,H1: Alert: Please check your internet connection
0	17:25:16.539	trend_dtrader GBPUSD,H1: Alert: Please check your internet connection
0	17:42:04.523	trend_dtrader GBPUSD,H1: Alert: Please check your internet connection
0	17:42:05.601	trend_dtrader GBPUSD,H1: Alert: Please check your internet connection
0	17:42:06.517	trend_dtrader GBPUSD,H1: Alert: Please check your internet connection
0	18:00:46.217	trend_dtrader GBPUSD,H1: Alert: Please check your internet connection
0	18:00:46.502	trend_dtrader GBPUSD,H1: Alert: Please check your internet connection
0	18:00:47.496	trend_dtrader GBPUSD,H1: Alert: Please check your internet connection
0	18:00:48.496	trend_dtrader GBPUSD,H1: Alert: Please check your internet connection
0	18:00:49.497	trend_dtrader GBPUSD,H1: Alert: Please check your internet connection
0	18:00:50.500	trend_dtrader GBPUSD,H1: Alert: Please check your internet connection
0	18:00:51.503	trend_dtrader GBPUSD,H1: Alert: Please check your internet connection
0	18:01:16.839	trend_dtrader GBPUSD,H1: Alert: Please check your internet connection
0	18:01:17.504	trend_dtrader GBPUSD,H1: Alert: Please check your internet connection
0	18:01:59.529	trend_dtrader GBPUSD,H1: Alert: Please check your internet connection
0	18:02:41.537	trend_dtrader GBPUSD,H1: Alert: Please check your internet connection
0	18:04:38.538	trend_dtrader GBPUSD,H1: Alert: Please check your internet connection
0	18:04:39.537	trend_dtrader GBPUSD,H1: Alert: Please check your internet connection
0	18:04:40.538	trend_dtrader GBPUSD,H1: Alert: Please check your internet connection
0	18:08:49.538	trend_dtrader GBPUSD,H1: Alert: Please check your internet connection
0	18:08:50.537	trend_dtrader GBPUSD,H1: Alert: Please check your internet connection
0	18:14:39.536	trend_dtrader GBPUSD,H1: Alert: Please check your internet connection
0	18:14:40.535	trend_dtrader GBPUSD,H1: Alert: Please check your internet connection
0	18:14:41.536	trend_dtrader GBPUSD,H1: Alert: Please check your internet connection
0	18:14:42.536	trend_dtrader GBPUSD,H1: Alert: Please check your internet connection
0	18:14:43.534	trend_dtrader GBPUSD,H1: Alert: Please check your internet connection
0	18:14:44.535	trend_dtrader GBPUSD,H1: Alert: Please check your internet connection
0	18:14:45.536	trend_dtrader GBPUSD,H1: Alert: Please check your internet connection
0	18:28:24.528	trend_dtrader GBPUSD,H1: Alert: Please check your internet connection
0	18:28:25.529	trend_dtrader GBPUSD,H1: Alert: Please check your internet connection
0	18:28:26.529	trend_dtrader GBPUSD,H1: Alert: Please check your internet connection
0	18:28:27.528	trend_dtrader GBPUSD,H1: Alert: Please check your internet connection
0	18:44:21.331	trend_dtrader GBPUSD,H1: Alert: Please check your internet connection
0	18:44:22.332	trend_dtrader GBPUSD,H1: Alert: Please check your internet connection
0	18:45:58.347	trend_dtrader GBPUSD,H1: Alert: Please check your internet connection
0	18:45:59.346	trend_dtrader GBPUSD,H1: Alert: Please check your internet connection
0	18:46:00.347	trend_dtrader GBPUSD,H1: Alert: Please check your internet connection
0	18:46:01.348	trend_dtrader GBPUSD,H1: Alert: Please check your internet connection
0	18:46:02.348	trend_dtrader GBPUSD,H1: Alert: Please check your internet connection
0	18:46:03.348	trend_dtrader GBPUSD,H1: Alert: Please check your internet connection
0	18:46:04.348	trend_dtrader GBPUSD,H1: Alert: Please check your internet connection
0	18:48:32.344	trend_dtrader GBPUSD,H1: Alert: Please check your internet connection
0	18:48:33.346	trend_dtrader GBPUSD,H1: Alert: Please check your internet connection
0	18:50:23.342	trend_dtrader GBPUSD,H1: Alert: Please check your internet connection
0	18:50:24.343	trend_dtrader GBPUSD,H1: Alert: Please check your internet connection
0	18:50:25.342	trend_dtrader GBPUSD,H1: Alert: Please check your internet connection
0	18:52:17.337	trend_dtrader GBPUSD,H1: Alert: Please check your internet connection
0	18:52:18.337	trend_dtrader GBPUSD,H1: Alert: Please check your internet connection
0	18:52:19.336	trend_dtrader GBPUSD,H1: Alert: Please check your internet connection
0	18:52:20.338	trend_dtrader GBPUSD,H1: Alert: Please check your internet connection
0	18:52:21.338	trend_dtrader GBPUSD,H1: Alert: Please check your internet connection
0	18:52:22.336	trend_dtrader GBPUSD,H1: Alert: Please check your internet connection
0	18:52:23.336	trend_dtrader GBPUSD,H1: Alert: Please check your internet connection
0	18:53:58.332	trend_dtrader GBPUSD,H1: Alert: Please check your internet connection
0	18:53:59.332	trend_dtrader GBPUSD,H1: Alert: Please check your internet connection
0	18:54:00.333	trend_dtrader GBPUSD,H1: Alert: Please check your internet connection
0	18:55:46.339	trend_dtrader GBPUSD,H1: Alert: Please check your internet connection
0	18:55:47.330	trend_dtrader GBPUSD,H1: Alert: Please check your internet connection
0	18:57:34.327	trend_dtrader GBPUSD,H1: Alert: Please check your internet connection
0	18:57:35.325	trend_dtrader GBPUSD,H1: Alert: Please check your internet connection
0	18:57:36.327	trend_dtrader GBPUSD,H1: Alert: Please check your internet connection
0	18:57:37.327	trend_dtrader GBPUSD,H1: Alert: Please check your internet connection
0	18:57:38.327	trend_dtrader GBPUSD,H1: Alert: Please check your internet connection
0	18:57:39.325	trend_dtrader GBPUSD,H1: Alert: Please check your internet connection
0	18:57:40.326	trend_dtrader GBPUSD,H1: Alert: Please check your internet connection
0	18:57:41.327	trend_dtrader GBPUSD,H1: Alert: Please check your internet connection
0	18:59:24.562	trend_dtrader GBPUSD,H1: Alert: Please check your internet connection
0	18:59:25.332	trend_dtrader GBPUSD,H1: Alert: Please check your internet connection
0	19:01:17.333	trend_dtrader GBPUSD,H1: Alert: Please check your internet connection
0	19:01:18.333	trend_dtrader GBPUSD,H1: Alert: Please check your internet connection
0	19:02:47.145	trend_dtrader GBPUSD,H1: Alert: Please check your internet connection
0	19:02:47.339	trend_dtrader GBPUSD,H1: Alert: Please check your internet connection
0	19:02:48.340	trend_dtrader GBPUSD,H1: Alert: Please check your internet connection
0	19:04:37.342	trend_dtrader GBPUSD,H1: Alert: Please check your internet connection
0	19:04:38.343	trend_dtrader GBPUSD,H1: Alert: Please check your internet connection
0	19:04:39.342	trend_dtrader GBPUSD,H1: Alert: Please check your internet connection
0	19:04:40.344	trend_dtrader GBPUSD,H1: Alert: Please check your internet connection
0	19:04:41.343	trend_dtrader GBPUSD,H1: Alert: Please check your internet connection
0	19:04:42.344	trend_dtrader GBPUSD,H1: Alert: Please check your internet connection
0	19:06:29.340	trend_dtrader GBPUSD,H1: Alert: Please check your internet connection
0	19:06:30.341	trend_dtrader GBPUSD,H1: Alert: Please check your internet connection
0	19:06:31.342	trend_dtrader GBPUSD,H1: Alert: Please check your internet connection
0	19:08:29.342	trend_dtrader GBPUSD,H1: Alert: Please check your internet connection
0	19:08:30.341	trend_dtrader GBPUSD,H1: Alert: Please check your internet connection
0	19:10:17.535	trend_dtrader GBPUSD,H1: Alert: Please check your internet connection
0	19:10:18.338	trend_dtrader GBPUSD,H1: Alert: Please check your internet connection
0	19:10:19.338	trend_dtrader GBPUSD,H1: Alert: Please check your internet connection
0	19:10:20.336	trend_dtrader GBPUSD,H1: Alert: Please check your internet connection
0	19:10:21.337	trend_dtrader GBPUSD,H1: Alert: Please check your internet connection
0	19:10:22.337	trend_dtrader GBPUSD,H1: Alert: Please check your internet connection
0	19:10:23.337	trend_dtrader GBPUSD,H1: Alert: Please check your internet connection
0	19:12:10.333	trend_dtrader GBPUSD,H1: Alert: Please check your internet connection
0	19:12:11.334	trend_dtrader GBPUSD,H1: Alert: Please check your internet connection
0	19:12:12.334	trend_dtrader GBPUSD,H1: Alert: Please check your internet connection
0	19:14:02.906	trend_dtrader GBPUSD,H1: Alert: Please check your internet connection
0	19:14:03.333	trend_dtrader GBPUSD,H1: Alert: Please check your internet connection
0	19:14:04.332	trend_dtrader GBPUSD,H1: Alert: Please check your internet connection
0	19:16:36.311	trend_dtrader GBPUSD,H1: Alert: Please check your internet connection
0	19:16:37.309	trend_dtrader GBPUSD,H1: Alert: Please check your internet connection
0	19:16:38.308	trend_dtrader GBPUSD,H1: Alert: Please check your internet connection
0	19:16:39.305	trend_dtrader GBPUSD,H1: Alert: Please check your internet connection
0	19:16:40.304	trend_dtrader GBPUSD,H1: Alert: Please check your internet connection
0	19:16:41.303	trend_dtrader GBPUSD,H1: Alert: Please check your internet connection
0	19:16:42.304	trend_dtrader GBPUSD,H1: Alert: Please check your internet connection
0	19:18:29.295	trend_dtrader GBPUSD,H1: Alert: Please check your internet connection
0	19:18:30.292	trend_dtrader GBPUSD,H1: Alert: Please check your internet connection
0	19:18:31.293	trend_dtrader GBPUSD,H1: Alert: Please check your internet connection
0	19:20:48.279	trend_dtrader GBPUSD,H1: Alert: Please check your internet connection
0	19:20:49.278	trend_dtrader GBPUSD,H1: Alert: Please check your internet connection
0	19:22:31.285	trend_dtrader GBPUSD,H1: Alert: Please check your internet connection
0	19:22:32.275	trend_dtrader GBPUSD,H1: Alert: Please check your internet connection
0	19:22:33.275	trend_dtrader GBPUSD,H1: Alert: Please check your internet connection
0	19:22:34.274	trend_dtrader GBPUSD,H1: Alert: Please check your internet connection
0	19:22:35.274	trend_dtrader GBPUSD,H1: Alert: Please check your internet connection
0	19:22:36.274	trend_dtrader GBPUSD,H1: Alert: Please check your internet connection
0	19:22:37.275	trend_dtrader GBPUSD,H1: Alert: Please check your internet connection
0	19:22:38.276	trend_dtrader GBPUSD,H1: Alert: Please check your internet connection
0	19:28:08.262	trend_dtrader GBPUSD,H1: Alert: Please check your internet connection
0	19:28:09.262	trend_dtrader GBPUSD,H1: Alert: Please check your internet connection
0	19:30:13.272	trend_dtrader GBPUSD,H1: Alert: Please check your internet connection
0	19:30:14.257	trend_dtrader GBPUSD,H1: Alert: Please check your internet connection
0	19:30:15.258	trend_dtrader GBPUSD,H1: Alert: Please check your internet connection
0	19:32:25.261	trend_dtrader GBPUSD,H1: Alert: Please check your internet connection
0	19:32:26.263	trend_dtrader GBPUSD,H1: Alert: Please check your internet connection
0	19:32:27.262	trend_dtrader GBPUSD,H1: Alert: Please check your internet connection
0	19:32:28.264	trend_dtrader GBPUSD,H1: Alert: Please check your internet connection
0	19:32:29.262	trend_dtrader GBPUSD,H1: Alert: Please check your internet connection
0	19:32:30.264	trend_dtrader GBPUSD,H1: Alert: Please check your internet connection
0	19:36:57.262	trend_dtrader GBPUSD,H1: Alert: Please check your internet connection
0	19:41:28.257	trend_dtrader GBPUSD,H1: Alert: Please check your internet connection
0	19:41:29.254	trend_dtrader GBPUSD,H1: Alert: Please check your internet connection
0	19:43:16.250	trend_dtrader GBPUSD,H1: Alert: Please check your internet connection
0	19:43:17.250	trend_dtrader GBPUSD,H1: Alert: Please check your internet connection
0	19:43:18.249	trend_dtrader GBPUSD,H1: Alert: Please check your internet connection
0	19:43:19.248	trend_dtrader GBPUSD,H1: Alert: Please check your internet connection
0	19:43:20.249	trend_dtrader GBPUSD,H1: Alert: Please check your internet connection
0	19:43:21.249	trend_dtrader GBPUSD,H1: Alert: Please check your internet connection
0	19:45:04.245	trend_dtrader GBPUSD,H1: Alert: Please check your internet connection
0	19:45:05.246	trend_dtrader GBPUSD,H1: Alert: Please check your internet connection
0	19:46:57.271	trend_dtrader GBPUSD,H1: Alert: Please check your internet connection
0	19:46:58.238	trend_dtrader GBPUSD,H1: Alert: Please check your internet connection
0	19:46:59.235	trend_dtrader GBPUSD,H1: Alert: Please check your internet connection
0	19:49:00.225	trend_dtrader GBPUSD,H1: Alert: Please check your internet connection
0	19:49:01.225	trend_dtrader GBPUSD,H1: Alert: Please check your internet connection
0	19:49:02.224	trend_dtrader GBPUSD,H1: Alert: Please check your internet connection
0	19:49:03.224	trend_dtrader GBPUSD,H1: Alert: Please check your internet connection
0	19:49:04.223	trend_dtrader GBPUSD,H1: Alert: Please check your internet connection
0	19:49:05.223	trend_dtrader GBPUSD,H1: Alert: Please check your internet connection
0	19:49:06.223	trend_dtrader GBPUSD,H1: Alert: Please check your internet connection
0	19:51:10.519	trend_dtrader GBPUSD,H1: Alert: Please check your internet connection
0	19:51:11.217	trend_dtrader GBPUSD,H1: Alert: Please check your internet connection
0	19:53:02.214	trend_dtrader GBPUSD,H1: Alert: Please check your internet connection
0	19:53:03.213	trend_dtrader GBPUSD,H1: Alert: Please check your internet connection
0	19:54:53.209	trend_dtrader GBPUSD,H1: Alert: Please check your internet connection
0	19:54:54.210	trend_dtrader GBPUSD,H1: Alert: Please check your internet connection
0	19:54:55.207	trend_dtrader GBPUSD,H1: Alert: Please check your internet connection
0	19:57:29.205	trend_dtrader GBPUSD,H1: Alert: Please check your internet connection
0	19:57:30.203	trend_dtrader GBPUSD,H1: Alert: Please check your internet connection
0	19:57:31.204	trend_dtrader GBPUSD,H1: Alert: Please check your internet connection
0	19:57:32.204	trend_dtrader GBPUSD,H1: Alert: Please check your internet connection
0	19:57:33.204	trend_dtrader GBPUSD,H1: Alert: Please check your internet connection
0	19:57:34.202	trend_dtrader GBPUSD,H1: Alert: Please check your internet connection
0	19:57:35.202	trend_dtrader GBPUSD,H1: Alert: Please check your internet connection
0	19:59:10.199	trend_dtrader GBPUSD,H1: Alert: Please check your internet connection
0	19:59:11.199	trend_dtrader GBPUSD,H1: Alert: Please check your internet connection
0	20:02:42.203	trend_dtrader GBPUSD,H1: Alert: Please check your internet connection
0	20:02:43.142	trend_dtrader GBPUSD,H1: Alert: Please check your internet connection
0	20:04:33.138	trend_dtrader GBPUSD,H1: Alert: Please check your internet connection
0	20:04:34.135	trend_dtrader GBPUSD,H1: Alert: Please check your internet connection
0	20:04:35.137	trend_dtrader GBPUSD,H1: Alert: Please check your internet connection
0	20:04:36.137	trend_dtrader GBPUSD,H1: Alert: Please check your internet connection
0	20:04:37.137	trend_dtrader GBPUSD,H1: Alert: Please check your internet connection
0	20:04:38.136	trend_dtrader GBPUSD,H1: Alert: Please check your internet connection
0	20:04:39.137	trend_dtrader GBPUSD,H1: Alert: Please check your internet connection
0	20:06:26.132	trend_dtrader GBPUSD,H1: Alert: Please check your internet connection
0	20:06:27.131	trend_dtrader GBPUSD,H1: Alert: Please check your internet connection
0	20:08:43.127	trend_dtrader GBPUSD,H1: Alert: Please check your internet connection
0	20:08:44.125	trend_dtrader GBPUSD,H1: Alert: Please check your internet connection
0	20:10:57.120	trend_dtrader GBPUSD,H1: Alert: Please check your internet connection
0	20:10:58.120	trend_dtrader GBPUSD,H1: Alert: Please check your internet connection
0	20:10:59.119	trend_dtrader GBPUSD,H1: Alert: Please check your internet connection
0	20:11:00.120	trend_dtrader GBPUSD,H1: Alert: Please check your internet connection
0	20:11:01.120	trend_dtrader GBPUSD,H1: Alert: Please check your internet connection
0	20:11:02.120	trend_dtrader GBPUSD,H1: Alert: Please check your internet connection
0	20:11:03.120	trend_dtrader GBPUSD,H1: Alert: Please check your internet connection
0	20:12:46.116	trend_dtrader GBPUSD,H1: Alert: Please check your internet connection
0	20:12:47.116	trend_dtrader GBPUSD,H1: Alert: Please check your internet connection
0	20:12:48.115	trend_dtrader GBPUSD,H1: Alert: Please check your internet connection
0	20:12:49.117	trend_dtrader GBPUSD,H1: Alert: Please check your internet connection
0	20:12:50.115	trend_dtrader GBPUSD,H1: Alert: Please check your internet connection
0	20:12:51.114	trend_dtrader GBPUSD,H1: Alert: Please check your internet connection
0	20:12:52.115	trend_dtrader GBPUSD,H1: Alert: Please check your internet connection
0	20:14:37.111	trend_dtrader GBPUSD,H1: Alert: Please check your internet connection
0	20:14:38.111	trend_dtrader GBPUSD,H1: Alert: Please check your internet connection
0	20:16:30.106	trend_dtrader GBPUSD,H1: Alert: Please check your internet connection
0	20:16:31.107	trend_dtrader GBPUSD,H1: Alert: Please check your internet connection
0	20:16:32.105	trend_dtrader GBPUSD,H1: Alert: Please check your internet connection
0	20:16:33.106	trend_dtrader GBPUSD,H1: Alert: Please check your internet connection
0	20:16:34.104	trend_dtrader GBPUSD,H1: Alert: Please check your internet connection
0	20:16:35.105	trend_dtrader GBPUSD,H1: Alert: Please check your internet connection
0	20:17:39.102	trend_dtrader GBPUSD,H1: Alert: Please check your internet connection
0	20:17:40.102	trend_dtrader GBPUSD,H1: Alert: Please check your internet connection
0	20:17:41.102	trend_dtrader GBPUSD,H1: Alert: Please check your internet connection
0	20:20:05.105	trend_dtrader GBPUSD,H1: Alert: Please check your internet connection
0	20:20:06.104	trend_dtrader GBPUSD,H1: Alert: Please check your internet connection
0	20:22:43.161	trend_dtrader GBPUSD,H1: Alert: Please check your internet connection
0	20:22:44.097	trend_dtrader GBPUSD,H1: Alert: Please check your internet connection
0	20:22:45.097	trend_dtrader GBPUSD,H1: Alert: Please check your internet connection
0	20:22:46.098	trend_dtrader GBPUSD,H1: Alert: Please check your internet connection
0	20:22:47.097	trend_dtrader GBPUSD,H1: Alert: Please check your internet connection
0	20:22:48.098	trend_dtrader GBPUSD,H1: Alert: Please check your internet connection
0	20:22:49.096	trend_dtrader GBPUSD,H1: Alert: Please check your internet connection
0	20:24:36.092	trend_dtrader GBPUSD,H1: Alert: Please check your internet connection
0	20:24:37.094	trend_dtrader GBPUSD,H1: Alert: Please check your internet connection
0	20:31:42.074	trend_dtrader GBPUSD,H1: Alert: Please check your internet connection
0	20:31:43.074	trend_dtrader GBPUSD,H1: Alert: Please check your internet connection
0	20:37:48.059	trend_dtrader GBPUSD,H1: Alert: Please check your internet connection
0	20:37:49.057	trend_dtrader GBPUSD,H1: Alert: Please check your internet connection
0	20:37:50.059	trend_dtrader GBPUSD,H1: Alert: Please check your internet connection
0	20:37:51.060	trend_dtrader GBPUSD,H1: Alert: Please check your internet connection
0	20:37:52.059	trend_dtrader GBPUSD,H1: Alert: Please check your internet connection
0	20:37:53.059	trend_dtrader GBPUSD,H1: Alert: Please check your internet connection
0	20:37:54.058	trend_dtrader GBPUSD,H1: Alert: Please check your internet connection
0	20:50:16.029	trend_dtrader GBPUSD,H1: Alert: Please check your internet connection
0	20:50:17.029	trend_dtrader GBPUSD,H1: Alert: Please check your internet connection
0	20:56:44.013	trend_dtrader GBPUSD,H1: Alert: Please check your internet connection
0	20:56:45.014	trend_dtrader GBPUSD,H1: Alert: Please check your internet connection
0	21:05:39.004	trend_dtrader GBPUSD,H1: Alert: Please check your internet connection
0	21:05:40.003	trend_dtrader GBPUSD,H1: Alert: Please check your internet connection
0	21:05:41.004	trend_dtrader GBPUSD,H1: Alert: Please check your internet connection
0	21:05:42.006	trend_dtrader GBPUSD,H1: Alert: Please check your internet connection
0	21:05:43.008	trend_dtrader GBPUSD,H1: Alert: Please check your internet connection
0	21:05:44.008	trend_dtrader GBPUSD,H1: Alert: Please check your internet connection
0	21:05:45.012	trend_dtrader GBPUSD,H1: Alert: Please check your internet connection
0	21:11:50.998	trend_dtrader GBPUSD,H1: Alert: Please check your internet connection
0	21:11:51.996	trend_dtrader GBPUSD,H1: Alert: Please check your internet connection
0	21:13:42.984	trend_dtrader GBPUSD,H1: Alert: Please check your internet connection
0	21:13:43.984	trend_dtrader GBPUSD,H1: Alert: Please check your internet connection
0	21:17:02.973	trend_dtrader GBPUSD,H1: Alert: Please check your internet connection
0	21:17:03.972	trend_dtrader GBPUSD,H1: Alert: Please check your internet connection
0	21:17:04.973	trend_dtrader GBPUSD,H1: Alert: Please check your internet connection
0	21:17:05.973	trend_dtrader GBPUSD,H1: Alert: Please check your internet connection
0	21:17:06.973	trend_dtrader GBPUSD,H1: Alert: Please check your internet connection
0	21:17:07.972	trend_dtrader GBPUSD,H1: Alert: Please check your internet connection
0	21:17:08.972	trend_dtrader GBPUSD,H1: Alert: Please check your internet connection
0	21:24:47.403	trend_dtrader GBPUSD,H1: Alert: Please check your internet connection
0	21:24:47.950	trend_dtrader GBPUSD,H1: Alert: Please check your internet connection
0	21:26:36.945	trend_dtrader GBPUSD,H1: Alert: Please check your internet connection
0	21:26:37.945	trend_dtrader GBPUSD,H1: Alert: Please check your internet connection
0	21:28:26.941	trend_dtrader GBPUSD,H1: Alert: Please check your internet connection
0	21:28:27.941	trend_dtrader GBPUSD,H1: Alert: Please check your internet connection
0	21:28:28.942	trend_dtrader GBPUSD,H1: Alert: Please check your internet connection
0	21:28:29.937	trend_dtrader GBPUSD,H1: Alert: Please check your internet connection
0	21:28:30.936	trend_dtrader GBPUSD,H1: Alert: Please check your internet connection
0	21:28:31.933	trend_dtrader GBPUSD,H1: Alert: Please check your internet connection
0	21:28:32.931	trend_dtrader GBPUSD,H1: Alert: Please check your internet connection
0	21:30:19.921	trend_dtrader GBPUSD,H1: Alert: Please check your internet connection
0	21:30:20.918	trend_dtrader GBPUSD,H1: Alert: Please check your internet connection
0	21:30:21.916	trend_dtrader GBPUSD,H1: Alert: Please check your internet connection
0	21:30:22.918	trend_dtrader GBPUSD,H1: Alert: Please check your internet connection
0	21:30:23.915	trend_dtrader GBPUSD,H1: Alert: Please check your internet connection
0	21:32:32.902	trend_dtrader GBPUSD,H1: Alert: Please check your internet connection
0	21:32:33.903	trend_dtrader GBPUSD,H1: Alert: Please check your internet connection
0	21:34:19.891	trend_dtrader GBPUSD,H1: Alert: Please check your internet connection
0	21:34:20.891	trend_dtrader GBPUSD,H1: Alert: Please check your internet connection
0	21:34:21.892	trend_dtrader GBPUSD,H1: Alert: Please check your internet connection
0	21:34:22.891	trend_dtrader GBPUSD,H1: Alert: Please check your internet connection
0	21:34:23.891	trend_dtrader GBPUSD,H1: Alert: Please check your internet connection
0	21:34:24.889	trend_dtrader GBPUSD,H1: Alert: Please check your internet connection
0	21:34:25.890	trend_dtrader GBPUSD,H1: Alert: Please check your internet connection
0	21:37:33.880	trend_dtrader GBPUSD,H1: Alert: Please check your internet connection
0	21:37:34.881	trend_dtrader GBPUSD,H1: Alert: Please check your internet connection
0	21:37:35.878	trend_dtrader GBPUSD,H1: Alert: Please check your internet connection
0	21:39:25.874	trend_dtrader GBPUSD,H1: Alert: Please check your internet connection
0	21:39:26.872	trend_dtrader GBPUSD,H1: Alert: Please check your internet connection
0	21:44:47.513	trend_dtrader GBPUSD,H1: Alert: Please check your internet connection
0	21:44:47.856	trend_dtrader GBPUSD,H1: Alert: Please check your internet connection
0	21:44:48.857	trend_dtrader GBPUSD,H1: Alert: Please check your internet connection
0	21:44:49.857	trend_dtrader GBPUSD,H1: Alert: Please check your internet connection
0	21:44:50.859	trend_dtrader GBPUSD,H1: Alert: Please check your internet connection
0	21:44:51.861	trend_dtrader GBPUSD,H1: Alert: Please check your internet connection
0	21:44:52.862	trend_dtrader GBPUSD,H1: Alert: Please check your internet connection
0	21:44:53.862	trend_dtrader GBPUSD,H1: Alert: Please check your internet connection
0	21:44:54.865	trend_dtrader GBPUSD,H1: Alert: Please check your internet connection
0	21:46:34.875	trend_dtrader GBPUSD,H1: Alert: Please check your internet connection
0	21:46:35.875	trend_dtrader GBPUSD,H1: Alert: Please check your internet connection
0	21:46:36.877	trend_dtrader GBPUSD,H1: Alert: Please check your internet connection
0	21:56:57.852	trend_dtrader GBPUSD,H1: Alert: Please check your internet connection
0	21:56:58.854	trend_dtrader GBPUSD,H1: Alert: Please check your internet connection
0	21:56:59.852	trend_dtrader GBPUSD,H1: Alert: Please check your internet connection
0	21:59:50.849	trend_dtrader GBPUSD,H1: Alert: Please check your internet connection
0	21:59:51.850	trend_dtrader GBPUSD,H1: Alert: Please check your internet connection
0	21:59:52.849	trend_dtrader GBPUSD,H1: Alert: Please check your internet connection
0	21:59:53.850	trend_dtrader GBPUSD,H1: Alert: Please check your internet connection
0	21:59:54.849	trend_dtrader GBPUSD,H1: Alert: Please check your internet connection
0	21:59:55.848	trend_dtrader GBPUSD,H1: Alert: Please check your internet connection
0	21:59:56.849	trend_dtrader GBPUSD,H1: Alert: Please check your internet connection
0	22:06:39.831	trend_dtrader GBPUSD,H1: Alert: Please check your internet connection
0	22:06:40.828	trend_dtrader GBPUSD,H1: Alert: Please check your internet connection
0	22:13:10.810	trend_dtrader GBPUSD,H1: Alert: Please check your internet connection
0	22:13:11.810	trend_dtrader GBPUSD,H1: Alert: Please check your internet connection
0	22:14:57.805	trend_dtrader GBPUSD,H1: Alert: Please check your internet connection
0	22:14:58.805	trend_dtrader GBPUSD,H1: Alert: Please check your internet connection
0	22:14:59.806	trend_dtrader GBPUSD,H1: Alert: Please check your internet connection
0	22:15:00.807	trend_dtrader GBPUSD,H1: Alert: Please check your internet connection
0	22:15:01.809	trend_dtrader GBPUSD,H1: Alert: Please check your internet connection
0	22:15:02.809	trend_dtrader GBPUSD,H1: Alert: Please check your internet connection
0	22:15:03.812	trend_dtrader GBPUSD,H1: Alert: Please check your internet connection
0	22:20:53.805	trend_dtrader GBPUSD,H1: Alert: Please check your internet connection
0	22:20:54.804	trend_dtrader GBPUSD,H1: Alert: Please check your internet connection
0	22:23:34.818	trend_dtrader GBPUSD,H1: Alert: Please check your internet connection
0	22:23:35.813	trend_dtrader GBPUSD,H1: Alert: Please check your internet connection
0	22:23:36.815	trend_dtrader GBPUSD,H1: Alert: Please check your internet connection
0	22:28:23.807	trend_dtrader GBPUSD,H1: Alert: Please check your internet connection
0	22:28:24.805	trend_dtrader GBPUSD,H1: Alert: Please check your internet connection
0	22:28:25.806	trend_dtrader GBPUSD,H1: Alert: Please check your internet connection
0	22:28:26.805	trend_dtrader GBPUSD,H1: Alert: Please check your internet connection
0	22:28:27.805	trend_dtrader GBPUSD,H1: Alert: Please check your internet connection
0	22:28:28.807	trend_dtrader GBPUSD,H1: Alert: Please check your internet connection
0	22:28:29.805	trend_dtrader GBPUSD,H1: Alert: Please check your internet connection
0	22:44:36.770	trend_dtrader GBPUSD,H1: Alert: Please check your internet connection
0	22:44:37.770	trend_dtrader GBPUSD,H1: Alert: Please check your internet connection
0	22:44:38.768	trend_dtrader GBPUSD,H1: Alert: Please check your internet connection
0	22:44:39.769	trend_dtrader GBPUSD,H1: Alert: Please check your internet connection
0	22:44:40.768	trend_dtrader GBPUSD,H1: Alert: Please check your internet connection
0	22:58:33.040	trend_dtrader GBPUSD,H1: Alert: Please check your internet connection
0	22:58:33.733	trend_dtrader GBPUSD,H1: Alert: Please check your internet connection
0	22:58:34.732	trend_dtrader GBPUSD,H1: Alert: Please check your internet connection
0	22:58:35.730	trend_dtrader GBPUSD,H1: Alert: Please check your internet connection
0	22:58:36.730	trend_dtrader GBPUSD,H1: Alert: Please check your internet connection
0	22:58:37.731	trend_dtrader GBPUSD,H1: Alert: Please check your internet connection
0	23:10:26.638	trend_dtrader GBPUSD,H1: Alert: Please check your internet connection
0	23:10:27.637	trend_dtrader GBPUSD,H1: Alert: Please check your internet connection
0	23:10:28.639	trend_dtrader GBPUSD,H1: Alert: Please check your internet connection
0	23:10:29.641	trend_dtrader GBPUSD,H1: Alert: Please check your internet connection
0	23:10:30.641	trend_dtrader GBPUSD,H1: Alert: Please check your internet connection
0	23:10:31.641	trend_dtrader GBPUSD,H1: Alert: Please check your internet connection
0	23:10:32.642	trend_dtrader GBPUSD,H1: Alert: Please check your internet connection
0	23:28:59.611	trend_dtrader GBPUSD,H1: Alert: Please check your internet connection
0	23:29:00.613	trend_dtrader GBPUSD,H1: Alert: Please check your internet connection
0	23:44:15.572	trend_dtrader GBPUSD,H1: Alert: Please check your internet connection
0	23:44:16.491	trend_dtrader GBPUSD,H1: Alert: Please check your internet connection
