0	12:57:30.262	trend_dtrader XAUUSD,H1: Alert: Please check your internet connection
0	12:57:30.583	trend_dtrader XAUUSD,H1: Alert: Please check your internet connection
0	12:57:49.821	trend_dtrader XAUUSD,H1: Alert: Please check your internet connection
0	12:57:50.581	trend_dtrader XAUUSD,H1: Alert: Please check your internet connection
2	12:58:31.548	trend_dtrader XAUUSD,H1: open #474432292 buy 0.10 GBPUSD at 1.25475 sl: 1.24775 tp: 1.26772 ok
0	12:58:31.548	trend_dtrader XAUUSD,H1: Alert: GBPUSD Ordered Successfully
2	13:00:43.440	trend_dtrader XAUUSD,H1: open #474432875 sell 0.10 USDCAD at 1.36722 sl: 1.37392 tp: 1.35381 ok
0	13:00:43.440	trend_dtrader XAUUSD,H1: Alert: USDCAD Ordered Successfully
0	13:06:43.007	trend_dtrader XAUUSD,H1: Failed modifying FTMUSD
0	13:06:44.012	trend_dtrader XAUUSD,H1: Failed modifying GBPUSD
0	13:06:45.008	trend_dtrader XAUUSD,H1: Failed modifying GRTUSD
0	13:07:40.004	trend_dtrader XAUUSD,H1: Failed modifying NEARUSD
2	13:16:04.526	trend_dtrader XAUUSD,H1: open #474434460 buy 0.10 EURUSD at 1.07970 sl: 1.07434 tp: 1.08568 ok
0	13:16:04.526	trend_dtrader XAUUSD,H1: Alert: EURUSD Ordered Successfully
2	13:16:50.553	trend_dtrader XAUUSD,H1: open #474434635 buy 0.10 ETHUSD at 2964.02 sl: 2824.25 tp: 3238.43 ok
0	13:16:50.553	trend_dtrader XAUUSD,H1: Alert: ETHUSD Ordered Successfully
2	13:25:38.395	trend_dtrader XAUUSD,H1: open #474435705 buy 0.10 LTCUSD at 82.04 sl: 78.37 tp: 88.18 ok
0	13:25:38.395	trend_dtrader XAUUSD,H1: Alert: LTCUSD Ordered Successfully
0	13:30:53.010	trend_dtrader XAUUSD,H1: Failed modifying DOGEUSD
0	13:30:54.008	trend_dtrader XAUUSD,H1: Failed modifying DOTUSD
0	13:30:55.096	trend_dtrader XAUUSD,H1: Failed modifying ETCUSD
0	13:30:56.018	trend_dtrader XAUUSD,H1: Failed modifying ETHUSD
0	13:30:57.081	trend_dtrader XAUUSD,H1: Failed modifying EURUSD
0	13:30:59.010	trend_dtrader XAUUSD,H1: Failed modifying FILUSD
0	13:31:00.084	trend_dtrader XAUUSD,H1: Failed modifying FTMUSD
0	13:31:01.013	trend_dtrader XAUUSD,H1: Failed modifying GBPUSD
0	13:31:02.011	trend_dtrader XAUUSD,H1: Failed modifying GRTUSD
0	13:31:15.017	trend_dtrader XAUUSD,H1: Failed modifying UNIUSD
0	13:31:16.011	trend_dtrader XAUUSD,H1: Failed modifying USDCAD
0	13:31:17.011	trend_dtrader XAUUSD,H1: Failed modifying USDCHF
0	13:31:18.039	trend_dtrader XAUUSD,H1: Failed modifying USDJPY
0	13:31:19.012	trend_dtrader XAUUSD,H1: Failed modifying USDMXN
0	13:31:20.010	trend_dtrader XAUUSD,H1: Failed modifying USDZAR
0	13:31:21.007	trend_dtrader XAUUSD,H1: Failed modifying XAGUSD
0	13:31:22.010	trend_dtrader XAUUSD,H1: Failed modifying XAUUSD
0	13:31:23.126	trend_dtrader XAUUSD,H1: Failed modifying XBRUSD
0	13:31:24.007	trend_dtrader XAUUSD,H1: Failed modifying XNGUSD
0	13:31:25.010	trend_dtrader XAUUSD,H1: Failed modifying XRPUSD
0	13:31:26.033	trend_dtrader XAUUSD,H1: Failed modifying XTIUSD
0	13:31:27.031	trend_dtrader XAUUSD,H1: Failed modifying AAVEUSD
0	13:31:28.011	trend_dtrader XAUUSD,H1: Failed modifying ADAUSD
0	13:31:29.061	trend_dtrader XAUUSD,H1: Failed modifying ALGOUSD
0	13:31:30.021	trend_dtrader XAUUSD,H1: Failed modifying APTUSD
0	13:31:31.030	trend_dtrader XAUUSD,H1: Failed modifying ARBUSD
0	13:31:32.278	trend_dtrader XAUUSD,H1: Failed modifying ATOMUSD
0	13:31:33.178	trend_dtrader XAUUSD,H1: Failed modifying AUDUSD
0	13:31:34.012	trend_dtrader XAUUSD,H1: Failed modifying AVAXUSD
0	13:31:35.013	trend_dtrader XAUUSD,H1: Failed modifying AXSUSD
0	13:31:36.010	trend_dtrader XAUUSD,H1: Failed modifying BCHUSD
0	13:31:37.014	trend_dtrader XAUUSD,H1: Failed modifying BNBUSD
0	13:31:38.009	trend_dtrader XAUUSD,H1: Failed modifying BTCUSD
0	13:31:39.007	trend_dtrader XAUUSD,H1: Failed modifying DASHUSD
0	13:31:40.008	trend_dtrader XAUUSD,H1: Failed modifying DOGEUSD
0	13:31:41.076	trend_dtrader XAUUSD,H1: Failed modifying DOTUSD
0	13:31:42.013	trend_dtrader XAUUSD,H1: Failed modifying ETCUSD
0	13:31:43.037	trend_dtrader XAUUSD,H1: Failed modifying ETHUSD
0	13:31:44.048	trend_dtrader XAUUSD,H1: Failed modifying EURUSD
0	13:31:45.007	trend_dtrader XAUUSD,H1: Failed modifying FETUSD
0	13:31:46.008	trend_dtrader XAUUSD,H1: Failed modifying FILUSD
0	13:31:47.014	trend_dtrader XAUUSD,H1: Failed modifying FTMUSD
0	13:31:48.012	trend_dtrader XAUUSD,H1: Failed modifying GBPUSD
0	13:31:49.008	trend_dtrader XAUUSD,H1: Failed modifying GRTUSD
0	13:31:50.007	trend_dtrader XAUUSD,H1: Failed modifying ICPUSD
0	13:31:51.005	trend_dtrader XAUUSD,H1: Failed modifying IOTAUSD
0	13:31:52.015	trend_dtrader XAUUSD,H1: Failed modifying LINKUSD
0	13:31:53.009	trend_dtrader XAUUSD,H1: Failed modifying LRCUSD
0	13:31:54.010	trend_dtrader XAUUSD,H1: Failed modifying LTCUSD
0	13:31:55.031	trend_dtrader XAUUSD,H1: Failed modifying MANAUSD
0	13:31:56.011	trend_dtrader XAUUSD,H1: Failed modifying MATICUSD
0	13:31:57.056	trend_dtrader XAUUSD,H1: Failed modifying NEARUSD
0	13:31:58.008	trend_dtrader XAUUSD,H1: Failed modifying NZDUSD
0	13:31:59.009	trend_dtrader XAUUSD,H1: Failed modifying SOLUSD
2	13:32:01.012	trend_dtrader XAUUSD,H1: modify #474291575 buy 0.10 AUDUSD at 0.66151 sl: 0.66194 tp: 0.66273 ok
0	13:32:01.012	trend_dtrader XAUUSD,H1: Alert: AUDUSD has been assigned a breakeven 0.6619349999999999
0	13:32:01.352	trend_dtrader XAUUSD,H1: Failed modifying SUIUSD
0	13:32:01.355	trend_dtrader XAUUSD,H1: Failed modifying TRXUSD
0	13:32:02.011	trend_dtrader XAUUSD,H1: Failed modifying UNIUSD
0	13:32:03.011	trend_dtrader XAUUSD,H1: Failed modifying USDCAD
0	13:32:04.015	trend_dtrader XAUUSD,H1: Failed modifying USDCHF
0	13:32:05.008	trend_dtrader XAUUSD,H1: Failed modifying USDJPY
0	13:32:06.013	trend_dtrader XAUUSD,H1: Failed modifying USDMXN
0	13:32:07.007	trend_dtrader XAUUSD,H1: Failed modifying USDZAR
0	13:32:08.007	trend_dtrader XAUUSD,H1: Failed modifying XAGUSD
0	13:32:09.007	trend_dtrader XAUUSD,H1: Failed modifying XAUUSD
0	13:32:10.010	trend_dtrader XAUUSD,H1: Failed modifying XBRUSD
0	13:32:11.012	trend_dtrader XAUUSD,H1: Failed modifying XNGUSD
0	13:32:12.008	trend_dtrader XAUUSD,H1: Failed modifying XRPUSD
0	13:32:13.008	trend_dtrader XAUUSD,H1: Failed modifying XTIUSD
0	13:32:14.035	trend_dtrader XAUUSD,H1: Failed modifying AAVEUSD
0	13:32:15.010	trend_dtrader XAUUSD,H1: Failed modifying ADAUSD
0	13:32:16.007	trend_dtrader XAUUSD,H1: Failed modifying ALGOUSD
0	13:32:17.012	trend_dtrader XAUUSD,H1: Failed modifying APTUSD
0	13:32:18.009	trend_dtrader XAUUSD,H1: Failed modifying ARBUSD
0	13:32:19.013	trend_dtrader XAUUSD,H1: Failed modifying ATOMUSD
0	13:32:20.009	trend_dtrader XAUUSD,H1: Failed modifying AUDUSD
0	13:32:21.045	trend_dtrader XAUUSD,H1: Failed modifying AVAXUSD
0	13:32:22.005	trend_dtrader XAUUSD,H1: Failed modifying AXSUSD
0	13:32:23.012	trend_dtrader XAUUSD,H1: Failed modifying BCHUSD
0	13:32:24.119	trend_dtrader XAUUSD,H1: Failed modifying BNBUSD
0	13:32:25.009	trend_dtrader XAUUSD,H1: Failed modifying BTCUSD
0	13:32:26.009	trend_dtrader XAUUSD,H1: Failed modifying DASHUSD
0	13:32:27.085	trend_dtrader XAUUSD,H1: Failed modifying DOGEUSD
0	13:32:28.006	trend_dtrader XAUUSD,H1: Failed modifying DOTUSD
0	13:32:29.015	trend_dtrader XAUUSD,H1: Failed modifying ETCUSD
0	13:32:30.010	trend_dtrader XAUUSD,H1: Failed modifying ETHUSD
0	13:32:31.067	trend_dtrader XAUUSD,H1: Failed modifying EURUSD
0	13:32:32.006	trend_dtrader XAUUSD,H1: Failed modifying FETUSD
0	13:32:33.018	trend_dtrader XAUUSD,H1: Failed modifying FILUSD
0	13:32:34.011	trend_dtrader XAUUSD,H1: Failed modifying FTMUSD
0	13:32:35.102	trend_dtrader XAUUSD,H1: Failed modifying GBPUSD
0	13:32:36.010	trend_dtrader XAUUSD,H1: Failed modifying GRTUSD
0	13:32:37.012	trend_dtrader XAUUSD,H1: Failed modifying ICPUSD
0	13:32:38.195	trend_dtrader XAUUSD,H1: Failed modifying IOTAUSD
0	13:32:39.015	trend_dtrader XAUUSD,H1: Failed modifying LINKUSD
0	13:32:40.009	trend_dtrader XAUUSD,H1: Failed modifying LRCUSD
0	13:42:07.311	trend_dtrader XAUUSD,H1: Failed modifying MATICUSD
2	13:42:07.713	trend_dtrader XAUUSD,H1: modify #474432292 buy 0.10 GBPUSD at 1.25475 sl: 1.25516 tp: 1.26772 ok
0	13:42:07.713	trend_dtrader XAUUSD,H1: Alert: GBPUSD has been assigned a breakeven 1.255155
0	13:42:08.125	trend_dtrader XAUUSD,H1: Failed modifying NEARUSD
0	13:42:09.008	trend_dtrader XAUUSD,H1: Failed modifying NZDUSD
0	13:42:10.025	trend_dtrader XAUUSD,H1: Failed modifying SOLUSD
0	13:42:20.009	trend_dtrader XAUUSD,H1: Failed modifying XAUUSD
0	13:42:44.137	trend_dtrader XAUUSD,H1: Failed modifying FILUSD
0	13:42:45.008	trend_dtrader XAUUSD,H1: Failed modifying FTMUSD
0	13:42:46.010	trend_dtrader XAUUSD,H1: Failed modifying GBPUSD
0	13:42:47.010	trend_dtrader XAUUSD,H1: Failed modifying GRTUSD
0	13:42:48.005	trend_dtrader XAUUSD,H1: Failed modifying ICPUSD
0	13:42:49.005	trend_dtrader XAUUSD,H1: Failed modifying IOTAUSD
0	13:42:50.012	trend_dtrader XAUUSD,H1: Failed modifying LINKUSD
0	13:42:51.008	trend_dtrader XAUUSD,H1: Failed modifying LRCUSD
0	13:42:52.007	trend_dtrader XAUUSD,H1: Failed modifying LTCUSD
0	13:42:53.009	trend_dtrader XAUUSD,H1: Failed modifying MANAUSD
0	13:42:54.039	trend_dtrader XAUUSD,H1: Failed modifying MATICUSD
0	13:42:55.010	trend_dtrader XAUUSD,H1: Failed modifying NEARUSD
0	13:42:56.008	trend_dtrader XAUUSD,H1: Failed modifying NZDUSD
0	13:42:57.007	trend_dtrader XAUUSD,H1: Failed modifying SOLUSD
0	13:42:58.007	trend_dtrader XAUUSD,H1: Failed modifying SUIUSD
0	13:43:33.012	trend_dtrader XAUUSD,H1: Failed modifying GBPUSD
0	13:43:34.043	trend_dtrader XAUUSD,H1: Failed modifying GRTUSD
0	13:43:35.052	trend_dtrader XAUUSD,H1: Failed modifying ICPUSD
0	13:43:36.004	trend_dtrader XAUUSD,H1: Failed modifying IOTAUSD
0	13:43:37.012	trend_dtrader XAUUSD,H1: Failed modifying LINKUSD
0	13:43:38.008	trend_dtrader XAUUSD,H1: Failed modifying LRCUSD
0	13:43:39.010	trend_dtrader XAUUSD,H1: Failed modifying LTCUSD
0	13:43:40.056	trend_dtrader XAUUSD,H1: Failed modifying MANAUSD
0	13:43:41.059	trend_dtrader XAUUSD,H1: Failed modifying MATICUSD
0	13:43:42.008	trend_dtrader XAUUSD,H1: Failed modifying NEARUSD
0	13:43:43.289	trend_dtrader XAUUSD,H1: Failed modifying NZDUSD
0	13:43:44.009	trend_dtrader XAUUSD,H1: Failed modifying SOLUSD
0	13:43:45.006	trend_dtrader XAUUSD,H1: Failed modifying SUIUSD
0	13:43:46.006	trend_dtrader XAUUSD,H1: Failed modifying TRXUSD
0	13:43:47.009	trend_dtrader XAUUSD,H1: Failed modifying UNIUSD
0	13:43:48.043	trend_dtrader XAUUSD,H1: Failed modifying USDCAD
0	13:43:49.016	trend_dtrader XAUUSD,H1: Failed modifying USDCHF
0	13:43:50.008	trend_dtrader XAUUSD,H1: Failed modifying USDJPY
0	13:43:51.019	trend_dtrader XAUUSD,H1: Failed modifying USDMXN
0	13:43:52.057	trend_dtrader XAUUSD,H1: Failed modifying USDZAR
0	13:43:53.005	trend_dtrader XAUUSD,H1: Failed modifying XAGUSD
0	13:43:54.019	trend_dtrader XAUUSD,H1: Failed modifying XAUUSD
0	13:43:55.010	trend_dtrader XAUUSD,H1: Failed modifying XBRUSD
0	13:43:56.103	trend_dtrader XAUUSD,H1: Failed modifying XNGUSD
0	13:43:57.006	trend_dtrader XAUUSD,H1: Failed modifying XRPUSD
0	13:43:58.022	trend_dtrader XAUUSD,H1: Failed modifying XTIUSD
0	13:43:59.011	trend_dtrader XAUUSD,H1: Failed modifying AAVEUSD
0	13:44:00.008	trend_dtrader XAUUSD,H1: Failed modifying ADAUSD
0	13:44:01.005	trend_dtrader XAUUSD,H1: Failed modifying ALGOUSD
0	13:44:02.005	trend_dtrader XAUUSD,H1: Failed modifying APTUSD
0	13:44:03.049	trend_dtrader XAUUSD,H1: Failed modifying ARBUSD
0	13:44:04.021	trend_dtrader XAUUSD,H1: Failed modifying ATOMUSD
0	13:44:05.010	trend_dtrader XAUUSD,H1: Failed modifying AUDUSD
0	13:44:06.011	trend_dtrader XAUUSD,H1: Failed modifying AVAXUSD
0	13:44:07.007	trend_dtrader XAUUSD,H1: Failed modifying AXSUSD
0	13:44:08.010	trend_dtrader XAUUSD,H1: Failed modifying BCHUSD
0	13:44:09.012	trend_dtrader XAUUSD,H1: Failed modifying BNBUSD
0	13:44:10.006	trend_dtrader XAUUSD,H1: Failed modifying BTCUSD
0	13:44:11.011	trend_dtrader XAUUSD,H1: Failed modifying DASHUSD
0	13:44:12.011	trend_dtrader XAUUSD,H1: Failed modifying DOGEUSD
0	13:44:13.010	trend_dtrader XAUUSD,H1: Failed modifying DOTUSD
0	13:44:14.012	trend_dtrader XAUUSD,H1: Failed modifying ETCUSD
0	13:44:15.026	trend_dtrader XAUUSD,H1: Failed modifying ETHUSD
0	13:44:16.012	trend_dtrader XAUUSD,H1: Failed modifying EURUSD
0	13:44:17.009	trend_dtrader XAUUSD,H1: Failed modifying FETUSD
0	13:44:18.058	trend_dtrader XAUUSD,H1: Failed modifying FILUSD
0	13:44:19.044	trend_dtrader XAUUSD,H1: Failed modifying FTMUSD
0	13:44:20.018	trend_dtrader XAUUSD,H1: Failed modifying GBPUSD
0	13:44:21.010	trend_dtrader XAUUSD,H1: Failed modifying GRTUSD
0	13:44:22.008	trend_dtrader XAUUSD,H1: Failed modifying ICPUSD
0	13:44:23.039	trend_dtrader XAUUSD,H1: Failed modifying IOTAUSD
0	13:44:24.027	trend_dtrader XAUUSD,H1: Failed modifying LINKUSD
0	13:44:25.012	trend_dtrader XAUUSD,H1: Failed modifying LRCUSD
0	13:44:26.013	trend_dtrader XAUUSD,H1: Failed modifying LTCUSD
0	13:44:27.007	trend_dtrader XAUUSD,H1: Failed modifying MANAUSD
0	13:44:28.008	trend_dtrader XAUUSD,H1: Failed modifying MATICUSD
0	13:44:29.040	trend_dtrader XAUUSD,H1: Failed modifying NEARUSD
0	13:44:30.007	trend_dtrader XAUUSD,H1: Failed modifying NZDUSD
0	13:44:31.009	trend_dtrader XAUUSD,H1: Failed modifying SOLUSD
0	13:44:32.153	trend_dtrader XAUUSD,H1: Failed modifying SUIUSD
0	13:44:33.009	trend_dtrader XAUUSD,H1: Failed modifying TRXUSD
0	13:44:34.010	trend_dtrader XAUUSD,H1: Failed modifying UNIUSD
0	13:44:35.011	trend_dtrader XAUUSD,H1: Failed modifying USDCAD
0	13:44:36.008	trend_dtrader XAUUSD,H1: Failed modifying USDCHF
0	13:44:37.009	trend_dtrader XAUUSD,H1: Failed modifying USDJPY
0	13:44:38.048	trend_dtrader XAUUSD,H1: Failed modifying USDMXN
0	13:44:39.008	trend_dtrader XAUUSD,H1: Failed modifying USDZAR
2	13:48:15.445	trend_dtrader XAUUSD,H1: open #474438406 buy 0.10 GBPUSD at 1.25528 sl: 1.24826 tp: 1.26772 ok
0	13:48:15.445	trend_dtrader XAUUSD,H1: Alert: GBPUSD Ordered Successfully
0	14:03:21.011	trend_dtrader XAUUSD,H1: Failed modifying TRXUSD
0	14:03:22.042	trend_dtrader XAUUSD,H1: Failed modifying UNIUSD
0	14:03:23.046	trend_dtrader XAUUSD,H1: Failed modifying USDCAD
0	14:03:24.006	trend_dtrader XAUUSD,H1: Failed modifying USDCHF
0	14:03:25.008	trend_dtrader XAUUSD,H1: Failed modifying USDJPY
0	14:03:26.011	trend_dtrader XAUUSD,H1: Failed modifying USDMXN
0	14:03:27.005	trend_dtrader XAUUSD,H1: Failed modifying USDZAR
0	14:03:28.015	trend_dtrader XAUUSD,H1: Failed modifying XAGUSD
0	14:03:29.009	trend_dtrader XAUUSD,H1: Failed modifying XAUUSD
0	14:03:30.048	trend_dtrader XAUUSD,H1: Failed modifying XBRUSD
0	14:03:31.010	trend_dtrader XAUUSD,H1: Failed modifying XNGUSD
0	14:03:32.006	trend_dtrader XAUUSD,H1: Failed modifying XRPUSD
0	14:03:33.009	trend_dtrader XAUUSD,H1: Failed modifying XTIUSD
0	14:03:34.012	trend_dtrader XAUUSD,H1: Failed modifying AAVEUSD
0	14:03:35.010	trend_dtrader XAUUSD,H1: Failed modifying ADAUSD
0	14:03:36.011	trend_dtrader XAUUSD,H1: Failed modifying ALGOUSD
0	14:03:37.049	trend_dtrader XAUUSD,H1: Failed modifying APTUSD
0	14:03:38.013	trend_dtrader XAUUSD,H1: Failed modifying ARBUSD
0	14:03:39.013	trend_dtrader XAUUSD,H1: Failed modifying ATOMUSD
0	14:03:40.009	trend_dtrader XAUUSD,H1: Failed modifying AUDUSD
0	14:03:41.010	trend_dtrader XAUUSD,H1: Failed modifying AVAXUSD
0	14:03:42.012	trend_dtrader XAUUSD,H1: Failed modifying AXSUSD
0	14:03:43.025	trend_dtrader XAUUSD,H1: Failed modifying BCHUSD
0	14:03:44.013	trend_dtrader XAUUSD,H1: Failed modifying BNBUSD
0	14:03:45.008	trend_dtrader XAUUSD,H1: Failed modifying BTCUSD
0	14:03:46.008	trend_dtrader XAUUSD,H1: Failed modifying DASHUSD
0	14:03:47.008	trend_dtrader XAUUSD,H1: Failed modifying DOGEUSD
0	14:03:48.086	trend_dtrader XAUUSD,H1: Failed modifying DOTUSD
0	14:03:49.015	trend_dtrader XAUUSD,H1: Failed modifying ETCUSD
0	14:03:50.032	trend_dtrader XAUUSD,H1: Failed modifying ETHUSD
0	14:03:51.029	trend_dtrader XAUUSD,H1: Failed modifying EURUSD
0	14:03:52.057	trend_dtrader XAUUSD,H1: Failed modifying FETUSD
0	14:03:53.026	trend_dtrader XAUUSD,H1: Failed modifying FILUSD
0	14:03:54.012	trend_dtrader XAUUSD,H1: Failed modifying FTMUSD
0	14:03:55.013	trend_dtrader XAUUSD,H1: Failed modifying GBPUSD
0	14:03:56.038	trend_dtrader XAUUSD,H1: Failed modifying GRTUSD
0	14:03:57.008	trend_dtrader XAUUSD,H1: Failed modifying ICPUSD
0	14:03:58.006	trend_dtrader XAUUSD,H1: Failed modifying IOTAUSD
0	14:03:59.017	trend_dtrader XAUUSD,H1: Failed modifying LINKUSD
0	14:04:00.039	trend_dtrader XAUUSD,H1: Failed modifying LRCUSD
0	14:04:01.013	trend_dtrader XAUUSD,H1: Failed modifying LTCUSD
0	14:04:02.007	trend_dtrader XAUUSD,H1: Failed modifying MANAUSD
0	14:04:03.015	trend_dtrader XAUUSD,H1: Failed modifying MATICUSD
0	14:04:04.041	trend_dtrader XAUUSD,H1: Failed modifying NEARUSD
0	14:04:05.038	trend_dtrader XAUUSD,H1: Failed modifying NZDUSD
0	14:04:06.012	trend_dtrader XAUUSD,H1: Failed modifying SOLUSD
0	14:04:07.027	trend_dtrader XAUUSD,H1: Failed modifying SUIUSD
0	14:04:08.007	trend_dtrader XAUUSD,H1: Failed modifying TRXUSD
0	14:04:09.011	trend_dtrader XAUUSD,H1: Failed modifying UNIUSD
0	14:04:10.039	trend_dtrader XAUUSD,H1: Failed modifying USDCAD
0	14:04:11.036	trend_dtrader XAUUSD,H1: Failed modifying USDCHF
0	14:04:12.063	trend_dtrader XAUUSD,H1: Failed modifying USDJPY
0	14:04:13.010	trend_dtrader XAUUSD,H1: Failed modifying USDMXN
0	14:04:14.009	trend_dtrader XAUUSD,H1: Failed modifying USDZAR
0	14:04:15.012	trend_dtrader XAUUSD,H1: Failed modifying XAGUSD
0	14:04:16.123	trend_dtrader XAUUSD,H1: Failed modifying XAUUSD
0	14:04:17.018	trend_dtrader XAUUSD,H1: Failed modifying XBRUSD
0	14:04:18.011	trend_dtrader XAUUSD,H1: Failed modifying XNGUSD
0	14:04:19.009	trend_dtrader XAUUSD,H1: Failed modifying XRPUSD
0	14:04:20.025	trend_dtrader XAUUSD,H1: Failed modifying XTIUSD
0	14:04:21.013	trend_dtrader XAUUSD,H1: Failed modifying AAVEUSD
0	14:04:22.052	trend_dtrader XAUUSD,H1: Failed modifying ADAUSD
0	14:04:23.010	trend_dtrader XAUUSD,H1: Failed modifying ALGOUSD
0	14:04:24.012	trend_dtrader XAUUSD,H1: Failed modifying APTUSD
0	14:04:25.006	trend_dtrader XAUUSD,H1: Failed modifying ARBUSD
0	14:04:26.028	trend_dtrader XAUUSD,H1: Failed modifying ATOMUSD
0	14:04:27.052	trend_dtrader XAUUSD,H1: Failed modifying AUDUSD
0	14:04:28.010	trend_dtrader XAUUSD,H1: Failed modifying AVAXUSD
0	14:04:29.020	trend_dtrader XAUUSD,H1: Failed modifying AXSUSD
0	14:04:30.010	trend_dtrader XAUUSD,H1: Failed modifying BCHUSD
0	14:04:31.016	trend_dtrader XAUUSD,H1: Failed modifying BNBUSD
0	14:04:32.029	trend_dtrader XAUUSD,H1: Failed modifying BTCUSD
0	14:04:33.031	trend_dtrader XAUUSD,H1: Failed modifying DASHUSD
0	14:04:34.030	trend_dtrader XAUUSD,H1: Failed modifying DOGEUSD
0	14:04:35.010	trend_dtrader XAUUSD,H1: Failed modifying DOTUSD
0	14:04:36.010	trend_dtrader XAUUSD,H1: Failed modifying ETCUSD
0	14:04:37.011	trend_dtrader XAUUSD,H1: Failed modifying ETHUSD
0	14:04:38.012	trend_dtrader XAUUSD,H1: Failed modifying EURUSD
0	14:04:39.021	trend_dtrader XAUUSD,H1: Failed modifying FETUSD
0	14:04:40.005	trend_dtrader XAUUSD,H1: Failed modifying FILUSD
0	14:04:41.019	trend_dtrader XAUUSD,H1: Failed modifying FTMUSD
0	14:04:42.013	trend_dtrader XAUUSD,H1: Failed modifying GBPUSD
0	14:04:43.010	trend_dtrader XAUUSD,H1: Failed modifying GRTUSD
0	14:04:44.013	trend_dtrader XAUUSD,H1: Failed modifying ICPUSD
0	14:04:45.007	trend_dtrader XAUUSD,H1: Failed modifying IOTAUSD
0	14:04:46.011	trend_dtrader XAUUSD,H1: Failed modifying LINKUSD
0	14:04:47.009	trend_dtrader XAUUSD,H1: Failed modifying LRCUSD
0	14:04:48.006	trend_dtrader XAUUSD,H1: Failed modifying LTCUSD
0	14:04:49.011	trend_dtrader XAUUSD,H1: Failed modifying MANAUSD
0	14:04:50.007	trend_dtrader XAUUSD,H1: Failed modifying MATICUSD
0	14:04:51.008	trend_dtrader XAUUSD,H1: Failed modifying NEARUSD
0	14:04:52.033	trend_dtrader XAUUSD,H1: Failed modifying NZDUSD
0	14:04:53.035	trend_dtrader XAUUSD,H1: Failed modifying SOLUSD
0	14:04:54.028	trend_dtrader XAUUSD,H1: Failed modifying SUIUSD
0	14:04:58.012	trend_dtrader XAUUSD,H1: Failed modifying USDCHF
0	14:04:59.028	trend_dtrader XAUUSD,H1: Failed modifying USDJPY
0	14:05:00.010	trend_dtrader XAUUSD,H1: Failed modifying USDMXN
0	14:05:01.007	trend_dtrader XAUUSD,H1: Failed modifying USDZAR
0	14:05:02.009	trend_dtrader XAUUSD,H1: Failed modifying XAGUSD
0	14:05:03.007	trend_dtrader XAUUSD,H1: Failed modifying XAUUSD
0	14:05:04.006	trend_dtrader XAUUSD,H1: Failed modifying XBRUSD
0	14:05:05.009	trend_dtrader XAUUSD,H1: Failed modifying XNGUSD
0	14:05:06.005	trend_dtrader XAUUSD,H1: Failed modifying XRPUSD
0	14:05:07.051	trend_dtrader XAUUSD,H1: Failed modifying XTIUSD
0	14:05:08.118	trend_dtrader XAUUSD,H1: Failed modifying AAVEUSD
0	14:05:09.011	trend_dtrader XAUUSD,H1: Failed modifying ADAUSD
0	14:05:10.014	trend_dtrader XAUUSD,H1: Failed modifying ALGOUSD
0	14:05:11.038	trend_dtrader XAUUSD,H1: Failed modifying APTUSD
0	14:05:12.011	trend_dtrader XAUUSD,H1: Failed modifying ARBUSD
0	14:05:38.010	trend_dtrader XAUUSD,H1: Failed modifying NEARUSD
0	14:05:39.007	trend_dtrader XAUUSD,H1: Failed modifying NZDUSD
0	14:06:25.009	trend_dtrader XAUUSD,H1: Failed modifying NEARUSD
0	14:06:26.010	trend_dtrader XAUUSD,H1: Failed modifying NZDUSD
0	14:06:27.011	trend_dtrader XAUUSD,H1: Failed modifying SOLUSD
0	14:06:28.006	trend_dtrader XAUUSD,H1: Failed modifying SUIUSD
0	14:06:29.009	trend_dtrader XAUUSD,H1: Failed modifying TRXUSD
0	14:06:30.006	trend_dtrader XAUUSD,H1: Failed modifying UNIUSD
0	14:06:31.009	trend_dtrader XAUUSD,H1: Failed modifying USDCAD
0	14:06:32.010	trend_dtrader XAUUSD,H1: Failed modifying USDCHF
0	14:06:33.007	trend_dtrader XAUUSD,H1: Failed modifying USDJPY
0	14:06:34.014	trend_dtrader XAUUSD,H1: Failed modifying USDMXN
0	14:06:35.005	trend_dtrader XAUUSD,H1: Failed modifying USDZAR
0	14:06:36.038	trend_dtrader XAUUSD,H1: Failed modifying XAGUSD
0	14:06:37.007	trend_dtrader XAUUSD,H1: Failed modifying XAUUSD
0	14:06:38.007	trend_dtrader XAUUSD,H1: Failed modifying XBRUSD
0	14:06:39.007	trend_dtrader XAUUSD,H1: Failed modifying XNGUSD
0	14:06:40.006	trend_dtrader XAUUSD,H1: Failed modifying XRPUSD
0	14:06:41.024	trend_dtrader XAUUSD,H1: Failed modifying XTIUSD
0	14:06:42.013	trend_dtrader XAUUSD,H1: Failed modifying AAVEUSD
0	14:06:43.009	trend_dtrader XAUUSD,H1: Failed modifying ADAUSD
0	14:06:44.014	trend_dtrader XAUUSD,H1: Failed modifying ALGOUSD
0	14:06:45.006	trend_dtrader XAUUSD,H1: Failed modifying APTUSD
0	14:06:46.008	trend_dtrader XAUUSD,H1: Failed modifying ARBUSD
0	14:06:47.011	trend_dtrader XAUUSD,H1: Failed modifying ATOMUSD
0	14:06:48.009	trend_dtrader XAUUSD,H1: Failed modifying AUDUSD
0	14:06:49.007	trend_dtrader XAUUSD,H1: Failed modifying AVAXUSD
0	14:06:50.011	trend_dtrader XAUUSD,H1: Failed modifying AXSUSD
0	14:06:51.013	trend_dtrader XAUUSD,H1: Failed modifying BCHUSD
0	14:06:52.033	trend_dtrader XAUUSD,H1: Failed modifying BNBUSD
0	14:06:53.011	trend_dtrader XAUUSD,H1: Failed modifying BTCUSD
0	14:06:54.033	trend_dtrader XAUUSD,H1: Failed modifying DASHUSD
0	14:06:55.010	trend_dtrader XAUUSD,H1: Failed modifying DOGEUSD
0	14:06:56.014	trend_dtrader XAUUSD,H1: Failed modifying DOTUSD
0	14:06:57.009	trend_dtrader XAUUSD,H1: Failed modifying ETCUSD
0	14:06:58.011	trend_dtrader XAUUSD,H1: Failed modifying ETHUSD
0	14:06:59.011	trend_dtrader XAUUSD,H1: Failed modifying EURUSD
0	14:07:00.041	trend_dtrader XAUUSD,H1: Failed modifying FETUSD
0	14:07:01.010	trend_dtrader XAUUSD,H1: Failed modifying FILUSD
0	14:07:02.039	trend_dtrader XAUUSD,H1: Failed modifying FTMUSD
0	14:07:03.011	trend_dtrader XAUUSD,H1: Failed modifying GBPUSD
0	14:07:04.008	trend_dtrader XAUUSD,H1: Failed modifying GRTUSD
0	14:07:05.013	trend_dtrader XAUUSD,H1: Failed modifying ICPUSD
0	14:07:06.003	trend_dtrader XAUUSD,H1: Failed modifying IOTAUSD
0	14:07:07.011	trend_dtrader XAUUSD,H1: Failed modifying LINKUSD
0	14:07:08.007	trend_dtrader XAUUSD,H1: Failed modifying LRCUSD
0	14:07:09.007	trend_dtrader XAUUSD,H1: Failed modifying LTCUSD
0	14:07:10.028	trend_dtrader XAUUSD,H1: Failed modifying MANAUSD
0	14:07:11.010	trend_dtrader XAUUSD,H1: Failed modifying MATICUSD
0	14:07:12.010	trend_dtrader XAUUSD,H1: Failed modifying NEARUSD
0	14:07:13.009	trend_dtrader XAUUSD,H1: Failed modifying NZDUSD
0	14:07:14.035	trend_dtrader XAUUSD,H1: Failed modifying SOLUSD
0	14:07:15.006	trend_dtrader XAUUSD,H1: Failed modifying SUIUSD
0	14:07:16.016	trend_dtrader XAUUSD,H1: Failed modifying TRXUSD
0	14:07:17.019	trend_dtrader XAUUSD,H1: Failed modifying UNIUSD
0	14:07:18.011	trend_dtrader XAUUSD,H1: Failed modifying USDCAD
0	14:07:19.013	trend_dtrader XAUUSD,H1: Failed modifying USDCHF
0	14:07:20.036	trend_dtrader XAUUSD,H1: Failed modifying USDJPY
0	14:07:21.031	trend_dtrader XAUUSD,H1: Failed modifying USDMXN
0	14:07:22.008	trend_dtrader XAUUSD,H1: Failed modifying USDZAR
0	14:07:23.099	trend_dtrader XAUUSD,H1: Failed modifying XAGUSD
0	14:07:24.028	trend_dtrader XAUUSD,H1: Failed modifying XAUUSD
0	14:07:25.050	trend_dtrader XAUUSD,H1: Failed modifying XBRUSD
0	14:07:26.007	trend_dtrader XAUUSD,H1: Failed modifying XNGUSD
0	14:07:27.004	trend_dtrader XAUUSD,H1: Failed modifying XRPUSD
0	14:07:28.008	trend_dtrader XAUUSD,H1: Failed modifying XTIUSD
0	14:07:29.009	trend_dtrader XAUUSD,H1: Failed modifying AAVEUSD
0	14:07:30.007	trend_dtrader XAUUSD,H1: Failed modifying ADAUSD
0	14:07:31.033	trend_dtrader XAUUSD,H1: Failed modifying ALGOUSD
0	14:07:32.012	trend_dtrader XAUUSD,H1: Failed modifying APTUSD
0	14:07:33.076	trend_dtrader XAUUSD,H1: Failed modifying ARBUSD
0	14:07:34.038	trend_dtrader XAUUSD,H1: Failed modifying ATOMUSD
0	14:07:35.010	trend_dtrader XAUUSD,H1: Failed modifying AUDUSD
0	14:07:36.022	trend_dtrader XAUUSD,H1: Failed modifying AVAXUSD
0	14:07:37.011	trend_dtrader XAUUSD,H1: Failed modifying AXSUSD
0	14:07:38.045	trend_dtrader XAUUSD,H1: Failed modifying BCHUSD
0	14:07:39.013	trend_dtrader XAUUSD,H1: Failed modifying BNBUSD
0	14:07:40.008	trend_dtrader XAUUSD,H1: Failed modifying BTCUSD
0	14:07:41.006	trend_dtrader XAUUSD,H1: Failed modifying DASHUSD
0	14:07:42.006	trend_dtrader XAUUSD,H1: Failed modifying DOGEUSD
0	14:07:43.012	trend_dtrader XAUUSD,H1: Failed modifying DOTUSD
0	14:07:44.009	trend_dtrader XAUUSD,H1: Failed modifying ETCUSD
0	14:07:45.013	trend_dtrader XAUUSD,H1: Failed modifying ETHUSD
0	14:07:46.012	trend_dtrader XAUUSD,H1: Failed modifying EURUSD
0	14:07:47.009	trend_dtrader XAUUSD,H1: Failed modifying FETUSD
0	14:07:48.043	trend_dtrader XAUUSD,H1: Failed modifying FILUSD
0	14:07:49.012	trend_dtrader XAUUSD,H1: Failed modifying FTMUSD
0	14:07:50.014	trend_dtrader XAUUSD,H1: Failed modifying GBPUSD
0	14:07:51.009	trend_dtrader XAUUSD,H1: Failed modifying GRTUSD
0	14:07:52.008	trend_dtrader XAUUSD,H1: Failed modifying ICPUSD
0	14:07:53.002	trend_dtrader XAUUSD,H1: Failed modifying IOTAUSD
0	14:07:54.033	trend_dtrader XAUUSD,H1: Failed modifying LINKUSD
0	14:07:55.007	trend_dtrader XAUUSD,H1: Failed modifying LRCUSD
0	14:07:56.011	trend_dtrader XAUUSD,H1: Failed modifying LTCUSD
0	14:07:57.006	trend_dtrader XAUUSD,H1: Failed modifying MANAUSD
0	14:07:58.129	trend_dtrader XAUUSD,H1: Failed modifying MATICUSD
0	14:07:59.010	trend_dtrader XAUUSD,H1: Failed modifying NEARUSD
0	14:08:00.010	trend_dtrader XAUUSD,H1: Failed modifying NZDUSD
0	14:08:01.010	trend_dtrader XAUUSD,H1: Failed modifying SOLUSD
0	14:08:02.008	trend_dtrader XAUUSD,H1: Failed modifying SUIUSD
0	14:08:03.008	trend_dtrader XAUUSD,H1: Failed modifying TRXUSD
0	14:08:04.011	trend_dtrader XAUUSD,H1: Failed modifying UNIUSD
0	14:08:05.011	trend_dtrader XAUUSD,H1: Failed modifying USDCAD
0	14:08:06.009	trend_dtrader XAUUSD,H1: Failed modifying USDCHF
0	14:08:07.006	trend_dtrader XAUUSD,H1: Failed modifying USDJPY
0	14:08:08.016	trend_dtrader XAUUSD,H1: Failed modifying USDMXN
0	14:08:09.009	trend_dtrader XAUUSD,H1: Failed modifying USDZAR
0	14:08:10.004	trend_dtrader XAUUSD,H1: Failed modifying XAGUSD
0	14:08:11.006	trend_dtrader XAUUSD,H1: Failed modifying XAUUSD
0	14:08:12.008	trend_dtrader XAUUSD,H1: Failed modifying XBRUSD
0	14:08:13.009	trend_dtrader XAUUSD,H1: Failed modifying XNGUSD
0	14:08:14.032	trend_dtrader XAUUSD,H1: Failed modifying XRPUSD
0	14:08:15.009	trend_dtrader XAUUSD,H1: Failed modifying XTIUSD
0	14:08:16.012	trend_dtrader XAUUSD,H1: Failed modifying AAVEUSD
0	14:08:17.058	trend_dtrader XAUUSD,H1: Failed modifying ADAUSD
0	14:08:18.006	trend_dtrader XAUUSD,H1: Failed modifying ALGOUSD
0	14:08:19.007	trend_dtrader XAUUSD,H1: Failed modifying APTUSD
0	14:08:20.009	trend_dtrader XAUUSD,H1: Failed modifying ARBUSD
0	14:08:21.011	trend_dtrader XAUUSD,H1: Failed modifying ATOMUSD
0	14:08:22.009	trend_dtrader XAUUSD,H1: Failed modifying AUDUSD
0	14:08:23.006	trend_dtrader XAUUSD,H1: Failed modifying AVAXUSD
0	14:08:24.007	trend_dtrader XAUUSD,H1: Failed modifying AXSUSD
0	14:08:25.009	trend_dtrader XAUUSD,H1: Failed modifying BCHUSD
0	14:08:26.015	trend_dtrader XAUUSD,H1: Failed modifying BNBUSD
0	14:08:27.009	trend_dtrader XAUUSD,H1: Failed modifying BTCUSD
0	14:08:28.080	trend_dtrader XAUUSD,H1: Failed modifying DASHUSD
0	14:08:29.007	trend_dtrader XAUUSD,H1: Failed modifying DOGEUSD
0	14:08:30.011	trend_dtrader XAUUSD,H1: Failed modifying DOTUSD
0	14:08:31.009	trend_dtrader XAUUSD,H1: Failed modifying ETCUSD
0	14:08:32.006	trend_dtrader XAUUSD,H1: Failed modifying ETHUSD
0	14:08:33.013	trend_dtrader XAUUSD,H1: Failed modifying EURUSD
0	14:08:34.010	trend_dtrader XAUUSD,H1: Failed modifying FETUSD
0	14:08:35.007	trend_dtrader XAUUSD,H1: Failed modifying FILUSD
0	14:08:36.014	trend_dtrader XAUUSD,H1: Failed modifying FTMUSD
0	14:08:37.035	trend_dtrader XAUUSD,H1: Failed modifying GBPUSD
0	14:08:38.009	trend_dtrader XAUUSD,H1: Failed modifying GRTUSD
0	14:08:39.116	trend_dtrader XAUUSD,H1: Failed modifying ICPUSD
0	14:08:40.007	trend_dtrader XAUUSD,H1: Failed modifying IOTAUSD
0	14:08:41.012	trend_dtrader XAUUSD,H1: Failed modifying LINKUSD
0	14:08:42.028	trend_dtrader XAUUSD,H1: Failed modifying LRCUSD
0	14:08:43.011	trend_dtrader XAUUSD,H1: Failed modifying LTCUSD
0	14:08:44.012	trend_dtrader XAUUSD,H1: Failed modifying MANAUSD
0	14:08:45.009	trend_dtrader XAUUSD,H1: Failed modifying MATICUSD
0	14:08:46.010	trend_dtrader XAUUSD,H1: Failed modifying NEARUSD
0	14:08:47.005	trend_dtrader XAUUSD,H1: Failed modifying NZDUSD
0	14:08:48.010	trend_dtrader XAUUSD,H1: Failed modifying SOLUSD
0	14:08:49.006	trend_dtrader XAUUSD,H1: Failed modifying SUIUSD
0	14:08:50.008	trend_dtrader XAUUSD,H1: Failed modifying TRXUSD
0	14:08:51.009	trend_dtrader XAUUSD,H1: Failed modifying UNIUSD
0	14:08:52.013	trend_dtrader XAUUSD,H1: Failed modifying USDCAD
0	14:08:53.013	trend_dtrader XAUUSD,H1: Failed modifying USDCHF
0	14:08:54.007	trend_dtrader XAUUSD,H1: Failed modifying USDJPY
0	14:08:55.014	trend_dtrader XAUUSD,H1: Failed modifying USDMXN
0	14:08:56.007	trend_dtrader XAUUSD,H1: Failed modifying USDZAR
0	14:08:57.090	trend_dtrader XAUUSD,H1: Failed modifying XAGUSD
0	14:08:58.009	trend_dtrader XAUUSD,H1: Failed modifying XAUUSD
0	14:08:59.008	trend_dtrader XAUUSD,H1: Failed modifying XBRUSD
0	14:09:00.031	trend_dtrader XAUUSD,H1: Failed modifying XNGUSD
0	14:09:01.007	trend_dtrader XAUUSD,H1: Failed modifying XRPUSD
0	14:09:02.007	trend_dtrader XAUUSD,H1: Failed modifying XTIUSD
0	14:09:03.011	trend_dtrader XAUUSD,H1: Failed modifying AAVEUSD
0	14:09:04.013	trend_dtrader XAUUSD,H1: Failed modifying ADAUSD
0	14:09:05.009	trend_dtrader XAUUSD,H1: Failed modifying ALGOUSD
0	14:09:06.054	trend_dtrader XAUUSD,H1: Failed modifying APTUSD
0	14:09:07.113	trend_dtrader XAUUSD,H1: Failed modifying ARBUSD
0	14:09:08.011	trend_dtrader XAUUSD,H1: Failed modifying ATOMUSD
0	14:09:09.009	trend_dtrader XAUUSD,H1: Failed modifying AUDUSD
0	14:09:10.071	trend_dtrader XAUUSD,H1: Failed modifying AVAXUSD
0	14:09:11.051	trend_dtrader XAUUSD,H1: Failed modifying AXSUSD
0	14:09:12.010	trend_dtrader XAUUSD,H1: Failed modifying BCHUSD
0	14:09:13.008	trend_dtrader XAUUSD,H1: Failed modifying BNBUSD
0	14:09:14.017	trend_dtrader XAUUSD,H1: Failed modifying BTCUSD
0	14:09:15.008	trend_dtrader XAUUSD,H1: Failed modifying DASHUSD
0	14:09:16.007	trend_dtrader XAUUSD,H1: Failed modifying DOGEUSD
0	14:09:17.014	trend_dtrader XAUUSD,H1: Failed modifying DOTUSD
0	14:09:18.007	trend_dtrader XAUUSD,H1: Failed modifying ETCUSD
0	14:09:19.019	trend_dtrader XAUUSD,H1: Failed modifying ETHUSD
0	14:09:20.012	trend_dtrader XAUUSD,H1: Failed modifying EURUSD
0	14:09:21.007	trend_dtrader XAUUSD,H1: Failed modifying FETUSD
0	14:09:22.021	trend_dtrader XAUUSD,H1: Failed modifying FILUSD
0	14:09:23.009	trend_dtrader XAUUSD,H1: Failed modifying FTMUSD
0	14:09:24.029	trend_dtrader XAUUSD,H1: Failed modifying GBPUSD
0	14:09:25.012	trend_dtrader XAUUSD,H1: Failed modifying GRTUSD
0	14:09:26.009	trend_dtrader XAUUSD,H1: Failed modifying ICPUSD
0	14:09:27.004	trend_dtrader XAUUSD,H1: Failed modifying IOTAUSD
0	14:09:28.051	trend_dtrader XAUUSD,H1: Failed modifying LINKUSD
0	14:09:29.009	trend_dtrader XAUUSD,H1: Failed modifying LRCUSD
0	14:09:30.044	trend_dtrader XAUUSD,H1: Failed modifying LTCUSD
0	14:09:31.004	trend_dtrader XAUUSD,H1: Failed modifying MANAUSD
0	14:09:32.008	trend_dtrader XAUUSD,H1: Failed modifying MATICUSD
0	14:09:33.007	trend_dtrader XAUUSD,H1: Failed modifying NEARUSD
0	14:09:34.010	trend_dtrader XAUUSD,H1: Failed modifying NZDUSD
0	14:09:35.071	trend_dtrader XAUUSD,H1: Failed modifying SOLUSD
0	14:09:36.008	trend_dtrader XAUUSD,H1: Failed modifying SUIUSD
0	14:09:37.009	trend_dtrader XAUUSD,H1: Failed modifying TRXUSD
0	14:09:38.008	trend_dtrader XAUUSD,H1: Failed modifying UNIUSD
0	14:09:39.013	trend_dtrader XAUUSD,H1: Failed modifying USDCAD
0	14:09:40.010	trend_dtrader XAUUSD,H1: Failed modifying USDCHF
0	14:09:41.011	trend_dtrader XAUUSD,H1: Failed modifying USDJPY
0	14:09:42.013	trend_dtrader XAUUSD,H1: Failed modifying USDMXN
0	14:09:43.010	trend_dtrader XAUUSD,H1: Failed modifying USDZAR
0	14:09:44.004	trend_dtrader XAUUSD,H1: Failed modifying XAGUSD
0	14:09:45.007	trend_dtrader XAUUSD,H1: Failed modifying XAUUSD
0	14:09:46.011	trend_dtrader XAUUSD,H1: Failed modifying XBRUSD
0	14:09:47.041	trend_dtrader XAUUSD,H1: Failed modifying XNGUSD
0	14:09:48.005	trend_dtrader XAUUSD,H1: Failed modifying XRPUSD
0	14:09:49.045	trend_dtrader XAUUSD,H1: Failed modifying XTIUSD
0	14:09:50.038	trend_dtrader XAUUSD,H1: Failed modifying AAVEUSD
0	14:09:51.008	trend_dtrader XAUUSD,H1: Failed modifying ADAUSD
0	14:09:52.011	trend_dtrader XAUUSD,H1: Failed modifying ALGOUSD
0	14:09:53.009	trend_dtrader XAUUSD,H1: Failed modifying APTUSD
0	14:09:54.053	trend_dtrader XAUUSD,H1: Failed modifying ARBUSD
0	14:09:55.010	trend_dtrader XAUUSD,H1: Failed modifying ATOMUSD
0	14:09:56.009	trend_dtrader XAUUSD,H1: Failed modifying AUDUSD
0	14:09:57.011	trend_dtrader XAUUSD,H1: Failed modifying AVAXUSD
0	14:09:58.009	trend_dtrader XAUUSD,H1: Failed modifying AXSUSD
0	14:09:59.010	trend_dtrader XAUUSD,H1: Failed modifying BCHUSD
0	14:10:00.008	trend_dtrader XAUUSD,H1: Failed modifying BNBUSD
0	14:10:01.008	trend_dtrader XAUUSD,H1: Failed modifying BTCUSD
0	14:10:02.003	trend_dtrader XAUUSD,H1: Failed modifying DASHUSD
0	14:10:03.039	trend_dtrader XAUUSD,H1: Failed modifying DOGEUSD
0	14:10:04.009	trend_dtrader XAUUSD,H1: Failed modifying DOTUSD
0	14:10:05.011	trend_dtrader XAUUSD,H1: Failed modifying ETCUSD
0	14:10:06.112	trend_dtrader XAUUSD,H1: Failed modifying ETHUSD
0	14:10:07.114	trend_dtrader XAUUSD,H1: Failed modifying EURUSD
0	14:10:08.010	trend_dtrader XAUUSD,H1: Failed modifying FETUSD
0	14:10:09.066	trend_dtrader XAUUSD,H1: Failed modifying FILUSD
0	14:10:10.009	trend_dtrader XAUUSD,H1: Failed modifying FTMUSD
0	14:10:11.011	trend_dtrader XAUUSD,H1: Failed modifying GBPUSD
0	14:10:12.029	trend_dtrader XAUUSD,H1: Failed modifying GRTUSD
0	14:10:13.019	trend_dtrader XAUUSD,H1: Failed modifying ICPUSD
0	14:10:14.005	trend_dtrader XAUUSD,H1: Failed modifying IOTAUSD
0	14:10:15.009	trend_dtrader XAUUSD,H1: Failed modifying LINKUSD
0	14:10:16.010	trend_dtrader XAUUSD,H1: Failed modifying LRCUSD
0	14:10:17.008	trend_dtrader XAUUSD,H1: Failed modifying LTCUSD
0	14:10:18.009	trend_dtrader XAUUSD,H1: Failed modifying MANAUSD
0	14:10:19.008	trend_dtrader XAUUSD,H1: Failed modifying MATICUSD
0	14:10:20.012	trend_dtrader XAUUSD,H1: Failed modifying NEARUSD
0	14:10:21.010	trend_dtrader XAUUSD,H1: Failed modifying NZDUSD
0	14:10:22.010	trend_dtrader XAUUSD,H1: Failed modifying SOLUSD
0	14:10:23.026	trend_dtrader XAUUSD,H1: Failed modifying SUIUSD
0	14:10:24.009	trend_dtrader XAUUSD,H1: Failed modifying TRXUSD
0	14:10:25.007	trend_dtrader XAUUSD,H1: Failed modifying UNIUSD
0	14:10:26.009	trend_dtrader XAUUSD,H1: Failed modifying USDCAD
0	14:10:27.009	trend_dtrader XAUUSD,H1: Failed modifying USDCHF
0	14:10:28.009	trend_dtrader XAUUSD,H1: Failed modifying USDJPY
0	14:10:29.109	trend_dtrader XAUUSD,H1: Failed modifying USDMXN
0	14:10:30.008	trend_dtrader XAUUSD,H1: Failed modifying USDZAR
0	14:10:31.006	trend_dtrader XAUUSD,H1: Failed modifying XAGUSD
0	14:10:32.009	trend_dtrader XAUUSD,H1: Failed modifying XAUUSD
0	14:10:33.027	trend_dtrader XAUUSD,H1: Failed modifying XBRUSD
0	14:10:34.011	trend_dtrader XAUUSD,H1: Failed modifying XNGUSD
0	14:10:35.005	trend_dtrader XAUUSD,H1: Failed modifying XRPUSD
0	14:10:36.006	trend_dtrader XAUUSD,H1: Failed modifying XTIUSD
0	14:10:37.012	trend_dtrader XAUUSD,H1: Failed modifying AAVEUSD
0	14:10:38.009	trend_dtrader XAUUSD,H1: Failed modifying ADAUSD
0	14:10:39.011	trend_dtrader XAUUSD,H1: Failed modifying ALGOUSD
0	14:10:40.013	trend_dtrader XAUUSD,H1: Failed modifying APTUSD
0	14:10:41.013	trend_dtrader XAUUSD,H1: Failed modifying ARBUSD
0	14:10:42.010	trend_dtrader XAUUSD,H1: Failed modifying ATOMUSD
0	14:10:43.008	trend_dtrader XAUUSD,H1: Failed modifying AUDUSD
0	14:10:44.011	trend_dtrader XAUUSD,H1: Failed modifying AVAXUSD
0	14:10:45.008	trend_dtrader XAUUSD,H1: Failed modifying AXSUSD
0	14:10:46.042	trend_dtrader XAUUSD,H1: Failed modifying BCHUSD
0	14:10:47.012	trend_dtrader XAUUSD,H1: Failed modifying BNBUSD
0	14:10:48.146	trend_dtrader XAUUSD,H1: Failed modifying BTCUSD
0	14:10:49.007	trend_dtrader XAUUSD,H1: Failed modifying DASHUSD
0	14:10:50.009	trend_dtrader XAUUSD,H1: Failed modifying DOGEUSD
0	14:10:51.017	trend_dtrader XAUUSD,H1: Failed modifying DOTUSD
0	14:10:52.011	trend_dtrader XAUUSD,H1: Failed modifying ETCUSD
0	14:10:53.011	trend_dtrader XAUUSD,H1: Failed modifying ETHUSD
0	14:10:54.012	trend_dtrader XAUUSD,H1: Failed modifying EURUSD
0	14:10:55.010	trend_dtrader XAUUSD,H1: Failed modifying FETUSD
0	14:10:56.006	trend_dtrader XAUUSD,H1: Failed modifying FILUSD
0	14:10:57.008	trend_dtrader XAUUSD,H1: Failed modifying FTMUSD
0	14:10:58.080	trend_dtrader XAUUSD,H1: Failed modifying GBPUSD
0	14:10:59.006	trend_dtrader XAUUSD,H1: Failed modifying GRTUSD
0	14:11:00.010	trend_dtrader XAUUSD,H1: Failed modifying ICPUSD
0	14:11:01.005	trend_dtrader XAUUSD,H1: Failed modifying IOTAUSD
0	14:11:02.045	trend_dtrader XAUUSD,H1: Failed modifying LINKUSD
0	14:11:03.030	trend_dtrader XAUUSD,H1: Failed modifying LRCUSD
0	14:11:04.010	trend_dtrader XAUUSD,H1: Failed modifying LTCUSD
0	14:11:05.012	trend_dtrader XAUUSD,H1: Failed modifying MANAUSD
0	14:11:06.007	trend_dtrader XAUUSD,H1: Failed modifying MATICUSD
0	14:11:07.007	trend_dtrader XAUUSD,H1: Failed modifying NEARUSD
0	14:11:08.008	trend_dtrader XAUUSD,H1: Failed modifying NZDUSD
0	14:11:09.009	trend_dtrader XAUUSD,H1: Failed modifying SOLUSD
0	14:11:10.013	trend_dtrader XAUUSD,H1: Failed modifying SUIUSD
0	14:11:11.050	trend_dtrader XAUUSD,H1: Failed modifying TRXUSD
0	14:11:12.077	trend_dtrader XAUUSD,H1: Failed modifying UNIUSD
0	14:11:13.012	trend_dtrader XAUUSD,H1: Failed modifying USDCAD
0	14:11:14.013	trend_dtrader XAUUSD,H1: Failed modifying USDCHF
0	14:11:15.007	trend_dtrader XAUUSD,H1: Failed modifying USDJPY
0	14:11:16.110	trend_dtrader XAUUSD,H1: Failed modifying USDMXN
0	14:11:17.010	trend_dtrader XAUUSD,H1: Failed modifying USDZAR
0	14:11:18.004	trend_dtrader XAUUSD,H1: Failed modifying XAGUSD
0	14:11:19.037	trend_dtrader XAUUSD,H1: Failed modifying XAUUSD
0	14:11:20.011	trend_dtrader XAUUSD,H1: Failed modifying XBRUSD
0	14:11:21.055	trend_dtrader XAUUSD,H1: Failed modifying XNGUSD
0	14:11:22.004	trend_dtrader XAUUSD,H1: Failed modifying XRPUSD
0	14:11:23.032	trend_dtrader XAUUSD,H1: Failed modifying XTIUSD
0	14:11:24.014	trend_dtrader XAUUSD,H1: Failed modifying AAVEUSD
0	14:11:25.011	trend_dtrader XAUUSD,H1: Failed modifying ADAUSD
0	14:11:26.011	trend_dtrader XAUUSD,H1: Failed modifying ALGOUSD
0	14:11:27.013	trend_dtrader XAUUSD,H1: Failed modifying APTUSD
0	14:11:28.010	trend_dtrader XAUUSD,H1: Failed modifying ARBUSD
0	14:11:29.008	trend_dtrader XAUUSD,H1: Failed modifying ATOMUSD
0	14:11:30.009	trend_dtrader XAUUSD,H1: Failed modifying AUDUSD
0	14:11:31.013	trend_dtrader XAUUSD,H1: Failed modifying AVAXUSD
0	14:11:32.013	trend_dtrader XAUUSD,H1: Failed modifying AXSUSD
0	14:11:33.011	trend_dtrader XAUUSD,H1: Failed modifying BCHUSD
0	14:11:34.011	trend_dtrader XAUUSD,H1: Failed modifying BNBUSD
0	14:11:35.011	trend_dtrader XAUUSD,H1: Failed modifying BTCUSD
0	14:11:36.008	trend_dtrader XAUUSD,H1: Failed modifying DASHUSD
0	14:11:37.009	trend_dtrader XAUUSD,H1: Failed modifying DOGEUSD
0	14:11:38.014	trend_dtrader XAUUSD,H1: Failed modifying DOTUSD
0	14:11:39.053	trend_dtrader XAUUSD,H1: Failed modifying ETCUSD
0	14:11:40.010	trend_dtrader XAUUSD,H1: Failed modifying ETHUSD
0	14:11:41.013	trend_dtrader XAUUSD,H1: Failed modifying EURUSD
0	14:11:42.009	trend_dtrader XAUUSD,H1: Failed modifying FETUSD
0	14:11:43.006	trend_dtrader XAUUSD,H1: Failed modifying FILUSD
0	14:11:44.064	trend_dtrader XAUUSD,H1: Failed modifying FTMUSD
0	14:11:45.013	trend_dtrader XAUUSD,H1: Failed modifying GBPUSD
0	14:11:46.010	trend_dtrader XAUUSD,H1: Failed modifying GRTUSD
0	14:11:47.062	trend_dtrader XAUUSD,H1: Failed modifying ICPUSD
0	14:11:48.004	trend_dtrader XAUUSD,H1: Failed modifying IOTAUSD
0	14:11:49.012	trend_dtrader XAUUSD,H1: Failed modifying LINKUSD
0	14:11:50.050	trend_dtrader XAUUSD,H1: Failed modifying LRCUSD
0	14:11:51.009	trend_dtrader XAUUSD,H1: Failed modifying LTCUSD
0	14:11:52.023	trend_dtrader XAUUSD,H1: Failed modifying MANAUSD
0	14:11:53.024	trend_dtrader XAUUSD,H1: Failed modifying MATICUSD
0	14:11:54.008	trend_dtrader XAUUSD,H1: Failed modifying NEARUSD
0	14:11:55.011	trend_dtrader XAUUSD,H1: Failed modifying NZDUSD
0	14:11:56.012	trend_dtrader XAUUSD,H1: Failed modifying SOLUSD
0	14:11:57.005	trend_dtrader XAUUSD,H1: Failed modifying SUIUSD
0	14:11:58.011	trend_dtrader XAUUSD,H1: Failed modifying TRXUSD
0	14:11:59.014	trend_dtrader XAUUSD,H1: Failed modifying UNIUSD
0	14:12:00.011	trend_dtrader XAUUSD,H1: Failed modifying USDCAD
0	14:12:01.007	trend_dtrader XAUUSD,H1: Failed modifying USDCHF
0	14:12:02.060	trend_dtrader XAUUSD,H1: Failed modifying USDJPY
0	14:12:03.010	trend_dtrader XAUUSD,H1: Failed modifying USDMXN
0	14:12:04.008	trend_dtrader XAUUSD,H1: Failed modifying USDZAR
0	14:12:05.031	trend_dtrader XAUUSD,H1: Failed modifying XAGUSD
0	14:12:06.008	trend_dtrader XAUUSD,H1: Failed modifying XAUUSD
0	14:12:07.007	trend_dtrader XAUUSD,H1: Failed modifying XBRUSD
0	14:12:08.057	trend_dtrader XAUUSD,H1: Failed modifying XNGUSD
0	14:12:09.005	trend_dtrader XAUUSD,H1: Failed modifying XRPUSD
0	14:12:10.007	trend_dtrader XAUUSD,H1: Failed modifying XTIUSD
0	14:12:11.015	trend_dtrader XAUUSD,H1: Failed modifying AAVEUSD
0	14:12:12.008	trend_dtrader XAUUSD,H1: Failed modifying ADAUSD
0	14:12:13.015	trend_dtrader XAUUSD,H1: Failed modifying ALGOUSD
0	14:12:14.028	trend_dtrader XAUUSD,H1: Failed modifying APTUSD
0	14:12:15.063	trend_dtrader XAUUSD,H1: Failed modifying ARBUSD
0	14:12:16.026	trend_dtrader XAUUSD,H1: Failed modifying ATOMUSD
0	14:12:17.034	trend_dtrader XAUUSD,H1: Failed modifying AUDUSD
0	14:12:18.033	trend_dtrader XAUUSD,H1: Failed modifying AVAXUSD
0	14:12:19.230	trend_dtrader XAUUSD,H1: Failed modifying AXSUSD
0	14:12:20.017	trend_dtrader XAUUSD,H1: Failed modifying BCHUSD
0	14:12:21.014	trend_dtrader XAUUSD,H1: Failed modifying BNBUSD
0	14:12:22.016	trend_dtrader XAUUSD,H1: Failed modifying BTCUSD
0	14:12:23.010	trend_dtrader XAUUSD,H1: Failed modifying DASHUSD
0	14:12:24.009	trend_dtrader XAUUSD,H1: Failed modifying DOGEUSD
0	14:12:25.011	trend_dtrader XAUUSD,H1: Failed modifying DOTUSD
0	14:12:26.007	trend_dtrader XAUUSD,H1: Failed modifying ETCUSD
0	14:12:27.015	trend_dtrader XAUUSD,H1: Failed modifying ETHUSD
0	14:12:28.012	trend_dtrader XAUUSD,H1: Failed modifying EURUSD
0	14:12:29.035	trend_dtrader XAUUSD,H1: Failed modifying FETUSD
0	14:12:30.011	trend_dtrader XAUUSD,H1: Failed modifying FILUSD
0	14:12:31.007	trend_dtrader XAUUSD,H1: Failed modifying FTMUSD
0	14:12:32.013	trend_dtrader XAUUSD,H1: Failed modifying GBPUSD
0	14:12:33.137	trend_dtrader XAUUSD,H1: Failed modifying GRTUSD
0	14:12:34.011	trend_dtrader XAUUSD,H1: Failed modifying ICPUSD
0	14:12:35.003	trend_dtrader XAUUSD,H1: Failed modifying IOTAUSD
0	14:12:36.008	trend_dtrader XAUUSD,H1: Failed modifying LINKUSD
0	14:12:37.017	trend_dtrader XAUUSD,H1: Failed modifying LRCUSD
0	14:12:38.006	trend_dtrader XAUUSD,H1: Failed modifying LTCUSD
0	14:12:39.006	trend_dtrader XAUUSD,H1: Failed modifying MANAUSD
0	14:12:40.009	trend_dtrader XAUUSD,H1: Failed modifying MATICUSD
0	14:12:41.010	trend_dtrader XAUUSD,H1: Failed modifying NEARUSD
0	14:12:42.008	trend_dtrader XAUUSD,H1: Failed modifying NZDUSD
0	14:12:43.007	trend_dtrader XAUUSD,H1: Failed modifying SOLUSD
0	14:12:44.006	trend_dtrader XAUUSD,H1: Failed modifying SUIUSD
0	14:12:45.007	trend_dtrader XAUUSD,H1: Failed modifying TRXUSD
0	14:12:46.307	trend_dtrader XAUUSD,H1: Failed modifying UNIUSD
0	14:12:47.012	trend_dtrader XAUUSD,H1: Failed modifying USDCAD
0	14:12:48.013	trend_dtrader XAUUSD,H1: Failed modifying USDCHF
0	14:12:49.008	trend_dtrader XAUUSD,H1: Failed modifying USDJPY
0	14:12:50.013	trend_dtrader XAUUSD,H1: Failed modifying USDMXN
0	14:12:51.006	trend_dtrader XAUUSD,H1: Failed modifying USDZAR
0	14:12:52.005	trend_dtrader XAUUSD,H1: Failed modifying XAGUSD
0	14:12:53.006	trend_dtrader XAUUSD,H1: Failed modifying XAUUSD
0	14:12:54.113	trend_dtrader XAUUSD,H1: Failed modifying XBRUSD
0	14:12:55.023	trend_dtrader XAUUSD,H1: Failed modifying XNGUSD
0	14:12:56.011	trend_dtrader XAUUSD,H1: Failed modifying XRPUSD
0	14:12:57.040	trend_dtrader XAUUSD,H1: Failed modifying XTIUSD
0	14:12:58.017	trend_dtrader XAUUSD,H1: Failed modifying AAVEUSD
0	14:12:59.123	trend_dtrader XAUUSD,H1: Failed modifying ADAUSD
0	14:13:00.101	trend_dtrader XAUUSD,H1: Failed modifying ALGOUSD
0	14:13:01.046	trend_dtrader XAUUSD,H1: Failed modifying APTUSD
0	14:13:02.015	trend_dtrader XAUUSD,H1: Failed modifying ARBUSD
0	14:13:03.010	trend_dtrader XAUUSD,H1: Failed modifying ATOMUSD
0	14:13:04.009	trend_dtrader XAUUSD,H1: Failed modifying AUDUSD
0	14:13:05.014	trend_dtrader XAUUSD,H1: Failed modifying AVAXUSD
0	14:13:06.009	trend_dtrader XAUUSD,H1: Failed modifying AXSUSD
0	14:13:07.037	trend_dtrader XAUUSD,H1: Failed modifying BCHUSD
0	14:13:08.052	trend_dtrader XAUUSD,H1: Failed modifying BNBUSD
0	14:13:09.008	trend_dtrader XAUUSD,H1: Failed modifying BTCUSD
0	14:13:10.009	trend_dtrader XAUUSD,H1: Failed modifying DASHUSD
0	14:13:11.007	trend_dtrader XAUUSD,H1: Failed modifying DOGEUSD
0	14:13:12.008	trend_dtrader XAUUSD,H1: Failed modifying DOTUSD
0	14:13:13.009	trend_dtrader XAUUSD,H1: Failed modifying ETCUSD
0	14:13:14.014	trend_dtrader XAUUSD,H1: Failed modifying ETHUSD
0	14:13:15.013	trend_dtrader XAUUSD,H1: Failed modifying EURUSD
0	14:13:16.006	trend_dtrader XAUUSD,H1: Failed modifying FETUSD
0	14:13:17.005	trend_dtrader XAUUSD,H1: Failed modifying FILUSD
0	14:13:18.008	trend_dtrader XAUUSD,H1: Failed modifying FTMUSD
0	14:13:19.015	trend_dtrader XAUUSD,H1: Failed modifying GBPUSD
0	14:13:20.024	trend_dtrader XAUUSD,H1: Failed modifying GRTUSD
0	14:13:21.029	trend_dtrader XAUUSD,H1: Failed modifying ICPUSD
0	14:13:22.005	trend_dtrader XAUUSD,H1: Failed modifying IOTAUSD
0	14:13:23.018	trend_dtrader XAUUSD,H1: Failed modifying LINKUSD
0	14:13:24.009	trend_dtrader XAUUSD,H1: Failed modifying LRCUSD
0	14:13:25.054	trend_dtrader XAUUSD,H1: Failed modifying LTCUSD
0	14:13:26.068	trend_dtrader XAUUSD,H1: Failed modifying MANAUSD
0	14:13:27.010	trend_dtrader XAUUSD,H1: Failed modifying MATICUSD
0	14:13:28.008	trend_dtrader XAUUSD,H1: Failed modifying NEARUSD
0	14:13:29.084	trend_dtrader XAUUSD,H1: Failed modifying NZDUSD
0	14:13:30.011	trend_dtrader XAUUSD,H1: Failed modifying SOLUSD
0	14:13:31.006	trend_dtrader XAUUSD,H1: Failed modifying SUIUSD
0	14:13:32.041	trend_dtrader XAUUSD,H1: Failed modifying TRXUSD
0	14:13:33.008	trend_dtrader XAUUSD,H1: Failed modifying UNIUSD
0	14:13:34.036	trend_dtrader XAUUSD,H1: Failed modifying USDCAD
0	14:13:35.010	trend_dtrader XAUUSD,H1: Failed modifying USDCHF
0	14:13:36.007	trend_dtrader XAUUSD,H1: Failed modifying USDJPY
0	14:13:37.013	trend_dtrader XAUUSD,H1: Failed modifying USDMXN
0	14:13:38.008	trend_dtrader XAUUSD,H1: Failed modifying USDZAR
0	14:13:39.008	trend_dtrader XAUUSD,H1: Failed modifying XAGUSD
0	14:13:40.049	trend_dtrader XAUUSD,H1: Failed modifying XAUUSD
0	14:13:41.080	trend_dtrader XAUUSD,H1: Failed modifying XBRUSD
0	14:13:42.004	trend_dtrader XAUUSD,H1: Failed modifying XNGUSD
0	14:13:43.004	trend_dtrader XAUUSD,H1: Failed modifying XRPUSD
0	14:13:44.008	trend_dtrader XAUUSD,H1: Failed modifying XTIUSD
0	14:13:45.010	trend_dtrader XAUUSD,H1: Failed modifying AAVEUSD
0	14:13:46.008	trend_dtrader XAUUSD,H1: Failed modifying ADAUSD
0	14:13:47.009	trend_dtrader XAUUSD,H1: Failed modifying ALGOUSD
0	14:13:48.006	trend_dtrader XAUUSD,H1: Failed modifying APTUSD
0	14:13:49.011	trend_dtrader XAUUSD,H1: Failed modifying ARBUSD
0	14:13:50.011	trend_dtrader XAUUSD,H1: Failed modifying ATOMUSD
0	14:13:51.010	trend_dtrader XAUUSD,H1: Failed modifying AUDUSD
0	14:13:52.007	trend_dtrader XAUUSD,H1: Failed modifying AVAXUSD
0	14:13:53.009	trend_dtrader XAUUSD,H1: Failed modifying AXSUSD
0	14:13:54.009	trend_dtrader XAUUSD,H1: Failed modifying BCHUSD
0	14:13:55.009	trend_dtrader XAUUSD,H1: Failed modifying BNBUSD
0	14:13:56.007	trend_dtrader XAUUSD,H1: Failed modifying BTCUSD
0	14:13:57.007	trend_dtrader XAUUSD,H1: Failed modifying DASHUSD
0	14:13:58.198	trend_dtrader XAUUSD,H1: Failed modifying DOGEUSD
0	14:13:59.009	trend_dtrader XAUUSD,H1: Failed modifying DOTUSD
0	14:14:00.009	trend_dtrader XAUUSD,H1: Failed modifying ETCUSD
0	14:14:01.010	trend_dtrader XAUUSD,H1: Failed modifying ETHUSD
0	14:14:02.016	trend_dtrader XAUUSD,H1: Failed modifying EURUSD
0	14:14:03.009	trend_dtrader XAUUSD,H1: Failed modifying FETUSD
0	14:14:03.009	trend_dtrader XAUUSD,H1: Failed modifying FETUSD
0	14:14:04.008	trend_dtrader XAUUSD,H1: Failed modifying FILUSD
2	14:14:04.406	trend_dtrader XAUUSD,H1: modify #474434635 buy 0.10 ETHUSD at 2964.02 sl: 2969.05 tp: 3238.43 ok
0	14:14:04.406	trend_dtrader XAUUSD,H1: Alert: ETHUSD has been assigned a breakeven 2969.045
0	14:14:05.010	trend_dtrader XAUUSD,H1: Failed modifying FTMUSD
0	14:14:06.011	trend_dtrader XAUUSD,H1: Failed modifying GBPUSD
0	14:14:07.073	trend_dtrader XAUUSD,H1: Failed modifying GRTUSD
0	14:14:08.012	trend_dtrader XAUUSD,H1: Failed modifying ICPUSD
0	14:14:09.006	trend_dtrader XAUUSD,H1: Failed modifying IOTAUSD
0	14:14:10.008	trend_dtrader XAUUSD,H1: Failed modifying LINKUSD
0	14:14:11.010	trend_dtrader XAUUSD,H1: Failed modifying LRCUSD
0	14:14:12.012	trend_dtrader XAUUSD,H1: Failed modifying LTCUSD
0	14:14:13.010	trend_dtrader XAUUSD,H1: Failed modifying MANAUSD
0	14:14:14.010	trend_dtrader XAUUSD,H1: Failed modifying MATICUSD
0	14:14:15.010	trend_dtrader XAUUSD,H1: Failed modifying NEARUSD
0	14:14:16.010	trend_dtrader XAUUSD,H1: Failed modifying NZDUSD
0	14:14:17.007	trend_dtrader XAUUSD,H1: Failed modifying SOLUSD
0	14:14:18.008	trend_dtrader XAUUSD,H1: Failed modifying SUIUSD
0	14:14:19.011	trend_dtrader XAUUSD,H1: Failed modifying TRXUSD
0	14:14:20.010	trend_dtrader XAUUSD,H1: Failed modifying UNIUSD
0	14:14:21.013	trend_dtrader XAUUSD,H1: Failed modifying USDCAD
0	14:14:22.012	trend_dtrader XAUUSD,H1: Failed modifying USDCHF
0	14:14:23.007	trend_dtrader XAUUSD,H1: Failed modifying USDJPY
0	14:14:24.198	trend_dtrader XAUUSD,H1: Failed modifying USDMXN
0	14:14:25.005	trend_dtrader XAUUSD,H1: Failed modifying USDZAR
0	14:14:26.010	trend_dtrader XAUUSD,H1: Failed modifying XAGUSD
0	14:14:27.009	trend_dtrader XAUUSD,H1: Failed modifying XAUUSD
0	14:14:28.014	trend_dtrader XAUUSD,H1: Failed modifying XBRUSD
0	14:14:29.008	trend_dtrader XAUUSD,H1: Failed modifying XNGUSD
0	14:14:30.092	trend_dtrader XAUUSD,H1: Failed modifying XRPUSD
0	14:14:31.007	trend_dtrader XAUUSD,H1: Failed modifying XTIUSD
0	14:14:32.013	trend_dtrader XAUUSD,H1: Failed modifying AAVEUSD
0	14:14:33.010	trend_dtrader XAUUSD,H1: Failed modifying ADAUSD
0	14:14:34.009	trend_dtrader XAUUSD,H1: Failed modifying ALGOUSD
0	14:14:35.009	trend_dtrader XAUUSD,H1: Failed modifying APTUSD
0	14:14:36.010	trend_dtrader XAUUSD,H1: Failed modifying ARBUSD
0	14:14:37.013	trend_dtrader XAUUSD,H1: Failed modifying ATOMUSD
0	14:14:38.010	trend_dtrader XAUUSD,H1: Failed modifying AUDUSD
0	14:14:39.010	trend_dtrader XAUUSD,H1: Failed modifying AVAXUSD
0	14:14:40.009	trend_dtrader XAUUSD,H1: Failed modifying AXSUSD
0	14:14:41.012	trend_dtrader XAUUSD,H1: Failed modifying BCHUSD
0	14:14:42.013	trend_dtrader XAUUSD,H1: Failed modifying BNBUSD
0	14:14:43.009	trend_dtrader XAUUSD,H1: Failed modifying BTCUSD
0	14:14:44.008	trend_dtrader XAUUSD,H1: Failed modifying DASHUSD
0	14:14:45.105	trend_dtrader XAUUSD,H1: Failed modifying DOGEUSD
0	14:14:46.158	trend_dtrader XAUUSD,H1: Failed modifying DOTUSD
0	14:14:47.119	trend_dtrader XAUUSD,H1: Failed modifying ETCUSD
0	14:14:48.021	trend_dtrader XAUUSD,H1: Failed modifying ETHUSD
0	14:14:49.014	trend_dtrader XAUUSD,H1: Failed modifying EURUSD
0	14:14:50.009	trend_dtrader XAUUSD,H1: Failed modifying FETUSD
0	14:14:51.010	trend_dtrader XAUUSD,H1: Failed modifying FILUSD
0	14:14:52.011	trend_dtrader XAUUSD,H1: Failed modifying FTMUSD
0	14:14:53.014	trend_dtrader XAUUSD,H1: Failed modifying GBPUSD
0	14:14:54.012	trend_dtrader XAUUSD,H1: Failed modifying GRTUSD
0	14:14:55.008	trend_dtrader XAUUSD,H1: Failed modifying ICPUSD
0	14:14:56.155	trend_dtrader XAUUSD,H1: Failed modifying IOTAUSD
0	14:14:57.358	trend_dtrader XAUUSD,H1: Failed modifying LINKUSD
0	14:14:58.011	trend_dtrader XAUUSD,H1: Failed modifying LRCUSD
2	14:14:59.362	trend_dtrader XAUUSD,H1: modify #474291575 buy 0.10 AUDUSD at 0.66151 sl: 0.66234 tp: 0.66273 ok
0	14:14:59.362	trend_dtrader XAUUSD,H1: Alert: AUDUSD has been assigned a breakeven 0.662335
0	14:15:00.073	trend_dtrader XAUUSD,H1: Failed modifying MANAUSD
0	14:15:01.011	trend_dtrader XAUUSD,H1: Failed modifying MATICUSD
0	14:15:02.033	trend_dtrader XAUUSD,H1: Failed modifying NEARUSD
0	14:15:03.013	trend_dtrader XAUUSD,H1: Failed modifying NZDUSD
0	14:15:04.060	trend_dtrader XAUUSD,H1: Failed modifying SOLUSD
0	14:15:05.007	trend_dtrader XAUUSD,H1: Failed modifying SUIUSD
0	14:15:06.011	trend_dtrader XAUUSD,H1: Failed modifying TRXUSD
0	14:15:07.013	trend_dtrader XAUUSD,H1: Failed modifying UNIUSD
0	14:15:08.010	trend_dtrader XAUUSD,H1: Failed modifying USDCAD
0	14:15:09.013	trend_dtrader XAUUSD,H1: Failed modifying USDCHF
0	14:15:10.013	trend_dtrader XAUUSD,H1: Failed modifying USDJPY
0	14:15:11.015	trend_dtrader XAUUSD,H1: Failed modifying USDMXN
0	14:15:12.049	trend_dtrader XAUUSD,H1: Failed modifying USDZAR
0	14:15:13.010	trend_dtrader XAUUSD,H1: Failed modifying XAGUSD
0	14:15:14.034	trend_dtrader XAUUSD,H1: Failed modifying XAUUSD
0	14:15:15.048	trend_dtrader XAUUSD,H1: Failed modifying XBRUSD
0	14:15:16.010	trend_dtrader XAUUSD,H1: Failed modifying XNGUSD
0	14:15:17.007	trend_dtrader XAUUSD,H1: Failed modifying XRPUSD
0	14:15:18.012	trend_dtrader XAUUSD,H1: Failed modifying XTIUSD
0	14:15:19.011	trend_dtrader XAUUSD,H1: Failed modifying AAVEUSD
0	14:15:20.029	trend_dtrader XAUUSD,H1: Failed modifying ADAUSD
0	14:15:21.037	trend_dtrader XAUUSD,H1: Failed modifying ALGOUSD
0	14:15:22.005	trend_dtrader XAUUSD,H1: Failed modifying APTUSD
0	14:15:23.053	trend_dtrader XAUUSD,H1: Failed modifying ARBUSD
0	14:15:24.013	trend_dtrader XAUUSD,H1: Failed modifying ATOMUSD
0	14:15:25.008	trend_dtrader XAUUSD,H1: Failed modifying AUDUSD
0	14:15:26.013	trend_dtrader XAUUSD,H1: Failed modifying AVAXUSD
0	14:15:27.077	trend_dtrader XAUUSD,H1: Failed modifying AXSUSD
0	14:15:28.035	trend_dtrader XAUUSD,H1: Failed modifying BCHUSD
0	14:15:29.013	trend_dtrader XAUUSD,H1: Failed modifying BNBUSD
0	14:15:30.011	trend_dtrader XAUUSD,H1: Failed modifying BTCUSD
0	14:15:31.008	trend_dtrader XAUUSD,H1: Failed modifying DASHUSD
0	14:15:32.010	trend_dtrader XAUUSD,H1: Failed modifying DOGEUSD
0	14:15:33.012	trend_dtrader XAUUSD,H1: Failed modifying DOTUSD
0	14:15:34.009	trend_dtrader XAUUSD,H1: Failed modifying ETCUSD
0	14:15:35.012	trend_dtrader XAUUSD,H1: Failed modifying ETHUSD
0	14:15:36.011	trend_dtrader XAUUSD,H1: Failed modifying EURUSD
0	14:15:37.010	trend_dtrader XAUUSD,H1: Failed modifying FETUSD
0	14:15:38.004	trend_dtrader XAUUSD,H1: Failed modifying FILUSD
0	14:15:39.016	trend_dtrader XAUUSD,H1: Failed modifying FTMUSD
0	14:15:40.022	trend_dtrader XAUUSD,H1: Failed modifying GBPUSD
0	14:15:41.034	trend_dtrader XAUUSD,H1: Failed modifying GRTUSD
0	14:15:42.013	trend_dtrader XAUUSD,H1: Failed modifying ICPUSD
0	14:15:43.063	trend_dtrader XAUUSD,H1: Failed modifying IOTAUSD
0	14:15:44.105	trend_dtrader XAUUSD,H1: Failed modifying LINKUSD
0	14:15:45.013	trend_dtrader XAUUSD,H1: Failed modifying LRCUSD
0	14:15:46.093	trend_dtrader XAUUSD,H1: Failed modifying LTCUSD
0	14:15:47.011	trend_dtrader XAUUSD,H1: Failed modifying MANAUSD
0	14:15:48.013	trend_dtrader XAUUSD,H1: Failed modifying MATICUSD
0	14:15:49.008	trend_dtrader XAUUSD,H1: Failed modifying NEARUSD
0	14:15:50.009	trend_dtrader XAUUSD,H1: Failed modifying NZDUSD
0	14:15:51.008	trend_dtrader XAUUSD,H1: Failed modifying SOLUSD
0	14:15:52.508	trend_dtrader XAUUSD,H1: Failed modifying SUIUSD
0	14:15:53.012	trend_dtrader XAUUSD,H1: Failed modifying TRXUSD
0	14:15:54.029	trend_dtrader XAUUSD,H1: Failed modifying UNIUSD
0	14:15:55.013	trend_dtrader XAUUSD,H1: Failed modifying USDCAD
0	14:15:56.010	trend_dtrader XAUUSD,H1: Failed modifying USDCHF
0	14:15:57.017	trend_dtrader XAUUSD,H1: Failed modifying USDJPY
0	14:15:58.013	trend_dtrader XAUUSD,H1: Failed modifying USDMXN
0	14:15:59.007	trend_dtrader XAUUSD,H1: Failed modifying USDZAR
0	14:16:00.004	trend_dtrader XAUUSD,H1: Failed modifying XAGUSD
0	14:16:01.009	trend_dtrader XAUUSD,H1: Failed modifying XAUUSD
0	14:16:02.010	trend_dtrader XAUUSD,H1: Failed modifying XBRUSD
0	14:16:03.004	trend_dtrader XAUUSD,H1: Failed modifying XNGUSD
0	14:16:04.021	trend_dtrader XAUUSD,H1: Failed modifying XRPUSD
0	14:16:05.009	trend_dtrader XAUUSD,H1: Failed modifying XTIUSD
0	14:16:06.014	trend_dtrader XAUUSD,H1: Failed modifying AAVEUSD
0	14:16:07.009	trend_dtrader XAUUSD,H1: Failed modifying ADAUSD
0	14:16:08.012	trend_dtrader XAUUSD,H1: Failed modifying ALGOUSD
0	14:16:09.012	trend_dtrader XAUUSD,H1: Failed modifying APTUSD
0	14:16:10.008	trend_dtrader XAUUSD,H1: Failed modifying ARBUSD
0	14:16:11.011	trend_dtrader XAUUSD,H1: Failed modifying ATOMUSD
0	14:16:12.022	trend_dtrader XAUUSD,H1: Failed modifying AUDUSD
2	14:19:20.382	trend_dtrader XAUUSD,H1: modify #474438406 buy 0.10 GBPUSD at 1.25528 sl: 1.25569 tp: 1.26772 ok
0	14:19:20.382	trend_dtrader XAUUSD,H1: Alert: GBPUSD has been assigned a breakeven 1.255685
2	14:20:20.351	trend_dtrader XAUUSD,H1: modify #474305921 sell 0.10 USDMXN at 16.7492 sl: 16.7425 tp: 16.3725 ok
0	14:20:20.351	trend_dtrader XAUUSD,H1: Alert: USDMXN has been assigned a breakeven 16.7425
2	14:24:05.524	trend_dtrader XAUUSD,H1: open #474442531 buy 0.10 BCHUSD at 444.48 sl: 415.44 tp: 495.42 ok
0	14:24:05.525	trend_dtrader XAUUSD,H1: Alert: BCHUSD Ordered Successfully
2	14:25:04.928	trend_dtrader XAUUSD,H1: open #474442629 buy 0.10 GBPUSD at 1.25575 sl: 1.24868 tp: 1.26772 ok
0	14:25:04.929	trend_dtrader XAUUSD,H1: Alert: GBPUSD Ordered Successfully
2	14:26:09.329	trend_dtrader XAUUSD,H1: open #474442748 sell 0.10 USDMXN at 16.7425 sl: 16.9205 tp: 16.3866 ok
0	14:26:09.329	trend_dtrader XAUUSD,H1: Alert: USDMXN Ordered Successfully
2	14:28:07.501	trend_dtrader XAUUSD,H1: open #474442892 buy 0.10 ETHUSD at 2972.61 sl: 2832.49 tp: 3246.67 ok
0	14:28:07.501	trend_dtrader XAUUSD,H1: Alert: ETHUSD Ordered Successfully
2	14:30:37.419	trend_dtrader XAUUSD,H1: modify #474434460 buy 0.10 EURUSD at 1.07970 sl: 1.08012 tp: 1.08568 ok
0	14:30:37.419	trend_dtrader XAUUSD,H1: Alert: EURUSD has been assigned a breakeven 1.08012
2	14:43:48.553	trend_dtrader XAUUSD,H1: open #474445052 buy 0.10 EURUSD at 1.08024 sl: 1.07482 tp: 1.08568 ok
0	14:43:48.553	trend_dtrader XAUUSD,H1: Alert: EURUSD Ordered Successfully
2	14:58:07.374	trend_dtrader XAUUSD,H1: modify #474442629 buy 0.10 GBPUSD at 1.25575 sl: 1.25616 tp: 1.26772 ok
0	14:58:07.374	trend_dtrader XAUUSD,H1: Alert: GBPUSD has been assigned a breakeven 1.256155
2	15:08:09.385	trend_dtrader XAUUSD,H1: open #474448454 buy 0.10 GBPUSD at 1.25600 sl: 1.24896 tp: 1.26772 ok
0	15:08:09.385	trend_dtrader XAUUSD,H1: Alert: GBPUSD Ordered Successfully
2	15:47:24.606	trend_dtrader XAUUSD,H1: modify #474448454 buy 0.10 GBPUSD at 1.25600 sl: 1.25641 tp: 1.26772 ok
0	15:47:24.606	trend_dtrader XAUUSD,H1: Alert: GBPUSD has been assigned a breakeven 1.25641
0	20:17:49.003	trend_dtrader XAUUSD,H1: Alert: Please check your internet connection
0	20:17:50.003	trend_dtrader XAUUSD,H1: Alert: Please check your internet connection
0	20:17:51.005	trend_dtrader XAUUSD,H1: Alert: Please check your internet connection
0	20:18:01.004	trend_dtrader XAUUSD,H1: Alert: Please check your internet connection
0	20:18:02.003	trend_dtrader XAUUSD,H1: Alert: Please check your internet connection
