0	10:52:21.059	trend_dtrader XAUUSD,H1: Alert: Please check your internet connection
0	10:52:46.114	trend_dtrader XAUUSD,H1: Alert: Please check your internet connection
0	10:52:47.089	trend_dtrader XAUUSD,H1: Alert: Please check your internet connection
0	10:52:48.092	trend_dtrader XAUUSD,H1: Alert: Please check your internet connection
0	11:00:57.785	trend_dtrader XAUUSD,H1: Alert: Failed USDZAR
0	11:01:44.632	trend_dtrader XAUUSD,H1: Alert: Failed USDZAR
0	11:02:31.676	trend_dtrader XAUUSD,H1: Alert: Failed USDZAR
0	11:03:18.710	trend_dtrader XAUUSD,H1: Alert: Failed USDZAR
0	11:04:05.669	trend_dtrader XAUUSD,H1: Alert: Failed USDZAR
0	11:04:52.542	trend_dtrader XAUUSD,H1: Alert: Failed USDZAR
0	11:05:39.926	trend_dtrader XAUUSD,H1: Alert: Failed USDZAR
0	11:06:26.731	trend_dtrader XAUUSD,H1: Alert: Failed USDZAR
0	11:07:13.936	trend_dtrader XAUUSD,H1: Alert: Failed USDZAR
0	11:08:00.607	trend_dtrader XAUUSD,H1: Alert: Failed USDZAR
0	11:08:47.605	trend_dtrader XAUUSD,H1: Alert: Failed USDZAR
0	11:09:34.688	trend_dtrader XAUUSD,H1: Alert: Failed USDZAR
0	11:10:21.572	trend_dtrader XAUUSD,H1: Alert: Failed USDZAR
0	11:11:08.566	trend_dtrader XAUUSD,H1: Alert: Failed USDZAR
0	11:11:55.651	trend_dtrader XAUUSD,H1: Alert: Failed USDZAR
0	11:12:42.565	trend_dtrader XAUUSD,H1: Alert: Failed USDZAR
0	11:13:29.687	trend_dtrader XAUUSD,H1: Alert: Failed USDZAR
0	11:14:16.520	trend_dtrader XAUUSD,H1: Alert: Failed USDZAR
0	11:15:03.680	trend_dtrader XAUUSD,H1: Alert: Failed USDZAR
0	11:15:50.522	trend_dtrader XAUUSD,H1: Alert: Failed USDZAR
0	11:16:37.541	trend_dtrader XAUUSD,H1: Alert: Failed USDZAR
0	11:17:24.544	trend_dtrader XAUUSD,H1: Alert: Failed USDZAR
0	11:18:11.554	trend_dtrader XAUUSD,H1: Alert: Failed USDZAR
0	11:18:58.511	trend_dtrader XAUUSD,H1: Alert: Failed USDZAR
0	11:19:45.774	trend_dtrader XAUUSD,H1: Alert: Failed USDZAR
0	11:20:32.627	trend_dtrader XAUUSD,H1: Alert: Failed USDZAR
0	11:21:19.580	trend_dtrader XAUUSD,H1: Alert: Failed USDZAR
0	11:22:06.537	trend_dtrader XAUUSD,H1: Alert: Failed USDZAR
0	11:22:53.581	trend_dtrader XAUUSD,H1: Alert: Failed USDZAR
0	11:23:40.537	trend_dtrader XAUUSD,H1: Alert: Failed USDZAR
0	11:24:27.563	trend_dtrader XAUUSD,H1: Alert: Failed USDZAR
0	11:25:14.575	trend_dtrader XAUUSD,H1: Alert: Failed USDZAR
0	11:26:01.550	trend_dtrader XAUUSD,H1: Alert: Failed USDZAR
0	11:26:48.560	trend_dtrader XAUUSD,H1: Alert: Failed USDZAR
0	11:27:35.539	trend_dtrader XAUUSD,H1: Alert: Failed USDZAR
0	11:28:22.561	trend_dtrader XAUUSD,H1: Alert: Failed USDZAR
0	11:29:09.548	trend_dtrader XAUUSD,H1: Alert: Failed USDZAR
0	11:29:56.539	trend_dtrader XAUUSD,H1: Alert: Failed USDZAR
0	11:30:25.848	trend_dtrader XAUUSD,H1: Alert: Failed GRTUSD
0	11:30:43.572	trend_dtrader XAUUSD,H1: Alert: Failed USDZAR
0	11:31:30.553	trend_dtrader XAUUSD,H1: Alert: Failed USDZAR
0	11:32:17.717	trend_dtrader XAUUSD,H1: Alert: Failed USDZAR
0	11:33:04.552	trend_dtrader XAUUSD,H1: Alert: Failed USDZAR
0	11:33:51.533	trend_dtrader XAUUSD,H1: Alert: Failed USDZAR
0	11:34:38.575	trend_dtrader XAUUSD,H1: Alert: Failed USDZAR
0	11:35:25.502	trend_dtrader XAUUSD,H1: Alert: Failed USDZAR
0	11:36:12.591	trend_dtrader XAUUSD,H1: Alert: Failed USDZAR
0	11:36:59.518	trend_dtrader XAUUSD,H1: Alert: Failed USDZAR
0	11:37:46.816	trend_dtrader XAUUSD,H1: Alert: Failed USDZAR
0	11:38:33.542	trend_dtrader XAUUSD,H1: Alert: Failed USDZAR
0	11:39:20.595	trend_dtrader XAUUSD,H1: Alert: Failed USDZAR
0	11:40:07.541	trend_dtrader XAUUSD,H1: Alert: Failed USDZAR
0	11:40:54.647	trend_dtrader XAUUSD,H1: Alert: Failed USDZAR
0	11:41:41.619	trend_dtrader XAUUSD,H1: Alert: Failed USDZAR
0	11:42:28.545	trend_dtrader XAUUSD,H1: Alert: Failed USDZAR
0	11:43:15.591	trend_dtrader XAUUSD,H1: Alert: Failed USDZAR
0	11:44:04.767	trend_dtrader XAUUSD,H1: Alert: Failed USDZAR
0	11:44:51.743	trend_dtrader XAUUSD,H1: Alert: Failed USDZAR
0	11:45:42.370	trend_dtrader XAUUSD,H1: Alert: Failed USDZAR
0	11:46:28.721	trend_dtrader XAUUSD,H1: Alert: Failed USDZAR
0	11:47:15.710	trend_dtrader XAUUSD,H1: Alert: Failed USDZAR
0	11:48:02.766	trend_dtrader XAUUSD,H1: Alert: Failed USDZAR
0	11:48:49.821	trend_dtrader XAUUSD,H1: Alert: Failed USDZAR
0	11:49:36.742	trend_dtrader XAUUSD,H1: Alert: Failed USDZAR
0	11:50:23.718	trend_dtrader XAUUSD,H1: Alert: Failed USDZAR
0	11:51:10.817	trend_dtrader XAUUSD,H1: Alert: Failed USDZAR
0	11:52:02.204	trend_dtrader XAUUSD,H1: Alert: Failed USDZAR
0	11:52:47.772	trend_dtrader XAUUSD,H1: Alert: Failed USDZAR
0	11:53:39.672	trend_dtrader XAUUSD,H1: Alert: Failed USDZAR
0	11:54:25.741	trend_dtrader XAUUSD,H1: Alert: Failed USDZAR
0	11:55:12.748	trend_dtrader XAUUSD,H1: Alert: Failed USDZAR
0	11:55:59.831	trend_dtrader XAUUSD,H1: Alert: Failed USDZAR
0	11:56:46.712	trend_dtrader XAUUSD,H1: Alert: Failed USDZAR
0	11:57:33.733	trend_dtrader XAUUSD,H1: Alert: Failed USDZAR
0	11:58:20.768	trend_dtrader XAUUSD,H1: Alert: Failed USDZAR
0	11:59:08.335	trend_dtrader XAUUSD,H1: Alert: Failed USDZAR
0	13:30:39.837	trend_dtrader XAUUSD,H1: Alert: Please check your internet connection
0	13:30:40.835	trend_dtrader XAUUSD,H1: Alert: Please check your internet connection
0	13:30:41.836	trend_dtrader XAUUSD,H1: Alert: Please check your internet connection
0	13:30:42.839	trend_dtrader XAUUSD,H1: Alert: Please check your internet connection
0	13:30:43.834	trend_dtrader XAUUSD,H1: Alert: Please check your internet connection
0	13:30:53.834	trend_dtrader XAUUSD,H1: Alert: Please check your internet connection
0	13:30:54.838	trend_dtrader XAUUSD,H1: Alert: Please check your internet connection
0	13:30:55.836	trend_dtrader XAUUSD,H1: Alert: Please check your internet connection
0	13:30:56.835	trend_dtrader XAUUSD,H1: Alert: Please check your internet connection
0	13:30:57.834	trend_dtrader XAUUSD,H1: Alert: Please check your internet connection
0	13:32:42.836	trend_dtrader XAUUSD,H1: Alert: Please check your internet connection
0	13:32:43.834	trend_dtrader XAUUSD,H1: Alert: Please check your internet connection
0	13:34:07.838	trend_dtrader XAUUSD,H1: Alert: Please check your internet connection
0	13:34:08.836	trend_dtrader XAUUSD,H1: Alert: Please check your internet connection
0	13:45:37.856	trend_dtrader XAUUSD,H1: Alert: Please check your internet connection
0	13:45:38.853	trend_dtrader XAUUSD,H1: Alert: Please check your internet connection
0	13:45:39.857	trend_dtrader XAUUSD,H1: Alert: Please check your internet connection
0	13:45:40.854	trend_dtrader XAUUSD,H1: Alert: Please check your internet connection
0	13:45:41.853	trend_dtrader XAUUSD,H1: Alert: Please check your internet connection
0	13:45:42.853	trend_dtrader XAUUSD,H1: Alert: Please check your internet connection
0	14:40:11.017	Expert trend_dtrader XAUUSD,H1: loaded successfully
0	14:40:11.017	trend_dtrader XAUUSD,H1 inputs: mdesc=DBot FX; lot_size=0.1; max_trade=10000; 
0	14:40:34.661	trend_dtrader XAUUSD,H1: AAVEUSD --> 2
0	14:40:34.661	trend_dtrader XAUUSD,H1: ADAUSD --> 4
0	14:40:34.661	trend_dtrader XAUUSD,H1: ALGOUSD --> 4
0	14:40:34.661	trend_dtrader XAUUSD,H1: APTUSD --> 4
0	14:40:34.661	trend_dtrader XAUUSD,H1: ARBUSD --> 4
0	14:40:34.661	trend_dtrader XAUUSD,H1: ATOMUSD --> 3
0	14:40:34.661	trend_dtrader XAUUSD,H1: AUDUSD --> 5
0	14:40:34.661	trend_dtrader XAUUSD,H1: AVAXUSD --> 3
0	14:40:34.661	trend_dtrader XAUUSD,H1: AXSUSD --> 2
0	14:40:34.662	trend_dtrader XAUUSD,H1: BCHUSD --> 2
0	14:40:34.662	trend_dtrader XAUUSD,H1: BNBUSD --> 2
0	14:40:34.662	trend_dtrader XAUUSD,H1: BTCUSD --> 2
0	14:40:34.662	trend_dtrader XAUUSD,H1: DASHUSD --> 2
0	14:40:34.662	trend_dtrader XAUUSD,H1: DOGEUSD --> 5
0	14:40:34.662	trend_dtrader XAUUSD,H1: DOTUSD --> 3
0	14:40:34.662	trend_dtrader XAUUSD,H1: ETCUSD --> 3
0	14:40:34.662	trend_dtrader XAUUSD,H1: ETHUSD --> 2
0	14:40:34.662	trend_dtrader XAUUSD,H1: EURUSD --> 5
0	14:40:34.662	trend_dtrader XAUUSD,H1: FETUSD --> 4
0	14:40:34.662	trend_dtrader XAUUSD,H1: FILUSD --> 3
0	14:40:34.662	trend_dtrader XAUUSD,H1: FTMUSD --> 4
0	14:40:34.662	trend_dtrader XAUUSD,H1: GBPUSD --> 5
0	14:40:34.662	trend_dtrader XAUUSD,H1: GRTUSD --> 4
0	14:40:34.662	trend_dtrader XAUUSD,H1: ICPUSD --> 3
0	14:40:34.662	trend_dtrader XAUUSD,H1: IOTAUSD --> 4
0	14:40:34.662	trend_dtrader XAUUSD,H1: LINKUSD --> 3
0	14:40:34.662	trend_dtrader XAUUSD,H1: LRCUSD --> 4
0	14:40:34.662	trend_dtrader XAUUSD,H1: LTCUSD --> 2
0	14:40:34.662	trend_dtrader XAUUSD,H1: MANAUSD --> 4
0	14:40:34.662	trend_dtrader XAUUSD,H1: MATICUSD --> 4
0	14:40:34.662	trend_dtrader XAUUSD,H1: NEARUSD --> 3
0	14:40:34.662	trend_dtrader XAUUSD,H1: NZDUSD --> 5
0	14:40:34.662	trend_dtrader XAUUSD,H1: SOLUSD --> 2
0	14:40:34.662	trend_dtrader XAUUSD,H1: SUIUSD --> 4
0	14:40:34.662	trend_dtrader XAUUSD,H1: TRXUSD --> 5
0	14:40:34.662	trend_dtrader XAUUSD,H1: UNIUSD --> 3
0	14:40:34.662	trend_dtrader XAUUSD,H1: USDCAD --> 5
0	14:40:34.662	trend_dtrader XAUUSD,H1: USDCHF --> 5
0	14:40:34.662	trend_dtrader XAUUSD,H1: USDJPY --> 3
0	14:40:34.662	trend_dtrader XAUUSD,H1: USDMXN --> 4
0	14:40:34.662	trend_dtrader XAUUSD,H1: USDZAR --> 5
0	14:40:34.662	trend_dtrader XAUUSD,H1: XAGUSD --> 3
0	14:40:34.662	trend_dtrader XAUUSD,H1: XAUUSD --> 2
0	14:40:34.662	trend_dtrader XAUUSD,H1: XBRUSD --> 2
0	14:40:34.662	trend_dtrader XAUUSD,H1: XNGUSD --> 3
0	14:40:34.662	trend_dtrader XAUUSD,H1: XRPUSD --> 5
0	14:40:34.662	trend_dtrader XAUUSD,H1: XTIUSD --> 2
0	14:40:34.662	trend_dtrader XAUUSD,H1: ZECUSD --> 2
0	14:40:34.662	trend_dtrader XAUUSD,H1: 48
0	14:40:34.662	trend_dtrader XAUUSD,H1: initialized
0	15:00:39.657	trend_dtrader XAUUSD,H1: Alert: Please check your internet connection
0	15:01:06.659	trend_dtrader XAUUSD,H1: Alert: Please check your internet connection
0	15:01:07.657	trend_dtrader XAUUSD,H1: Alert: Please check your internet connection
0	15:01:08.658	trend_dtrader XAUUSD,H1: Alert: Please check your internet connection
0	15:01:09.661	trend_dtrader XAUUSD,H1: Alert: Please check your internet connection
0	15:01:10.659	trend_dtrader XAUUSD,H1: Alert: Please check your internet connection
0	15:04:17.657	trend_dtrader XAUUSD,H1: Alert: Please check your internet connection
0	15:13:21.661	trend_dtrader XAUUSD,H1: Alert: Please check your internet connection
0	15:13:22.658	trend_dtrader XAUUSD,H1: Alert: Please check your internet connection
2	15:15:01.385	trend_dtrader XAUUSD,H1: open #474751558 buy 0.10 UNIUSD at 7.257 sl: 6.843 tp: 7.932 ok
0	15:15:01.385	trend_dtrader XAUUSD,H1: Alert: UNIUSD Ordered Successfully
0	18:43:37.239	trend_dtrader XAUUSD,H1: Alert: Please check your internet connection
