0	04:14:59.072	Expert trend_dtrader XTIUSD,H1: loaded successfully
0	04:14:59.074	trend_dtrader XTIUSD,H1 inputs: mdesc=DBot FX; lot_size=0.4; max_trade=20; 
0	10:25:38.797	Expert trend_dtrader XTIUSD,H1: loaded successfully
0	10:25:38.797	trend_dtrader XTIUSD,H1 inputs: mdesc=DBot FX; lot_size=0.4; max_trade=20; 
0	10:27:51.540	trend_dtrader XTIUSD,H1: ADAUSD --> 4
0	10:27:51.541	trend_dtrader XTIUSD,H1: ALGOUSD --> 4
0	10:27:51.543	trend_dtrader XTIUSD,H1: AUDUSD --> 5
0	10:27:51.547	trend_dtrader XTIUSD,H1: DOGEUSD --> 5
0	10:27:51.550	trend_dtrader XTIUSD,H1: EURUSD --> 5
0	10:27:51.552	trend_dtrader XTIUSD,H1: FTMUSD --> 4
0	10:27:51.553	trend_dtrader XTIUSD,H1: GBPUSD --> 5
0	10:27:51.553	trend_dtrader XTIUSD,H1: GRTUSD --> 4
0	10:27:51.555	trend_dtrader XTIUSD,H1: IOTAUSD --> 4
0	10:27:51.557	trend_dtrader XTIUSD,H1: LRCUSD --> 4
0	10:27:51.559	trend_dtrader XTIUSD,H1: MANAUSD --> 4
0	10:27:51.560	trend_dtrader XTIUSD,H1: MATICUSD --> 4
0	10:27:51.562	trend_dtrader XTIUSD,H1: NZDUSD --> 5
0	10:27:51.564	trend_dtrader XTIUSD,H1: TRXUSD --> 5
0	10:27:51.565	trend_dtrader XTIUSD,H1: USDCAD --> 5
0	10:27:51.566	trend_dtrader XTIUSD,H1: USDCHF --> 5
0	10:27:51.581	trend_dtrader XTIUSD,H1: XNGUSD --> 3
0	10:27:51.585	trend_dtrader XTIUSD,H1: XRPUSD --> 5
0	10:27:51.591	trend_dtrader XTIUSD,H1: 18
0	10:27:51.592	trend_dtrader XTIUSD,H1: initialized
0	10:27:53.237	trend_dtrader XTIUSD,H1: Alert: Failed ADAUSD
0	10:27:57.973	trend_dtrader XTIUSD,H1: Alert: Failed FTMUSD
0	10:28:09.631	trend_dtrader XTIUSD,H1: Alert: Failed ADAUSD
0	10:28:26.610	trend_dtrader XTIUSD,H1: Alert: Failed ADAUSD
0	10:28:43.564	trend_dtrader XTIUSD,H1: Alert: Failed ADAUSD
0	10:29:00.723	trend_dtrader XTIUSD,H1: Alert: Failed ADAUSD
0	10:29:17.789	trend_dtrader XTIUSD,H1: Alert: Failed ADAUSD
0	10:29:34.743	trend_dtrader XTIUSD,H1: Alert: Failed ADAUSD
0	10:29:51.788	trend_dtrader XTIUSD,H1: Alert: Failed ADAUSD
0	10:30:08.668	trend_dtrader XTIUSD,H1: Alert: Failed ADAUSD
0	10:30:25.731	trend_dtrader XTIUSD,H1: Alert: Failed ADAUSD
0	10:30:42.740	trend_dtrader XTIUSD,H1: Alert: Failed ADAUSD
0	10:30:59.757	trend_dtrader XTIUSD,H1: Alert: Failed ADAUSD
0	10:31:16.747	trend_dtrader XTIUSD,H1: Alert: Failed ADAUSD
0	10:31:33.739	trend_dtrader XTIUSD,H1: Alert: Failed ADAUSD
0	10:31:50.747	trend_dtrader XTIUSD,H1: Alert: Failed ADAUSD
0	10:32:07.727	trend_dtrader XTIUSD,H1: Alert: Failed ADAUSD
0	10:32:24.728	trend_dtrader XTIUSD,H1: Alert: Failed ADAUSD
0	10:32:41.759	trend_dtrader XTIUSD,H1: Alert: Failed ADAUSD
0	10:32:58.701	trend_dtrader XTIUSD,H1: Alert: Failed ADAUSD
0	10:33:15.843	trend_dtrader XTIUSD,H1: Alert: Failed ADAUSD
0	10:33:32.778	trend_dtrader XTIUSD,H1: Alert: Failed ADAUSD
0	10:33:49.700	trend_dtrader XTIUSD,H1: Alert: Failed ADAUSD
0	10:34:06.703	trend_dtrader XTIUSD,H1: Alert: Failed ADAUSD
0	10:34:23.746	trend_dtrader XTIUSD,H1: Alert: Failed ADAUSD
0	10:34:40.699	trend_dtrader XTIUSD,H1: Alert: Failed ADAUSD
0	10:34:57.838	trend_dtrader XTIUSD,H1: Alert: Failed ADAUSD
0	10:35:14.699	trend_dtrader XTIUSD,H1: Alert: Failed ADAUSD
0	10:35:31.734	trend_dtrader XTIUSD,H1: Alert: Failed ADAUSD
0	10:35:48.766	trend_dtrader XTIUSD,H1: Alert: Failed ADAUSD
0	10:36:05.699	trend_dtrader XTIUSD,H1: Alert: Failed ADAUSD
0	10:36:22.700	trend_dtrader XTIUSD,H1: Alert: Failed ADAUSD
0	10:36:39.712	trend_dtrader XTIUSD,H1: Alert: Failed ADAUSD
0	10:36:57.068	trend_dtrader XTIUSD,H1: Alert: Failed ADAUSD
0	10:37:13.891	trend_dtrader XTIUSD,H1: Alert: Failed ADAUSD
0	10:37:30.901	trend_dtrader XTIUSD,H1: Alert: Failed ADAUSD
0	10:37:47.892	trend_dtrader XTIUSD,H1: Alert: Failed ADAUSD
0	10:38:04.876	trend_dtrader XTIUSD,H1: Alert: Failed ADAUSD
0	10:38:21.900	trend_dtrader XTIUSD,H1: Alert: Failed ADAUSD
0	10:38:38.884	trend_dtrader XTIUSD,H1: Alert: Failed ADAUSD
0	10:38:56.313	trend_dtrader XTIUSD,H1: Alert: Failed ADAUSD
0	10:39:12.861	trend_dtrader XTIUSD,H1: Alert: Failed ADAUSD
0	10:39:29.895	trend_dtrader XTIUSD,H1: Alert: Failed ADAUSD
0	10:39:46.896	trend_dtrader XTIUSD,H1: Alert: Failed ADAUSD
0	10:40:03.859	trend_dtrader XTIUSD,H1: Alert: Failed ADAUSD
0	10:40:20.829	trend_dtrader XTIUSD,H1: Alert: Failed ADAUSD
0	10:40:37.968	trend_dtrader XTIUSD,H1: Alert: Failed ADAUSD
0	10:40:54.842	trend_dtrader XTIUSD,H1: Alert: Failed ADAUSD
0	10:41:11.891	trend_dtrader XTIUSD,H1: Alert: Failed ADAUSD
0	10:41:28.898	trend_dtrader XTIUSD,H1: Alert: Failed ADAUSD
0	10:41:45.867	trend_dtrader XTIUSD,H1: Alert: Failed ADAUSD
0	10:42:02.916	trend_dtrader XTIUSD,H1: Alert: Failed ADAUSD
0	10:42:19.856	trend_dtrader XTIUSD,H1: Alert: Failed ADAUSD
0	10:42:36.882	trend_dtrader XTIUSD,H1: Alert: Failed ADAUSD
0	10:42:53.886	trend_dtrader XTIUSD,H1: Alert: Failed ADAUSD
0	10:43:11.129	trend_dtrader XTIUSD,H1: Alert: Failed ADAUSD
0	10:43:27.926	trend_dtrader XTIUSD,H1: Alert: Failed ADAUSD
0	10:43:44.944	trend_dtrader XTIUSD,H1: Alert: Failed ADAUSD
0	10:44:01.913	trend_dtrader XTIUSD,H1: Alert: Failed ADAUSD
0	10:44:19.164	trend_dtrader XTIUSD,H1: Alert: Failed ADAUSD
0	10:44:36.022	trend_dtrader XTIUSD,H1: Alert: Failed ADAUSD
0	10:44:53.116	trend_dtrader XTIUSD,H1: Alert: Failed ADAUSD
0	10:45:09.959	trend_dtrader XTIUSD,H1: Alert: Failed ADAUSD
0	10:45:28.522	trend_dtrader XTIUSD,H1: Alert: Failed ADAUSD
0	10:45:44.005	trend_dtrader XTIUSD,H1: Alert: Failed ADAUSD
0	10:46:01.048	trend_dtrader XTIUSD,H1: Alert: Failed ADAUSD
0	10:46:18.046	trend_dtrader XTIUSD,H1: Alert: Failed ADAUSD
0	10:46:35.086	trend_dtrader XTIUSD,H1: Alert: Failed ADAUSD
0	10:46:51.982	trend_dtrader XTIUSD,H1: Alert: Failed ADAUSD
0	10:47:09.001	trend_dtrader XTIUSD,H1: Alert: Failed ADAUSD
0	10:47:26.095	trend_dtrader XTIUSD,H1: Alert: Failed ADAUSD
0	10:47:43.042	trend_dtrader XTIUSD,H1: Alert: Failed ADAUSD
0	10:48:00.308	trend_dtrader XTIUSD,H1: Alert: Failed ADAUSD
0	10:48:17.086	trend_dtrader XTIUSD,H1: Alert: Failed ADAUSD
0	10:48:33.984	trend_dtrader XTIUSD,H1: Alert: Failed ADAUSD
0	10:48:50.985	trend_dtrader XTIUSD,H1: Alert: Failed ADAUSD
0	10:49:08.129	trend_dtrader XTIUSD,H1: Alert: Failed ADAUSD
0	10:49:24.990	trend_dtrader XTIUSD,H1: Alert: Failed ADAUSD
0	10:49:41.990	trend_dtrader XTIUSD,H1: Alert: Failed ADAUSD
0	10:49:59.175	trend_dtrader XTIUSD,H1: Alert: Failed ADAUSD
0	10:50:16.071	trend_dtrader XTIUSD,H1: Alert: Failed ADAUSD
0	10:50:33.024	trend_dtrader XTIUSD,H1: Alert: Failed ADAUSD
0	10:50:50.011	trend_dtrader XTIUSD,H1: Alert: Failed ADAUSD
0	10:51:07.013	trend_dtrader XTIUSD,H1: Alert: Failed ADAUSD
0	10:51:24.007	trend_dtrader XTIUSD,H1: Alert: Failed ADAUSD
0	10:51:40.987	trend_dtrader XTIUSD,H1: Alert: Failed ADAUSD
0	10:51:58.277	trend_dtrader XTIUSD,H1: Alert: Failed ADAUSD
0	10:52:14.962	trend_dtrader XTIUSD,H1: Alert: Failed ADAUSD
0	10:52:32.016	trend_dtrader XTIUSD,H1: Alert: Failed ADAUSD
0	10:52:48.986	trend_dtrader XTIUSD,H1: Alert: Failed ADAUSD
0	10:53:05.989	trend_dtrader XTIUSD,H1: Alert: Failed ADAUSD
0	10:53:23.089	trend_dtrader XTIUSD,H1: Alert: Failed ADAUSD
0	10:53:40.098	trend_dtrader XTIUSD,H1: Alert: Failed ADAUSD
0	10:53:57.034	trend_dtrader XTIUSD,H1: Alert: Failed ADAUSD
0	10:54:14.003	trend_dtrader XTIUSD,H1: Alert: Failed ADAUSD
0	10:54:31.030	trend_dtrader XTIUSD,H1: Alert: Failed ADAUSD
0	10:54:48.078	trend_dtrader XTIUSD,H1: Alert: Failed ADAUSD
0	10:55:05.157	trend_dtrader XTIUSD,H1: Alert: Failed ADAUSD
0	10:55:22.001	trend_dtrader XTIUSD,H1: Alert: Failed ADAUSD
0	10:55:38.980	trend_dtrader XTIUSD,H1: Alert: Failed ADAUSD
0	10:55:55.992	trend_dtrader XTIUSD,H1: Alert: Failed ADAUSD
0	10:56:12.982	trend_dtrader XTIUSD,H1: Alert: Failed ADAUSD
0	10:56:29.979	trend_dtrader XTIUSD,H1: Alert: Failed ADAUSD
0	10:56:47.055	trend_dtrader XTIUSD,H1: Alert: Failed ADAUSD
0	10:57:03.991	trend_dtrader XTIUSD,H1: Alert: Failed ADAUSD
0	10:57:20.977	trend_dtrader XTIUSD,H1: Alert: Failed ADAUSD
0	10:57:38.011	trend_dtrader XTIUSD,H1: Alert: Failed ADAUSD
0	10:57:55.027	trend_dtrader XTIUSD,H1: Alert: Failed ADAUSD
0	10:58:12.114	trend_dtrader XTIUSD,H1: Alert: Failed ADAUSD
0	10:58:29.048	trend_dtrader XTIUSD,H1: Alert: Failed ADAUSD
0	10:58:45.996	trend_dtrader XTIUSD,H1: Alert: Failed ADAUSD
0	10:59:03.505	trend_dtrader XTIUSD,H1: Alert: Failed ADAUSD
0	10:59:21.126	trend_dtrader XTIUSD,H1: Alert: Failed ADAUSD
0	10:59:38.417	trend_dtrader XTIUSD,H1: Alert: Failed ADAUSD
0	10:59:55.974	trend_dtrader XTIUSD,H1: Alert: Failed ADAUSD
0	11:00:15.482	trend_dtrader XTIUSD,H1: Alert: Failed ADAUSD
0	11:00:31.942	trend_dtrader XTIUSD,H1: Alert: Failed ADAUSD
0	11:00:52.984	trend_dtrader XTIUSD,H1: Alert: Failed ADAUSD
0	11:01:11.469	trend_dtrader XTIUSD,H1: Alert: Failed ADAUSD
0	11:01:28.260	trend_dtrader XTIUSD,H1: Alert: Failed ADAUSD
0	11:01:45.035	trend_dtrader XTIUSD,H1: Alert: Failed ADAUSD
0	11:02:03.006	trend_dtrader XTIUSD,H1: Alert: Failed ADAUSD
0	11:02:20.160	trend_dtrader XTIUSD,H1: Alert: Failed ADAUSD
0	11:02:39.036	trend_dtrader XTIUSD,H1: Alert: Failed ADAUSD
0	11:02:57.253	trend_dtrader XTIUSD,H1: Alert: Failed ADAUSD
0	11:03:15.654	trend_dtrader XTIUSD,H1: Alert: Failed ADAUSD
0	11:03:32.318	trend_dtrader XTIUSD,H1: Alert: Failed ADAUSD
0	11:03:49.250	trend_dtrader XTIUSD,H1: Alert: Failed ADAUSD
0	11:04:07.068	trend_dtrader XTIUSD,H1: Alert: Failed ADAUSD
0	11:04:23.977	trend_dtrader XTIUSD,H1: Alert: Failed ADAUSD
0	11:04:43.729	trend_dtrader XTIUSD,H1: Alert: Failed ADAUSD
0	11:05:00.501	trend_dtrader XTIUSD,H1: Alert: Failed ADAUSD
0	11:05:16.990	trend_dtrader XTIUSD,H1: Alert: Failed ADAUSD
0	11:05:34.156	trend_dtrader XTIUSD,H1: Alert: Failed ADAUSD
0	11:05:50.964	trend_dtrader XTIUSD,H1: Alert: Failed ADAUSD
0	11:06:08.607	trend_dtrader XTIUSD,H1: Alert: Failed ADAUSD
0	11:06:25.994	trend_dtrader XTIUSD,H1: Alert: Failed ADAUSD
0	11:06:43.031	trend_dtrader XTIUSD,H1: Alert: Failed ADAUSD
0	11:07:00.104	trend_dtrader XTIUSD,H1: Alert: Failed ADAUSD
0	11:07:16.980	trend_dtrader XTIUSD,H1: Alert: Failed ADAUSD
0	11:07:34.007	trend_dtrader XTIUSD,H1: Alert: Failed ADAUSD
0	11:07:51.431	trend_dtrader XTIUSD,H1: Alert: Failed ADAUSD
0	11:08:09.009	trend_dtrader XTIUSD,H1: Alert: Failed ADAUSD
0	11:08:24.941	trend_dtrader XTIUSD,H1: Alert: Failed ADAUSD
0	11:08:41.910	trend_dtrader XTIUSD,H1: Alert: Failed ADAUSD
0	11:08:58.945	trend_dtrader XTIUSD,H1: Alert: Failed ADAUSD
0	11:09:15.938	trend_dtrader XTIUSD,H1: Alert: Failed ADAUSD
0	11:09:32.947	trend_dtrader XTIUSD,H1: Alert: Failed ADAUSD
0	11:09:50.207	trend_dtrader XTIUSD,H1: Alert: Failed ADAUSD
0	11:10:06.894	trend_dtrader XTIUSD,H1: Alert: Failed ADAUSD
0	11:10:24.128	trend_dtrader XTIUSD,H1: Alert: Failed ADAUSD
0	11:10:41.086	trend_dtrader XTIUSD,H1: Alert: Failed ADAUSD
0	11:10:58.086	trend_dtrader XTIUSD,H1: Alert: Failed ADAUSD
0	11:11:15.332	trend_dtrader XTIUSD,H1: Alert: Failed ADAUSD
0	11:11:32.074	trend_dtrader XTIUSD,H1: Alert: Failed ADAUSD
0	11:11:49.014	trend_dtrader XTIUSD,H1: Alert: Failed ADAUSD
0	11:12:06.041	trend_dtrader XTIUSD,H1: Alert: Failed ADAUSD
0	11:12:23.610	trend_dtrader XTIUSD,H1: Alert: Failed ADAUSD
0	11:12:40.983	trend_dtrader XTIUSD,H1: Alert: Failed ADAUSD
0	11:12:58.121	trend_dtrader XTIUSD,H1: Alert: Failed ADAUSD
0	11:13:15.358	trend_dtrader XTIUSD,H1: Alert: Failed ADAUSD
0	11:13:32.132	trend_dtrader XTIUSD,H1: Alert: Failed ADAUSD
0	11:13:51.153	trend_dtrader XTIUSD,H1: Alert: Failed ADAUSD
0	11:14:09.027	trend_dtrader XTIUSD,H1: Alert: Failed ADAUSD
0	11:14:27.029	trend_dtrader XTIUSD,H1: Alert: Failed ADAUSD
0	11:14:44.894	trend_dtrader XTIUSD,H1: Alert: Failed ADAUSD
0	11:15:02.661	trend_dtrader XTIUSD,H1: Alert: Failed ADAUSD
0	11:15:18.974	trend_dtrader XTIUSD,H1: Alert: Failed ADAUSD
0	11:15:37.860	trend_dtrader XTIUSD,H1: Alert: Failed ADAUSD
0	11:15:57.803	trend_dtrader XTIUSD,H1: Alert: Failed ADAUSD
0	11:16:14.801	trend_dtrader XTIUSD,H1: Alert: Failed ADAUSD
0	11:16:31.779	trend_dtrader XTIUSD,H1: Alert: Failed ADAUSD
0	11:16:48.731	trend_dtrader XTIUSD,H1: Alert: Failed ADAUSD
0	11:17:05.795	trend_dtrader XTIUSD,H1: Alert: Failed ADAUSD
0	11:17:22.745	trend_dtrader XTIUSD,H1: Alert: Failed ADAUSD
0	11:17:39.903	trend_dtrader XTIUSD,H1: Alert: Failed ADAUSD
0	11:17:56.836	trend_dtrader XTIUSD,H1: Alert: Failed ADAUSD
0	11:18:14.047	trend_dtrader XTIUSD,H1: Alert: Failed ADAUSD
0	11:18:30.822	trend_dtrader XTIUSD,H1: Alert: Failed ADAUSD
0	11:18:47.807	trend_dtrader XTIUSD,H1: Alert: Failed ADAUSD
0	11:19:04.810	trend_dtrader XTIUSD,H1: Alert: Failed ADAUSD
0	11:19:21.788	trend_dtrader XTIUSD,H1: Alert: Failed ADAUSD
0	11:19:38.891	trend_dtrader XTIUSD,H1: Alert: Failed ADAUSD
0	11:19:55.859	trend_dtrader XTIUSD,H1: Alert: Failed ADAUSD
0	11:20:12.912	trend_dtrader XTIUSD,H1: Alert: Failed ADAUSD
0	11:20:29.853	trend_dtrader XTIUSD,H1: Alert: Failed ADAUSD
0	11:20:47.059	trend_dtrader XTIUSD,H1: Alert: Failed ADAUSD
0	11:21:03.776	trend_dtrader XTIUSD,H1: Alert: Failed ADAUSD
0	11:21:20.805	trend_dtrader XTIUSD,H1: Alert: Failed ADAUSD
0	11:21:37.749	trend_dtrader XTIUSD,H1: Alert: Failed ADAUSD
0	11:21:54.757	trend_dtrader XTIUSD,H1: Alert: Failed ADAUSD
0	11:22:11.878	trend_dtrader XTIUSD,H1: Alert: Failed ADAUSD
0	11:22:28.808	trend_dtrader XTIUSD,H1: Alert: Failed ADAUSD
0	11:22:45.762	trend_dtrader XTIUSD,H1: Alert: Failed ADAUSD
0	11:23:02.787	trend_dtrader XTIUSD,H1: Alert: Failed ADAUSD
0	11:23:19.736	trend_dtrader XTIUSD,H1: Alert: Failed ADAUSD
0	11:23:36.955	trend_dtrader XTIUSD,H1: Alert: Failed ADAUSD
0	11:23:53.753	trend_dtrader XTIUSD,H1: Alert: Failed ADAUSD
0	11:24:10.792	trend_dtrader XTIUSD,H1: Alert: Failed ADAUSD
0	11:24:27.777	trend_dtrader XTIUSD,H1: Alert: Failed ADAUSD
0	11:24:44.774	trend_dtrader XTIUSD,H1: Alert: Failed ADAUSD
0	11:25:01.849	trend_dtrader XTIUSD,H1: Alert: Failed ADAUSD
0	11:25:18.774	trend_dtrader XTIUSD,H1: Alert: Failed ADAUSD
0	11:25:35.764	trend_dtrader XTIUSD,H1: Alert: Failed ADAUSD
0	11:25:53.297	trend_dtrader XTIUSD,H1: Alert: Failed ADAUSD
0	11:26:09.741	trend_dtrader XTIUSD,H1: Alert: Failed ADAUSD
0	11:26:31.821	trend_dtrader XTIUSD,H1: Alert: Failed ADAUSD
0	11:26:48.809	trend_dtrader XTIUSD,H1: Alert: Failed ADAUSD
0	11:27:05.770	trend_dtrader XTIUSD,H1: Alert: Failed ADAUSD
0	11:27:22.861	trend_dtrader XTIUSD,H1: Alert: Failed ADAUSD
0	11:27:39.734	trend_dtrader XTIUSD,H1: Alert: Failed ADAUSD
0	11:27:56.745	trend_dtrader XTIUSD,H1: Alert: Failed ADAUSD
0	11:28:13.934	trend_dtrader XTIUSD,H1: Alert: Failed ADAUSD
0	11:28:30.514	trend_dtrader XTIUSD,H1: Alert: Failed ADAUSD
0	11:28:47.758	trend_dtrader XTIUSD,H1: Alert: Failed ADAUSD
0	11:29:05.399	trend_dtrader XTIUSD,H1: Alert: Failed ADAUSD
0	11:29:21.505	trend_dtrader XTIUSD,H1: Alert: Failed ADAUSD
0	11:29:38.506	trend_dtrader XTIUSD,H1: Alert: Failed ADAUSD
0	11:29:55.654	trend_dtrader XTIUSD,H1: Alert: Failed ADAUSD
0	11:30:12.636	trend_dtrader XTIUSD,H1: Alert: Failed ADAUSD
0	11:30:29.588	trend_dtrader XTIUSD,H1: Alert: Failed ADAUSD
0	11:30:46.591	trend_dtrader XTIUSD,H1: Alert: Failed ADAUSD
0	11:31:03.591	trend_dtrader XTIUSD,H1: Alert: Failed ADAUSD
0	11:31:20.744	trend_dtrader XTIUSD,H1: Alert: Failed ADAUSD
0	11:31:37.585	trend_dtrader XTIUSD,H1: Alert: Failed ADAUSD
0	11:31:54.624	trend_dtrader XTIUSD,H1: Alert: Failed ADAUSD
0	11:32:11.583	trend_dtrader XTIUSD,H1: Alert: Failed ADAUSD
0	11:32:29.180	trend_dtrader XTIUSD,H1: Alert: Failed ADAUSD
0	11:32:45.806	trend_dtrader XTIUSD,H1: Alert: Failed ADAUSD
0	11:33:02.842	trend_dtrader XTIUSD,H1: Alert: Failed ADAUSD
0	11:33:19.581	trend_dtrader XTIUSD,H1: Alert: Failed ADAUSD
0	11:33:36.580	trend_dtrader XTIUSD,H1: Alert: Failed ADAUSD
0	11:33:53.581	trend_dtrader XTIUSD,H1: Alert: Failed ADAUSD
0	11:34:10.580	trend_dtrader XTIUSD,H1: Alert: Failed ADAUSD
0	11:34:28.569	trend_dtrader XTIUSD,H1: Alert: Failed ADAUSD
0	11:34:44.918	trend_dtrader XTIUSD,H1: Alert: Failed ADAUSD
0	11:35:02.014	trend_dtrader XTIUSD,H1: Alert: Failed ADAUSD
0	11:35:18.921	trend_dtrader XTIUSD,H1: Alert: Failed ADAUSD
0	11:35:35.632	trend_dtrader XTIUSD,H1: Alert: Failed ADAUSD
0	11:35:53.053	trend_dtrader XTIUSD,H1: Alert: Failed ADAUSD
0	11:36:09.836	trend_dtrader XTIUSD,H1: Alert: Failed ADAUSD
0	11:36:26.839	trend_dtrader XTIUSD,H1: Alert: Failed ADAUSD
0	11:36:43.850	trend_dtrader XTIUSD,H1: Alert: Failed ADAUSD
0	11:37:00.848	trend_dtrader XTIUSD,H1: Alert: Failed ADAUSD
0	11:37:17.787	trend_dtrader XTIUSD,H1: Alert: Failed ADAUSD
0	11:37:34.884	trend_dtrader XTIUSD,H1: Alert: Failed ADAUSD
0	11:37:51.912	trend_dtrader XTIUSD,H1: Alert: Failed ADAUSD
0	11:38:08.876	trend_dtrader XTIUSD,H1: Alert: Failed ADAUSD
0	11:38:26.005	trend_dtrader XTIUSD,H1: Alert: Failed ADAUSD
0	11:38:43.254	trend_dtrader XTIUSD,H1: Alert: Failed ADAUSD
0	11:38:59.875	trend_dtrader XTIUSD,H1: Alert: Failed ADAUSD
0	11:39:16.814	trend_dtrader XTIUSD,H1: Alert: Failed ADAUSD
0	11:39:33.832	trend_dtrader XTIUSD,H1: Alert: Failed ADAUSD
0	11:39:50.942	trend_dtrader XTIUSD,H1: Alert: Failed ADAUSD
0	11:40:07.780	trend_dtrader XTIUSD,H1: Alert: Failed ADAUSD
0	11:40:24.842	trend_dtrader XTIUSD,H1: Alert: Failed ADAUSD
0	11:40:41.796	trend_dtrader XTIUSD,H1: Alert: Failed ADAUSD
0	11:40:58.814	trend_dtrader XTIUSD,H1: Alert: Failed ADAUSD
0	11:41:15.861	trend_dtrader XTIUSD,H1: Alert: Failed ADAUSD
0	11:41:32.826	trend_dtrader XTIUSD,H1: Alert: Failed ADAUSD
0	11:41:50.102	trend_dtrader XTIUSD,H1: Alert: Failed ADAUSD
0	11:42:06.778	trend_dtrader XTIUSD,H1: Alert: Failed ADAUSD
0	11:42:23.948	trend_dtrader XTIUSD,H1: Alert: Failed ADAUSD
0	11:42:40.750	trend_dtrader XTIUSD,H1: Alert: Failed ADAUSD
0	11:42:57.806	trend_dtrader XTIUSD,H1: Alert: Failed ADAUSD
0	11:43:14.810	trend_dtrader XTIUSD,H1: Alert: Failed ADAUSD
0	11:43:31.775	trend_dtrader XTIUSD,H1: Alert: Failed ADAUSD
0	11:43:48.820	trend_dtrader XTIUSD,H1: Alert: Failed ADAUSD
0	11:44:05.895	trend_dtrader XTIUSD,H1: Alert: Failed ADAUSD
0	11:44:22.779	trend_dtrader XTIUSD,H1: Alert: Failed ADAUSD
0	11:44:39.813	trend_dtrader XTIUSD,H1: Alert: Failed ADAUSD
0	11:44:56.831	trend_dtrader XTIUSD,H1: Alert: Failed ADAUSD
0	11:45:13.830	trend_dtrader XTIUSD,H1: Alert: Failed ADAUSD
0	11:45:30.769	trend_dtrader XTIUSD,H1: Alert: Failed ADAUSD
0	11:45:47.781	trend_dtrader XTIUSD,H1: Alert: Failed ADAUSD
0	11:46:04.785	trend_dtrader XTIUSD,H1: Alert: Failed ADAUSD
0	11:46:21.773	trend_dtrader XTIUSD,H1: Alert: Failed ADAUSD
0	11:46:38.763	trend_dtrader XTIUSD,H1: Alert: Failed ADAUSD
0	11:46:55.821	trend_dtrader XTIUSD,H1: Alert: Failed ADAUSD
0	11:47:12.800	trend_dtrader XTIUSD,H1: Alert: Failed ADAUSD
0	11:47:29.796	trend_dtrader XTIUSD,H1: Alert: Failed ADAUSD
0	11:47:47.790	trend_dtrader XTIUSD,H1: Alert: Failed ADAUSD
0	11:48:04.771	trend_dtrader XTIUSD,H1: Alert: Failed ADAUSD
0	11:48:22.206	trend_dtrader XTIUSD,H1: Alert: Failed ADAUSD
0	11:48:38.849	trend_dtrader XTIUSD,H1: Alert: Failed ADAUSD
0	11:48:55.769	trend_dtrader XTIUSD,H1: Alert: Failed ADAUSD
0	11:49:12.778	trend_dtrader XTIUSD,H1: Alert: Failed ADAUSD
0	11:49:30.347	trend_dtrader XTIUSD,H1: Alert: Failed ADAUSD
0	11:49:46.818	trend_dtrader XTIUSD,H1: Alert: Failed ADAUSD
0	11:50:03.841	trend_dtrader XTIUSD,H1: Alert: Failed ADAUSD
0	11:50:21.391	trend_dtrader XTIUSD,H1: Alert: Failed ADAUSD
0	11:50:37.761	trend_dtrader XTIUSD,H1: Alert: Failed ADAUSD
0	11:50:54.814	trend_dtrader XTIUSD,H1: Alert: Failed ADAUSD
0	11:51:11.937	trend_dtrader XTIUSD,H1: Alert: Failed ADAUSD
0	11:51:28.747	trend_dtrader XTIUSD,H1: Alert: Failed ADAUSD
0	11:51:45.796	trend_dtrader XTIUSD,H1: Alert: Failed ADAUSD
0	11:52:02.727	trend_dtrader XTIUSD,H1: Alert: Failed ADAUSD
0	11:52:19.951	trend_dtrader XTIUSD,H1: Alert: Failed ADAUSD
0	11:52:36.918	trend_dtrader XTIUSD,H1: Alert: Failed ADAUSD
0	11:52:53.682	trend_dtrader XTIUSD,H1: Alert: Failed ADAUSD
0	11:53:10.819	trend_dtrader XTIUSD,H1: Alert: Failed ADAUSD
0	11:53:27.744	trend_dtrader XTIUSD,H1: Alert: Failed ADAUSD
0	11:53:44.694	trend_dtrader XTIUSD,H1: Alert: Failed ADAUSD
0	11:54:01.809	trend_dtrader XTIUSD,H1: Alert: Failed ADAUSD
0	11:54:18.885	trend_dtrader XTIUSD,H1: Alert: Failed ADAUSD
0	11:54:35.987	trend_dtrader XTIUSD,H1: Alert: Failed ADAUSD
0	11:54:52.726	trend_dtrader XTIUSD,H1: Alert: Failed ADAUSD
0	11:55:09.888	trend_dtrader XTIUSD,H1: Alert: Failed ADAUSD
0	11:55:27.551	trend_dtrader XTIUSD,H1: Alert: Failed ADAUSD
0	11:55:43.761	trend_dtrader XTIUSD,H1: Alert: Failed ADAUSD
0	11:56:00.957	trend_dtrader XTIUSD,H1: Alert: Failed ADAUSD
0	11:56:17.779	trend_dtrader XTIUSD,H1: Alert: Failed ADAUSD
0	11:56:34.722	trend_dtrader XTIUSD,H1: Alert: Failed ADAUSD
0	11:56:52.723	trend_dtrader XTIUSD,H1: Alert: Failed ADAUSD
0	11:57:09.720	trend_dtrader XTIUSD,H1: Alert: Failed ADAUSD
0	11:57:26.664	trend_dtrader XTIUSD,H1: Alert: Failed ADAUSD
0	11:57:43.733	trend_dtrader XTIUSD,H1: Alert: Failed ADAUSD
0	11:58:01.753	trend_dtrader XTIUSD,H1: Alert: Failed ADAUSD
0	11:58:17.840	trend_dtrader XTIUSD,H1: Alert: Failed ADAUSD
0	11:58:34.686	trend_dtrader XTIUSD,H1: Alert: Failed ADAUSD
0	11:58:51.749	trend_dtrader XTIUSD,H1: Alert: Failed ADAUSD
0	11:59:08.733	trend_dtrader XTIUSD,H1: Alert: Failed ADAUSD
0	11:59:26.026	trend_dtrader XTIUSD,H1: Alert: Failed ADAUSD
0	11:59:42.702	trend_dtrader XTIUSD,H1: Alert: Failed ADAUSD
0	11:59:59.725	trend_dtrader XTIUSD,H1: Alert: Failed ADAUSD
0	12:00:06.050	trend_dtrader XTIUSD,H1: Alert: Failed GBPUSD
0	12:00:16.919	trend_dtrader XTIUSD,H1: Alert: Failed ADAUSD
0	12:00:22.641	trend_dtrader XTIUSD,H1: Alert: Failed GBPUSD
0	12:00:33.951	trend_dtrader XTIUSD,H1: Alert: Failed ADAUSD
0	12:00:39.703	trend_dtrader XTIUSD,H1: Alert: Failed GBPUSD
0	12:00:50.935	trend_dtrader XTIUSD,H1: Alert: Failed ADAUSD
0	12:00:56.641	trend_dtrader XTIUSD,H1: Alert: Failed GBPUSD
0	12:01:07.892	trend_dtrader XTIUSD,H1: Alert: Failed ADAUSD
0	12:01:13.643	trend_dtrader XTIUSD,H1: Alert: Failed GBPUSD
0	12:01:24.898	trend_dtrader XTIUSD,H1: Alert: Failed ADAUSD
0	12:01:30.642	trend_dtrader XTIUSD,H1: Alert: Failed GBPUSD
0	12:01:41.865	trend_dtrader XTIUSD,H1: Alert: Failed ADAUSD
0	12:01:47.728	trend_dtrader XTIUSD,H1: Alert: Failed GBPUSD
0	12:01:59.104	trend_dtrader XTIUSD,H1: Alert: Failed ADAUSD
0	12:02:04.712	trend_dtrader XTIUSD,H1: Alert: Failed GBPUSD
0	12:02:15.896	trend_dtrader XTIUSD,H1: Alert: Failed ADAUSD
0	12:02:21.640	trend_dtrader XTIUSD,H1: Alert: Failed GBPUSD
0	12:02:33.000	trend_dtrader XTIUSD,H1: Alert: Failed ADAUSD
0	12:02:38.693	trend_dtrader XTIUSD,H1: Alert: Failed GBPUSD
0	12:02:49.868	trend_dtrader XTIUSD,H1: Alert: Failed ADAUSD
0	12:02:55.640	trend_dtrader XTIUSD,H1: Alert: Failed GBPUSD
0	12:03:07.001	trend_dtrader XTIUSD,H1: Alert: Failed ADAUSD
0	12:03:12.728	trend_dtrader XTIUSD,H1: Alert: Failed GBPUSD
0	12:03:23.898	trend_dtrader XTIUSD,H1: Alert: Failed ADAUSD
0	12:03:29.687	trend_dtrader XTIUSD,H1: Alert: Failed GBPUSD
0	12:03:44.062	trend_dtrader XTIUSD,H1: Alert: Failed ADAUSD
0	12:03:49.262	trend_dtrader XTIUSD,H1: Alert: Failed GBPUSD
0	12:04:00.100	trend_dtrader XTIUSD,H1: Alert: Failed ADAUSD
0	12:04:05.638	trend_dtrader XTIUSD,H1: Alert: Failed GBPUSD
0	12:04:16.877	trend_dtrader XTIUSD,H1: Alert: Failed ADAUSD
0	12:04:22.641	trend_dtrader XTIUSD,H1: Alert: Failed GBPUSD
0	12:04:33.895	trend_dtrader XTIUSD,H1: Alert: Failed ADAUSD
0	12:04:39.719	trend_dtrader XTIUSD,H1: Alert: Failed GBPUSD
0	12:04:51.757	trend_dtrader XTIUSD,H1: Alert: Failed ADAUSD
0	12:04:56.936	trend_dtrader XTIUSD,H1: Alert: Failed GBPUSD
0	12:05:07.944	trend_dtrader XTIUSD,H1: Alert: Failed ADAUSD
0	12:05:13.681	trend_dtrader XTIUSD,H1: Alert: Failed GBPUSD
0	12:05:25.128	trend_dtrader XTIUSD,H1: Alert: Failed ADAUSD
0	12:05:30.842	trend_dtrader XTIUSD,H1: Alert: Failed GBPUSD
0	12:05:41.906	trend_dtrader XTIUSD,H1: Alert: Failed ADAUSD
0	12:05:47.636	trend_dtrader XTIUSD,H1: Alert: Failed GBPUSD
0	12:05:58.884	trend_dtrader XTIUSD,H1: Alert: Failed ADAUSD
0	12:06:04.892	trend_dtrader XTIUSD,H1: Alert: Failed GBPUSD
0	12:06:15.894	trend_dtrader XTIUSD,H1: Alert: Failed ADAUSD
0	12:06:21.925	trend_dtrader XTIUSD,H1: Alert: Failed GBPUSD
0	12:06:32.876	trend_dtrader XTIUSD,H1: Alert: Failed ADAUSD
0	12:06:38.969	trend_dtrader XTIUSD,H1: Alert: Failed GBPUSD
0	12:06:49.923	trend_dtrader XTIUSD,H1: Alert: Failed ADAUSD
0	12:06:56.121	trend_dtrader XTIUSD,H1: Alert: Failed GBPUSD
0	12:07:06.909	trend_dtrader XTIUSD,H1: Alert: Failed ADAUSD
0	12:07:12.939	trend_dtrader XTIUSD,H1: Alert: Failed GBPUSD
0	12:07:23.864	trend_dtrader XTIUSD,H1: Alert: Failed ADAUSD
0	12:07:29.995	trend_dtrader XTIUSD,H1: Alert: Failed GBPUSD
0	12:07:40.878	trend_dtrader XTIUSD,H1: Alert: Failed ADAUSD
0	12:07:47.171	trend_dtrader XTIUSD,H1: Alert: Failed GBPUSD
0	12:07:57.938	trend_dtrader XTIUSD,H1: Alert: Failed ADAUSD
0	12:08:03.867	trend_dtrader XTIUSD,H1: Alert: Failed GBPUSD
0	12:08:14.907	trend_dtrader XTIUSD,H1: Alert: Failed ADAUSD
0	12:08:20.900	trend_dtrader XTIUSD,H1: Alert: Failed GBPUSD
0	12:08:31.910	trend_dtrader XTIUSD,H1: Alert: Failed ADAUSD
0	12:08:37.907	trend_dtrader XTIUSD,H1: Alert: Failed GBPUSD
0	12:08:49.629	trend_dtrader XTIUSD,H1: Alert: Failed ADAUSD
0	12:08:55.376	trend_dtrader XTIUSD,H1: Alert: Failed GBPUSD
0	12:09:06.064	trend_dtrader XTIUSD,H1: Alert: Failed ADAUSD
0	12:09:12.026	trend_dtrader XTIUSD,H1: Alert: Failed GBPUSD
0	12:09:23.000	trend_dtrader XTIUSD,H1: Alert: Failed ADAUSD
0	12:09:29.413	trend_dtrader XTIUSD,H1: Alert: Failed GBPUSD
0	12:09:39.963	trend_dtrader XTIUSD,H1: Alert: Failed ADAUSD
0	12:09:46.568	trend_dtrader XTIUSD,H1: Alert: Failed GBPUSD
0	12:10:03.514	trend_dtrader XTIUSD,H1: Alert: Failed ADAUSD
0	12:10:09.852	trend_dtrader XTIUSD,H1: Alert: Failed GBPUSD
0	12:10:19.966	trend_dtrader XTIUSD,H1: Alert: Failed ADAUSD
0	12:10:26.175	trend_dtrader XTIUSD,H1: Alert: Failed GBPUSD
0	12:10:37.203	trend_dtrader XTIUSD,H1: Alert: Failed ADAUSD
0	12:10:43.180	trend_dtrader XTIUSD,H1: Alert: Failed GBPUSD
0	12:10:53.883	trend_dtrader XTIUSD,H1: Alert: Failed ADAUSD
0	12:11:00.216	trend_dtrader XTIUSD,H1: Alert: Failed GBPUSD
0	12:11:10.855	trend_dtrader XTIUSD,H1: Alert: Failed ADAUSD
0	12:11:16.872	trend_dtrader XTIUSD,H1: Alert: Failed GBPUSD
0	12:11:27.905	trend_dtrader XTIUSD,H1: Alert: Failed ADAUSD
0	12:11:33.858	trend_dtrader XTIUSD,H1: Alert: Failed GBPUSD
0	12:11:44.889	trend_dtrader XTIUSD,H1: Alert: Failed ADAUSD
0	12:11:51.125	trend_dtrader XTIUSD,H1: Alert: Failed GBPUSD
0	12:12:01.904	trend_dtrader XTIUSD,H1: Alert: Failed ADAUSD
0	12:12:08.381	trend_dtrader XTIUSD,H1: Alert: Failed GBPUSD
0	12:12:19.120	trend_dtrader XTIUSD,H1: Alert: Failed ADAUSD
0	12:12:24.838	trend_dtrader XTIUSD,H1: Alert: Failed GBPUSD
0	12:12:36.065	trend_dtrader XTIUSD,H1: Alert: Failed ADAUSD
0	12:12:42.568	trend_dtrader XTIUSD,H1: Alert: Failed GBPUSD
0	12:12:52.904	trend_dtrader XTIUSD,H1: Alert: Failed ADAUSD
0	12:12:59.193	trend_dtrader XTIUSD,H1: Alert: Failed GBPUSD
0	12:13:09.899	trend_dtrader XTIUSD,H1: Alert: Failed ADAUSD
0	12:13:16.224	trend_dtrader XTIUSD,H1: Alert: Failed GBPUSD
0	12:13:27.889	trend_dtrader XTIUSD,H1: Alert: Failed ADAUSD
0	12:13:33.989	trend_dtrader XTIUSD,H1: Alert: Failed GBPUSD
0	12:13:45.050	trend_dtrader XTIUSD,H1: Alert: Failed ADAUSD
0	12:13:51.175	trend_dtrader XTIUSD,H1: Alert: Failed GBPUSD
0	12:14:02.164	trend_dtrader XTIUSD,H1: Alert: Failed ADAUSD
0	12:14:08.320	trend_dtrader XTIUSD,H1: Alert: Failed GBPUSD
0	12:14:18.969	trend_dtrader XTIUSD,H1: Alert: Failed ADAUSD
0	12:14:24.897	trend_dtrader XTIUSD,H1: Alert: Failed GBPUSD
0	12:14:36.043	trend_dtrader XTIUSD,H1: Alert: Failed ADAUSD
0	12:14:42.594	trend_dtrader XTIUSD,H1: Alert: Failed GBPUSD
0	12:14:52.963	trend_dtrader XTIUSD,H1: Alert: Failed ADAUSD
0	12:14:58.938	trend_dtrader XTIUSD,H1: Alert: Failed GBPUSD
0	12:15:10.246	trend_dtrader XTIUSD,H1: Alert: Failed ADAUSD
0	12:15:15.971	trend_dtrader XTIUSD,H1: Alert: Failed GBPUSD
0	12:15:26.918	trend_dtrader XTIUSD,H1: Alert: Failed ADAUSD
0	12:15:32.851	trend_dtrader XTIUSD,H1: Alert: Failed GBPUSD
0	12:15:43.884	trend_dtrader XTIUSD,H1: Alert: Failed ADAUSD
0	12:15:50.217	trend_dtrader XTIUSD,H1: Alert: Failed GBPUSD
0	12:16:01.017	trend_dtrader XTIUSD,H1: Alert: Failed ADAUSD
0	12:16:07.173	trend_dtrader XTIUSD,H1: Alert: Failed GBPUSD
0	12:16:18.012	trend_dtrader XTIUSD,H1: Alert: Failed ADAUSD
0	12:16:23.886	trend_dtrader XTIUSD,H1: Alert: Failed GBPUSD
0	12:16:35.155	trend_dtrader XTIUSD,H1: Alert: Failed ADAUSD
0	12:16:40.840	trend_dtrader XTIUSD,H1: Alert: Failed GBPUSD
0	12:16:51.886	trend_dtrader XTIUSD,H1: Alert: Failed ADAUSD
0	12:17:02.042	trend_dtrader XTIUSD,H1: Alert: Failed GBPUSD
0	12:17:12.757	trend_dtrader XTIUSD,H1: Alert: Failed ADAUSD
0	12:17:19.588	trend_dtrader XTIUSD,H1: Alert: Failed GBPUSD
0	12:17:28.945	trend_dtrader XTIUSD,H1: Alert: Failed ADAUSD
0	12:17:36.066	trend_dtrader XTIUSD,H1: Alert: Failed GBPUSD
0	12:17:48.114	trend_dtrader XTIUSD,H1: Alert: Failed ADAUSD
0	12:17:52.884	trend_dtrader XTIUSD,H1: Alert: Failed GBPUSD
0	12:18:04.153	trend_dtrader XTIUSD,H1: Alert: Failed ADAUSD
0	12:18:09.867	trend_dtrader XTIUSD,H1: Alert: Failed GBPUSD
0	12:18:20.985	trend_dtrader XTIUSD,H1: Alert: Failed ADAUSD
0	12:18:26.884	trend_dtrader XTIUSD,H1: Alert: Failed GBPUSD
0	12:18:37.848	trend_dtrader XTIUSD,H1: Alert: Failed ADAUSD
0	12:18:43.885	trend_dtrader XTIUSD,H1: Alert: Failed GBPUSD
0	12:18:54.882	trend_dtrader XTIUSD,H1: Alert: Failed ADAUSD
0	12:19:00.900	trend_dtrader XTIUSD,H1: Alert: Failed GBPUSD
0	12:19:11.907	trend_dtrader XTIUSD,H1: Alert: Failed ADAUSD
0	12:19:17.883	trend_dtrader XTIUSD,H1: Alert: Failed GBPUSD
0	12:19:28.865	trend_dtrader XTIUSD,H1: Alert: Failed ADAUSD
0	12:19:34.853	trend_dtrader XTIUSD,H1: Alert: Failed GBPUSD
0	12:19:46.837	trend_dtrader XTIUSD,H1: Alert: Failed ADAUSD
0	12:19:53.009	trend_dtrader XTIUSD,H1: Alert: Failed GBPUSD
0	12:20:04.255	trend_dtrader XTIUSD,H1: Alert: Failed ADAUSD
0	12:20:10.870	trend_dtrader XTIUSD,H1: Alert: Failed GBPUSD
0	12:20:21.917	trend_dtrader XTIUSD,H1: Alert: Failed ADAUSD
0	12:20:28.730	trend_dtrader XTIUSD,H1: Alert: Failed GBPUSD
0	12:20:38.910	trend_dtrader XTIUSD,H1: Alert: Failed ADAUSD
0	12:20:44.867	trend_dtrader XTIUSD,H1: Alert: Failed GBPUSD
0	12:20:56.113	trend_dtrader XTIUSD,H1: Alert: Failed ADAUSD
0	12:21:01.828	trend_dtrader XTIUSD,H1: Alert: Failed GBPUSD
0	12:21:12.963	trend_dtrader XTIUSD,H1: Alert: Failed ADAUSD
0	12:21:19.099	trend_dtrader XTIUSD,H1: Alert: Failed GBPUSD
0	12:21:29.869	trend_dtrader XTIUSD,H1: Alert: Failed ADAUSD
0	12:21:35.927	trend_dtrader XTIUSD,H1: Alert: Failed GBPUSD
0	12:21:46.836	trend_dtrader XTIUSD,H1: Alert: Failed ADAUSD
0	12:21:52.897	trend_dtrader XTIUSD,H1: Alert: Failed GBPUSD
0	12:22:03.897	trend_dtrader XTIUSD,H1: Alert: Failed ADAUSD
0	12:22:09.870	trend_dtrader XTIUSD,H1: Alert: Failed GBPUSD
0	12:22:20.845	trend_dtrader XTIUSD,H1: Alert: Failed ADAUSD
0	12:22:27.011	trend_dtrader XTIUSD,H1: Alert: Failed GBPUSD
0	12:22:37.861	trend_dtrader XTIUSD,H1: Alert: Failed ADAUSD
0	12:22:43.940	trend_dtrader XTIUSD,H1: Alert: Failed GBPUSD
0	12:22:54.880	trend_dtrader XTIUSD,H1: Alert: Failed ADAUSD
0	12:23:00.866	trend_dtrader XTIUSD,H1: Alert: Failed GBPUSD
0	12:23:12.565	trend_dtrader XTIUSD,H1: Alert: Failed ADAUSD
0	12:23:18.586	trend_dtrader XTIUSD,H1: Alert: Failed GBPUSD
0	12:23:28.835	trend_dtrader XTIUSD,H1: Alert: Failed ADAUSD
0	12:23:34.948	trend_dtrader XTIUSD,H1: Alert: Failed GBPUSD
0	12:23:45.848	trend_dtrader XTIUSD,H1: Alert: Failed ADAUSD
0	12:23:52.144	trend_dtrader XTIUSD,H1: Alert: Failed GBPUSD
0	12:24:02.960	trend_dtrader XTIUSD,H1: Alert: Failed ADAUSD
0	12:24:08.900	trend_dtrader XTIUSD,H1: Alert: Failed GBPUSD
0	12:24:20.164	trend_dtrader XTIUSD,H1: Alert: Failed ADAUSD
0	12:24:26.070	trend_dtrader XTIUSD,H1: Alert: Failed GBPUSD
0	12:24:37.190	trend_dtrader XTIUSD,H1: Alert: Failed ADAUSD
0	12:24:42.879	trend_dtrader XTIUSD,H1: Alert: Failed GBPUSD
0	12:24:54.225	trend_dtrader XTIUSD,H1: Alert: Failed ADAUSD
0	12:25:00.162	trend_dtrader XTIUSD,H1: Alert: Failed GBPUSD
0	12:25:10.863	trend_dtrader XTIUSD,H1: Alert: Failed ADAUSD
0	12:25:16.846	trend_dtrader XTIUSD,H1: Alert: Failed GBPUSD
0	12:25:27.864	trend_dtrader XTIUSD,H1: Alert: Failed ADAUSD
0	12:25:34.245	trend_dtrader XTIUSD,H1: Alert: Failed GBPUSD
0	12:25:44.983	trend_dtrader XTIUSD,H1: Alert: Failed ADAUSD
0	12:25:50.879	trend_dtrader XTIUSD,H1: Alert: Failed GBPUSD
0	12:26:02.056	trend_dtrader XTIUSD,H1: Alert: Failed ADAUSD
0	12:26:07.827	trend_dtrader XTIUSD,H1: Alert: Failed GBPUSD
0	12:26:19.365	trend_dtrader XTIUSD,H1: Alert: Failed ADAUSD
0	12:26:25.090	trend_dtrader XTIUSD,H1: Alert: Failed GBPUSD
0	12:26:35.890	trend_dtrader XTIUSD,H1: Alert: Failed ADAUSD
0	12:26:41.923	trend_dtrader XTIUSD,H1: Alert: Failed GBPUSD
0	12:26:52.968	trend_dtrader XTIUSD,H1: Alert: Failed ADAUSD
0	12:26:58.891	trend_dtrader XTIUSD,H1: Alert: Failed GBPUSD
0	12:27:09.910	trend_dtrader XTIUSD,H1: Alert: Failed ADAUSD
0	12:27:15.857	trend_dtrader XTIUSD,H1: Alert: Failed GBPUSD
0	12:27:26.934	trend_dtrader XTIUSD,H1: Alert: Failed ADAUSD
0	12:27:32.905	trend_dtrader XTIUSD,H1: Alert: Failed GBPUSD
0	12:27:43.827	trend_dtrader XTIUSD,H1: Alert: Failed ADAUSD
0	12:27:50.003	trend_dtrader XTIUSD,H1: Alert: Failed GBPUSD
0	12:28:01.563	trend_dtrader XTIUSD,H1: Alert: Failed ADAUSD
0	12:28:07.297	trend_dtrader XTIUSD,H1: Alert: Failed GBPUSD
0	12:28:17.910	trend_dtrader XTIUSD,H1: Alert: Failed ADAUSD
0	12:28:23.999	trend_dtrader XTIUSD,H1: Alert: Failed GBPUSD
0	12:28:34.904	trend_dtrader XTIUSD,H1: Alert: Failed ADAUSD
0	12:28:40.951	trend_dtrader XTIUSD,H1: Alert: Failed GBPUSD
0	12:28:52.601	trend_dtrader XTIUSD,H1: Alert: Failed ADAUSD
0	12:28:58.800	trend_dtrader XTIUSD,H1: Alert: Failed GBPUSD
0	12:29:08.888	trend_dtrader XTIUSD,H1: Alert: Failed ADAUSD
0	12:29:15.204	trend_dtrader XTIUSD,H1: Alert: Failed GBPUSD
0	12:29:30.582	trend_dtrader XTIUSD,H1: Alert: Failed ADAUSD
0	12:29:35.938	trend_dtrader XTIUSD,H1: Alert: Failed GBPUSD
0	12:29:46.964	trend_dtrader XTIUSD,H1: Alert: Failed ADAUSD
0	12:29:52.908	trend_dtrader XTIUSD,H1: Alert: Failed GBPUSD
0	12:30:06.402	trend_dtrader XTIUSD,H1: Alert: Failed ADAUSD
0	12:30:13.139	trend_dtrader XTIUSD,H1: Alert: Failed GBPUSD
0	12:30:27.173	trend_dtrader XTIUSD,H1: Alert: Failed ADAUSD
0	12:30:33.105	trend_dtrader XTIUSD,H1: Alert: Failed GBPUSD
0	12:30:44.937	trend_dtrader XTIUSD,H1: Alert: Failed ADAUSD
0	12:30:50.060	trend_dtrader XTIUSD,H1: Alert: Failed GBPUSD
0	12:31:01.233	trend_dtrader XTIUSD,H1: Alert: Failed ADAUSD
0	12:31:07.472	trend_dtrader XTIUSD,H1: Alert: Failed GBPUSD
0	12:31:19.102	trend_dtrader XTIUSD,H1: Alert: Failed ADAUSD
0	12:31:28.199	trend_dtrader XTIUSD,H1: Alert: Failed GBPUSD
0	12:31:40.154	trend_dtrader XTIUSD,H1: Alert: Failed ADAUSD
0	12:31:46.138	trend_dtrader XTIUSD,H1: Alert: Failed GBPUSD
0	12:32:02.637	trend_dtrader XTIUSD,H1: Alert: Failed ADAUSD
0	12:32:09.267	trend_dtrader XTIUSD,H1: Alert: Failed GBPUSD
0	12:32:20.078	trend_dtrader XTIUSD,H1: Alert: Failed ADAUSD
0	12:32:30.464	trend_dtrader XTIUSD,H1: Alert: Failed GBPUSD
0	12:32:42.079	trend_dtrader XTIUSD,H1: Alert: Failed ADAUSD
0	12:32:47.415	trend_dtrader XTIUSD,H1: Alert: Failed GBPUSD
0	12:33:00.338	trend_dtrader XTIUSD,H1: Alert: Failed ADAUSD
0	12:33:05.727	trend_dtrader XTIUSD,H1: Alert: Failed GBPUSD
0	12:33:15.996	trend_dtrader XTIUSD,H1: Alert: Failed ADAUSD
0	12:33:22.013	trend_dtrader XTIUSD,H1: Alert: Failed GBPUSD
0	12:33:33.003	trend_dtrader XTIUSD,H1: Alert: Failed ADAUSD
0	12:33:39.048	trend_dtrader XTIUSD,H1: Alert: Failed GBPUSD
0	12:33:50.013	trend_dtrader XTIUSD,H1: Alert: Failed ADAUSD
0	12:33:56.012	trend_dtrader XTIUSD,H1: Alert: Failed GBPUSD
0	12:34:06.967	trend_dtrader XTIUSD,H1: Alert: Failed ADAUSD
0	12:34:13.166	trend_dtrader XTIUSD,H1: Alert: Failed GBPUSD
0	12:34:24.166	trend_dtrader XTIUSD,H1: Alert: Failed ADAUSD
0	12:34:30.053	trend_dtrader XTIUSD,H1: Alert: Failed GBPUSD
0	12:34:40.989	trend_dtrader XTIUSD,H1: Alert: Failed ADAUSD
0	12:34:47.032	trend_dtrader XTIUSD,H1: Alert: Failed GBPUSD
0	12:34:57.994	trend_dtrader XTIUSD,H1: Alert: Failed ADAUSD
0	12:35:04.318	trend_dtrader XTIUSD,H1: Alert: Failed GBPUSD
0	12:35:15.148	trend_dtrader XTIUSD,H1: Alert: Failed ADAUSD
0	12:35:21.059	trend_dtrader XTIUSD,H1: Alert: Failed GBPUSD
0	12:35:32.144	trend_dtrader XTIUSD,H1: Alert: Failed ADAUSD
0	12:35:38.202	trend_dtrader XTIUSD,H1: Alert: Failed GBPUSD
0	12:35:49.011	trend_dtrader XTIUSD,H1: Alert: Failed ADAUSD
0	12:35:55.124	trend_dtrader XTIUSD,H1: Alert: Failed GBPUSD
0	12:36:05.978	trend_dtrader XTIUSD,H1: Alert: Failed ADAUSD
0	12:36:12.104	trend_dtrader XTIUSD,H1: Alert: Failed GBPUSD
0	12:36:23.024	trend_dtrader XTIUSD,H1: Alert: Failed ADAUSD
0	12:36:29.041	trend_dtrader XTIUSD,H1: Alert: Failed GBPUSD
0	12:36:40.027	trend_dtrader XTIUSD,H1: Alert: Failed ADAUSD
0	12:36:46.024	trend_dtrader XTIUSD,H1: Alert: Failed GBPUSD
0	12:36:57.012	trend_dtrader XTIUSD,H1: Alert: Failed ADAUSD
0	12:37:03.027	trend_dtrader XTIUSD,H1: Alert: Failed GBPUSD
0	12:37:14.344	trend_dtrader XTIUSD,H1: Alert: Failed ADAUSD
0	12:37:20.059	trend_dtrader XTIUSD,H1: Alert: Failed GBPUSD
0	12:37:30.975	trend_dtrader XTIUSD,H1: Alert: Failed ADAUSD
0	12:37:37.041	trend_dtrader XTIUSD,H1: Alert: Failed GBPUSD
0	12:37:48.005	trend_dtrader XTIUSD,H1: Alert: Failed ADAUSD
0	12:37:54.087	trend_dtrader XTIUSD,H1: Alert: Failed GBPUSD
0	12:38:05.256	trend_dtrader XTIUSD,H1: Alert: Failed ADAUSD
0	12:38:11.039	trend_dtrader XTIUSD,H1: Alert: Failed GBPUSD
0	12:38:22.146	trend_dtrader XTIUSD,H1: Alert: Failed ADAUSD
0	12:38:28.341	trend_dtrader XTIUSD,H1: Alert: Failed GBPUSD
0	12:38:39.034	trend_dtrader XTIUSD,H1: Alert: Failed ADAUSD
0	12:38:46.089	trend_dtrader XTIUSD,H1: Alert: Failed GBPUSD
0	12:38:56.000	trend_dtrader XTIUSD,H1: Alert: Failed ADAUSD
0	12:39:02.034	trend_dtrader XTIUSD,H1: Alert: Failed GBPUSD
0	12:39:13.023	trend_dtrader XTIUSD,H1: Alert: Failed ADAUSD
0	12:39:19.278	trend_dtrader XTIUSD,H1: Alert: Failed GBPUSD
0	12:39:30.007	trend_dtrader XTIUSD,H1: Alert: Failed ADAUSD
0	12:39:36.074	trend_dtrader XTIUSD,H1: Alert: Failed GBPUSD
0	12:39:46.994	trend_dtrader XTIUSD,H1: Alert: Failed ADAUSD
0	12:39:52.992	trend_dtrader XTIUSD,H1: Alert: Failed GBPUSD
0	12:40:04.214	trend_dtrader XTIUSD,H1: Alert: Failed ADAUSD
0	12:40:10.024	trend_dtrader XTIUSD,H1: Alert: Failed GBPUSD
0	12:40:21.327	trend_dtrader XTIUSD,H1: Alert: Failed ADAUSD
0	12:40:27.492	trend_dtrader XTIUSD,H1: Alert: Failed GBPUSD
0	12:40:38.248	trend_dtrader XTIUSD,H1: Alert: Failed ADAUSD
0	12:40:44.010	trend_dtrader XTIUSD,H1: Alert: Failed GBPUSD
0	12:40:54.976	trend_dtrader XTIUSD,H1: Alert: Failed ADAUSD
0	12:41:01.967	trend_dtrader XTIUSD,H1: Alert: Failed GBPUSD
0	12:41:15.289	trend_dtrader XTIUSD,H1: Alert: Failed ADAUSD
0	12:41:21.053	trend_dtrader XTIUSD,H1: Alert: Failed GBPUSD
0	12:41:31.987	trend_dtrader XTIUSD,H1: Alert: Failed ADAUSD
0	12:41:39.383	trend_dtrader XTIUSD,H1: Alert: Failed GBPUSD
0	12:41:50.028	trend_dtrader XTIUSD,H1: Alert: Failed ADAUSD
0	12:41:56.068	trend_dtrader XTIUSD,H1: Alert: Failed GBPUSD
0	12:42:07.089	trend_dtrader XTIUSD,H1: Alert: Failed ADAUSD
0	12:42:13.273	trend_dtrader XTIUSD,H1: Alert: Failed GBPUSD
0	12:42:26.112	trend_dtrader XTIUSD,H1: Alert: Failed ADAUSD
0	12:42:32.162	trend_dtrader XTIUSD,H1: Alert: Failed GBPUSD
0	12:42:44.655	trend_dtrader XTIUSD,H1: Alert: Failed ADAUSD
0	12:42:50.010	trend_dtrader XTIUSD,H1: Alert: Failed GBPUSD
0	12:43:00.997	trend_dtrader XTIUSD,H1: Alert: Failed ADAUSD
0	12:43:07.080	trend_dtrader XTIUSD,H1: Alert: Failed GBPUSD
0	12:43:18.002	trend_dtrader XTIUSD,H1: Alert: Failed ADAUSD
0	12:43:24.049	trend_dtrader XTIUSD,H1: Alert: Failed GBPUSD
0	12:43:37.236	trend_dtrader XTIUSD,H1: Alert: Failed ADAUSD
0	12:43:43.057	trend_dtrader XTIUSD,H1: Alert: Failed GBPUSD
0	12:43:54.399	trend_dtrader XTIUSD,H1: Alert: Failed ADAUSD
0	12:44:00.315	trend_dtrader XTIUSD,H1: Alert: Failed GBPUSD
0	12:44:11.503	trend_dtrader XTIUSD,H1: Alert: Failed ADAUSD
0	12:44:17.078	trend_dtrader XTIUSD,H1: Alert: Failed GBPUSD
0	12:44:27.992	trend_dtrader XTIUSD,H1: Alert: Failed ADAUSD
0	12:44:34.020	trend_dtrader XTIUSD,H1: Alert: Failed GBPUSD
0	12:44:45.993	trend_dtrader XTIUSD,H1: Alert: Failed ADAUSD
0	12:44:52.053	trend_dtrader XTIUSD,H1: Alert: Failed GBPUSD
0	12:45:03.087	trend_dtrader XTIUSD,H1: Alert: Failed ADAUSD
0	12:45:09.321	trend_dtrader XTIUSD,H1: Alert: Failed GBPUSD
0	12:45:19.995	trend_dtrader XTIUSD,H1: Alert: Failed ADAUSD
0	12:45:26.029	trend_dtrader XTIUSD,H1: Alert: Failed GBPUSD
0	12:45:37.292	trend_dtrader XTIUSD,H1: Alert: Failed ADAUSD
0	12:45:42.992	trend_dtrader XTIUSD,H1: Alert: Failed GBPUSD
0	12:45:54.109	trend_dtrader XTIUSD,H1: Alert: Failed ADAUSD
0	12:46:00.102	trend_dtrader XTIUSD,H1: Alert: Failed GBPUSD
0	12:46:11.126	trend_dtrader XTIUSD,H1: Alert: Failed ADAUSD
0	12:46:17.169	trend_dtrader XTIUSD,H1: Alert: Failed GBPUSD
0	12:46:28.499	trend_dtrader XTIUSD,H1: Alert: Failed ADAUSD
0	12:46:34.193	trend_dtrader XTIUSD,H1: Alert: Failed GBPUSD
0	12:46:45.169	trend_dtrader XTIUSD,H1: Alert: Failed ADAUSD
0	12:46:51.122	trend_dtrader XTIUSD,H1: Alert: Failed GBPUSD
0	12:47:02.139	trend_dtrader XTIUSD,H1: Alert: Failed ADAUSD
0	12:47:08.111	trend_dtrader XTIUSD,H1: Alert: Failed GBPUSD
0	12:47:19.155	trend_dtrader XTIUSD,H1: Alert: Failed ADAUSD
0	12:47:25.127	trend_dtrader XTIUSD,H1: Alert: Failed GBPUSD
0	12:47:36.235	trend_dtrader XTIUSD,H1: Alert: Failed ADAUSD
0	12:47:42.144	trend_dtrader XTIUSD,H1: Alert: Failed GBPUSD
0	12:47:53.601	trend_dtrader XTIUSD,H1: Alert: Failed ADAUSD
0	12:47:59.444	trend_dtrader XTIUSD,H1: Alert: Failed GBPUSD
0	12:48:10.256	trend_dtrader XTIUSD,H1: Alert: Failed ADAUSD
0	12:48:16.138	trend_dtrader XTIUSD,H1: Alert: Failed GBPUSD
0	12:48:27.175	trend_dtrader XTIUSD,H1: Alert: Failed ADAUSD
0	12:48:33.156	trend_dtrader XTIUSD,H1: Alert: Failed GBPUSD
0	12:48:44.210	trend_dtrader XTIUSD,H1: Alert: Failed ADAUSD
0	12:48:50.685	trend_dtrader XTIUSD,H1: Alert: Failed GBPUSD
0	12:49:01.241	trend_dtrader XTIUSD,H1: Alert: Failed ADAUSD
0	12:49:07.352	trend_dtrader XTIUSD,H1: Alert: Failed GBPUSD
0	12:49:18.119	trend_dtrader XTIUSD,H1: Alert: Failed ADAUSD
0	12:49:25.798	trend_dtrader XTIUSD,H1: Alert: Failed GBPUSD
0	12:49:35.487	trend_dtrader XTIUSD,H1: Alert: Failed ADAUSD
0	12:49:41.268	trend_dtrader XTIUSD,H1: Alert: Failed GBPUSD
0	12:49:54.568	trend_dtrader XTIUSD,H1: Alert: Failed ADAUSD
0	12:49:59.010	trend_dtrader XTIUSD,H1: Alert: Failed GBPUSD
0	12:50:11.437	trend_dtrader XTIUSD,H1: Alert: Failed ADAUSD
0	12:50:15.901	trend_dtrader XTIUSD,H1: Alert: Failed GBPUSD
0	12:50:27.446	trend_dtrader XTIUSD,H1: Alert: Failed ADAUSD
0	12:50:32.885	trend_dtrader XTIUSD,H1: Alert: Failed GBPUSD
0	12:50:44.143	trend_dtrader XTIUSD,H1: Alert: Failed ADAUSD
0	12:50:49.926	trend_dtrader XTIUSD,H1: Alert: Failed GBPUSD
0	12:51:04.001	trend_dtrader XTIUSD,H1: Alert: Failed ADAUSD
0	12:51:10.016	trend_dtrader XTIUSD,H1: Alert: Failed GBPUSD
0	12:51:20.200	trend_dtrader XTIUSD,H1: Alert: Failed ADAUSD
0	12:51:25.887	trend_dtrader XTIUSD,H1: Alert: Failed GBPUSD
0	12:51:37.099	trend_dtrader XTIUSD,H1: Alert: Failed ADAUSD
0	12:51:42.894	trend_dtrader XTIUSD,H1: Alert: Failed GBPUSD
0	12:51:54.163	trend_dtrader XTIUSD,H1: Alert: Failed ADAUSD
0	12:51:59.881	trend_dtrader XTIUSD,H1: Alert: Failed GBPUSD
0	12:52:11.253	trend_dtrader XTIUSD,H1: Alert: Failed ADAUSD
0	12:52:17.104	trend_dtrader XTIUSD,H1: Alert: Failed GBPUSD
0	12:52:28.212	trend_dtrader XTIUSD,H1: Alert: Failed ADAUSD
0	12:52:34.131	trend_dtrader XTIUSD,H1: Alert: Failed GBPUSD
0	12:52:45.164	trend_dtrader XTIUSD,H1: Alert: Failed ADAUSD
0	12:52:51.144	trend_dtrader XTIUSD,H1: Alert: Failed GBPUSD
0	12:53:02.141	trend_dtrader XTIUSD,H1: Alert: Failed ADAUSD
0	12:53:08.906	trend_dtrader XTIUSD,H1: Alert: Failed GBPUSD
0	12:53:19.157	trend_dtrader XTIUSD,H1: Alert: Failed ADAUSD
0	12:53:24.998	trend_dtrader XTIUSD,H1: Alert: Failed GBPUSD
0	12:53:36.145	trend_dtrader XTIUSD,H1: Alert: Failed ADAUSD
0	12:53:41.885	trend_dtrader XTIUSD,H1: Alert: Failed GBPUSD
0	12:53:53.175	trend_dtrader XTIUSD,H1: Alert: Failed ADAUSD
0	12:53:58.889	trend_dtrader XTIUSD,H1: Alert: Failed GBPUSD
0	12:54:10.116	trend_dtrader XTIUSD,H1: Alert: Failed ADAUSD
0	12:54:15.998	trend_dtrader XTIUSD,H1: Alert: Failed GBPUSD
0	12:54:27.160	trend_dtrader XTIUSD,H1: Alert: Failed ADAUSD
0	12:54:32.966	trend_dtrader XTIUSD,H1: Alert: Failed GBPUSD
0	12:54:44.176	trend_dtrader XTIUSD,H1: Alert: Failed ADAUSD
0	12:54:49.889	trend_dtrader XTIUSD,H1: Alert: Failed GBPUSD
0	12:55:01.253	trend_dtrader XTIUSD,H1: Alert: Failed ADAUSD
0	12:55:06.888	trend_dtrader XTIUSD,H1: Alert: Failed GBPUSD
0	12:55:18.753	trend_dtrader XTIUSD,H1: Alert: Failed ADAUSD
0	12:55:23.886	trend_dtrader XTIUSD,H1: Alert: Failed GBPUSD
0	12:55:35.331	trend_dtrader XTIUSD,H1: Alert: Failed ADAUSD
0	12:55:41.127	trend_dtrader XTIUSD,H1: Alert: Failed GBPUSD
0	12:55:52.442	trend_dtrader XTIUSD,H1: Alert: Failed ADAUSD
0	12:55:57.891	trend_dtrader XTIUSD,H1: Alert: Failed GBPUSD
0	12:56:09.214	trend_dtrader XTIUSD,H1: Alert: Failed ADAUSD
0	12:56:14.889	trend_dtrader XTIUSD,H1: Alert: Failed GBPUSD
0	12:56:26.138	trend_dtrader XTIUSD,H1: Alert: Failed ADAUSD
0	12:56:32.380	trend_dtrader XTIUSD,H1: Alert: Failed GBPUSD
0	12:56:43.170	trend_dtrader XTIUSD,H1: Alert: Failed ADAUSD
0	12:56:48.941	trend_dtrader XTIUSD,H1: Alert: Failed GBPUSD
0	12:57:00.404	trend_dtrader XTIUSD,H1: Alert: Failed ADAUSD
0	12:57:05.935	trend_dtrader XTIUSD,H1: Alert: Failed GBPUSD
0	12:57:17.162	trend_dtrader XTIUSD,H1: Alert: Failed ADAUSD
0	12:57:22.890	trend_dtrader XTIUSD,H1: Alert: Failed GBPUSD
0	12:57:34.133	trend_dtrader XTIUSD,H1: Alert: Failed ADAUSD
0	12:57:39.889	trend_dtrader XTIUSD,H1: Alert: Failed GBPUSD
0	12:57:51.081	trend_dtrader XTIUSD,H1: Alert: Failed ADAUSD
0	12:57:56.886	trend_dtrader XTIUSD,H1: Alert: Failed GBPUSD
0	12:58:08.119	trend_dtrader XTIUSD,H1: Alert: Failed ADAUSD
0	12:58:13.900	trend_dtrader XTIUSD,H1: Alert: Failed GBPUSD
0	12:58:25.161	trend_dtrader XTIUSD,H1: Alert: Failed ADAUSD
0	12:58:30.887	trend_dtrader XTIUSD,H1: Alert: Failed GBPUSD
0	12:58:42.151	trend_dtrader XTIUSD,H1: Alert: Failed ADAUSD
0	12:58:48.263	trend_dtrader XTIUSD,H1: Alert: Failed GBPUSD
0	12:58:59.224	trend_dtrader XTIUSD,H1: Alert: Failed ADAUSD
0	12:59:04.888	trend_dtrader XTIUSD,H1: Alert: Failed GBPUSD
0	12:59:16.261	trend_dtrader XTIUSD,H1: Alert: Failed ADAUSD
0	12:59:21.887	trend_dtrader XTIUSD,H1: Alert: Failed GBPUSD
0	12:59:33.139	trend_dtrader XTIUSD,H1: Alert: Failed ADAUSD
0	12:59:38.887	trend_dtrader XTIUSD,H1: Alert: Failed GBPUSD
0	12:59:50.211	trend_dtrader XTIUSD,H1: Alert: Failed ADAUSD
0	12:59:55.887	trend_dtrader XTIUSD,H1: Alert: Failed GBPUSD
0	13:00:07.188	trend_dtrader XTIUSD,H1: Alert: Failed ADAUSD
0	13:00:12.906	trend_dtrader XTIUSD,H1: Alert: Failed GBPUSD
0	13:00:24.109	trend_dtrader XTIUSD,H1: Alert: Failed ADAUSD
0	13:00:29.888	trend_dtrader XTIUSD,H1: Alert: Failed GBPUSD
0	13:00:41.496	trend_dtrader XTIUSD,H1: Alert: Failed ADAUSD
0	13:00:46.903	trend_dtrader XTIUSD,H1: Alert: Failed GBPUSD
0	13:00:58.270	trend_dtrader XTIUSD,H1: Alert: Failed ADAUSD
0	13:01:03.897	trend_dtrader XTIUSD,H1: Alert: Failed GBPUSD
0	13:01:15.273	trend_dtrader XTIUSD,H1: Alert: Failed ADAUSD
0	13:01:20.887	trend_dtrader XTIUSD,H1: Alert: Failed GBPUSD
0	13:01:32.145	trend_dtrader XTIUSD,H1: Alert: Failed ADAUSD
0	13:01:37.880	trend_dtrader XTIUSD,H1: Alert: Failed GBPUSD
0	13:01:49.239	trend_dtrader XTIUSD,H1: Alert: Failed ADAUSD
0	13:01:54.878	trend_dtrader XTIUSD,H1: Alert: Failed GBPUSD
0	13:02:06.105	trend_dtrader XTIUSD,H1: Alert: Failed ADAUSD
0	13:02:11.877	trend_dtrader XTIUSD,H1: Alert: Failed GBPUSD
0	13:02:23.155	trend_dtrader XTIUSD,H1: Alert: Failed ADAUSD
0	13:02:28.882	trend_dtrader XTIUSD,H1: Alert: Failed GBPUSD
0	13:02:40.111	trend_dtrader XTIUSD,H1: Alert: Failed ADAUSD
0	13:02:45.877	trend_dtrader XTIUSD,H1: Alert: Failed GBPUSD
0	13:02:57.106	trend_dtrader XTIUSD,H1: Alert: Failed ADAUSD
0	13:03:02.877	trend_dtrader XTIUSD,H1: Alert: Failed GBPUSD
0	13:03:14.094	trend_dtrader XTIUSD,H1: Alert: Failed ADAUSD
0	13:03:19.879	trend_dtrader XTIUSD,H1: Alert: Failed GBPUSD
0	13:03:31.135	trend_dtrader XTIUSD,H1: Alert: Failed ADAUSD
0	13:03:36.878	trend_dtrader XTIUSD,H1: Alert: Failed GBPUSD
0	13:03:38.908	trend_dtrader XTIUSD,H1: uninit reason 5
0	13:03:38.908	trend_dtrader XTIUSD,H1: Alert: 5
0	13:03:39.039	trend_dtrader XTIUSD,H1 inputs: mdesc=DBot FX; lot_size=0.4; max_trade=20; 
0	13:03:39.048	trend_dtrader XTIUSD,H1: ADAUSD --> 4
0	13:03:39.048	trend_dtrader XTIUSD,H1: ALGOUSD --> 4
0	13:03:39.049	trend_dtrader XTIUSD,H1: AUDUSD --> 5
0	13:03:39.056	trend_dtrader XTIUSD,H1: DOGEUSD --> 5
0	13:03:39.060	trend_dtrader XTIUSD,H1: EURUSD --> 5
0	13:03:39.061	trend_dtrader XTIUSD,H1: FTMUSD --> 4
0	13:03:39.061	trend_dtrader XTIUSD,H1: GBPUSD --> 5
0	13:03:39.061	trend_dtrader XTIUSD,H1: GRTUSD --> 4
0	13:03:39.062	trend_dtrader XTIUSD,H1: IOTAUSD --> 4
0	13:03:39.063	trend_dtrader XTIUSD,H1: LRCUSD --> 4
0	13:03:39.064	trend_dtrader XTIUSD,H1: MANAUSD --> 4
0	13:03:39.064	trend_dtrader XTIUSD,H1: MATICUSD --> 4
0	13:03:39.066	trend_dtrader XTIUSD,H1: NZDUSD --> 5
0	13:03:39.067	trend_dtrader XTIUSD,H1: TRXUSD --> 5
0	13:03:39.068	trend_dtrader XTIUSD,H1: USDCAD --> 5
0	13:03:39.068	trend_dtrader XTIUSD,H1: USDCHF --> 5
0	13:03:39.074	trend_dtrader XTIUSD,H1: XNGUSD --> 3
0	13:03:39.075	trend_dtrader XTIUSD,H1: XRPUSD --> 5
0	13:03:39.077	trend_dtrader XTIUSD,H1: 18
0	13:03:39.077	trend_dtrader XTIUSD,H1: initialized
0	13:03:40.527	trend_dtrader XTIUSD,H1: Alert: Failed ADAUSD
0	13:03:46.059	trend_dtrader XTIUSD,H1: Alert: Failed GBPUSD
0	13:03:57.351	trend_dtrader XTIUSD,H1: Alert: Failed ADAUSD
0	13:04:03.057	trend_dtrader XTIUSD,H1: Alert: Failed GBPUSD
0	13:04:14.458	trend_dtrader XTIUSD,H1: Alert: Failed ADAUSD
0	13:04:20.063	trend_dtrader XTIUSD,H1: Alert: Failed GBPUSD
0	13:04:31.431	trend_dtrader XTIUSD,H1: Alert: Failed ADAUSD
0	13:04:37.057	trend_dtrader XTIUSD,H1: Alert: Failed GBPUSD
0	13:04:48.470	trend_dtrader XTIUSD,H1: Alert: Failed ADAUSD
0	13:04:54.057	trend_dtrader XTIUSD,H1: Alert: Failed GBPUSD
0	13:05:05.282	trend_dtrader XTIUSD,H1: Alert: Failed ADAUSD
0	13:05:11.460	trend_dtrader XTIUSD,H1: Alert: Failed GBPUSD
0	13:05:22.415	trend_dtrader XTIUSD,H1: Alert: Failed ADAUSD
0	13:05:28.247	trend_dtrader XTIUSD,H1: Alert: Failed GBPUSD
0	13:05:39.267	trend_dtrader XTIUSD,H1: Alert: Failed ADAUSD
0	13:05:45.058	trend_dtrader XTIUSD,H1: Alert: Failed GBPUSD
0	13:05:56.308	trend_dtrader XTIUSD,H1: Alert: Failed ADAUSD
0	13:06:02.069	trend_dtrader XTIUSD,H1: Alert: Failed GBPUSD
0	13:06:13.303	trend_dtrader XTIUSD,H1: Alert: Failed ADAUSD
0	13:06:19.058	trend_dtrader XTIUSD,H1: Alert: Failed GBPUSD
0	13:06:30.310	trend_dtrader XTIUSD,H1: Alert: Failed ADAUSD
0	13:06:36.176	trend_dtrader XTIUSD,H1: Alert: Failed GBPUSD
0	13:06:47.283	trend_dtrader XTIUSD,H1: Alert: Failed ADAUSD
0	13:06:53.058	trend_dtrader XTIUSD,H1: Alert: Failed GBPUSD
0	13:07:04.344	trend_dtrader XTIUSD,H1: Alert: Failed ADAUSD
0	13:07:10.058	trend_dtrader XTIUSD,H1: Alert: Failed GBPUSD
0	13:07:21.384	trend_dtrader XTIUSD,H1: Alert: Failed ADAUSD
0	13:07:27.101	trend_dtrader XTIUSD,H1: Alert: Failed GBPUSD
0	13:07:38.350	trend_dtrader XTIUSD,H1: Alert: Failed ADAUSD
0	13:07:44.105	trend_dtrader XTIUSD,H1: Alert: Failed GBPUSD
0	13:07:55.572	trend_dtrader XTIUSD,H1: Alert: Failed ADAUSD
0	13:08:01.281	trend_dtrader XTIUSD,H1: Alert: Failed GBPUSD
0	13:08:12.340	trend_dtrader XTIUSD,H1: Alert: Failed ADAUSD
0	13:08:18.062	trend_dtrader XTIUSD,H1: Alert: Failed GBPUSD
0	13:08:29.357	trend_dtrader XTIUSD,H1: Alert: Failed ADAUSD
0	13:08:35.060	trend_dtrader XTIUSD,H1: Alert: Failed GBPUSD
0	13:08:46.405	trend_dtrader XTIUSD,H1: Alert: Failed ADAUSD
0	13:08:52.098	trend_dtrader XTIUSD,H1: Alert: Failed GBPUSD
0	13:09:03.458	trend_dtrader XTIUSD,H1: Alert: Failed ADAUSD
0	13:09:09.060	trend_dtrader XTIUSD,H1: Alert: Failed GBPUSD
0	13:09:20.578	trend_dtrader XTIUSD,H1: Alert: Failed ADAUSD
0	13:09:26.060	trend_dtrader XTIUSD,H1: Alert: Failed GBPUSD
0	13:09:37.423	trend_dtrader XTIUSD,H1: Alert: Failed ADAUSD
0	13:09:43.109	trend_dtrader XTIUSD,H1: Alert: Failed GBPUSD
0	13:09:54.354	trend_dtrader XTIUSD,H1: Alert: Failed ADAUSD
0	13:10:00.481	trend_dtrader XTIUSD,H1: Alert: Failed GBPUSD
0	13:10:11.313	trend_dtrader XTIUSD,H1: Alert: Failed ADAUSD
0	13:10:17.060	trend_dtrader XTIUSD,H1: Alert: Failed GBPUSD
0	13:10:28.544	trend_dtrader XTIUSD,H1: Alert: Failed ADAUSD
0	13:10:34.060	trend_dtrader XTIUSD,H1: Alert: Failed GBPUSD
0	13:10:45.383	trend_dtrader XTIUSD,H1: Alert: Failed ADAUSD
0	13:10:51.060	trend_dtrader XTIUSD,H1: Alert: Failed GBPUSD
0	13:11:02.449	trend_dtrader XTIUSD,H1: Alert: Failed ADAUSD
0	13:11:08.619	trend_dtrader XTIUSD,H1: Alert: Failed GBPUSD
0	13:11:19.860	trend_dtrader XTIUSD,H1: Alert: Failed ADAUSD
0	13:11:25.097	trend_dtrader XTIUSD,H1: Alert: Failed GBPUSD
0	13:11:36.603	trend_dtrader XTIUSD,H1: Alert: Failed ADAUSD
0	13:11:42.710	trend_dtrader XTIUSD,H1: Alert: Failed GBPUSD
0	13:11:53.396	trend_dtrader XTIUSD,H1: Alert: Failed ADAUSD
0	13:11:59.713	trend_dtrader XTIUSD,H1: Alert: Failed GBPUSD
0	13:12:10.426	trend_dtrader XTIUSD,H1: Alert: Failed ADAUSD
0	13:12:16.065	trend_dtrader XTIUSD,H1: Alert: Failed GBPUSD
0	13:12:27.518	trend_dtrader XTIUSD,H1: Alert: Failed ADAUSD
0	13:12:33.082	trend_dtrader XTIUSD,H1: Alert: Failed GBPUSD
0	13:12:44.388	trend_dtrader XTIUSD,H1: Alert: Failed ADAUSD
0	13:12:50.155	trend_dtrader XTIUSD,H1: Alert: Failed GBPUSD
0	13:13:01.345	trend_dtrader XTIUSD,H1: Alert: Failed ADAUSD
0	13:13:07.066	trend_dtrader XTIUSD,H1: Alert: Failed GBPUSD
0	13:13:18.482	trend_dtrader XTIUSD,H1: Alert: Failed ADAUSD
0	13:13:24.124	trend_dtrader XTIUSD,H1: Alert: Failed GBPUSD
0	13:13:35.369	trend_dtrader XTIUSD,H1: Alert: Failed ADAUSD
0	13:13:41.240	trend_dtrader XTIUSD,H1: Alert: Failed GBPUSD
0	13:13:52.348	trend_dtrader XTIUSD,H1: Alert: Failed ADAUSD
0	13:13:58.065	trend_dtrader XTIUSD,H1: Alert: Failed GBPUSD
0	13:14:09.353	trend_dtrader XTIUSD,H1: Alert: Failed ADAUSD
0	13:14:15.074	trend_dtrader XTIUSD,H1: Alert: Failed GBPUSD
0	13:14:26.337	trend_dtrader XTIUSD,H1: Alert: Failed ADAUSD
0	13:14:32.065	trend_dtrader XTIUSD,H1: Alert: Failed GBPUSD
0	13:14:43.830	trend_dtrader XTIUSD,H1: Alert: Failed ADAUSD
0	13:14:49.071	trend_dtrader XTIUSD,H1: Alert: Failed GBPUSD
0	13:15:00.459	trend_dtrader XTIUSD,H1: Alert: Failed ADAUSD
0	13:15:06.204	trend_dtrader XTIUSD,H1: Alert: Failed GBPUSD
0	13:15:17.416	trend_dtrader XTIUSD,H1: Alert: Failed ADAUSD
0	13:15:23.121	trend_dtrader XTIUSD,H1: Alert: Failed GBPUSD
0	13:15:34.450	trend_dtrader XTIUSD,H1: Alert: Failed ADAUSD
0	13:15:40.071	trend_dtrader XTIUSD,H1: Alert: Failed GBPUSD
0	13:15:51.462	trend_dtrader XTIUSD,H1: Alert: Failed ADAUSD
0	13:15:57.215	trend_dtrader XTIUSD,H1: Alert: Failed GBPUSD
0	13:16:08.562	trend_dtrader XTIUSD,H1: Alert: Failed ADAUSD
0	13:16:25.428	trend_dtrader XTIUSD,H1: Alert: Failed ADAUSD
0	13:16:42.839	trend_dtrader XTIUSD,H1: Alert: Failed ADAUSD
0	13:16:48.178	trend_dtrader XTIUSD,H1: Alert: Failed GBPUSD
0	13:16:59.494	trend_dtrader XTIUSD,H1: Alert: Failed ADAUSD
0	13:17:05.293	trend_dtrader XTIUSD,H1: Alert: Failed GBPUSD
0	13:17:16.436	trend_dtrader XTIUSD,H1: Alert: Failed ADAUSD
0	13:17:22.175	trend_dtrader XTIUSD,H1: Alert: Failed GBPUSD
0	13:17:33.409	trend_dtrader XTIUSD,H1: Alert: Failed ADAUSD
0	13:17:50.422	trend_dtrader XTIUSD,H1: Alert: Failed ADAUSD
0	13:18:07.511	trend_dtrader XTIUSD,H1: Alert: Failed ADAUSD
0	13:18:24.429	trend_dtrader XTIUSD,H1: Alert: Failed ADAUSD
0	13:18:41.819	trend_dtrader XTIUSD,H1: Alert: Failed ADAUSD
0	13:18:58.427	trend_dtrader XTIUSD,H1: Alert: Failed ADAUSD
0	13:19:15.397	trend_dtrader XTIUSD,H1: Alert: Failed ADAUSD
0	13:19:32.460	trend_dtrader XTIUSD,H1: Alert: Failed ADAUSD
0	13:19:49.405	trend_dtrader XTIUSD,H1: Alert: Failed ADAUSD
0	13:20:06.735	trend_dtrader XTIUSD,H1: Alert: Failed ADAUSD
0	13:20:23.587	trend_dtrader XTIUSD,H1: Alert: Failed ADAUSD
0	13:20:40.451	trend_dtrader XTIUSD,H1: Alert: Failed ADAUSD
0	13:20:58.518	trend_dtrader XTIUSD,H1: Alert: Failed ADAUSD
0	13:21:15.392	trend_dtrader XTIUSD,H1: Alert: Failed ADAUSD
0	13:21:32.523	trend_dtrader XTIUSD,H1: Alert: Failed ADAUSD
0	13:21:49.414	trend_dtrader XTIUSD,H1: Alert: Failed ADAUSD
0	13:22:06.558	trend_dtrader XTIUSD,H1: Alert: Failed ADAUSD
0	13:22:23.418	trend_dtrader XTIUSD,H1: Alert: Failed ADAUSD
0	13:22:40.447	trend_dtrader XTIUSD,H1: Alert: Failed ADAUSD
0	13:22:57.435	trend_dtrader XTIUSD,H1: Alert: Failed ADAUSD
0	13:23:14.480	trend_dtrader XTIUSD,H1: Alert: Failed ADAUSD
0	13:23:31.447	trend_dtrader XTIUSD,H1: Alert: Failed ADAUSD
0	13:23:49.985	trend_dtrader XTIUSD,H1: Alert: Failed ADAUSD
0	13:24:07.663	trend_dtrader XTIUSD,H1: Alert: Failed ADAUSD
0	13:24:25.636	trend_dtrader XTIUSD,H1: Alert: Failed ADAUSD
0	13:24:42.560	trend_dtrader XTIUSD,H1: Alert: Failed ADAUSD
0	13:24:59.520	trend_dtrader XTIUSD,H1: Alert: Failed ADAUSD
0	13:25:16.640	trend_dtrader XTIUSD,H1: Alert: Failed ADAUSD
0	13:25:33.758	trend_dtrader XTIUSD,H1: Alert: Failed ADAUSD
0	13:25:50.654	trend_dtrader XTIUSD,H1: Alert: Failed ADAUSD
0	13:26:07.439	trend_dtrader XTIUSD,H1: Alert: Failed ADAUSD
0	13:26:24.626	trend_dtrader XTIUSD,H1: Alert: Failed ADAUSD
0	13:26:43.452	trend_dtrader XTIUSD,H1: Alert: Failed ADAUSD
0	13:27:00.719	trend_dtrader XTIUSD,H1: Alert: Failed ADAUSD
0	13:27:17.441	trend_dtrader XTIUSD,H1: Alert: Failed ADAUSD
0	13:27:34.894	trend_dtrader XTIUSD,H1: Alert: Failed ADAUSD
0	13:27:51.423	trend_dtrader XTIUSD,H1: Alert: Failed ADAUSD
0	13:28:10.458	trend_dtrader XTIUSD,H1: Alert: Failed ADAUSD
0	13:28:27.505	trend_dtrader XTIUSD,H1: Alert: Failed ADAUSD
0	13:28:44.445	trend_dtrader XTIUSD,H1: Alert: Failed ADAUSD
0	13:29:02.986	trend_dtrader XTIUSD,H1: Alert: Failed ADAUSD
0	13:29:19.487	trend_dtrader XTIUSD,H1: Alert: Failed ADAUSD
0	13:29:38.058	trend_dtrader XTIUSD,H1: Alert: Failed ADAUSD
0	13:29:55.632	trend_dtrader XTIUSD,H1: Alert: Failed ADAUSD
0	13:31:33.048	trend_dtrader XTIUSD,H1: Alert: Failed ADAUSD
0	13:31:54.603	trend_dtrader XTIUSD,H1: Alert: Failed ADAUSD
0	13:32:23.175	trend_dtrader XTIUSD,H1: Alert: Failed ADAUSD
0	13:33:12.520	trend_dtrader XTIUSD,H1: Alert: Failed ADAUSD
0	13:33:48.933	trend_dtrader XTIUSD,H1: Alert: Failed ADAUSD
0	13:36:41.751	trend_dtrader XTIUSD,H1: Alert: Failed ADAUSD
0	13:37:27.089	trend_dtrader XTIUSD,H1: Alert: Failed ADAUSD
0	13:38:03.695	trend_dtrader XTIUSD,H1: Alert: Failed GBPUSD
0	13:38:18.685	trend_dtrader XTIUSD,H1: Alert: Failed ADAUSD
0	13:38:36.717	trend_dtrader XTIUSD,H1: Alert: Failed ADAUSD
0	13:38:53.572	trend_dtrader XTIUSD,H1: Alert: Failed ADAUSD
0	13:39:11.757	trend_dtrader XTIUSD,H1: Alert: Failed ADAUSD
0	13:39:17.228	trend_dtrader XTIUSD,H1: Alert: Failed GBPUSD
0	13:39:28.520	trend_dtrader XTIUSD,H1: Alert: Failed ADAUSD
0	13:39:34.231	trend_dtrader XTIUSD,H1: Alert: Failed GBPUSD
0	13:39:46.150	trend_dtrader XTIUSD,H1: Alert: Failed ADAUSD
0	13:39:51.405	trend_dtrader XTIUSD,H1: Alert: Failed GBPUSD
0	13:40:05.518	trend_dtrader XTIUSD,H1: Alert: Failed ADAUSD
0	13:40:12.421	trend_dtrader XTIUSD,H1: Alert: Failed GBPUSD
0	13:40:23.843	trend_dtrader XTIUSD,H1: Alert: Failed ADAUSD
0	13:40:29.381	trend_dtrader XTIUSD,H1: Alert: Failed GBPUSD
0	13:40:40.853	trend_dtrader XTIUSD,H1: Alert: Failed ADAUSD
0	13:40:47.219	trend_dtrader XTIUSD,H1: Alert: Failed GBPUSD
0	13:40:59.429	trend_dtrader XTIUSD,H1: Alert: Failed ADAUSD
0	13:41:05.226	trend_dtrader XTIUSD,H1: Alert: Failed GBPUSD
0	13:41:16.639	trend_dtrader XTIUSD,H1: Alert: Failed ADAUSD
0	13:41:22.808	trend_dtrader XTIUSD,H1: Alert: Failed GBPUSD
0	13:41:33.435	trend_dtrader XTIUSD,H1: Alert: Failed ADAUSD
0	13:41:39.221	trend_dtrader XTIUSD,H1: Alert: Failed GBPUSD
0	13:41:50.719	trend_dtrader XTIUSD,H1: Alert: Failed ADAUSD
0	13:41:56.265	trend_dtrader XTIUSD,H1: Alert: Failed GBPUSD
0	13:42:08.891	trend_dtrader XTIUSD,H1: Alert: Failed ADAUSD
0	13:42:26.467	trend_dtrader XTIUSD,H1: Alert: Failed ADAUSD
0	13:42:32.863	trend_dtrader XTIUSD,H1: Alert: Failed GBPUSD
0	13:42:46.190	trend_dtrader XTIUSD,H1: Alert: Failed ADAUSD
0	13:42:51.225	trend_dtrader XTIUSD,H1: Alert: Failed GBPUSD
0	13:43:03.684	trend_dtrader XTIUSD,H1: Alert: Failed ADAUSD
0	13:43:10.112	trend_dtrader XTIUSD,H1: Alert: Failed GBPUSD
0	13:43:21.502	trend_dtrader XTIUSD,H1: Alert: Failed ADAUSD
0	13:43:33.228	trend_dtrader XTIUSD,H1: Alert: Failed GBPUSD
0	13:43:44.962	trend_dtrader XTIUSD,H1: Alert: Failed ADAUSD
0	13:43:51.294	trend_dtrader XTIUSD,H1: Alert: Failed GBPUSD
0	13:44:05.842	trend_dtrader XTIUSD,H1: Alert: Failed ADAUSD
0	13:44:11.290	trend_dtrader XTIUSD,H1: Alert: Failed GBPUSD
0	13:44:24.440	trend_dtrader XTIUSD,H1: Alert: Failed ADAUSD
0	13:44:31.261	trend_dtrader XTIUSD,H1: Alert: Failed GBPUSD
0	13:44:42.652	trend_dtrader XTIUSD,H1: Alert: Failed ADAUSD
0	13:44:48.336	trend_dtrader XTIUSD,H1: Alert: Failed GBPUSD
0	13:44:59.485	trend_dtrader XTIUSD,H1: Alert: Failed ADAUSD
0	13:45:06.395	trend_dtrader XTIUSD,H1: Alert: Failed GBPUSD
0	13:45:18.385	trend_dtrader XTIUSD,H1: Alert: Failed ADAUSD
0	13:45:34.223	trend_dtrader XTIUSD,H1: Alert: Failed ADAUSD
0	13:45:51.362	trend_dtrader XTIUSD,H1: Alert: Failed ADAUSD
0	13:46:09.491	trend_dtrader XTIUSD,H1: Alert: Failed ADAUSD
0	13:46:26.227	trend_dtrader XTIUSD,H1: Alert: Failed ADAUSD
0	13:46:44.183	trend_dtrader XTIUSD,H1: Alert: Failed ADAUSD
0	13:47:00.538	trend_dtrader XTIUSD,H1: Alert: Failed ADAUSD
0	13:47:18.415	trend_dtrader XTIUSD,H1: Alert: Failed ADAUSD
0	13:47:35.666	trend_dtrader XTIUSD,H1: Alert: Failed ADAUSD
0	13:47:52.637	trend_dtrader XTIUSD,H1: Alert: Failed ADAUSD
0	13:48:09.490	trend_dtrader XTIUSD,H1: Alert: Failed ADAUSD
0	13:48:26.529	trend_dtrader XTIUSD,H1: Alert: Failed ADAUSD
0	13:48:43.973	trend_dtrader XTIUSD,H1: Alert: Failed ADAUSD
0	13:49:00.459	trend_dtrader XTIUSD,H1: Alert: Failed ADAUSD
0	13:49:17.697	trend_dtrader XTIUSD,H1: Alert: Failed ADAUSD
0	13:49:34.555	trend_dtrader XTIUSD,H1: Alert: Failed ADAUSD
0	13:49:52.609	trend_dtrader XTIUSD,H1: Alert: Failed ADAUSD
0	13:50:43.226	trend_dtrader XTIUSD,H1: Alert: Failed ADAUSD
0	13:51:00.947	trend_dtrader XTIUSD,H1: Alert: Failed ADAUSD
0	13:51:17.583	trend_dtrader XTIUSD,H1: Alert: Failed ADAUSD
0	13:51:34.226	trend_dtrader XTIUSD,H1: Alert: Failed ADAUSD
0	13:51:51.601	trend_dtrader XTIUSD,H1: Alert: Failed ADAUSD
0	13:52:08.227	trend_dtrader XTIUSD,H1: Alert: Failed ADAUSD
0	13:52:25.227	trend_dtrader XTIUSD,H1: Alert: Failed ADAUSD
0	13:52:42.229	trend_dtrader XTIUSD,H1: Alert: Failed ADAUSD
0	13:52:59.227	trend_dtrader XTIUSD,H1: Alert: Failed ADAUSD
0	13:53:16.813	trend_dtrader XTIUSD,H1: Alert: Failed ADAUSD
0	13:53:33.513	trend_dtrader XTIUSD,H1: Alert: Failed ADAUSD
0	13:53:50.587	trend_dtrader XTIUSD,H1: Alert: Failed ADAUSD
0	13:54:08.449	trend_dtrader XTIUSD,H1: Alert: Failed ADAUSD
0	13:54:26.929	trend_dtrader XTIUSD,H1: Alert: Failed ADAUSD
0	13:54:44.778	trend_dtrader XTIUSD,H1: Alert: Failed ADAUSD
0	13:55:01.528	trend_dtrader XTIUSD,H1: Alert: Failed ADAUSD
0	13:55:19.067	trend_dtrader XTIUSD,H1: Alert: Failed ADAUSD
0	13:55:35.485	trend_dtrader XTIUSD,H1: Alert: Failed ADAUSD
0	13:55:52.628	trend_dtrader XTIUSD,H1: Alert: Failed ADAUSD
0	13:56:09.466	trend_dtrader XTIUSD,H1: Alert: Failed ADAUSD
0	13:56:26.456	trend_dtrader XTIUSD,H1: Alert: Failed ADAUSD
0	13:56:43.639	trend_dtrader XTIUSD,H1: Alert: Failed ADAUSD
0	13:57:00.472	trend_dtrader XTIUSD,H1: Alert: Failed ADAUSD
0	13:57:17.490	trend_dtrader XTIUSD,H1: Alert: Failed ADAUSD
0	13:57:34.769	trend_dtrader XTIUSD,H1: Alert: Failed ADAUSD
0	13:57:52.667	trend_dtrader XTIUSD,H1: Alert: Failed ADAUSD
0	13:58:09.945	trend_dtrader XTIUSD,H1: Alert: Failed ADAUSD
0	13:58:28.457	trend_dtrader XTIUSD,H1: Alert: Failed ADAUSD
0	13:58:49.649	trend_dtrader XTIUSD,H1: Alert: Failed ADAUSD
0	13:59:11.766	trend_dtrader XTIUSD,H1: Alert: Failed ADAUSD
0	13:59:28.599	trend_dtrader XTIUSD,H1: Alert: Failed ADAUSD
0	13:59:45.791	trend_dtrader XTIUSD,H1: Alert: Failed ADAUSD
0	14:00:03.186	trend_dtrader XTIUSD,H1: Alert: Failed ADAUSD
0	14:00:21.594	trend_dtrader XTIUSD,H1: Alert: Failed ADAUSD
0	14:00:38.950	trend_dtrader XTIUSD,H1: Alert: Failed ADAUSD
0	14:00:55.568	trend_dtrader XTIUSD,H1: Alert: Failed ADAUSD
0	14:01:13.002	trend_dtrader XTIUSD,H1: Alert: Failed ADAUSD
0	14:01:29.818	trend_dtrader XTIUSD,H1: Alert: Failed ADAUSD
0	14:01:47.243	trend_dtrader XTIUSD,H1: Alert: Failed ADAUSD
0	14:02:05.154	trend_dtrader XTIUSD,H1: Alert: Failed ADAUSD
0	14:02:21.756	trend_dtrader XTIUSD,H1: Alert: Failed ADAUSD
0	14:02:40.239	trend_dtrader XTIUSD,H1: Alert: Failed ADAUSD
0	14:02:56.679	trend_dtrader XTIUSD,H1: Alert: Failed ADAUSD
0	14:03:14.289	trend_dtrader XTIUSD,H1: Alert: Failed ADAUSD
0	14:03:31.586	trend_dtrader XTIUSD,H1: Alert: Failed ADAUSD
0	14:03:48.219	trend_dtrader XTIUSD,H1: Alert: Failed ADAUSD
0	14:04:04.245	trend_dtrader XTIUSD,H1: Alert: Failed ADAUSD
0	14:04:21.486	trend_dtrader XTIUSD,H1: Alert: Failed ADAUSD
0	14:04:38.600	trend_dtrader XTIUSD,H1: Alert: Failed ADAUSD
0	14:04:57.419	trend_dtrader XTIUSD,H1: Alert: Failed ADAUSD
0	14:05:15.504	trend_dtrader XTIUSD,H1: Alert: Failed ADAUSD
0	14:05:33.005	trend_dtrader XTIUSD,H1: Alert: Failed ADAUSD
0	14:05:51.731	trend_dtrader XTIUSD,H1: Alert: Failed ADAUSD
0	14:06:12.586	trend_dtrader XTIUSD,H1: Alert: Failed ADAUSD
0	14:06:39.209	trend_dtrader XTIUSD,H1: Alert: Failed ADAUSD
0	14:06:58.264	trend_dtrader XTIUSD,H1: Alert: Failed ADAUSD
0	14:07:17.232	trend_dtrader XTIUSD,H1: Alert: Failed ADAUSD
0	14:07:34.577	trend_dtrader XTIUSD,H1: Alert: Failed ADAUSD
0	14:37:08.973	Custom indicator Bands GBPUSD,H1: loaded successfully
0	14:37:18.509	Bands GBPUSD,H1: initialized
0	14:38:08.179	Bands GBPUSD,H1: uninit reason 1
0	14:38:08.184	Custom indicator Bands GBPUSD,H1: removed
2	15:52:17.832	trend_dtrader XTIUSD,H1: modify #469556348 sell 0.20 AUDUSD at 0.65960 sl: 0.65919 tp: 0.64519 ok
0	15:52:17.833	trend_dtrader XTIUSD,H1: Alert: AUDUSD has been assigned a breakeven 0.6591899999999999
2	15:52:59.811	trend_dtrader XTIUSD,H1: modify #469542211 sell 0.20 NZDUSD at 0.61445 sl: 0.61402 tp: 0.60540 ok
0	15:52:59.812	trend_dtrader XTIUSD,H1: Alert: NZDUSD has been assigned a breakeven 0.61402
0	18:06:42.278	trend_dtrader XTIUSD,H1: Alert: Please check your internet connection
0	18:06:43.276	trend_dtrader XTIUSD,H1: Alert: Please check your internet connection
0	18:08:40.276	trend_dtrader XTIUSD,H1: Alert: Please check your internet connection
0	18:08:41.277	trend_dtrader XTIUSD,H1: Alert: Please check your internet connection
2	19:00:27.574	trend_dtrader XTIUSD,H1: open #469795709 sell 0.40 EURUSD at 1.08874 sl: 1.09383 tp: 1.07073 ok
0	19:00:27.574	trend_dtrader XTIUSD,H1: Alert: EURUSD Ordered Successfully
0	20:00:36.797	trend_dtrader XTIUSD,H1: Alert: Please check your internet connection
0	20:00:37.336	trend_dtrader XTIUSD,H1: Alert: Please check your internet connection
0	20:00:38.335	trend_dtrader XTIUSD,H1: Alert: Please check your internet connection
0	20:00:39.336	trend_dtrader XTIUSD,H1: Alert: Please check your internet connection
0	20:00:40.336	trend_dtrader XTIUSD,H1: Alert: Please check your internet connection
0	20:00:41.335	trend_dtrader XTIUSD,H1: Alert: Please check your internet connection
0	20:00:42.335	trend_dtrader XTIUSD,H1: Alert: Please check your internet connection
0	20:00:48.336	trend_dtrader XTIUSD,H1: Alert: Please check your internet connection
0	20:00:49.335	trend_dtrader XTIUSD,H1: Alert: Please check your internet connection
2	20:43:53.724	trend_dtrader XTIUSD,H1: modify #469658978 sell 0.30 DOGEUSD at 0.16650 sl: 0.16599 tp: 0.07797 ok
0	20:43:53.725	trend_dtrader XTIUSD,H1: Alert: DOGEUSD has been assigned a breakeven 0.165985
0	21:40:07.111	trend_dtrader XTIUSD,H1: Alert: Please check your internet connection
0	21:40:07.519	trend_dtrader XTIUSD,H1: Alert: Please check your internet connection
0	21:40:08.520	trend_dtrader XTIUSD,H1: Alert: Please check your internet connection
0	21:48:38.526	trend_dtrader XTIUSD,H1: Alert: Please check your internet connection
0	21:48:38.544	trend_dtrader XTIUSD,H1: Alert: Please check your internet connection
0	21:48:39.528	trend_dtrader XTIUSD,H1: Alert: Please check your internet connection
0	21:48:40.528	trend_dtrader XTIUSD,H1: Alert: Please check your internet connection
