0	00:00:43.664	trend_dtrader GBPUSD,H1: Failed modifying BCHUSD
0	00:00:43.820	trend_dtrader GBPUSD,H1: Alert: Please check your internet connection
0	00:00:44.719	trend_dtrader GBPUSD,H1: Alert: Please check your internet connection
0	00:00:45.716	trend_dtrader GBPUSD,H1: Alert: Please check your internet connection
0	00:00:46.713	trend_dtrader GBPUSD,H1: Alert: Please check your internet connection
0	00:00:47.713	trend_dtrader GBPUSD,H1: Alert: Please check your internet connection
0	00:00:48.711	trend_dtrader GBPUSD,H1: Alert: Please check your internet connection
0	00:00:49.707	trend_dtrader GBPUSD,H1: Alert: Please check your internet connection
0	00:00:50.705	trend_dtrader GBPUSD,H1: Alert: Please check your internet connection
0	00:00:51.703	trend_dtrader GBPUSD,H1: Failed modifying BCHUSD
0	00:16:33.373	trend_dtrader GBPUSD,H1: Failed modifying BCHUSD
0	00:16:33.652	trend_dtrader GBPUSD,H1: Alert: Please check your internet connection
0	00:16:34.651	trend_dtrader GBPUSD,H1: Alert: Please check your internet connection
0	00:16:35.657	trend_dtrader GBPUSD,H1: Failed modifying BCHUSD
0	00:16:36.663	trend_dtrader GBPUSD,H1: Failed modifying BCHUSD
0	00:16:37.648	trend_dtrader GBPUSD,H1: Failed modifying BCHUSD
0	00:31:46.320	trend_dtrader GBPUSD,H1: Failed modifying BCHUSD
0	00:31:46.606	trend_dtrader GBPUSD,H1: Alert: Please check your internet connection
0	00:31:47.605	trend_dtrader GBPUSD,H1: Alert: Please check your internet connection
0	00:31:48.657	trend_dtrader GBPUSD,H1: Failed modifying BCHUSD
0	00:31:49.698	trend_dtrader GBPUSD,H1: Failed modifying BCHUSD
0	00:31:50.660	trend_dtrader GBPUSD,H1: Failed modifying BCHUSD
0	00:46:10.599	trend_dtrader GBPUSD,H1: Failed modifying BCHUSD
0	00:46:10.635	trend_dtrader GBPUSD,H1: Alert: Please check your internet connection
0	00:46:11.619	trend_dtrader GBPUSD,H1: Alert: Please check your internet connection
0	00:46:12.620	trend_dtrader GBPUSD,H1: Alert: Please check your internet connection
0	00:46:13.619	trend_dtrader GBPUSD,H1: Alert: Please check your internet connection
0	00:46:14.618	trend_dtrader GBPUSD,H1: Alert: Please check your internet connection
0	00:46:15.618	trend_dtrader GBPUSD,H1: Alert: Please check your internet connection
0	00:46:16.619	trend_dtrader GBPUSD,H1: Alert: Please check your internet connection
0	00:46:17.618	trend_dtrader GBPUSD,H1: Failed modifying BCHUSD
0	00:46:18.617	trend_dtrader GBPUSD,H1: Failed modifying BCHUSD
2	00:46:18.806	trend_dtrader GBPUSD,H1: modify #477329327 sell 0.30 SOLUSD at 133.47 sl: 129.45 tp: 125.43 ok
0	00:46:18.807	trend_dtrader GBPUSD,H1: Alert: SOLUSD has been assigned a breakeven 129.45
0	01:04:07.291	trend_dtrader GBPUSD,H1: Failed modifying BCHUSD
0	01:04:07.572	trend_dtrader GBPUSD,H1: Alert: Please check your internet connection
0	01:04:08.571	trend_dtrader GBPUSD,H1: Alert: Please check your internet connection
0	01:04:09.573	trend_dtrader GBPUSD,H1: Alert: Please check your internet connection
0	01:34:35.534	trend_dtrader GBPUSD,H1: Alert: Please check your internet connection
0	01:34:36.535	trend_dtrader GBPUSD,H1: Alert: Please check your internet connection
0	01:34:38.586	trend_dtrader GBPUSD,H1: Failed modifying BCHUSD
0	01:34:39.585	trend_dtrader GBPUSD,H1: Failed modifying BCHUSD
0	01:34:40.595	trend_dtrader GBPUSD,H1: Failed modifying BCHUSD
0	01:40:28.512	trend_dtrader GBPUSD,H1: Failed modifying BCHUSD
0	01:40:28.591	trend_dtrader GBPUSD,H1: Alert: Please check your internet connection
0	01:40:29.575	trend_dtrader GBPUSD,H1: Alert: Please check your internet connection
0	01:40:30.577	trend_dtrader GBPUSD,H1: Alert: Please check your internet connection
0	01:40:31.575	trend_dtrader GBPUSD,H1: Alert: Please check your internet connection
0	01:40:32.577	trend_dtrader GBPUSD,H1: Alert: Please check your internet connection
0	01:40:33.576	trend_dtrader GBPUSD,H1: Alert: Please check your internet connection
0	01:40:34.575	trend_dtrader GBPUSD,H1: Alert: Please check your internet connection
0	01:40:35.575	trend_dtrader GBPUSD,H1: Failed modifying BCHUSD
0	01:41:38.333	trend_dtrader GBPUSD,H1: Failed modifying BCHUSD
0	01:41:38.578	trend_dtrader GBPUSD,H1: Alert: Please check your internet connection
0	01:41:39.573	trend_dtrader GBPUSD,H1: Alert: Please check your internet connection
0	01:41:40.575	trend_dtrader GBPUSD,H1: Alert: Please check your internet connection
0	01:41:41.573	trend_dtrader GBPUSD,H1: Alert: Please check your internet connection
0	01:41:42.573	trend_dtrader GBPUSD,H1: Alert: Please check your internet connection
0	01:41:43.577	trend_dtrader GBPUSD,H1: Alert: Please check your internet connection
0	01:41:44.575	trend_dtrader GBPUSD,H1: Failed modifying BCHUSD
0	01:41:45.573	trend_dtrader GBPUSD,H1: Failed modifying BCHUSD
0	02:00:29.539	trend_dtrader GBPUSD,H1: Alert: Please check your internet connection
0	02:00:30.536	trend_dtrader GBPUSD,H1: Alert: Please check your internet connection
0	02:18:33.507	trend_dtrader GBPUSD,H1: Alert: Please check your internet connection
0	02:18:34.506	trend_dtrader GBPUSD,H1: Alert: Please check your internet connection
0	02:18:35.505	trend_dtrader GBPUSD,H1: Alert: Please check your internet connection
0	02:18:36.504	trend_dtrader GBPUSD,H1: Alert: Please check your internet connection
0	02:18:37.502	trend_dtrader GBPUSD,H1: Alert: Please check your internet connection
0	02:18:38.502	trend_dtrader GBPUSD,H1: Alert: Please check your internet connection
0	02:18:39.499	trend_dtrader GBPUSD,H1: Alert: Please check your internet connection
0	02:18:41.498	trend_dtrader GBPUSD,H1: Failed modifying BCHUSD
0	02:23:07.261	trend_dtrader GBPUSD,H1: Failed modifying BCHUSD
0	02:23:07.489	trend_dtrader GBPUSD,H1: Alert: Please check your internet connection
0	02:23:08.487	trend_dtrader GBPUSD,H1: Alert: Please check your internet connection
0	02:23:09.488	trend_dtrader GBPUSD,H1: Failed modifying BCHUSD
0	02:23:10.485	trend_dtrader GBPUSD,H1: Failed modifying BCHUSD
0	02:23:11.484	trend_dtrader GBPUSD,H1: Failed modifying BCHUSD
0	02:23:12.486	trend_dtrader GBPUSD,H1: Failed modifying BCHUSD
0	02:23:13.554	trend_dtrader GBPUSD,H1: Failed modifying BCHUSD
0	02:23:14.489	trend_dtrader GBPUSD,H1: Failed modifying BCHUSD
0	02:23:15.496	trend_dtrader GBPUSD,H1: Failed modifying BCHUSD
0	02:23:16.482	trend_dtrader GBPUSD,H1: Failed modifying BCHUSD
0	02:39:29.182	trend_dtrader GBPUSD,H1: Failed modifying BCHUSD
0	02:39:29.450	trend_dtrader GBPUSD,H1: Alert: Please check your internet connection
0	02:39:30.448	trend_dtrader GBPUSD,H1: Alert: Please check your internet connection
0	02:39:31.433	trend_dtrader GBPUSD,H1: Failed modifying BCHUSD
0	02:57:30.351	trend_dtrader GBPUSD,H1: Alert: Please check your internet connection
0	02:57:31.261	trend_dtrader GBPUSD,H1: Alert: Please check your internet connection
0	02:57:32.261	trend_dtrader GBPUSD,H1: Alert: Please check your internet connection
0	02:57:33.261	trend_dtrader GBPUSD,H1: Alert: Please check your internet connection
0	02:57:34.260	trend_dtrader GBPUSD,H1: Alert: Please check your internet connection
0	03:13:38.921	trend_dtrader GBPUSD,H1: Alert: Please check your internet connection
0	03:13:39.207	trend_dtrader GBPUSD,H1: Alert: Please check your internet connection
0	03:13:40.207	trend_dtrader GBPUSD,H1: Alert: Please check your internet connection
0	03:13:41.205	trend_dtrader GBPUSD,H1: Alert: Please check your internet connection
0	03:19:34.181	trend_dtrader GBPUSD,H1: Alert: Please check your internet connection
0	03:19:35.178	trend_dtrader GBPUSD,H1: Alert: Please check your internet connection
0	03:19:36.178	trend_dtrader GBPUSD,H1: Alert: Please check your internet connection
0	03:19:37.197	trend_dtrader GBPUSD,H1: Failed modifying BCHUSD
0	03:19:38.173	trend_dtrader GBPUSD,H1: Failed modifying BCHUSD
0	03:19:39.172	trend_dtrader GBPUSD,H1: Failed modifying BCHUSD
0	03:19:40.170	trend_dtrader GBPUSD,H1: Failed modifying BCHUSD
0	03:36:18.953	trend_dtrader GBPUSD,H1: Failed modifying BCHUSD
0	03:36:19.109	trend_dtrader GBPUSD,H1: Failed modifying BCHUSD
0	03:36:20.108	trend_dtrader GBPUSD,H1: Failed modifying BCHUSD
0	03:36:21.107	trend_dtrader GBPUSD,H1: Failed modifying BCHUSD
0	03:36:22.106	trend_dtrader GBPUSD,H1: Failed modifying BCHUSD
0	03:36:23.105	trend_dtrader GBPUSD,H1: Failed modifying BCHUSD
0	03:53:57.764	trend_dtrader GBPUSD,H1: Failed modifying BCHUSD
0	03:53:58.049	trend_dtrader GBPUSD,H1: Alert: Please check your internet connection
0	03:53:59.049	trend_dtrader GBPUSD,H1: Alert: Please check your internet connection
0	03:54:00.081	trend_dtrader GBPUSD,H1: Failed modifying BCHUSD
0	03:54:01.050	trend_dtrader GBPUSD,H1: Failed modifying BCHUSD
0	03:54:02.112	trend_dtrader GBPUSD,H1: Failed modifying BCHUSD
0	04:05:51.078	trend_dtrader GBPUSD,H1: Failed modifying BCHUSD
0	04:05:51.083	trend_dtrader GBPUSD,H1: Failed modifying BCHUSD
0	04:05:52.080	trend_dtrader GBPUSD,H1: Alert: Please check your internet connection
0	04:05:53.079	trend_dtrader GBPUSD,H1: Alert: Please check your internet connection
0	04:05:54.079	trend_dtrader GBPUSD,H1: Alert: Please check your internet connection
0	04:05:55.080	trend_dtrader GBPUSD,H1: Alert: Please check your internet connection
0	04:05:56.079	trend_dtrader GBPUSD,H1: Alert: Please check your internet connection
0	04:05:57.079	trend_dtrader GBPUSD,H1: Alert: Please check your internet connection
0	04:05:58.080	trend_dtrader GBPUSD,H1: Alert: Please check your internet connection
0	04:06:29.077	trend_dtrader GBPUSD,H1: Failed modifying BCHUSD
0	04:06:45.076	trend_dtrader GBPUSD,H1: Failed modifying BCHUSD
0	04:06:46.076	trend_dtrader GBPUSD,H1: Failed modifying BCHUSD
0	04:06:47.076	trend_dtrader GBPUSD,H1: Failed modifying BCHUSD
0	04:06:48.076	trend_dtrader GBPUSD,H1: Failed modifying BCHUSD
0	04:42:18.852	trend_dtrader GBPUSD,H1: Alert: Please check your internet connection
0	04:42:18.973	trend_dtrader GBPUSD,H1: Alert: Please check your internet connection
0	04:42:19.972	trend_dtrader GBPUSD,H1: Alert: Please check your internet connection
0	05:32:54.709	trend_dtrader GBPUSD,H1: Alert: Please check your internet connection
0	05:32:55.707	trend_dtrader GBPUSD,H1: Alert: Please check your internet connection
0	05:32:56.781	trend_dtrader GBPUSD,H1: Alert: Please check your internet connection
0	05:32:58.884	trend_dtrader GBPUSD,H1: Failed modifying BCHUSD
0	05:46:46.475	trend_dtrader GBPUSD,H1: Failed modifying BCHUSD
0	05:46:46.785	trend_dtrader GBPUSD,H1: Failed modifying BCHUSD
0	05:46:47.786	trend_dtrader GBPUSD,H1: Failed modifying BCHUSD
0	05:46:48.785	trend_dtrader GBPUSD,H1: Failed modifying BCHUSD
0	05:46:49.787	trend_dtrader GBPUSD,H1: Failed modifying BCHUSD
0	05:46:50.787	trend_dtrader GBPUSD,H1: Failed modifying BCHUSD
0	05:46:51.788	trend_dtrader GBPUSD,H1: Failed modifying BCHUSD
0	05:46:52.789	trend_dtrader GBPUSD,H1: Failed modifying BCHUSD
0	06:02:49.511	trend_dtrader GBPUSD,H1: Failed modifying BCHUSD
0	06:02:49.794	trend_dtrader GBPUSD,H1: Alert: Please check your internet connection
0	06:02:50.793	trend_dtrader GBPUSD,H1: Alert: Please check your internet connection
0	06:02:51.662	trend_dtrader GBPUSD,H1: Alert: Please check your internet connection
0	06:02:52.663	trend_dtrader GBPUSD,H1: Alert: Please check your internet connection
0	06:02:53.661	trend_dtrader GBPUSD,H1: Alert: Please check your internet connection
0	06:18:27.353	trend_dtrader GBPUSD,H1: Alert: Please check your internet connection
0	06:18:27.640	trend_dtrader GBPUSD,H1: Alert: Please check your internet connection
0	06:18:28.708	trend_dtrader GBPUSD,H1: Failed modifying BCHUSD
0	06:18:29.627	trend_dtrader GBPUSD,H1: Failed modifying BCHUSD
0	06:18:30.645	trend_dtrader GBPUSD,H1: Failed modifying BCHUSD
0	06:18:30.790	trend_dtrader GBPUSD,H1: Failed modifying BCHUSD
0	06:18:30.790	trend_dtrader GBPUSD,H1: Failed modifying BCHUSD
0	06:18:31.632	trend_dtrader GBPUSD,H1: Failed modifying BCHUSD
0	06:18:31.632	trend_dtrader GBPUSD,H1: Failed modifying BCHUSD
0	06:21:45.998	trend_dtrader GBPUSD,H1: Failed modifying BCHUSD
0	06:21:45.998	trend_dtrader GBPUSD,H1: Failed modifying BCHUSD
0	06:21:46.624	trend_dtrader GBPUSD,H1: Failed modifying BCHUSD
0	06:21:46.625	trend_dtrader GBPUSD,H1: Failed modifying BCHUSD
0	06:21:47.619	trend_dtrader GBPUSD,H1: Failed modifying BCHUSD
0	06:21:47.619	trend_dtrader GBPUSD,H1: Failed modifying BCHUSD
0	06:21:48.619	trend_dtrader GBPUSD,H1: Failed modifying BCHUSD
0	06:21:48.619	trend_dtrader GBPUSD,H1: Failed modifying BCHUSD
0	06:21:49.618	trend_dtrader GBPUSD,H1: Failed modifying BCHUSD
0	06:21:49.618	trend_dtrader GBPUSD,H1: Failed modifying BCHUSD
0	06:21:50.619	trend_dtrader GBPUSD,H1: Failed modifying BCHUSD
0	06:21:50.619	trend_dtrader GBPUSD,H1: Failed modifying BCHUSD
0	06:21:51.624	trend_dtrader GBPUSD,H1: Failed modifying BCHUSD
0	06:21:51.624	trend_dtrader GBPUSD,H1: Failed modifying BCHUSD
0	06:21:52.619	trend_dtrader GBPUSD,H1: Failed modifying BCHUSD
0	06:21:52.619	trend_dtrader GBPUSD,H1: Failed modifying BCHUSD
0	06:27:23.324	trend_dtrader GBPUSD,H1: Failed modifying BCHUSD
0	06:27:23.324	trend_dtrader GBPUSD,H1: Failed modifying BCHUSD
0	06:27:23.606	trend_dtrader GBPUSD,H1: Alert: Please check your internet connection
0	06:27:24.606	trend_dtrader GBPUSD,H1: Alert: Please check your internet connection
0	06:27:25.606	trend_dtrader GBPUSD,H1: Alert: Please check your internet connection
0	06:36:01.586	trend_dtrader GBPUSD,H1: Alert: Please check your internet connection
0	06:36:02.587	trend_dtrader GBPUSD,H1: Alert: Please check your internet connection
0	06:36:03.588	trend_dtrader GBPUSD,H1: Alert: Please check your internet connection
0	06:36:04.586	trend_dtrader GBPUSD,H1: Alert: Please check your internet connection
0	06:36:05.587	trend_dtrader GBPUSD,H1: Alert: Please check your internet connection
0	06:36:08.584	trend_dtrader GBPUSD,H1: Failed modifying BCHUSD
0	06:36:09.804	trend_dtrader GBPUSD,H1: Failed modifying BCHUSD
0	06:36:10.684	trend_dtrader GBPUSD,H1: Failed modifying BCHUSD
0	06:36:11.579	trend_dtrader GBPUSD,H1: Failed modifying BCHUSD
0	06:36:12.582	trend_dtrader GBPUSD,H1: Failed modifying BCHUSD
0	06:39:29.725	trend_dtrader GBPUSD,H1: Failed modifying BCHUSD
0	06:39:30.566	trend_dtrader GBPUSD,H1: Failed modifying BCHUSD
0	06:39:31.565	trend_dtrader GBPUSD,H1: Failed modifying BCHUSD
0	06:39:32.565	trend_dtrader GBPUSD,H1: Failed modifying BCHUSD
0	06:39:33.564	trend_dtrader GBPUSD,H1: Failed modifying BCHUSD
0	06:39:34.563	trend_dtrader GBPUSD,H1: Failed modifying BCHUSD
0	06:39:35.562	trend_dtrader GBPUSD,H1: Failed modifying BCHUSD
0	06:39:36.560	trend_dtrader GBPUSD,H1: Failed modifying BCHUSD
0	06:39:37.560	trend_dtrader GBPUSD,H1: Failed modifying BCHUSD
0	06:39:38.559	trend_dtrader GBPUSD,H1: Failed modifying BCHUSD
0	06:39:39.558	trend_dtrader GBPUSD,H1: Failed modifying BCHUSD
0	06:39:40.557	trend_dtrader GBPUSD,H1: Failed modifying BCHUSD
0	06:39:41.558	trend_dtrader GBPUSD,H1: Failed modifying BCHUSD
0	06:39:42.556	trend_dtrader GBPUSD,H1: Failed modifying BCHUSD
0	06:39:43.556	trend_dtrader GBPUSD,H1: Failed modifying BCHUSD
0	06:39:44.555	trend_dtrader GBPUSD,H1: Failed modifying BCHUSD
0	06:39:45.555	trend_dtrader GBPUSD,H1: Failed modifying BCHUSD
0	06:39:46.554	trend_dtrader GBPUSD,H1: Failed modifying BCHUSD
0	06:54:59.281	trend_dtrader GBPUSD,H1: Failed modifying BCHUSD
0	06:54:59.515	trend_dtrader GBPUSD,H1: Failed modifying BCHUSD
0	06:55:00.513	trend_dtrader GBPUSD,H1: Failed modifying BCHUSD
0	06:55:01.513	trend_dtrader GBPUSD,H1: Failed modifying BCHUSD
0	06:55:02.512	trend_dtrader GBPUSD,H1: Failed modifying BCHUSD
0	06:55:03.512	trend_dtrader GBPUSD,H1: Failed modifying BCHUSD
0	07:10:09.235	trend_dtrader GBPUSD,H1: Failed modifying BCHUSD
0	07:10:09.485	trend_dtrader GBPUSD,H1: Failed modifying BCHUSD
0	07:10:10.471	trend_dtrader GBPUSD,H1: Failed modifying BCHUSD
0	07:10:11.471	trend_dtrader GBPUSD,H1: Failed modifying BCHUSD
0	07:10:12.471	trend_dtrader GBPUSD,H1: Failed modifying BCHUSD
0	07:10:13.471	trend_dtrader GBPUSD,H1: Failed modifying BCHUSD
0	07:13:32.826	trend_dtrader GBPUSD,H1: Failed modifying BCHUSD
0	07:13:33.464	trend_dtrader GBPUSD,H1: Failed modifying BCHUSD
0	07:13:34.461	trend_dtrader GBPUSD,H1: Failed modifying BCHUSD
0	07:13:35.460	trend_dtrader GBPUSD,H1: Failed modifying BCHUSD
0	07:13:36.460	trend_dtrader GBPUSD,H1: Failed modifying BCHUSD
0	07:13:37.460	trend_dtrader GBPUSD,H1: Failed modifying BCHUSD
0	07:13:38.397	trend_dtrader GBPUSD,H1: Failed modifying BCHUSD
0	07:13:39.366	trend_dtrader GBPUSD,H1: Failed modifying BCHUSD
0	07:13:40.363	trend_dtrader GBPUSD,H1: Failed modifying BCHUSD
0	07:13:41.364	trend_dtrader GBPUSD,H1: Failed modifying BCHUSD
0	07:13:42.366	trend_dtrader GBPUSD,H1: Failed modifying BCHUSD
0	07:13:43.370	trend_dtrader GBPUSD,H1: Alert: Please check your internet connection
0	07:13:44.370	trend_dtrader GBPUSD,H1: Failed modifying BCHUSD
0	07:18:48.232	trend_dtrader GBPUSD,H1: Alert: Please check your internet connection
0	07:18:48.378	trend_dtrader GBPUSD,H1: Alert: Please check your internet connection
0	07:18:49.376	trend_dtrader GBPUSD,H1: Alert: Please check your internet connection
0	07:18:50.376	trend_dtrader GBPUSD,H1: Alert: Please check your internet connection
0	07:18:51.376	trend_dtrader GBPUSD,H1: Alert: Please check your internet connection
0	07:18:52.377	trend_dtrader GBPUSD,H1: Alert: Please check your internet connection
0	07:18:53.378	trend_dtrader GBPUSD,H1: Alert: Please check your internet connection
0	07:18:54.376	trend_dtrader GBPUSD,H1: Alert: Please check your internet connection
0	07:43:44.319	trend_dtrader GBPUSD,H1: Alert: Please check your internet connection
0	07:43:45.320	trend_dtrader GBPUSD,H1: Alert: Please check your internet connection
0	07:43:46.321	trend_dtrader GBPUSD,H1: Alert: Please check your internet connection
0	07:43:47.319	trend_dtrader GBPUSD,H1: Alert: Please check your internet connection
0	07:43:48.320	trend_dtrader GBPUSD,H1: Alert: Please check your internet connection
0	07:59:23.017	trend_dtrader GBPUSD,H1: Alert: Please check your internet connection
0	07:59:23.283	trend_dtrader GBPUSD,H1: Alert: Please check your internet connection
0	07:59:24.282	trend_dtrader GBPUSD,H1: Alert: Please check your internet connection
0	07:59:25.283	trend_dtrader GBPUSD,H1: Alert: Please check your internet connection
0	07:59:26.282	trend_dtrader GBPUSD,H1: Alert: Please check your internet connection
0	07:59:27.282	trend_dtrader GBPUSD,H1: Alert: Please check your internet connection
0	08:16:47.957	trend_dtrader GBPUSD,H1: Alert: Please check your internet connection
0	08:16:48.241	trend_dtrader GBPUSD,H1: Alert: Please check your internet connection
0	08:16:49.241	trend_dtrader GBPUSD,H1: Alert: Please check your internet connection
0	08:16:50.242	trend_dtrader GBPUSD,H1: Alert: Please check your internet connection
0	08:16:51.242	trend_dtrader GBPUSD,H1: Alert: Please check your internet connection
0	08:16:52.242	trend_dtrader GBPUSD,H1: Alert: Please check your internet connection
0	08:29:22.940	trend_dtrader GBPUSD,H1: Alert: Please check your internet connection
0	08:29:23.218	trend_dtrader GBPUSD,H1: Alert: Please check your internet connection
0	08:29:24.213	trend_dtrader GBPUSD,H1: Alert: Please check your internet connection
0	08:29:25.211	trend_dtrader GBPUSD,H1: Alert: Please check your internet connection
0	08:29:26.213	trend_dtrader GBPUSD,H1: Alert: Please check your internet connection
0	08:29:27.212	trend_dtrader GBPUSD,H1: Alert: Please check your internet connection
0	08:29:28.466	trend_dtrader GBPUSD,H1: Alert: Please check your internet connection
0	08:29:29.417	trend_dtrader GBPUSD,H1: Alert: Please check your internet connection
0	08:29:30.419	trend_dtrader GBPUSD,H1: Alert: Please check your internet connection
0	08:29:31.416	trend_dtrader GBPUSD,H1: Alert: Please check your internet connection
0	08:29:32.416	trend_dtrader GBPUSD,H1: Alert: Please check your internet connection
0	08:29:33.434	trend_dtrader GBPUSD,H1: Alert: Please check your internet connection
0	08:29:34.417	trend_dtrader GBPUSD,H1: Alert: Please check your internet connection
0	08:29:35.417	trend_dtrader GBPUSD,H1: Alert: Please check your internet connection
0	08:35:23.428	trend_dtrader GBPUSD,H1: Alert: Please check your internet connection
0	08:35:24.429	trend_dtrader GBPUSD,H1: Alert: Please check your internet connection
0	08:35:25.430	trend_dtrader GBPUSD,H1: Alert: Please check your internet connection
0	08:35:26.430	trend_dtrader GBPUSD,H1: Alert: Please check your internet connection
0	08:35:27.433	trend_dtrader GBPUSD,H1: Alert: Please check your internet connection
0	08:35:28.434	trend_dtrader GBPUSD,H1: Alert: Please check your internet connection
0	08:35:29.434	trend_dtrader GBPUSD,H1: Alert: Please check your internet connection
0	08:35:30.435	trend_dtrader GBPUSD,H1: Alert: Please check your internet connection
0	08:35:31.436	trend_dtrader GBPUSD,H1: Alert: Please check your internet connection
0	08:35:32.437	trend_dtrader GBPUSD,H1: Alert: Please check your internet connection
0	08:35:33.438	trend_dtrader GBPUSD,H1: Alert: Please check your internet connection
0	08:35:34.439	trend_dtrader GBPUSD,H1: Alert: Please check your internet connection
0	08:35:35.440	trend_dtrader GBPUSD,H1: Alert: Please check your internet connection
0	08:51:28.163	trend_dtrader GBPUSD,H1: Alert: Please check your internet connection
0	08:51:28.448	trend_dtrader GBPUSD,H1: Alert: Please check your internet connection
0	08:51:29.449	trend_dtrader GBPUSD,H1: Alert: Please check your internet connection
0	08:51:30.449	trend_dtrader GBPUSD,H1: Alert: Please check your internet connection
0	08:51:31.449	trend_dtrader GBPUSD,H1: Alert: Please check your internet connection
0	08:51:32.450	trend_dtrader GBPUSD,H1: Alert: Please check your internet connection
0	09:08:34.178	trend_dtrader GBPUSD,H1: Alert: Please check your internet connection
0	09:08:34.461	trend_dtrader GBPUSD,H1: Alert: Please check your internet connection
0	09:08:35.459	trend_dtrader GBPUSD,H1: Alert: Please check your internet connection
0	09:08:36.459	trend_dtrader GBPUSD,H1: Alert: Please check your internet connection
0	09:08:37.459	trend_dtrader GBPUSD,H1: Alert: Please check your internet connection
0	09:08:38.459	trend_dtrader GBPUSD,H1: Alert: Please check your internet connection
0	09:25:58.182	trend_dtrader GBPUSD,H1: Alert: Please check your internet connection
0	09:25:58.468	trend_dtrader GBPUSD,H1: Alert: Please check your internet connection
0	09:25:59.467	trend_dtrader GBPUSD,H1: Alert: Please check your internet connection
0	09:26:00.468	trend_dtrader GBPUSD,H1: Alert: Please check your internet connection
0	09:26:01.468	trend_dtrader GBPUSD,H1: Alert: Please check your internet connection
0	09:26:02.468	trend_dtrader GBPUSD,H1: Alert: Please check your internet connection
0	09:30:23.191	trend_dtrader GBPUSD,H1: Alert: Please check your internet connection
0	09:30:23.472	trend_dtrader GBPUSD,H1: Alert: Please check your internet connection
0	09:30:24.470	trend_dtrader GBPUSD,H1: Alert: Please check your internet connection
0	09:30:25.471	trend_dtrader GBPUSD,H1: Alert: Please check your internet connection
0	09:30:26.471	trend_dtrader GBPUSD,H1: Alert: Please check your internet connection
0	09:30:27.471	trend_dtrader GBPUSD,H1: Alert: Please check your internet connection
0	09:30:28.471	trend_dtrader GBPUSD,H1: Alert: Please check your internet connection
0	09:30:29.472	trend_dtrader GBPUSD,H1: Alert: Please check your internet connection
0	09:30:30.472	trend_dtrader GBPUSD,H1: Alert: Please check your internet connection
0	09:30:31.471	trend_dtrader GBPUSD,H1: Alert: Please check your internet connection
0	09:30:32.472	trend_dtrader GBPUSD,H1: Alert: Please check your internet connection
0	09:30:33.472	trend_dtrader GBPUSD,H1: Alert: Please check your internet connection
0	09:46:17.194	trend_dtrader GBPUSD,H1: Alert: Please check your internet connection
0	09:46:17.482	trend_dtrader GBPUSD,H1: Alert: Please check your internet connection
0	09:46:18.480	trend_dtrader GBPUSD,H1: Alert: Please check your internet connection
0	09:46:19.480	trend_dtrader GBPUSD,H1: Alert: Please check your internet connection
0	09:46:20.479	trend_dtrader GBPUSD,H1: Alert: Please check your internet connection
0	09:46:21.479	trend_dtrader GBPUSD,H1: Alert: Please check your internet connection
0	10:02:50.317	trend_dtrader GBPUSD,H1: Alert: Please check your internet connection
0	10:02:50.487	trend_dtrader GBPUSD,H1: Alert: Please check your internet connection
0	10:02:51.487	trend_dtrader GBPUSD,H1: Alert: Please check your internet connection
0	10:02:52.486	trend_dtrader GBPUSD,H1: Alert: Please check your internet connection
0	10:02:53.487	trend_dtrader GBPUSD,H1: Alert: Please check your internet connection
0	10:02:54.488	trend_dtrader GBPUSD,H1: Alert: Please check your internet connection
0	10:20:28.214	trend_dtrader GBPUSD,H1: Alert: Please check your internet connection
0	10:20:28.513	trend_dtrader GBPUSD,H1: Alert: Please check your internet connection
0	10:20:29.495	trend_dtrader GBPUSD,H1: Alert: Please check your internet connection
0	10:20:30.495	trend_dtrader GBPUSD,H1: Alert: Please check your internet connection
0	10:20:31.495	trend_dtrader GBPUSD,H1: Alert: Please check your internet connection
0	10:20:32.496	trend_dtrader GBPUSD,H1: Alert: Please check your internet connection
0	10:31:23.216	trend_dtrader GBPUSD,H1: Alert: Please check your internet connection
0	10:31:23.501	trend_dtrader GBPUSD,H1: Alert: Please check your internet connection
0	10:31:24.500	trend_dtrader GBPUSD,H1: Alert: Please check your internet connection
0	10:31:25.499	trend_dtrader GBPUSD,H1: Alert: Please check your internet connection
0	10:31:26.501	trend_dtrader GBPUSD,H1: Alert: Please check your internet connection
0	10:31:27.500	trend_dtrader GBPUSD,H1: Alert: Please check your internet connection
0	10:31:28.500	trend_dtrader GBPUSD,H1: Alert: Please check your internet connection
0	10:31:29.499	trend_dtrader GBPUSD,H1: Alert: Please check your internet connection
0	10:31:30.500	trend_dtrader GBPUSD,H1: Alert: Please check your internet connection
0	10:31:31.500	trend_dtrader GBPUSD,H1: Alert: Please check your internet connection
0	10:31:32.500	trend_dtrader GBPUSD,H1: Alert: Please check your internet connection
0	10:31:33.505	trend_dtrader GBPUSD,H1: Alert: Please check your internet connection
0	10:31:34.500	trend_dtrader GBPUSD,H1: Alert: Please check your internet connection
0	10:31:35.500	trend_dtrader GBPUSD,H1: Alert: Please check your internet connection
0	10:31:36.501	trend_dtrader GBPUSD,H1: Alert: Please check your internet connection
0	10:36:07.218	trend_dtrader GBPUSD,H1: Alert: Please check your internet connection
0	10:36:07.502	trend_dtrader GBPUSD,H1: Alert: Please check your internet connection
0	10:36:08.503	trend_dtrader GBPUSD,H1: Alert: Please check your internet connection
0	10:36:09.503	trend_dtrader GBPUSD,H1: Alert: Please check your internet connection
0	10:36:10.503	trend_dtrader GBPUSD,H1: Alert: Please check your internet connection
0	10:36:11.502	trend_dtrader GBPUSD,H1: Alert: Please check your internet connection
0	10:36:12.503	trend_dtrader GBPUSD,H1: Alert: Please check your internet connection
0	10:36:13.502	trend_dtrader GBPUSD,H1: Alert: Please check your internet connection
0	10:36:14.503	trend_dtrader GBPUSD,H1: Alert: Please check your internet connection
0	10:36:15.503	trend_dtrader GBPUSD,H1: Alert: Please check your internet connection
0	10:36:16.503	trend_dtrader GBPUSD,H1: Alert: Please check your internet connection
0	10:36:17.502	trend_dtrader GBPUSD,H1: Alert: Please check your internet connection
0	10:36:18.502	trend_dtrader GBPUSD,H1: Alert: Please check your internet connection
0	10:36:19.502	trend_dtrader GBPUSD,H1: Alert: Please check your internet connection
0	10:36:20.502	trend_dtrader GBPUSD,H1: Alert: Please check your internet connection
0	10:52:37.252	trend_dtrader GBPUSD,H1: Alert: Please check your internet connection
0	10:52:37.510	trend_dtrader GBPUSD,H1: Alert: Please check your internet connection
0	10:52:38.509	trend_dtrader GBPUSD,H1: Alert: Please check your internet connection
0	10:52:39.509	trend_dtrader GBPUSD,H1: Alert: Please check your internet connection
0	10:52:40.510	trend_dtrader GBPUSD,H1: Alert: Please check your internet connection
0	10:52:41.510	trend_dtrader GBPUSD,H1: Alert: Please check your internet connection
0	11:08:57.229	trend_dtrader GBPUSD,H1: Alert: Please check your internet connection
0	11:08:57.516	trend_dtrader GBPUSD,H1: Alert: Please check your internet connection
0	11:08:58.517	trend_dtrader GBPUSD,H1: Alert: Please check your internet connection
0	11:08:59.517	trend_dtrader GBPUSD,H1: Alert: Please check your internet connection
0	11:09:00.516	trend_dtrader GBPUSD,H1: Alert: Please check your internet connection
0	11:09:01.517	trend_dtrader GBPUSD,H1: Alert: Please check your internet connection
0	11:26:27.240	trend_dtrader GBPUSD,H1: Alert: Please check your internet connection
0	11:26:27.527	trend_dtrader GBPUSD,H1: Alert: Please check your internet connection
0	11:26:28.525	trend_dtrader GBPUSD,H1: Alert: Please check your internet connection
0	11:26:29.524	trend_dtrader GBPUSD,H1: Alert: Please check your internet connection
0	11:26:30.525	trend_dtrader GBPUSD,H1: Alert: Please check your internet connection
0	11:26:31.525	trend_dtrader GBPUSD,H1: Alert: Please check your internet connection
0	11:32:23.249	trend_dtrader GBPUSD,H1: Alert: Please check your internet connection
0	11:32:23.529	trend_dtrader GBPUSD,H1: Alert: Please check your internet connection
0	11:32:24.527	trend_dtrader GBPUSD,H1: Alert: Please check your internet connection
0	11:32:25.527	trend_dtrader GBPUSD,H1: Alert: Please check your internet connection
0	11:32:26.527	trend_dtrader GBPUSD,H1: Alert: Please check your internet connection
0	11:32:27.527	trend_dtrader GBPUSD,H1: Alert: Please check your internet connection
0	11:32:28.528	trend_dtrader GBPUSD,H1: Alert: Please check your internet connection
0	11:32:29.527	trend_dtrader GBPUSD,H1: Alert: Please check your internet connection
0	11:32:30.527	trend_dtrader GBPUSD,H1: Alert: Please check your internet connection
0	11:32:31.527	trend_dtrader GBPUSD,H1: Alert: Please check your internet connection
0	11:32:32.527	trend_dtrader GBPUSD,H1: Alert: Please check your internet connection
0	11:32:33.528	trend_dtrader GBPUSD,H1: Alert: Please check your internet connection
0	11:47:37.250	trend_dtrader GBPUSD,H1: Alert: Please check your internet connection
0	11:47:37.550	trend_dtrader GBPUSD,H1: Alert: Please check your internet connection
0	11:47:38.535	trend_dtrader GBPUSD,H1: Alert: Please check your internet connection
0	11:47:39.534	trend_dtrader GBPUSD,H1: Alert: Please check your internet connection
0	11:47:40.534	trend_dtrader GBPUSD,H1: Alert: Please check your internet connection
0	11:47:41.534	trend_dtrader GBPUSD,H1: Alert: Please check your internet connection
0	12:05:26.258	trend_dtrader GBPUSD,H1: Alert: Please check your internet connection
0	12:05:26.542	trend_dtrader GBPUSD,H1: Alert: Please check your internet connection
0	12:05:27.542	trend_dtrader GBPUSD,H1: Alert: Please check your internet connection
0	12:05:28.541	trend_dtrader GBPUSD,H1: Alert: Please check your internet connection
0	12:05:29.541	trend_dtrader GBPUSD,H1: Alert: Please check your internet connection
0	12:05:30.542	trend_dtrader GBPUSD,H1: Alert: Please check your internet connection
0	12:21:34.270	trend_dtrader GBPUSD,H1: Alert: Please check your internet connection
0	12:21:34.550	trend_dtrader GBPUSD,H1: Alert: Please check your internet connection
0	12:21:35.549	trend_dtrader GBPUSD,H1: Alert: Please check your internet connection
0	12:21:36.549	trend_dtrader GBPUSD,H1: Alert: Please check your internet connection
0	12:21:37.548	trend_dtrader GBPUSD,H1: Alert: Please check your internet connection
0	12:21:38.549	trend_dtrader GBPUSD,H1: Alert: Please check your internet connection
0	12:33:23.269	trend_dtrader GBPUSD,H1: Alert: Please check your internet connection
0	12:33:23.560	trend_dtrader GBPUSD,H1: Alert: Please check your internet connection
0	12:33:24.558	trend_dtrader GBPUSD,H1: Alert: Please check your internet connection
0	12:33:25.554	trend_dtrader GBPUSD,H1: Alert: Please check your internet connection
0	12:33:26.554	trend_dtrader GBPUSD,H1: Alert: Please check your internet connection
0	12:33:27.554	trend_dtrader GBPUSD,H1: Alert: Please check your internet connection
0	12:33:28.555	trend_dtrader GBPUSD,H1: Alert: Please check your internet connection
0	12:33:29.554	trend_dtrader GBPUSD,H1: Alert: Please check your internet connection
0	12:49:07.277	trend_dtrader GBPUSD,H1: Alert: Please check your internet connection
0	12:49:07.563	trend_dtrader GBPUSD,H1: Alert: Please check your internet connection
0	12:49:08.562	trend_dtrader GBPUSD,H1: Alert: Please check your internet connection
0	12:49:09.562	trend_dtrader GBPUSD,H1: Alert: Please check your internet connection
0	12:49:10.561	trend_dtrader GBPUSD,H1: Alert: Please check your internet connection
0	12:49:11.561	trend_dtrader GBPUSD,H1: Alert: Please check your internet connection
0	13:05:12.290	trend_dtrader GBPUSD,H1: Alert: Please check your internet connection
0	13:05:12.570	trend_dtrader GBPUSD,H1: Alert: Please check your internet connection
0	13:05:13.567	trend_dtrader GBPUSD,H1: Alert: Please check your internet connection
0	13:05:14.568	trend_dtrader GBPUSD,H1: Alert: Please check your internet connection
0	13:05:15.569	trend_dtrader GBPUSD,H1: Alert: Please check your internet connection
0	13:05:16.568	trend_dtrader GBPUSD,H1: Alert: Please check your internet connection
0	13:22:37.292	trend_dtrader GBPUSD,H1: Alert: Please check your internet connection
0	13:22:37.591	trend_dtrader GBPUSD,H1: Alert: Please check your internet connection
0	13:22:38.577	trend_dtrader GBPUSD,H1: Alert: Please check your internet connection
0	13:22:39.575	trend_dtrader GBPUSD,H1: Alert: Please check your internet connection
0	13:22:40.576	trend_dtrader GBPUSD,H1: Alert: Please check your internet connection
0	13:22:41.576	trend_dtrader GBPUSD,H1: Alert: Please check your internet connection
0	13:34:23.297	trend_dtrader GBPUSD,H1: Alert: Please check your internet connection
0	13:34:23.582	trend_dtrader GBPUSD,H1: Alert: Please check your internet connection
0	13:34:24.580	trend_dtrader GBPUSD,H1: Alert: Please check your internet connection
0	13:34:25.581	trend_dtrader GBPUSD,H1: Alert: Please check your internet connection
0	13:34:26.580	trend_dtrader GBPUSD,H1: Alert: Please check your internet connection
0	13:34:27.582	trend_dtrader GBPUSD,H1: Alert: Please check your internet connection
0	13:34:28.581	trend_dtrader GBPUSD,H1: Alert: Please check your internet connection
0	13:34:29.580	trend_dtrader GBPUSD,H1: Alert: Please check your internet connection
0	13:34:30.581	trend_dtrader GBPUSD,H1: Alert: Please check your internet connection
0	13:34:31.581	trend_dtrader GBPUSD,H1: Alert: Please check your internet connection
0	13:34:32.581	trend_dtrader GBPUSD,H1: Alert: Please check your internet connection
0	13:34:33.588	trend_dtrader GBPUSD,H1: Alert: Please check your internet connection
0	13:34:34.581	trend_dtrader GBPUSD,H1: Alert: Please check your internet connection
0	13:34:35.582	trend_dtrader GBPUSD,H1: Alert: Please check your internet connection
0	13:34:36.581	trend_dtrader GBPUSD,H1: Alert: Please check your internet connection
0	13:34:37.581	trend_dtrader GBPUSD,H1: Alert: Please check your internet connection
0	13:34:38.581	trend_dtrader GBPUSD,H1: Alert: Please check your internet connection
0	13:34:39.580	trend_dtrader GBPUSD,H1: Alert: Please check your internet connection
0	13:34:40.582	trend_dtrader GBPUSD,H1: Alert: Please check your internet connection
0	13:34:41.581	trend_dtrader GBPUSD,H1: Alert: Please check your internet connection
0	13:34:42.580	trend_dtrader GBPUSD,H1: Alert: Please check your internet connection
0	13:34:43.580	trend_dtrader GBPUSD,H1: Alert: Please check your internet connection
0	13:34:44.581	trend_dtrader GBPUSD,H1: Alert: Please check your internet connection
0	13:34:45.581	trend_dtrader GBPUSD,H1: Alert: Please check your internet connection
0	13:34:46.581	trend_dtrader GBPUSD,H1: Alert: Please check your internet connection
0	13:34:47.581	trend_dtrader GBPUSD,H1: Alert: Please check your internet connection
0	13:34:48.581	trend_dtrader GBPUSD,H1: Alert: Please check your internet connection
0	13:34:49.581	trend_dtrader GBPUSD,H1: Alert: Please check your internet connection
0	13:34:50.580	trend_dtrader GBPUSD,H1: Alert: Please check your internet connection
0	13:34:51.581	trend_dtrader GBPUSD,H1: Alert: Please check your internet connection
0	13:34:52.582	trend_dtrader GBPUSD,H1: Alert: Please check your internet connection
0	13:34:53.580	trend_dtrader GBPUSD,H1: Alert: Please check your internet connection
0	13:34:54.580	trend_dtrader GBPUSD,H1: Alert: Please check your internet connection
0	13:34:55.580	trend_dtrader GBPUSD,H1: Alert: Please check your internet connection
0	13:34:56.581	trend_dtrader GBPUSD,H1: Alert: Please check your internet connection
0	13:50:49.303	trend_dtrader GBPUSD,H1: Alert: Please check your internet connection
0	13:50:49.588	trend_dtrader GBPUSD,H1: Alert: Please check your internet connection
0	13:50:50.601	trend_dtrader GBPUSD,H1: Alert: Please check your internet connection
0	13:50:51.589	trend_dtrader GBPUSD,H1: Alert: Please check your internet connection
0	13:50:52.588	trend_dtrader GBPUSD,H1: Alert: Please check your internet connection
0	13:50:53.589	trend_dtrader GBPUSD,H1: Alert: Please check your internet connection
0	14:05:57.310	trend_dtrader GBPUSD,H1: Alert: Please check your internet connection
0	14:05:57.597	trend_dtrader GBPUSD,H1: Alert: Please check your internet connection
0	14:05:58.595	trend_dtrader GBPUSD,H1: Alert: Please check your internet connection
0	14:05:59.594	trend_dtrader GBPUSD,H1: Alert: Please check your internet connection
0	14:06:00.595	trend_dtrader GBPUSD,H1: Alert: Please check your internet connection
0	14:06:01.594	trend_dtrader GBPUSD,H1: Alert: Please check your internet connection
0	14:21:36.317	trend_dtrader GBPUSD,H1: Alert: Please check your internet connection
0	14:21:36.602	trend_dtrader GBPUSD,H1: Alert: Please check your internet connection
0	14:21:37.601	trend_dtrader GBPUSD,H1: Alert: Please check your internet connection
0	14:21:38.602	trend_dtrader GBPUSD,H1: Alert: Please check your internet connection
0	14:21:39.601	trend_dtrader GBPUSD,H1: Alert: Please check your internet connection
0	14:21:40.602	trend_dtrader GBPUSD,H1: Alert: Please check your internet connection
0	14:35:23.323	trend_dtrader GBPUSD,H1: Alert: Please check your internet connection
0	14:35:23.610	trend_dtrader GBPUSD,H1: Alert: Please check your internet connection
0	14:35:24.606	trend_dtrader GBPUSD,H1: Alert: Please check your internet connection
0	14:35:25.608	trend_dtrader GBPUSD,H1: Alert: Please check your internet connection
0	14:35:26.607	trend_dtrader GBPUSD,H1: Alert: Please check your internet connection
0	14:35:27.607	trend_dtrader GBPUSD,H1: Alert: Please check your internet connection
0	14:35:28.608	trend_dtrader GBPUSD,H1: Alert: Please check your internet connection
0	14:35:29.607	trend_dtrader GBPUSD,H1: Alert: Please check your internet connection
0	14:35:30.607	trend_dtrader GBPUSD,H1: Alert: Please check your internet connection
0	14:35:31.607	trend_dtrader GBPUSD,H1: Alert: Please check your internet connection
0	14:35:32.607	trend_dtrader GBPUSD,H1: Alert: Please check your internet connection
0	14:35:33.608	trend_dtrader GBPUSD,H1: Alert: Please check your internet connection
0	14:35:34.608	trend_dtrader GBPUSD,H1: Alert: Please check your internet connection
0	14:52:47.334	trend_dtrader GBPUSD,H1: Alert: Please check your internet connection
0	14:52:47.616	trend_dtrader GBPUSD,H1: Alert: Please check your internet connection
0	14:52:48.615	trend_dtrader GBPUSD,H1: Alert: Please check your internet connection
0	14:52:49.615	trend_dtrader GBPUSD,H1: Alert: Please check your internet connection
0	14:52:50.615	trend_dtrader GBPUSD,H1: Alert: Please check your internet connection
0	14:52:51.616	trend_dtrader GBPUSD,H1: Alert: Please check your internet connection
0	15:08:56.338	trend_dtrader GBPUSD,H1: Alert: Please check your internet connection
0	15:08:56.622	trend_dtrader GBPUSD,H1: Alert: Please check your internet connection
0	15:08:57.622	trend_dtrader GBPUSD,H1: Alert: Please check your internet connection
0	15:08:58.622	trend_dtrader GBPUSD,H1: Alert: Please check your internet connection
0	15:08:59.622	trend_dtrader GBPUSD,H1: Alert: Please check your internet connection
0	15:09:00.622	trend_dtrader GBPUSD,H1: Alert: Please check your internet connection
0	15:24:20.345	trend_dtrader GBPUSD,H1: Alert: Please check your internet connection
0	15:24:20.631	trend_dtrader GBPUSD,H1: Alert: Please check your internet connection
0	15:24:21.630	trend_dtrader GBPUSD,H1: Alert: Please check your internet connection
0	15:24:22.629	trend_dtrader GBPUSD,H1: Alert: Please check your internet connection
0	15:24:23.629	trend_dtrader GBPUSD,H1: Alert: Please check your internet connection
0	15:24:24.629	trend_dtrader GBPUSD,H1: Alert: Please check your internet connection
0	15:36:23.350	trend_dtrader GBPUSD,H1: Alert: Please check your internet connection
0	15:36:23.634	trend_dtrader GBPUSD,H1: Alert: Please check your internet connection
0	15:36:24.635	trend_dtrader GBPUSD,H1: Alert: Please check your internet connection
0	15:36:25.634	trend_dtrader GBPUSD,H1: Alert: Please check your internet connection
0	15:36:26.634	trend_dtrader GBPUSD,H1: Alert: Please check your internet connection
0	15:36:27.634	trend_dtrader GBPUSD,H1: Alert: Please check your internet connection
0	15:36:28.634	trend_dtrader GBPUSD,H1: Alert: Please check your internet connection
0	15:36:29.635	trend_dtrader GBPUSD,H1: Alert: Please check your internet connection
0	15:36:30.634	trend_dtrader GBPUSD,H1: Alert: Please check your internet connection
0	15:36:31.634	trend_dtrader GBPUSD,H1: Alert: Please check your internet connection
0	15:36:32.634	trend_dtrader GBPUSD,H1: Alert: Please check your internet connection
0	15:36:33.635	trend_dtrader GBPUSD,H1: Alert: Please check your internet connection
0	15:36:34.634	trend_dtrader GBPUSD,H1: Alert: Please check your internet connection
0	15:36:35.635	trend_dtrader GBPUSD,H1: Alert: Please check your internet connection
0	15:36:36.634	trend_dtrader GBPUSD,H1: Alert: Please check your internet connection
0	15:54:12.357	trend_dtrader GBPUSD,H1: Alert: Please check your internet connection
0	15:54:12.641	trend_dtrader GBPUSD,H1: Alert: Please check your internet connection
0	15:54:13.642	trend_dtrader GBPUSD,H1: Alert: Please check your internet connection
0	15:54:14.642	trend_dtrader GBPUSD,H1: Alert: Please check your internet connection
0	15:54:15.641	trend_dtrader GBPUSD,H1: Alert: Please check your internet connection
0	15:54:16.642	trend_dtrader GBPUSD,H1: Alert: Please check your internet connection
0	16:10:06.370	trend_dtrader GBPUSD,H1: Alert: Please check your internet connection
0	16:10:06.650	trend_dtrader GBPUSD,H1: Alert: Please check your internet connection
0	16:10:07.667	trend_dtrader GBPUSD,H1: Alert: Please check your internet connection
0	16:10:08.649	trend_dtrader GBPUSD,H1: Alert: Please check your internet connection
0	16:10:09.649	trend_dtrader GBPUSD,H1: Alert: Please check your internet connection
0	16:10:10.649	trend_dtrader GBPUSD,H1: Alert: Please check your internet connection
0	16:27:51.372	trend_dtrader GBPUSD,H1: Alert: Please check your internet connection
0	16:27:51.672	trend_dtrader GBPUSD,H1: Alert: Please check your internet connection
0	16:27:52.657	trend_dtrader GBPUSD,H1: Alert: Please check your internet connection
0	16:27:53.657	trend_dtrader GBPUSD,H1: Alert: Please check your internet connection
0	16:27:54.656	trend_dtrader GBPUSD,H1: Alert: Please check your internet connection
0	16:27:55.656	trend_dtrader GBPUSD,H1: Alert: Please check your internet connection
0	16:37:23.378	trend_dtrader GBPUSD,H1: Alert: Please check your internet connection
0	16:37:23.665	trend_dtrader GBPUSD,H1: Alert: Please check your internet connection
0	16:37:24.667	trend_dtrader GBPUSD,H1: Alert: Please check your internet connection
0	16:37:25.660	trend_dtrader GBPUSD,H1: Alert: Please check your internet connection
0	16:37:26.661	trend_dtrader GBPUSD,H1: Alert: Please check your internet connection
0	16:37:27.661	trend_dtrader GBPUSD,H1: Alert: Please check your internet connection
0	16:37:28.661	trend_dtrader GBPUSD,H1: Alert: Please check your internet connection
0	16:37:29.662	trend_dtrader GBPUSD,H1: Alert: Please check your internet connection
0	16:54:22.384	trend_dtrader GBPUSD,H1: Alert: Please check your internet connection
0	16:54:22.675	trend_dtrader GBPUSD,H1: Alert: Please check your internet connection
0	16:54:23.670	trend_dtrader GBPUSD,H1: Alert: Please check your internet connection
0	16:54:24.669	trend_dtrader GBPUSD,H1: Alert: Please check your internet connection
0	16:54:25.669	trend_dtrader GBPUSD,H1: Alert: Please check your internet connection
0	16:54:26.669	trend_dtrader GBPUSD,H1: Alert: Please check your internet connection
0	17:09:53.390	trend_dtrader GBPUSD,H1: Alert: Please check your internet connection
0	17:09:53.697	trend_dtrader GBPUSD,H1: Alert: Please check your internet connection
0	17:09:54.674	trend_dtrader GBPUSD,H1: Alert: Please check your internet connection
0	17:09:55.675	trend_dtrader GBPUSD,H1: Alert: Please check your internet connection
0	17:09:56.675	trend_dtrader GBPUSD,H1: Alert: Please check your internet connection
0	17:09:57.676	trend_dtrader GBPUSD,H1: Alert: Please check your internet connection
0	17:27:08.394	trend_dtrader GBPUSD,H1: Alert: Please check your internet connection
0	17:27:08.682	trend_dtrader GBPUSD,H1: Alert: Please check your internet connection
0	17:27:09.683	trend_dtrader GBPUSD,H1: Alert: Please check your internet connection
0	17:27:10.683	trend_dtrader GBPUSD,H1: Alert: Please check your internet connection
0	17:27:11.683	trend_dtrader GBPUSD,H1: Alert: Please check your internet connection
0	17:27:12.683	trend_dtrader GBPUSD,H1: Alert: Please check your internet connection
0	17:38:23.403	trend_dtrader GBPUSD,H1: Alert: Please check your internet connection
0	17:38:23.689	trend_dtrader GBPUSD,H1: Alert: Please check your internet connection
0	17:38:24.687	trend_dtrader GBPUSD,H1: Alert: Please check your internet connection
0	17:38:25.688	trend_dtrader GBPUSD,H1: Alert: Please check your internet connection
0	17:38:26.687	trend_dtrader GBPUSD,H1: Alert: Please check your internet connection
0	17:38:27.688	trend_dtrader GBPUSD,H1: Alert: Please check your internet connection
0	17:38:28.687	trend_dtrader GBPUSD,H1: Alert: Please check your internet connection
0	17:38:29.688	trend_dtrader GBPUSD,H1: Alert: Please check your internet connection
0	17:38:30.688	trend_dtrader GBPUSD,H1: Alert: Please check your internet connection
0	17:38:31.687	trend_dtrader GBPUSD,H1: Alert: Please check your internet connection
0	17:38:32.688	trend_dtrader GBPUSD,H1: Alert: Please check your internet connection
0	17:38:33.689	trend_dtrader GBPUSD,H1: Alert: Please check your internet connection
0	17:38:34.687	trend_dtrader GBPUSD,H1: Alert: Please check your internet connection
0	17:54:56.554	trend_dtrader GBPUSD,H1: Alert: Please check your internet connection
0	17:54:56.695	trend_dtrader GBPUSD,H1: Alert: Please check your internet connection
0	17:54:57.694	trend_dtrader GBPUSD,H1: Alert: Please check your internet connection
0	17:54:58.695	trend_dtrader GBPUSD,H1: Alert: Please check your internet connection
0	17:54:59.695	trend_dtrader GBPUSD,H1: Alert: Please check your internet connection
0	17:55:00.695	trend_dtrader GBPUSD,H1: Alert: Please check your internet connection
0	18:11:31.418	trend_dtrader GBPUSD,H1: Alert: Please check your internet connection
0	18:11:31.714	trend_dtrader GBPUSD,H1: Alert: Please check your internet connection
0	18:11:32.702	trend_dtrader GBPUSD,H1: Alert: Please check your internet connection
0	18:11:33.702	trend_dtrader GBPUSD,H1: Alert: Please check your internet connection
0	18:11:34.702	trend_dtrader GBPUSD,H1: Alert: Please check your internet connection
0	18:11:35.703	trend_dtrader GBPUSD,H1: Alert: Please check your internet connection
0	18:28:46.425	trend_dtrader GBPUSD,H1: Alert: Please check your internet connection
0	18:28:46.711	trend_dtrader GBPUSD,H1: Alert: Please check your internet connection
0	18:28:47.710	trend_dtrader GBPUSD,H1: Alert: Please check your internet connection
0	18:28:48.709	trend_dtrader GBPUSD,H1: Alert: Please check your internet connection
0	18:28:49.709	trend_dtrader GBPUSD,H1: Alert: Please check your internet connection
0	18:28:50.709	trend_dtrader GBPUSD,H1: Alert: Please check your internet connection
0	18:39:23.425	trend_dtrader GBPUSD,H1: Alert: Please check your internet connection
0	18:39:23.715	trend_dtrader GBPUSD,H1: Alert: Please check your internet connection
0	18:39:24.714	trend_dtrader GBPUSD,H1: Alert: Please check your internet connection
0	18:39:25.714	trend_dtrader GBPUSD,H1: Alert: Please check your internet connection
0	18:39:26.714	trend_dtrader GBPUSD,H1: Alert: Please check your internet connection
0	18:39:27.713	trend_dtrader GBPUSD,H1: Alert: Please check your internet connection
0	18:39:28.714	trend_dtrader GBPUSD,H1: Alert: Please check your internet connection
0	18:39:29.715	trend_dtrader GBPUSD,H1: Alert: Please check your internet connection
0	18:49:07.434	trend_dtrader GBPUSD,H1: Alert: Please check your internet connection
0	18:49:07.736	trend_dtrader GBPUSD,H1: Alert: Please check your internet connection
0	18:49:08.719	trend_dtrader GBPUSD,H1: Alert: Please check your internet connection
0	18:49:09.717	trend_dtrader GBPUSD,H1: Alert: Please check your internet connection
0	18:49:10.718	trend_dtrader GBPUSD,H1: Alert: Please check your internet connection
0	18:49:11.719	trend_dtrader GBPUSD,H1: Alert: Please check your internet connection
0	18:49:12.735	trend_dtrader GBPUSD,H1: Alert: Please check your internet connection
0	18:49:13.719	trend_dtrader GBPUSD,H1: Alert: Please check your internet connection
0	19:05:01.441	trend_dtrader GBPUSD,H1: Alert: Please check your internet connection
0	19:05:01.726	trend_dtrader GBPUSD,H1: Alert: Please check your internet connection
0	19:05:02.725	trend_dtrader GBPUSD,H1: Alert: Please check your internet connection
0	19:05:03.725	trend_dtrader GBPUSD,H1: Alert: Please check your internet connection
0	19:05:04.725	trend_dtrader GBPUSD,H1: Alert: Please check your internet connection
0	19:05:05.726	trend_dtrader GBPUSD,H1: Alert: Please check your internet connection
0	19:22:59.449	trend_dtrader GBPUSD,H1: Alert: Please check your internet connection
0	19:22:59.753	trend_dtrader GBPUSD,H1: Alert: Please check your internet connection
0	19:23:00.735	trend_dtrader GBPUSD,H1: Alert: Please check your internet connection
0	19:23:01.733	trend_dtrader GBPUSD,H1: Alert: Please check your internet connection
0	19:23:02.732	trend_dtrader GBPUSD,H1: Alert: Please check your internet connection
0	19:23:03.733	trend_dtrader GBPUSD,H1: Alert: Please check your internet connection
0	19:38:01.459	trend_dtrader GBPUSD,H1: Alert: Please check your internet connection
0	19:38:01.742	trend_dtrader GBPUSD,H1: Alert: Please check your internet connection
0	19:38:02.740	trend_dtrader GBPUSD,H1: Alert: Please check your internet connection
0	19:38:03.739	trend_dtrader GBPUSD,H1: Alert: Please check your internet connection
0	19:38:04.741	trend_dtrader GBPUSD,H1: Alert: Please check your internet connection
0	19:38:05.740	trend_dtrader GBPUSD,H1: Alert: Please check your internet connection
0	19:40:23.456	trend_dtrader GBPUSD,H1: Alert: Please check your internet connection
0	19:40:23.777	trend_dtrader GBPUSD,H1: Alert: Please check your internet connection
0	19:40:24.740	trend_dtrader GBPUSD,H1: Alert: Please check your internet connection
0	19:40:25.741	trend_dtrader GBPUSD,H1: Alert: Please check your internet connection
0	19:40:26.741	trend_dtrader GBPUSD,H1: Alert: Please check your internet connection
0	19:40:27.740	trend_dtrader GBPUSD,H1: Alert: Please check your internet connection
0	19:40:28.741	trend_dtrader GBPUSD,H1: Alert: Please check your internet connection
0	19:40:29.741	trend_dtrader GBPUSD,H1: Alert: Please check your internet connection
0	19:56:41.463	trend_dtrader GBPUSD,H1: Alert: Please check your internet connection
0	19:56:41.761	trend_dtrader GBPUSD,H1: Alert: Please check your internet connection
0	19:56:42.748	trend_dtrader GBPUSD,H1: Alert: Please check your internet connection
0	19:56:43.759	trend_dtrader GBPUSD,H1: Alert: Please check your internet connection
0	19:56:44.748	trend_dtrader GBPUSD,H1: Alert: Please check your internet connection
0	19:56:45.747	trend_dtrader GBPUSD,H1: Alert: Please check your internet connection
0	20:12:56.471	trend_dtrader GBPUSD,H1: Alert: Please check your internet connection
0	20:12:56.754	trend_dtrader GBPUSD,H1: Alert: Please check your internet connection
0	20:12:57.755	trend_dtrader GBPUSD,H1: Alert: Please check your internet connection
0	20:12:58.755	trend_dtrader GBPUSD,H1: Alert: Please check your internet connection
0	20:12:59.755	trend_dtrader GBPUSD,H1: Alert: Please check your internet connection
0	20:13:00.755	trend_dtrader GBPUSD,H1: Alert: Please check your internet connection
0	20:29:49.478	trend_dtrader GBPUSD,H1: Alert: Please check your internet connection
0	20:29:49.763	trend_dtrader GBPUSD,H1: Alert: Please check your internet connection
0	20:29:50.763	trend_dtrader GBPUSD,H1: Alert: Please check your internet connection
0	20:29:51.763	trend_dtrader GBPUSD,H1: Alert: Please check your internet connection
0	20:29:52.763	trend_dtrader GBPUSD,H1: Alert: Please check your internet connection
0	20:29:53.762	trend_dtrader GBPUSD,H1: Alert: Please check your internet connection
0	20:41:23.485	trend_dtrader GBPUSD,H1: Alert: Please check your internet connection
0	20:41:23.769	trend_dtrader GBPUSD,H1: Alert: Please check your internet connection
0	20:41:24.768	trend_dtrader GBPUSD,H1: Alert: Please check your internet connection
0	20:41:25.767	trend_dtrader GBPUSD,H1: Alert: Please check your internet connection
0	20:41:26.768	trend_dtrader GBPUSD,H1: Alert: Please check your internet connection
0	20:41:27.767	trend_dtrader GBPUSD,H1: Alert: Please check your internet connection
0	20:41:28.768	trend_dtrader GBPUSD,H1: Alert: Please check your internet connection
0	20:41:29.768	trend_dtrader GBPUSD,H1: Alert: Please check your internet connection
0	20:41:30.767	trend_dtrader GBPUSD,H1: Alert: Please check your internet connection
0	20:41:31.768	trend_dtrader GBPUSD,H1: Alert: Please check your internet connection
0	20:41:32.767	trend_dtrader GBPUSD,H1: Alert: Please check your internet connection
0	20:41:33.767	trend_dtrader GBPUSD,H1: Alert: Please check your internet connection
0	20:59:08.495	trend_dtrader GBPUSD,H1: Alert: Please check your internet connection
0	20:59:08.775	trend_dtrader GBPUSD,H1: Alert: Please check your internet connection
0	20:59:09.775	trend_dtrader GBPUSD,H1: Alert: Please check your internet connection
0	20:59:10.775	trend_dtrader GBPUSD,H1: Alert: Please check your internet connection
0	20:59:11.775	trend_dtrader GBPUSD,H1: Alert: Please check your internet connection
0	20:59:12.776	trend_dtrader GBPUSD,H1: Alert: Please check your internet connection
0	21:16:42.501	trend_dtrader GBPUSD,H1: Alert: Please check your internet connection
0	21:16:42.784	trend_dtrader GBPUSD,H1: Alert: Please check your internet connection
0	21:16:43.783	trend_dtrader GBPUSD,H1: Alert: Please check your internet connection
0	21:16:44.782	trend_dtrader GBPUSD,H1: Alert: Please check your internet connection
0	21:16:45.783	trend_dtrader GBPUSD,H1: Alert: Please check your internet connection
0	21:16:46.783	trend_dtrader GBPUSD,H1: Alert: Please check your internet connection
0	21:32:33.501	trend_dtrader GBPUSD,H1: Alert: Please check your internet connection
0	21:32:33.791	trend_dtrader GBPUSD,H1: Alert: Please check your internet connection
0	21:32:34.790	trend_dtrader GBPUSD,H1: Alert: Please check your internet connection
0	21:32:35.789	trend_dtrader GBPUSD,H1: Alert: Please check your internet connection
0	21:32:36.790	trend_dtrader GBPUSD,H1: Alert: Please check your internet connection
0	21:32:37.790	trend_dtrader GBPUSD,H1: Alert: Please check your internet connection
0	21:42:23.510	trend_dtrader GBPUSD,H1: Alert: Please check your internet connection
0	21:42:23.797	trend_dtrader GBPUSD,H1: Alert: Please check your internet connection
0	21:42:24.794	trend_dtrader GBPUSD,H1: Alert: Please check your internet connection
0	21:42:25.794	trend_dtrader GBPUSD,H1: Alert: Please check your internet connection
0	21:42:26.795	trend_dtrader GBPUSD,H1: Alert: Please check your internet connection
0	21:42:27.794	trend_dtrader GBPUSD,H1: Alert: Please check your internet connection
0	21:42:28.794	trend_dtrader GBPUSD,H1: Alert: Please check your internet connection
0	21:42:29.794	trend_dtrader GBPUSD,H1: Alert: Please check your internet connection
0	21:59:16.518	trend_dtrader GBPUSD,H1: Alert: Please check your internet connection
0	21:59:16.804	trend_dtrader GBPUSD,H1: Alert: Please check your internet connection
0	21:59:17.801	trend_dtrader GBPUSD,H1: Alert: Please check your internet connection
0	21:59:18.802	trend_dtrader GBPUSD,H1: Alert: Please check your internet connection
0	21:59:19.801	trend_dtrader GBPUSD,H1: Alert: Please check your internet connection
0	21:59:20.802	trend_dtrader GBPUSD,H1: Alert: Please check your internet connection
0	22:14:29.627	trend_dtrader GBPUSD,H1: Alert: Please check your internet connection
0	22:14:29.808	trend_dtrader GBPUSD,H1: Alert: Please check your internet connection
0	22:14:30.809	trend_dtrader GBPUSD,H1: Alert: Please check your internet connection
0	22:14:31.835	trend_dtrader GBPUSD,H1: Alert: Please check your internet connection
0	22:14:32.808	trend_dtrader GBPUSD,H1: Alert: Please check your internet connection
0	22:14:33.809	trend_dtrader GBPUSD,H1: Alert: Please check your internet connection
0	22:29:33.532	trend_dtrader GBPUSD,H1: Alert: Please check your internet connection
0	22:29:33.816	trend_dtrader GBPUSD,H1: Alert: Please check your internet connection
0	22:29:34.815	trend_dtrader GBPUSD,H1: Alert: Please check your internet connection
0	22:29:35.815	trend_dtrader GBPUSD,H1: Alert: Please check your internet connection
0	22:29:36.814	trend_dtrader GBPUSD,H1: Alert: Please check your internet connection
0	22:29:37.815	trend_dtrader GBPUSD,H1: Alert: Please check your internet connection
0	22:43:23.536	trend_dtrader GBPUSD,H1: Alert: Please check your internet connection
0	22:43:23.825	trend_dtrader GBPUSD,H1: Alert: Please check your internet connection
0	22:43:24.831	trend_dtrader GBPUSD,H1: Alert: Please check your internet connection
0	22:43:25.822	trend_dtrader GBPUSD,H1: Alert: Please check your internet connection
0	22:43:26.821	trend_dtrader GBPUSD,H1: Alert: Please check your internet connection
0	22:43:27.820	trend_dtrader GBPUSD,H1: Alert: Please check your internet connection
0	22:43:28.821	trend_dtrader GBPUSD,H1: Alert: Please check your internet connection
0	22:43:29.822	trend_dtrader GBPUSD,H1: Alert: Please check your internet connection
0	22:43:30.821	trend_dtrader GBPUSD,H1: Alert: Please check your internet connection
0	22:43:31.820	trend_dtrader GBPUSD,H1: Alert: Please check your internet connection
0	22:43:32.821	trend_dtrader GBPUSD,H1: Alert: Please check your internet connection
0	23:00:37.543	trend_dtrader GBPUSD,H1: Alert: Please check your internet connection
0	23:00:37.842	trend_dtrader GBPUSD,H1: Alert: Please check your internet connection
0	23:00:38.829	trend_dtrader GBPUSD,H1: Alert: Please check your internet connection
0	23:00:39.828	trend_dtrader GBPUSD,H1: Alert: Please check your internet connection
0	23:00:40.829	trend_dtrader GBPUSD,H1: Alert: Please check your internet connection
0	23:00:41.829	trend_dtrader GBPUSD,H1: Alert: Please check your internet connection
0	23:03:03.727	trend_dtrader GBPUSD,H1: Alert: Please check your internet connection
0	23:03:03.852	trend_dtrader GBPUSD,H1: Alert: Please check your internet connection
0	23:03:04.829	trend_dtrader GBPUSD,H1: Alert: Please check your internet connection
0	23:03:05.829	trend_dtrader GBPUSD,H1: Alert: Please check your internet connection
0	23:03:06.829	trend_dtrader GBPUSD,H1: Alert: Please check your internet connection
0	23:03:07.841	trend_dtrader GBPUSD,H1: Alert: Please check your internet connection
0	23:03:05.666	trend_dtrader GBPUSD,H1: Alert: Please check your internet connection
0	23:03:06.663	trend_dtrader GBPUSD,H1: Alert: Please check your internet connection
0	23:03:07.677	trend_dtrader GBPUSD,H1: Alert: Please check your internet connection
0	23:03:08.661	trend_dtrader GBPUSD,H1: Alert: Please check your internet connection
0	23:03:09.661	trend_dtrader GBPUSD,H1: Alert: Please check your internet connection
0	23:05:44.652	trend_dtrader GBPUSD,H1: Alert: Please check your internet connection
0	23:05:45.652	trend_dtrader GBPUSD,H1: Alert: Please check your internet connection
0	23:05:47.654	trend_dtrader GBPUSD,H1: Alert: Please check your internet connection
0	23:05:48.652	trend_dtrader GBPUSD,H1: Alert: Please check your internet connection
0	23:05:49.651	trend_dtrader GBPUSD,H1: Alert: Please check your internet connection
0	23:21:52.600	trend_dtrader GBPUSD,H1: Alert: Please check your internet connection
0	23:21:53.752	trend_dtrader GBPUSD,H1: Alert: Please check your internet connection
0	23:32:14.811	trend_dtrader GBPUSD,H1: Alert: Please check your internet connection
0	23:32:15.808	trend_dtrader GBPUSD,H1: Alert: Please check your internet connection
0	23:32:16.810	trend_dtrader GBPUSD,H1: Alert: Please check your internet connection
0	23:32:17.809	trend_dtrader GBPUSD,H1: Alert: Please check your internet connection
0	23:32:18.809	trend_dtrader GBPUSD,H1: Alert: Please check your internet connection
0	23:32:19.809	trend_dtrader GBPUSD,H1: Alert: Please check your internet connection
0	23:32:20.809	trend_dtrader GBPUSD,H1: Alert: Please check your internet connection
0	23:44:23.805	trend_dtrader GBPUSD,H1: Alert: Please check your internet connection
0	23:44:24.796	trend_dtrader GBPUSD,H1: Alert: Please check your internet connection
