0	08:44:51.688	Custom indicator ZigZag GBPUSD,Daily: loaded successfully
0	08:44:51.716	Custom indicator s_and_d GBPUSD,Daily: loaded successfully
0	08:44:51.748	ZigZag GBPUSD,Daily: initialized
0	08:44:51.771	s_and_d GBPUSD,Daily: initialized
0	08:45:37.804	Custom indicator s_and_d AUDUSD,M30: loaded successfully
0	08:45:39.472	s_and_d AUDUSD,M30: initialized
0	08:47:32.553	s_and_d AUDUSD,M30: uninit reason 3
0	08:47:32.564	s_and_d GBPUSD,M30: initialized
0	11:49:32.946	ZigZag GBPUSD,Daily: uninit reason 5
0	11:49:33.060	ZigZag GBPUSD,Daily: initialized
0	12:07:58.927	ZigZag GBPUSD,Daily: uninit reason 1
0	12:07:58.932	Custom indicator ZigZag GBPUSD,Daily: removed
0	13:46:13.466	s_and_d GBPUSD,M30: uninit reason 3
0	13:46:13.480	s_and_d GBPUSD,M5: initialized
0	13:46:44.299	s_and_d GBPUSD,M5: uninit reason 3
0	13:46:44.307	s_and_d GBPUSD,H1: initialized
0	13:47:10.449	s_and_d GBPUSD,H1: uninit reason 3
0	13:47:10.454	s_and_d GBPUSD,M30: initialized
0	14:05:58.106	Expert trend_dtrader AUDJPY,H1: loaded successfully
0	14:06:15.458	trend_dtrader AUDJPY,H1 inputs: mdesc=DBot FX; lot_size=0.01; 
0	14:06:15.488	trend_dtrader AUDJPY,H1: AUDUSD
0	14:06:15.488	trend_dtrader AUDJPY,H1: EURUSD
0	14:06:15.488	trend_dtrader AUDJPY,H1: GBPUSD
0	14:06:15.488	trend_dtrader AUDJPY,H1: NZDUSD
0	14:06:15.488	trend_dtrader AUDJPY,H1: USDCAD
0	14:06:15.488	trend_dtrader AUDJPY,H1: USDCHF
0	14:06:15.488	trend_dtrader AUDJPY,H1: USDCNH
0	14:06:15.488	trend_dtrader AUDJPY,H1: USDCZK
0	14:06:15.488	trend_dtrader AUDJPY,H1: USDHKD
0	14:06:15.488	trend_dtrader AUDJPY,H1: USDHUF
0	14:06:15.488	trend_dtrader AUDJPY,H1: USDInd
0	14:06:15.488	trend_dtrader AUDJPY,H1: USDJPY
0	14:06:15.488	trend_dtrader AUDJPY,H1: USDMXN
0	14:06:15.488	trend_dtrader AUDJPY,H1: USDNGN
0	14:06:15.488	trend_dtrader AUDJPY,H1: USDNOK
0	14:06:15.488	trend_dtrader AUDJPY,H1: USDPLN
0	14:06:15.488	trend_dtrader AUDJPY,H1: USDSEK
0	14:06:15.488	trend_dtrader AUDJPY,H1: USDSGD
0	14:06:15.488	trend_dtrader AUDJPY,H1: USDTRY
0	14:06:15.488	trend_dtrader AUDJPY,H1: USDZAR
0	14:06:15.488	trend_dtrader AUDJPY,H1: XAGUSD
0	14:06:15.488	trend_dtrader AUDJPY,H1: XAUUSD
0	14:06:15.488	trend_dtrader AUDJPY,H1: initialized
0	14:06:31.280	trend_dtrader AUDJPY,H1: uninit reason 4
0	14:06:31.304	Expert trend_dtrader AUDJPY,H1: removed
0	14:33:26.404	Expert trend_dtrader AUDJPY,H1: loaded successfully
0	14:33:31.676	trend_dtrader AUDJPY,H1 inputs: mdesc=DBot FX; lot_size=0.01; 
0	14:33:31.712	trend_dtrader AUDJPY,H1: AUDUSD --> 5
0	14:33:31.713	trend_dtrader AUDJPY,H1: EURUSD --> 5
0	14:33:31.713	trend_dtrader AUDJPY,H1: GBPUSD --> 5
0	14:33:31.713	trend_dtrader AUDJPY,H1: NZDUSD --> 5
0	14:33:31.713	trend_dtrader AUDJPY,H1: USDCAD --> 5
0	14:33:31.713	trend_dtrader AUDJPY,H1: USDCHF --> 5
0	14:33:31.713	trend_dtrader AUDJPY,H1: USDCNH --> 5
0	14:33:31.713	trend_dtrader AUDJPY,H1: USDCZK --> 5
0	14:33:31.713	trend_dtrader AUDJPY,H1: USDHKD --> 5
0	14:33:31.713	trend_dtrader AUDJPY,H1: USDMXN --> 5
0	14:33:31.713	trend_dtrader AUDJPY,H1: USDNGN --> 5
0	14:33:31.713	trend_dtrader AUDJPY,H1: USDNOK --> 5
0	14:33:31.713	trend_dtrader AUDJPY,H1: USDPLN --> 5
0	14:33:31.713	trend_dtrader AUDJPY,H1: USDSEK --> 5
0	14:33:31.713	trend_dtrader AUDJPY,H1: USDSGD --> 5
0	14:33:31.713	trend_dtrader AUDJPY,H1: USDTRY --> 5
0	14:33:31.713	trend_dtrader AUDJPY,H1: USDZAR --> 5
0	14:33:31.713	trend_dtrader AUDJPY,H1: 17
0	14:33:31.713	trend_dtrader AUDJPY,H1: initialized
0	14:34:14.742	trend_dtrader AUDJPY,H1: uninit reason 4
0	14:34:14.742	trend_dtrader AUDJPY,H1: Alert: 4
0	14:34:14.766	Expert trend_dtrader AUDJPY,H1: removed
0	16:08:34.394	Compiling 'trend_dtrader'
0	16:08:38.787	Script testing AUDJPY,H1: loaded successfully
0	16:08:38.805	testing AUDJPY,H1: initialized
0	16:08:38.874	testing AUDJPY,H1: 0.0
0	16:08:38.874	testing AUDJPY,H1: 2
0	16:08:38.875	testing AUDJPY,H1: 0.01
0	16:08:38.875	testing AUDJPY,H1: sz fast -->>1.27748
0	16:08:38.875	testing AUDJPY,H1: 7
0	16:08:38.875	testing AUDJPY,H1: uninit reason 0
0	16:08:38.889	Script testing AUDJPY,H1: removed
