0	12:19:42.759	Expert trend_dtrader XAUUSD,H1: loaded successfully
0	12:19:42.760	trend_dtrader XAUUSD,H1 inputs: mdesc=DBot FX; lot_size=0.3; max_trade=100000000; close_trade=false; tt=0; 
1	12:20:49.062	trend_dtrader XAUUSD,H1: cannot set timer (1)
0	12:20:49.062	trend_dtrader XAUUSD,H1: AAVEUSD
0	12:20:49.062	trend_dtrader XAUUSD,H1: ADAUSD
0	12:20:49.062	trend_dtrader XAUUSD,H1: ALGOUSD
0	12:20:49.062	trend_dtrader XAUUSD,H1: APTUSD
0	12:20:49.062	trend_dtrader XAUUSD,H1: ARBUSD
0	12:20:49.062	trend_dtrader XAUUSD,H1: ATOMUSD
0	12:20:49.062	trend_dtrader XAUUSD,H1: AUDUSD
0	12:20:49.062	trend_dtrader XAUUSD,H1: AVAXUSD
0	12:20:49.062	trend_dtrader XAUUSD,H1: AXSUSD
0	12:20:49.062	trend_dtrader XAUUSD,H1: BCHUSD
0	12:20:49.062	trend_dtrader XAUUSD,H1: BNBUSD
0	12:20:49.062	trend_dtrader XAUUSD,H1: BTCUSD
0	12:20:49.062	trend_dtrader XAUUSD,H1: DASHUSD
0	12:20:49.062	trend_dtrader XAUUSD,H1: DOGEUSD
0	12:20:49.062	trend_dtrader XAUUSD,H1: DOTUSD
0	12:20:49.062	trend_dtrader XAUUSD,H1: ETCUSD
0	12:20:49.062	trend_dtrader XAUUSD,H1: ETHUSD
0	12:20:49.062	trend_dtrader XAUUSD,H1: EURUSD
0	12:20:49.062	trend_dtrader XAUUSD,H1: FETUSD
0	12:20:49.062	trend_dtrader XAUUSD,H1: FILUSD
0	12:20:49.062	trend_dtrader XAUUSD,H1: FTMUSD
0	12:20:49.062	trend_dtrader XAUUSD,H1: GBPUSD
0	12:20:49.062	trend_dtrader XAUUSD,H1: GRTUSD
0	12:20:49.062	trend_dtrader XAUUSD,H1: ICPUSD
0	12:20:49.062	trend_dtrader XAUUSD,H1: IOTAUSD
0	12:20:49.062	trend_dtrader XAUUSD,H1: LINKUSD
0	12:20:49.062	trend_dtrader XAUUSD,H1: LRCUSD
0	12:20:49.062	trend_dtrader XAUUSD,H1: LTCUSD
0	12:20:49.062	trend_dtrader XAUUSD,H1: MANAUSD
0	12:20:49.062	trend_dtrader XAUUSD,H1: MATICUSD
0	12:20:49.062	trend_dtrader XAUUSD,H1: NEARUSD
0	12:20:49.062	trend_dtrader XAUUSD,H1: NZDUSD
0	12:20:49.062	trend_dtrader XAUUSD,H1: SOLUSD
0	12:20:49.062	trend_dtrader XAUUSD,H1: SUIUSD
0	12:20:49.062	trend_dtrader XAUUSD,H1: TRXUSD
0	12:20:49.062	trend_dtrader XAUUSD,H1: UNIUSD
0	12:20:49.062	trend_dtrader XAUUSD,H1: USDCAD
0	12:20:49.062	trend_dtrader XAUUSD,H1: USDCHF
0	12:20:49.062	trend_dtrader XAUUSD,H1: USDJPY
0	12:20:49.062	trend_dtrader XAUUSD,H1: USDMXN
0	12:20:49.062	trend_dtrader XAUUSD,H1: USDZAR
0	12:20:49.062	trend_dtrader XAUUSD,H1: XAGUSD
0	12:20:49.062	trend_dtrader XAUUSD,H1: XAUUSD
0	12:20:49.062	trend_dtrader XAUUSD,H1: XBRUSD
0	12:20:49.062	trend_dtrader XAUUSD,H1: XNGUSD
0	12:20:49.062	trend_dtrader XAUUSD,H1: XRPUSD
0	12:20:49.062	trend_dtrader XAUUSD,H1: XTIUSD
0	12:20:49.062	trend_dtrader XAUUSD,H1: ZECUSD
0	12:20:49.062	trend_dtrader XAUUSD,H1: 48
0	12:20:49.062	trend_dtrader XAUUSD,H1: initialized
0	12:33:37.838	Expert trend_dtrader XAUUSD,H1: loaded successfully
0	12:33:37.854	trend_dtrader XAUUSD,H1 inputs: mdesc=DBot FX; lot_size=0.3; max_trade=100000000; close_trade=false; tt=0; 
0	12:33:52.397	trend_dtrader XAUUSD,H1: AAVEUSD
0	12:33:52.397	trend_dtrader XAUUSD,H1: ADAUSD
0	12:33:52.397	trend_dtrader XAUUSD,H1: ALGOUSD
0	12:33:52.397	trend_dtrader XAUUSD,H1: APTUSD
0	12:33:52.397	trend_dtrader XAUUSD,H1: ARBUSD
0	12:33:52.397	trend_dtrader XAUUSD,H1: ATOMUSD
0	12:33:52.397	trend_dtrader XAUUSD,H1: AUDUSD
0	12:33:52.397	trend_dtrader XAUUSD,H1: AVAXUSD
0	12:33:52.397	trend_dtrader XAUUSD,H1: AXSUSD
0	12:33:52.397	trend_dtrader XAUUSD,H1: BCHUSD
0	12:33:52.397	trend_dtrader XAUUSD,H1: BNBUSD
0	12:33:52.397	trend_dtrader XAUUSD,H1: BTCUSD
0	12:33:52.397	trend_dtrader XAUUSD,H1: DASHUSD
0	12:33:52.397	trend_dtrader XAUUSD,H1: DOGEUSD
0	12:33:52.397	trend_dtrader XAUUSD,H1: DOTUSD
0	12:33:52.397	trend_dtrader XAUUSD,H1: ETCUSD
0	12:33:52.397	trend_dtrader XAUUSD,H1: ETHUSD
0	12:33:52.397	trend_dtrader XAUUSD,H1: EURUSD
0	12:33:52.397	trend_dtrader XAUUSD,H1: FETUSD
0	12:33:52.397	trend_dtrader XAUUSD,H1: FILUSD
0	12:33:52.397	trend_dtrader XAUUSD,H1: FTMUSD
0	12:33:52.397	trend_dtrader XAUUSD,H1: GBPUSD
0	12:33:52.397	trend_dtrader XAUUSD,H1: GRTUSD
0	12:33:52.397	trend_dtrader XAUUSD,H1: ICPUSD
0	12:33:52.397	trend_dtrader XAUUSD,H1: IOTAUSD
0	12:33:52.397	trend_dtrader XAUUSD,H1: LINKUSD
0	12:33:52.397	trend_dtrader XAUUSD,H1: LRCUSD
0	12:33:52.397	trend_dtrader XAUUSD,H1: LTCUSD
0	12:33:52.397	trend_dtrader XAUUSD,H1: MANAUSD
0	12:33:52.397	trend_dtrader XAUUSD,H1: MATICUSD
0	12:33:52.397	trend_dtrader XAUUSD,H1: NEARUSD
0	12:33:52.397	trend_dtrader XAUUSD,H1: NZDUSD
0	12:33:52.397	trend_dtrader XAUUSD,H1: SOLUSD
0	12:33:52.397	trend_dtrader XAUUSD,H1: SUIUSD
0	12:33:52.397	trend_dtrader XAUUSD,H1: TRXUSD
0	12:33:52.397	trend_dtrader XAUUSD,H1: UNIUSD
0	12:33:52.397	trend_dtrader XAUUSD,H1: USDCAD
0	12:33:52.397	trend_dtrader XAUUSD,H1: USDCHF
0	12:33:52.397	trend_dtrader XAUUSD,H1: USDJPY
0	12:33:52.397	trend_dtrader XAUUSD,H1: USDMXN
0	12:33:52.397	trend_dtrader XAUUSD,H1: USDZAR
0	12:33:52.397	trend_dtrader XAUUSD,H1: XAGUSD
0	12:33:52.397	trend_dtrader XAUUSD,H1: XAUUSD
0	12:33:52.397	trend_dtrader XAUUSD,H1: XBRUSD
0	12:33:52.397	trend_dtrader XAUUSD,H1: XNGUSD
0	12:33:52.397	trend_dtrader XAUUSD,H1: XRPUSD
0	12:33:52.397	trend_dtrader XAUUSD,H1: XTIUSD
0	12:33:52.397	trend_dtrader XAUUSD,H1: ZECUSD
0	12:33:52.397	trend_dtrader XAUUSD,H1: 48
0	12:33:52.397	trend_dtrader XAUUSD,H1: initialized
2	15:00:53.889	trend_dtrader XAUUSD,H1: open #480432685 sell 0.30 XRPUSD at 0.59666 sl: 0.64262 tp: 0.50474 ok
0	15:00:53.890	trend_dtrader XAUUSD,H1: Alert: XRPUSD Ordered Successfully
0	22:06:01.727	trend_dtrader XAUUSD,H1: Alert: Please check your internet connection
0	22:06:06.781	trend_dtrader XAUUSD,H1: Alert: Please check your internet connection
0	22:06:07.744	trend_dtrader XAUUSD,H1: Alert: Please check your internet connection
0	22:06:08.779	trend_dtrader XAUUSD,H1: Alert: Please check your internet connection
0	22:06:09.736	trend_dtrader XAUUSD,H1: Alert: Please check your internet connection
0	22:06:10.882	trend_dtrader XAUUSD,H1: Alert: Please check your internet connection
0	22:06:11.765	trend_dtrader XAUUSD,H1: Alert: Please check your internet connection
