0	00:28:14.994	trend_dtrader XAUUSD,H1: Failed modifying 
0	00:28:29.982	trend_dtrader XAUUSD,H1: Failed modifying 
0	00:28:30.987	trend_dtrader XAUUSD,H1: Failed modifying 
0	00:28:31.993	trend_dtrader XAUUSD,H1: Failed modifying 
0	00:28:32.989	trend_dtrader XAUUSD,H1: Failed modifying 
0	00:28:33.990	trend_dtrader XAUUSD,H1: Failed modifying 
0	00:28:34.989	trend_dtrader XAUUSD,H1: Failed modifying 
2	00:28:36.148	trend_dtrader XAUUSD,H1: modify #479268571 sell 0.30 USDJPY at 156.545 sl: 155.706 tp: 154.867 ok
0	00:28:36.148	trend_dtrader XAUUSD,H1: Alert: USDJPY has been assigned a breakeven 155.706
0	09:01:30.047	trend_dtrader XAUUSD,H1: Alert: Failed XAUUSD
0	09:02:17.048	trend_dtrader XAUUSD,H1: Alert: Failed XAUUSD
0	09:03:04.159	trend_dtrader XAUUSD,H1: Alert: Failed XAUUSD
0	09:03:51.045	trend_dtrader XAUUSD,H1: Alert: Failed XAUUSD
0	09:04:38.037	trend_dtrader XAUUSD,H1: Alert: Failed XAUUSD
0	09:05:25.044	trend_dtrader XAUUSD,H1: Alert: Failed XAUUSD
0	09:06:12.109	trend_dtrader XAUUSD,H1: Alert: Failed XAUUSD
0	09:06:59.483	trend_dtrader XAUUSD,H1: Alert: Failed XAUUSD
0	09:07:46.143	trend_dtrader XAUUSD,H1: Alert: Failed XAUUSD
0	09:08:33.101	trend_dtrader XAUUSD,H1: Alert: Failed XAUUSD
0	09:09:20.042	trend_dtrader XAUUSD,H1: Alert: Failed XAUUSD
0	09:10:07.044	trend_dtrader XAUUSD,H1: Alert: Failed XAUUSD
0	09:10:54.057	trend_dtrader XAUUSD,H1: Alert: Failed XAUUSD
0	09:11:41.100	trend_dtrader XAUUSD,H1: Alert: Failed XAUUSD
0	09:12:28.055	trend_dtrader XAUUSD,H1: Alert: Failed XAUUSD
0	09:13:15.146	trend_dtrader XAUUSD,H1: Alert: Failed XAUUSD
0	09:14:02.080	trend_dtrader XAUUSD,H1: Alert: Failed XAUUSD
0	09:14:49.238	trend_dtrader XAUUSD,H1: Alert: Failed XAUUSD
0	09:15:36.173	trend_dtrader XAUUSD,H1: Alert: Failed XAUUSD
0	09:16:23.084	trend_dtrader XAUUSD,H1: Alert: Failed XAUUSD
0	09:17:10.195	trend_dtrader XAUUSD,H1: Alert: Failed XAUUSD
0	09:17:57.086	trend_dtrader XAUUSD,H1: Alert: Failed XAUUSD
0	09:18:44.186	trend_dtrader XAUUSD,H1: Alert: Failed XAUUSD
0	09:19:31.192	trend_dtrader XAUUSD,H1: Alert: Failed XAUUSD
0	09:20:18.206	trend_dtrader XAUUSD,H1: Alert: Failed XAUUSD
0	09:21:05.775	trend_dtrader XAUUSD,H1: Alert: Failed XAUUSD
0	09:21:52.198	trend_dtrader XAUUSD,H1: Alert: Failed XAUUSD
0	09:22:39.273	trend_dtrader XAUUSD,H1: Alert: Failed XAUUSD
0	09:23:26.243	trend_dtrader XAUUSD,H1: Alert: Failed XAUUSD
0	09:24:13.170	trend_dtrader XAUUSD,H1: Alert: Failed XAUUSD
0	09:25:00.192	trend_dtrader XAUUSD,H1: Alert: Failed XAUUSD
0	09:25:47.269	trend_dtrader XAUUSD,H1: Alert: Failed XAUUSD
0	09:26:34.250	trend_dtrader XAUUSD,H1: Alert: Failed XAUUSD
0	09:27:21.264	trend_dtrader XAUUSD,H1: Alert: Failed XAUUSD
0	09:28:08.268	trend_dtrader XAUUSD,H1: Alert: Failed XAUUSD
0	09:28:55.192	trend_dtrader XAUUSD,H1: Alert: Failed XAUUSD
0	09:29:42.210	trend_dtrader XAUUSD,H1: Alert: Failed XAUUSD
0	09:30:29.223	trend_dtrader XAUUSD,H1: Alert: Failed XAUUSD
0	09:31:16.242	trend_dtrader XAUUSD,H1: Alert: Failed XAUUSD
0	09:32:03.339	trend_dtrader XAUUSD,H1: Alert: Failed XAUUSD
0	09:32:50.224	trend_dtrader XAUUSD,H1: Alert: Failed XAUUSD
0	09:33:37.306	trend_dtrader XAUUSD,H1: Alert: Failed XAUUSD
0	09:34:24.249	trend_dtrader XAUUSD,H1: Alert: Failed XAUUSD
0	09:35:11.261	trend_dtrader XAUUSD,H1: Alert: Failed XAUUSD
0	09:35:58.244	trend_dtrader XAUUSD,H1: Alert: Failed XAUUSD
0	09:36:45.295	trend_dtrader XAUUSD,H1: Alert: Failed XAUUSD
0	09:37:32.278	trend_dtrader XAUUSD,H1: Alert: Failed XAUUSD
0	09:38:19.425	trend_dtrader XAUUSD,H1: Alert: Failed XAUUSD
0	09:39:06.362	trend_dtrader XAUUSD,H1: Alert: Failed XAUUSD
0	09:39:53.287	trend_dtrader XAUUSD,H1: Alert: Failed XAUUSD
0	09:40:40.342	trend_dtrader XAUUSD,H1: Alert: Failed XAUUSD
0	09:41:27.357	trend_dtrader XAUUSD,H1: Alert: Failed XAUUSD
0	09:42:14.342	trend_dtrader XAUUSD,H1: Alert: Failed XAUUSD
0	09:43:01.420	trend_dtrader XAUUSD,H1: Alert: Failed XAUUSD
0	09:43:48.326	trend_dtrader XAUUSD,H1: Alert: Failed XAUUSD
0	09:44:35.320	trend_dtrader XAUUSD,H1: Alert: Failed XAUUSD
0	09:54:10.233	trend_dtrader XAUUSD,H1: Alert: Please check your internet connection
0	11:58:00.914	trend_dtrader XAUUSD,H1: Failed modifying AUDUSD
0	11:58:01.917	trend_dtrader XAUUSD,H1: Failed modifying AVAXUSD
0	11:58:02.920	trend_dtrader XAUUSD,H1: Failed modifying AXSUSD
0	11:58:03.986	trend_dtrader XAUUSD,H1: Failed modifying BCHUSD
0	11:58:04.909	trend_dtrader XAUUSD,H1: Failed modifying BNBUSD
0	11:58:05.911	trend_dtrader XAUUSD,H1: Failed modifying BTCUSD
0	11:58:06.914	trend_dtrader XAUUSD,H1: Failed modifying DASHUSD
0	11:58:07.916	trend_dtrader XAUUSD,H1: Failed modifying DOGEUSD
0	11:58:08.918	trend_dtrader XAUUSD,H1: Failed modifying DOTUSD
0	11:58:09.917	trend_dtrader XAUUSD,H1: Failed modifying ETCUSD
0	11:58:10.949	trend_dtrader XAUUSD,H1: Failed modifying ETHUSD
0	11:58:11.919	trend_dtrader XAUUSD,H1: Failed modifying EURUSD
0	11:58:12.926	trend_dtrader XAUUSD,H1: Failed modifying FETUSD
0	11:58:13.910	trend_dtrader XAUUSD,H1: Failed modifying FILUSD
0	11:58:14.921	trend_dtrader XAUUSD,H1: Failed modifying FTMUSD
0	11:58:15.921	trend_dtrader XAUUSD,H1: Failed modifying GBPUSD
0	11:58:16.919	trend_dtrader XAUUSD,H1: Failed modifying GRTUSD
0	11:58:17.913	trend_dtrader XAUUSD,H1: Failed modifying ICPUSD
0	11:58:18.909	trend_dtrader XAUUSD,H1: Failed modifying IOTAUSD
0	11:58:19.921	trend_dtrader XAUUSD,H1: Failed modifying LINKUSD
0	11:58:20.920	trend_dtrader XAUUSD,H1: Failed modifying LRCUSD
0	11:58:21.921	trend_dtrader XAUUSD,H1: Failed modifying LTCUSD
0	11:58:22.920	trend_dtrader XAUUSD,H1: Failed modifying MANAUSD
0	11:58:23.909	trend_dtrader XAUUSD,H1: Failed modifying MATICUSD
0	11:58:24.919	trend_dtrader XAUUSD,H1: Failed modifying NEARUSD
0	11:58:25.909	trend_dtrader XAUUSD,H1: Failed modifying NZDUSD
0	11:58:26.920	trend_dtrader XAUUSD,H1: Failed modifying SOLUSD
0	11:58:27.923	trend_dtrader XAUUSD,H1: Failed modifying SUIUSD
0	11:58:28.920	trend_dtrader XAUUSD,H1: Failed modifying TRXUSD
0	11:58:29.921	trend_dtrader XAUUSD,H1: Failed modifying UNIUSD
0	11:58:30.919	trend_dtrader XAUUSD,H1: Failed modifying USDCAD
0	11:58:31.917	trend_dtrader XAUUSD,H1: Failed modifying USDCHF
0	11:58:32.919	trend_dtrader XAUUSD,H1: Failed modifying USDJPY
0	11:58:33.911	trend_dtrader XAUUSD,H1: Failed modifying USDMXN
0	11:58:34.909	trend_dtrader XAUUSD,H1: Failed modifying USDZAR
0	11:58:35.908	trend_dtrader XAUUSD,H1: Failed modifying XAGUSD
0	11:58:36.919	trend_dtrader XAUUSD,H1: Failed modifying XAUUSD
0	11:58:37.921	trend_dtrader XAUUSD,H1: Failed modifying XBRUSD
0	11:58:38.919	trend_dtrader XAUUSD,H1: Failed modifying XNGUSD
0	11:58:39.909	trend_dtrader XAUUSD,H1: Failed modifying XRPUSD
0	11:58:40.919	trend_dtrader XAUUSD,H1: Failed modifying XTIUSD
0	11:58:41.908	trend_dtrader XAUUSD,H1: Failed modifying AAVEUSD
0	11:58:42.920	trend_dtrader XAUUSD,H1: Failed modifying ADAUSD
0	11:58:43.919	trend_dtrader XAUUSD,H1: Failed modifying ALGOUSD
0	11:58:44.917	trend_dtrader XAUUSD,H1: Failed modifying APTUSD
0	11:58:45.911	trend_dtrader XAUUSD,H1: Failed modifying ARBUSD
0	11:58:46.921	trend_dtrader XAUUSD,H1: Failed modifying ATOMUSD
0	11:58:47.920	trend_dtrader XAUUSD,H1: Failed modifying AUDUSD
0	11:58:48.919	trend_dtrader XAUUSD,H1: Failed modifying AVAXUSD
0	11:58:49.921	trend_dtrader XAUUSD,H1: Failed modifying AXSUSD
0	11:58:50.919	trend_dtrader XAUUSD,H1: Failed modifying BCHUSD
0	11:58:51.911	trend_dtrader XAUUSD,H1: Failed modifying BNBUSD
0	11:58:52.919	trend_dtrader XAUUSD,H1: Failed modifying BTCUSD
0	11:58:53.916	trend_dtrader XAUUSD,H1: Failed modifying DASHUSD
0	11:58:54.913	trend_dtrader XAUUSD,H1: Failed modifying DOGEUSD
0	11:58:55.911	trend_dtrader XAUUSD,H1: Failed modifying DOTUSD
0	11:58:56.919	trend_dtrader XAUUSD,H1: Failed modifying ETCUSD
0	11:58:57.917	trend_dtrader XAUUSD,H1: Failed modifying ETHUSD
0	11:58:58.910	trend_dtrader XAUUSD,H1: Failed modifying EURUSD
0	11:58:59.921	trend_dtrader XAUUSD,H1: Failed modifying FETUSD
0	11:59:00.920	trend_dtrader XAUUSD,H1: Failed modifying FILUSD
0	11:59:01.919	trend_dtrader XAUUSD,H1: Failed modifying FTMUSD
0	11:59:02.916	trend_dtrader XAUUSD,H1: Failed modifying GBPUSD
0	11:59:03.917	trend_dtrader XAUUSD,H1: Failed modifying GRTUSD
0	11:59:04.918	trend_dtrader XAUUSD,H1: Failed modifying ICPUSD
0	11:59:05.917	trend_dtrader XAUUSD,H1: Failed modifying IOTAUSD
0	11:59:06.917	trend_dtrader XAUUSD,H1: Failed modifying LINKUSD
0	11:59:07.917	trend_dtrader XAUUSD,H1: Failed modifying LRCUSD
0	11:59:08.923	trend_dtrader XAUUSD,H1: Failed modifying LTCUSD
0	11:59:09.923	trend_dtrader XAUUSD,H1: Failed modifying MANAUSD
0	11:59:10.919	trend_dtrader XAUUSD,H1: Failed modifying MATICUSD
0	11:59:11.918	trend_dtrader XAUUSD,H1: Failed modifying NEARUSD
0	11:59:12.918	trend_dtrader XAUUSD,H1: Failed modifying NZDUSD
0	11:59:13.914	trend_dtrader XAUUSD,H1: Failed modifying SOLUSD
0	11:59:14.911	trend_dtrader XAUUSD,H1: Failed modifying SUIUSD
0	11:59:15.921	trend_dtrader XAUUSD,H1: Failed modifying TRXUSD
0	11:59:16.919	trend_dtrader XAUUSD,H1: Failed modifying UNIUSD
0	11:59:17.917	trend_dtrader XAUUSD,H1: Failed modifying USDCAD
0	11:59:18.916	trend_dtrader XAUUSD,H1: Failed modifying USDCHF
0	11:59:19.914	trend_dtrader XAUUSD,H1: Failed modifying USDJPY
0	11:59:20.914	trend_dtrader XAUUSD,H1: Failed modifying USDMXN
0	11:59:21.918	trend_dtrader XAUUSD,H1: Failed modifying USDZAR
0	11:59:22.916	trend_dtrader XAUUSD,H1: Failed modifying XAGUSD
0	11:59:23.914	trend_dtrader XAUUSD,H1: Failed modifying XAUUSD
0	11:59:24.914	trend_dtrader XAUUSD,H1: Failed modifying XBRUSD
0	11:59:25.914	trend_dtrader XAUUSD,H1: Failed modifying XNGUSD
0	11:59:26.914	trend_dtrader XAUUSD,H1: Failed modifying XRPUSD
0	11:59:27.912	trend_dtrader XAUUSD,H1: Failed modifying XTIUSD
0	11:59:28.912	trend_dtrader XAUUSD,H1: Failed modifying AAVEUSD
0	11:59:29.911	trend_dtrader XAUUSD,H1: Failed modifying ADAUSD
0	11:59:30.910	trend_dtrader XAUUSD,H1: Failed modifying ALGOUSD
0	11:59:31.910	trend_dtrader XAUUSD,H1: Failed modifying APTUSD
0	11:59:32.922	trend_dtrader XAUUSD,H1: Failed modifying ARBUSD
0	11:59:33.920	trend_dtrader XAUUSD,H1: Failed modifying ATOMUSD
0	11:59:34.914	trend_dtrader XAUUSD,H1: Failed modifying AUDUSD
0	11:59:35.915	trend_dtrader XAUUSD,H1: Failed modifying AVAXUSD
0	11:59:36.911	trend_dtrader XAUUSD,H1: Failed modifying AXSUSD
0	11:59:37.923	trend_dtrader XAUUSD,H1: Failed modifying BCHUSD
0	11:59:38.922	trend_dtrader XAUUSD,H1: Failed modifying BNBUSD
0	11:59:39.921	trend_dtrader XAUUSD,H1: Failed modifying BTCUSD
0	11:59:40.919	trend_dtrader XAUUSD,H1: Failed modifying DASHUSD
0	11:59:41.914	trend_dtrader XAUUSD,H1: Failed modifying DOGEUSD
0	11:59:42.912	trend_dtrader XAUUSD,H1: Failed modifying DOTUSD
0	11:59:43.923	trend_dtrader XAUUSD,H1: Failed modifying ETCUSD
0	11:59:44.919	trend_dtrader XAUUSD,H1: Failed modifying ETHUSD
0	11:59:45.913	trend_dtrader XAUUSD,H1: Failed modifying EURUSD
0	11:59:46.911	trend_dtrader XAUUSD,H1: Failed modifying FETUSD
0	11:59:47.911	trend_dtrader XAUUSD,H1: Failed modifying FILUSD
0	11:59:48.911	trend_dtrader XAUUSD,H1: Failed modifying FTMUSD
0	11:59:49.922	trend_dtrader XAUUSD,H1: Failed modifying GBPUSD
0	11:59:50.919	trend_dtrader XAUUSD,H1: Failed modifying GRTUSD
0	11:59:51.918	trend_dtrader XAUUSD,H1: Failed modifying ICPUSD
0	11:59:52.917	trend_dtrader XAUUSD,H1: Failed modifying IOTAUSD
0	11:59:53.912	trend_dtrader XAUUSD,H1: Failed modifying LINKUSD
0	11:59:54.922	trend_dtrader XAUUSD,H1: Failed modifying LRCUSD
0	11:59:55.919	trend_dtrader XAUUSD,H1: Failed modifying LTCUSD
0	11:59:56.916	trend_dtrader XAUUSD,H1: Failed modifying MANAUSD
0	11:59:57.912	trend_dtrader XAUUSD,H1: Failed modifying MATICUSD
0	11:59:58.910	trend_dtrader XAUUSD,H1: Failed modifying NEARUSD
0	11:59:59.919	trend_dtrader XAUUSD,H1: Failed modifying NZDUSD
0	12:00:00.915	trend_dtrader XAUUSD,H1: Failed modifying SOLUSD
0	12:00:01.913	trend_dtrader XAUUSD,H1: Failed modifying SUIUSD
0	12:00:02.912	trend_dtrader XAUUSD,H1: Failed modifying TRXUSD
0	12:00:03.913	trend_dtrader XAUUSD,H1: Failed modifying UNIUSD
0	12:00:04.912	trend_dtrader XAUUSD,H1: Failed modifying USDCAD
0	12:00:06.185	trend_dtrader XAUUSD,H1: Failed modifying USDCHF
0	12:00:06.920	trend_dtrader XAUUSD,H1: Failed modifying USDJPY
0	12:00:07.915	trend_dtrader XAUUSD,H1: Failed modifying USDMXN
0	12:00:08.921	trend_dtrader XAUUSD,H1: Failed modifying USDZAR
0	12:00:09.922	trend_dtrader XAUUSD,H1: Failed modifying XAGUSD
0	12:00:10.922	trend_dtrader XAUUSD,H1: Failed modifying XAUUSD
0	12:00:11.919	trend_dtrader XAUUSD,H1: Failed modifying XBRUSD
0	12:00:12.918	trend_dtrader XAUUSD,H1: Failed modifying XNGUSD
0	12:00:13.967	trend_dtrader XAUUSD,H1: Failed modifying XRPUSD
0	12:00:14.922	trend_dtrader XAUUSD,H1: Failed modifying XTIUSD
0	12:00:15.922	trend_dtrader XAUUSD,H1: Failed modifying AAVEUSD
0	12:00:16.922	trend_dtrader XAUUSD,H1: Failed modifying ADAUSD
0	12:00:17.921	trend_dtrader XAUUSD,H1: Failed modifying ALGOUSD
0	12:00:18.919	trend_dtrader XAUUSD,H1: Failed modifying APTUSD
0	12:00:19.920	trend_dtrader XAUUSD,H1: Failed modifying ARBUSD
0	12:00:20.919	trend_dtrader XAUUSD,H1: Failed modifying ATOMUSD
0	12:00:21.909	trend_dtrader XAUUSD,H1: Failed modifying AUDUSD
0	12:00:22.919	trend_dtrader XAUUSD,H1: Failed modifying AVAXUSD
0	12:00:23.909	trend_dtrader XAUUSD,H1: Failed modifying AXSUSD
0	12:00:24.921	trend_dtrader XAUUSD,H1: Failed modifying BCHUSD
0	12:00:25.921	trend_dtrader XAUUSD,H1: Failed modifying BNBUSD
0	12:00:26.920	trend_dtrader XAUUSD,H1: Failed modifying BTCUSD
0	12:00:27.910	trend_dtrader XAUUSD,H1: Failed modifying DASHUSD
0	12:00:28.910	trend_dtrader XAUUSD,H1: Failed modifying DOGEUSD
0	12:00:29.984	trend_dtrader XAUUSD,H1: Failed modifying DOTUSD
0	12:00:30.919	trend_dtrader XAUUSD,H1: Failed modifying ETCUSD
0	12:00:31.916	trend_dtrader XAUUSD,H1: Failed modifying ETHUSD
0	12:00:32.915	trend_dtrader XAUUSD,H1: Failed modifying EURUSD
0	12:00:33.944	trend_dtrader XAUUSD,H1: Failed modifying FETUSD
0	12:00:34.910	trend_dtrader XAUUSD,H1: Failed modifying FILUSD
0	12:00:35.910	trend_dtrader XAUUSD,H1: Failed modifying FTMUSD
0	12:00:36.921	trend_dtrader XAUUSD,H1: Failed modifying GBPUSD
0	12:00:37.919	trend_dtrader XAUUSD,H1: Failed modifying GRTUSD
0	12:00:38.920	trend_dtrader XAUUSD,H1: Failed modifying ICPUSD
0	12:00:39.920	trend_dtrader XAUUSD,H1: Failed modifying IOTAUSD
0	12:00:40.913	trend_dtrader XAUUSD,H1: Failed modifying LINKUSD
0	12:00:41.919	trend_dtrader XAUUSD,H1: Failed modifying LRCUSD
0	12:00:42.913	trend_dtrader XAUUSD,H1: Failed modifying LTCUSD
0	12:00:43.944	trend_dtrader XAUUSD,H1: Failed modifying MANAUSD
0	12:00:44.910	trend_dtrader XAUUSD,H1: Failed modifying MATICUSD
0	12:00:45.919	trend_dtrader XAUUSD,H1: Failed modifying NEARUSD
0	12:00:46.910	trend_dtrader XAUUSD,H1: Failed modifying NZDUSD
0	12:00:47.922	trend_dtrader XAUUSD,H1: Failed modifying SOLUSD
0	12:00:48.919	trend_dtrader XAUUSD,H1: Failed modifying SUIUSD
0	12:00:49.909	trend_dtrader XAUUSD,H1: Failed modifying TRXUSD
0	12:00:50.921	trend_dtrader XAUUSD,H1: Failed modifying UNIUSD
0	12:00:51.920	trend_dtrader XAUUSD,H1: Failed modifying USDCAD
0	12:00:52.920	trend_dtrader XAUUSD,H1: Failed modifying USDCHF
0	12:00:53.967	trend_dtrader XAUUSD,H1: Failed modifying USDJPY
0	12:00:54.910	trend_dtrader XAUUSD,H1: Failed modifying USDMXN
0	12:00:55.919	trend_dtrader XAUUSD,H1: Failed modifying USDZAR
0	12:00:56.913	trend_dtrader XAUUSD,H1: Failed modifying XAGUSD
0	12:00:57.922	trend_dtrader XAUUSD,H1: Failed modifying XAUUSD
0	12:00:58.920	trend_dtrader XAUUSD,H1: Failed modifying XBRUSD
0	12:00:59.917	trend_dtrader XAUUSD,H1: Failed modifying XNGUSD
0	12:01:00.916	trend_dtrader XAUUSD,H1: Failed modifying XRPUSD
0	12:01:01.913	trend_dtrader XAUUSD,H1: Failed modifying XTIUSD
0	12:01:02.919	trend_dtrader XAUUSD,H1: Failed modifying AAVEUSD
0	12:01:04.076	trend_dtrader XAUUSD,H1: Failed modifying ADAUSD
0	12:01:04.912	trend_dtrader XAUUSD,H1: Failed modifying ALGOUSD
0	12:01:05.912	trend_dtrader XAUUSD,H1: Failed modifying APTUSD
0	12:01:06.912	trend_dtrader XAUUSD,H1: Failed modifying ARBUSD
0	12:01:07.923	trend_dtrader XAUUSD,H1: Failed modifying ATOMUSD
0	12:01:08.922	trend_dtrader XAUUSD,H1: Failed modifying AUDUSD
0	12:01:09.919	trend_dtrader XAUUSD,H1: Failed modifying AVAXUSD
0	12:01:10.920	trend_dtrader XAUUSD,H1: Failed modifying AXSUSD
0	12:01:11.919	trend_dtrader XAUUSD,H1: Failed modifying BCHUSD
0	12:01:12.919	trend_dtrader XAUUSD,H1: Failed modifying BNBUSD
0	12:01:13.935	trend_dtrader XAUUSD,H1: Failed modifying BTCUSD
0	12:01:14.910	trend_dtrader XAUUSD,H1: Failed modifying DASHUSD
0	12:01:15.914	trend_dtrader XAUUSD,H1: Failed modifying DOGEUSD
0	12:01:16.911	trend_dtrader XAUUSD,H1: Failed modifying DOTUSD
0	12:01:17.912	trend_dtrader XAUUSD,H1: Failed modifying ETCUSD
0	12:01:18.913	trend_dtrader XAUUSD,H1: Failed modifying ETHUSD
0	12:01:19.914	trend_dtrader XAUUSD,H1: Failed modifying EURUSD
0	12:01:20.912	trend_dtrader XAUUSD,H1: Failed modifying FETUSD
0	12:01:21.909	trend_dtrader XAUUSD,H1: Failed modifying FILUSD
0	12:01:22.919	trend_dtrader XAUUSD,H1: Failed modifying FTMUSD
0	12:01:23.960	trend_dtrader XAUUSD,H1: Failed modifying GBPUSD
0	12:01:24.911	trend_dtrader XAUUSD,H1: Failed modifying GRTUSD
0	12:01:25.921	trend_dtrader XAUUSD,H1: Failed modifying ICPUSD
0	12:01:26.920	trend_dtrader XAUUSD,H1: Failed modifying IOTAUSD
0	12:01:27.919	trend_dtrader XAUUSD,H1: Failed modifying LINKUSD
0	12:01:28.912	trend_dtrader XAUUSD,H1: Failed modifying LRCUSD
0	12:01:29.912	trend_dtrader XAUUSD,H1: Failed modifying LTCUSD
0	12:01:30.911	trend_dtrader XAUUSD,H1: Failed modifying MANAUSD
0	12:01:31.921	trend_dtrader XAUUSD,H1: Failed modifying MATICUSD
0	12:01:32.920	trend_dtrader XAUUSD,H1: Failed modifying NEARUSD
0	12:01:33.924	trend_dtrader XAUUSD,H1: Failed modifying NZDUSD
0	12:01:34.935	trend_dtrader XAUUSD,H1: Failed modifying SOLUSD
0	12:01:35.932	trend_dtrader XAUUSD,H1: Failed modifying SUIUSD
0	12:01:36.927	trend_dtrader XAUUSD,H1: Failed modifying TRXUSD
0	12:01:37.935	trend_dtrader XAUUSD,H1: Failed modifying UNIUSD
0	12:01:38.935	trend_dtrader XAUUSD,H1: Failed modifying USDCAD
0	12:01:39.931	trend_dtrader XAUUSD,H1: Failed modifying USDCHF
0	12:01:40.927	trend_dtrader XAUUSD,H1: Failed modifying USDJPY
0	12:01:41.939	trend_dtrader XAUUSD,H1: Failed modifying USDMXN
0	12:01:42.935	trend_dtrader XAUUSD,H1: Failed modifying USDZAR
0	12:01:43.935	trend_dtrader XAUUSD,H1: Failed modifying XAGUSD
0	12:01:44.938	trend_dtrader XAUUSD,H1: Failed modifying XAUUSD
0	12:01:45.930	trend_dtrader XAUUSD,H1: Failed modifying XBRUSD
0	12:01:46.930	trend_dtrader XAUUSD,H1: Failed modifying XNGUSD
0	12:01:47.929	trend_dtrader XAUUSD,H1: Failed modifying XRPUSD
0	12:01:48.929	trend_dtrader XAUUSD,H1: Failed modifying XTIUSD
0	12:01:49.924	trend_dtrader XAUUSD,H1: Failed modifying AAVEUSD
0	12:01:50.991	trend_dtrader XAUUSD,H1: Failed modifying ADAUSD
0	12:01:51.931	trend_dtrader XAUUSD,H1: Failed modifying ALGOUSD
0	12:01:52.929	trend_dtrader XAUUSD,H1: Failed modifying APTUSD
0	12:01:53.935	trend_dtrader XAUUSD,H1: Failed modifying ARBUSD
0	12:01:54.961	trend_dtrader XAUUSD,H1: Failed modifying ATOMUSD
0	12:01:55.935	trend_dtrader XAUUSD,H1: Failed modifying AUDUSD
0	12:01:56.928	trend_dtrader XAUUSD,H1: Failed modifying AVAXUSD
0	12:01:57.938	trend_dtrader XAUUSD,H1: Failed modifying AXSUSD
0	12:01:58.935	trend_dtrader XAUUSD,H1: Failed modifying BCHUSD
0	12:01:59.935	trend_dtrader XAUUSD,H1: Failed modifying BNBUSD
0	12:02:00.930	trend_dtrader XAUUSD,H1: Failed modifying BTCUSD
0	12:02:01.935	trend_dtrader XAUUSD,H1: Failed modifying DASHUSD
0	12:02:02.935	trend_dtrader XAUUSD,H1: Failed modifying DOGEUSD
0	12:02:03.935	trend_dtrader XAUUSD,H1: Failed modifying DOTUSD
0	12:02:04.932	trend_dtrader XAUUSD,H1: Failed modifying ETCUSD
0	12:02:05.935	trend_dtrader XAUUSD,H1: Failed modifying ETHUSD
0	12:02:06.935	trend_dtrader XAUUSD,H1: Failed modifying EURUSD
0	12:02:07.937	trend_dtrader XAUUSD,H1: Failed modifying FETUSD
0	12:02:08.935	trend_dtrader XAUUSD,H1: Failed modifying FILUSD
0	12:02:09.936	trend_dtrader XAUUSD,H1: Failed modifying FTMUSD
0	12:02:10.924	trend_dtrader XAUUSD,H1: Failed modifying GBPUSD
0	12:02:11.927	trend_dtrader XAUUSD,H1: Failed modifying GRTUSD
0	12:02:12.930	trend_dtrader XAUUSD,H1: Failed modifying ICPUSD
0	12:02:13.932	trend_dtrader XAUUSD,H1: Failed modifying IOTAUSD
0	12:02:14.935	trend_dtrader XAUUSD,H1: Failed modifying LINKUSD
0	12:02:15.938	trend_dtrader XAUUSD,H1: Failed modifying LRCUSD
0	12:02:16.926	trend_dtrader XAUUSD,H1: Failed modifying LTCUSD
0	12:02:17.928	trend_dtrader XAUUSD,H1: Failed modifying MANAUSD
0	12:02:18.932	trend_dtrader XAUUSD,H1: Failed modifying MATICUSD
0	12:02:19.934	trend_dtrader XAUUSD,H1: Failed modifying NEARUSD
0	12:02:20.937	trend_dtrader XAUUSD,H1: Failed modifying NZDUSD
0	12:02:21.924	trend_dtrader XAUUSD,H1: Failed modifying SOLUSD
0	12:02:22.928	trend_dtrader XAUUSD,H1: Failed modifying SUIUSD
0	12:02:23.931	trend_dtrader XAUUSD,H1: Failed modifying TRXUSD
0	12:02:24.934	trend_dtrader XAUUSD,H1: Failed modifying UNIUSD
0	12:02:25.937	trend_dtrader XAUUSD,H1: Failed modifying USDCAD
0	12:02:26.925	trend_dtrader XAUUSD,H1: Failed modifying USDCHF
0	12:02:27.928	trend_dtrader XAUUSD,H1: Failed modifying USDJPY
0	12:02:28.931	trend_dtrader XAUUSD,H1: Failed modifying USDMXN
0	12:02:29.941	trend_dtrader XAUUSD,H1: Failed modifying USDZAR
0	12:02:30.928	trend_dtrader XAUUSD,H1: Failed modifying XAGUSD
0	12:02:31.930	trend_dtrader XAUUSD,H1: Failed modifying XAUUSD
0	12:02:32.928	trend_dtrader XAUUSD,H1: Failed modifying XBRUSD
0	12:02:33.960	trend_dtrader XAUUSD,H1: Failed modifying XNGUSD
0	12:02:34.927	trend_dtrader XAUUSD,H1: Failed modifying XRPUSD
0	12:02:35.935	trend_dtrader XAUUSD,H1: Failed modifying XTIUSD
0	12:02:36.930	trend_dtrader XAUUSD,H1: Failed modifying AAVEUSD
0	12:02:37.927	trend_dtrader XAUUSD,H1: Failed modifying ADAUSD
0	12:02:38.931	trend_dtrader XAUUSD,H1: Failed modifying ALGOUSD
0	12:02:39.939	trend_dtrader XAUUSD,H1: Failed modifying APTUSD
0	12:02:40.934	trend_dtrader XAUUSD,H1: Failed modifying ARBUSD
0	12:02:41.939	trend_dtrader XAUUSD,H1: Failed modifying ATOMUSD
0	12:02:42.931	trend_dtrader XAUUSD,H1: Failed modifying AUDUSD
0	12:02:43.981	trend_dtrader XAUUSD,H1: Failed modifying AVAXUSD
0	12:02:44.933	trend_dtrader XAUUSD,H1: Failed modifying AXSUSD
0	12:02:45.929	trend_dtrader XAUUSD,H1: Failed modifying BCHUSD
0	12:02:46.939	trend_dtrader XAUUSD,H1: Failed modifying BNBUSD
0	12:02:47.926	trend_dtrader XAUUSD,H1: Failed modifying BTCUSD
0	12:02:48.930	trend_dtrader XAUUSD,H1: Failed modifying DASHUSD
0	12:02:49.937	trend_dtrader XAUUSD,H1: Failed modifying DOGEUSD
0	12:02:50.926	trend_dtrader XAUUSD,H1: Failed modifying DOTUSD
0	12:02:51.936	trend_dtrader XAUUSD,H1: Failed modifying ETCUSD
0	12:02:52.929	trend_dtrader XAUUSD,H1: Failed modifying ETHUSD
0	12:02:53.941	trend_dtrader XAUUSD,H1: Failed modifying EURUSD
0	12:02:54.933	trend_dtrader XAUUSD,H1: Failed modifying FETUSD
0	12:02:55.953	trend_dtrader XAUUSD,H1: Failed modifying FILUSD
0	12:02:56.932	trend_dtrader XAUUSD,H1: Failed modifying FTMUSD
0	12:02:57.939	trend_dtrader XAUUSD,H1: Failed modifying GBPUSD
0	12:02:58.929	trend_dtrader XAUUSD,H1: Failed modifying GRTUSD
0	12:02:59.928	trend_dtrader XAUUSD,H1: Failed modifying ICPUSD
0	12:03:00.941	trend_dtrader XAUUSD,H1: Failed modifying IOTAUSD
0	12:03:01.932	trend_dtrader XAUUSD,H1: Failed modifying LINKUSD
0	12:03:02.938	trend_dtrader XAUUSD,H1: Failed modifying LRCUSD
0	12:03:03.939	trend_dtrader XAUUSD,H1: Failed modifying LTCUSD
0	12:03:04.934	trend_dtrader XAUUSD,H1: Failed modifying MANAUSD
0	12:03:05.938	trend_dtrader XAUUSD,H1: Failed modifying MATICUSD
0	12:03:06.936	trend_dtrader XAUUSD,H1: Failed modifying NEARUSD
0	12:03:07.939	trend_dtrader XAUUSD,H1: Failed modifying NZDUSD
0	12:03:08.929	trend_dtrader XAUUSD,H1: Failed modifying SOLUSD
0	12:03:09.931	trend_dtrader XAUUSD,H1: Failed modifying SUIUSD
0	12:03:10.939	trend_dtrader XAUUSD,H1: Failed modifying TRXUSD
0	12:03:11.933	trend_dtrader XAUUSD,H1: Failed modifying UNIUSD
0	12:03:12.929	trend_dtrader XAUUSD,H1: Failed modifying USDCAD
0	12:03:13.930	trend_dtrader XAUUSD,H1: Failed modifying USDCHF
0	12:03:14.935	trend_dtrader XAUUSD,H1: Failed modifying USDJPY
0	12:03:15.938	trend_dtrader XAUUSD,H1: Failed modifying USDMXN
0	12:03:16.937	trend_dtrader XAUUSD,H1: Failed modifying USDZAR
0	12:03:17.928	trend_dtrader XAUUSD,H1: Failed modifying XAGUSD
0	12:03:18.925	trend_dtrader XAUUSD,H1: Failed modifying XAUUSD
0	12:03:19.937	trend_dtrader XAUUSD,H1: Failed modifying XBRUSD
0	12:03:20.929	trend_dtrader XAUUSD,H1: Failed modifying XNGUSD
0	12:03:21.932	trend_dtrader XAUUSD,H1: Failed modifying XRPUSD
0	12:03:22.928	trend_dtrader XAUUSD,H1: Failed modifying XTIUSD
0	12:03:23.982	trend_dtrader XAUUSD,H1: Failed modifying AAVEUSD
0	12:03:24.940	trend_dtrader XAUUSD,H1: Failed modifying ADAUSD
0	12:03:25.932	trend_dtrader XAUUSD,H1: Failed modifying ALGOUSD
0	12:03:26.938	trend_dtrader XAUUSD,H1: Failed modifying APTUSD
0	12:03:27.928	trend_dtrader XAUUSD,H1: Failed modifying ARBUSD
0	12:03:28.939	trend_dtrader XAUUSD,H1: Failed modifying ATOMUSD
0	12:03:29.929	trend_dtrader XAUUSD,H1: Failed modifying AUDUSD
0	12:03:30.939	trend_dtrader XAUUSD,H1: Failed modifying AVAXUSD
0	12:03:31.933	trend_dtrader XAUUSD,H1: Failed modifying AXSUSD
0	12:03:32.929	trend_dtrader XAUUSD,H1: Failed modifying BCHUSD
0	12:03:33.938	trend_dtrader XAUUSD,H1: Failed modifying BNBUSD
0	12:03:34.927	trend_dtrader XAUUSD,H1: Failed modifying BTCUSD
0	12:03:35.931	trend_dtrader XAUUSD,H1: Failed modifying DASHUSD
0	12:03:36.941	trend_dtrader XAUUSD,H1: Failed modifying DOGEUSD
0	12:03:37.928	trend_dtrader XAUUSD,H1: Failed modifying DOTUSD
0	12:03:38.933	trend_dtrader XAUUSD,H1: Failed modifying ETCUSD
0	12:03:39.927	trend_dtrader XAUUSD,H1: Failed modifying ETHUSD
0	12:03:40.927	trend_dtrader XAUUSD,H1: Failed modifying EURUSD
0	12:03:41.938	trend_dtrader XAUUSD,H1: Failed modifying FETUSD
0	12:03:42.934	trend_dtrader XAUUSD,H1: Failed modifying FILUSD
0	12:03:43.937	trend_dtrader XAUUSD,H1: Failed modifying FTMUSD
0	12:03:44.942	trend_dtrader XAUUSD,H1: Failed modifying GBPUSD
0	12:03:45.931	trend_dtrader XAUUSD,H1: Failed modifying GRTUSD
0	12:03:46.927	trend_dtrader XAUUSD,H1: Failed modifying ICPUSD
0	12:03:47.929	trend_dtrader XAUUSD,H1: Failed modifying IOTAUSD
0	12:03:48.933	trend_dtrader XAUUSD,H1: Failed modifying LINKUSD
0	12:03:49.929	trend_dtrader XAUUSD,H1: Failed modifying LRCUSD
0	12:03:50.933	trend_dtrader XAUUSD,H1: Failed modifying LTCUSD
0	12:03:51.926	trend_dtrader XAUUSD,H1: Failed modifying MANAUSD
0	12:03:52.932	trend_dtrader XAUUSD,H1: Failed modifying MATICUSD
0	12:03:53.930	trend_dtrader XAUUSD,H1: Failed modifying NEARUSD
0	12:03:54.930	trend_dtrader XAUUSD,H1: Failed modifying NZDUSD
0	12:03:55.938	trend_dtrader XAUUSD,H1: Failed modifying SOLUSD
0	12:03:56.934	trend_dtrader XAUUSD,H1: Failed modifying SUIUSD
0	12:03:57.926	trend_dtrader XAUUSD,H1: Failed modifying TRXUSD
0	12:03:58.939	trend_dtrader XAUUSD,H1: Failed modifying UNIUSD
0	12:03:59.931	trend_dtrader XAUUSD,H1: Failed modifying USDCAD
0	12:04:00.939	trend_dtrader XAUUSD,H1: Failed modifying USDCHF
0	12:04:01.932	trend_dtrader XAUUSD,H1: Failed modifying USDJPY
0	12:04:02.941	trend_dtrader XAUUSD,H1: Failed modifying USDMXN
0	12:04:03.935	trend_dtrader XAUUSD,H1: Failed modifying USDZAR
0	12:04:05.064	trend_dtrader XAUUSD,H1: Failed modifying XAGUSD
0	12:04:05.933	trend_dtrader XAUUSD,H1: Failed modifying XAUUSD
0	12:04:06.938	trend_dtrader XAUUSD,H1: Failed modifying XBRUSD
0	12:04:07.940	trend_dtrader XAUUSD,H1: Failed modifying XNGUSD
0	12:04:08.938	trend_dtrader XAUUSD,H1: Failed modifying XRPUSD
0	12:04:09.940	trend_dtrader XAUUSD,H1: Failed modifying XTIUSD
0	12:04:10.929	trend_dtrader XAUUSD,H1: Failed modifying AAVEUSD
0	12:04:11.933	trend_dtrader XAUUSD,H1: Failed modifying ADAUSD
0	12:04:12.930	trend_dtrader XAUUSD,H1: Failed modifying ALGOUSD
0	12:04:13.933	trend_dtrader XAUUSD,H1: Failed modifying APTUSD
0	12:04:14.937	trend_dtrader XAUUSD,H1: Failed modifying ARBUSD
0	12:04:15.932	trend_dtrader XAUUSD,H1: Failed modifying ATOMUSD
0	12:04:16.934	trend_dtrader XAUUSD,H1: Failed modifying AUDUSD
0	12:04:17.939	trend_dtrader XAUUSD,H1: Failed modifying AVAXUSD
0	12:04:18.933	trend_dtrader XAUUSD,H1: Failed modifying AXSUSD
0	12:04:19.939	trend_dtrader XAUUSD,H1: Failed modifying BCHUSD
0	12:04:20.928	trend_dtrader XAUUSD,H1: Failed modifying BNBUSD
0	12:04:21.939	trend_dtrader XAUUSD,H1: Failed modifying BTCUSD
0	12:04:22.930	trend_dtrader XAUUSD,H1: Failed modifying DASHUSD
0	12:04:23.940	trend_dtrader XAUUSD,H1: Failed modifying DOGEUSD
0	12:04:24.938	trend_dtrader XAUUSD,H1: Failed modifying DOTUSD
0	12:04:25.931	trend_dtrader XAUUSD,H1: Failed modifying ETCUSD
0	12:04:26.938	trend_dtrader XAUUSD,H1: Failed modifying ETHUSD
0	12:04:27.934	trend_dtrader XAUUSD,H1: Failed modifying EURUSD
0	12:04:28.932	trend_dtrader XAUUSD,H1: Failed modifying FETUSD
0	12:04:29.926	trend_dtrader XAUUSD,H1: Failed modifying FILUSD
0	12:04:30.940	trend_dtrader XAUUSD,H1: Failed modifying FTMUSD
0	12:04:31.937	trend_dtrader XAUUSD,H1: Failed modifying GBPUSD
0	12:04:32.940	trend_dtrader XAUUSD,H1: Failed modifying GRTUSD
0	12:04:33.929	trend_dtrader XAUUSD,H1: Failed modifying ICPUSD
0	12:04:34.933	trend_dtrader XAUUSD,H1: Failed modifying IOTAUSD
0	12:04:35.940	trend_dtrader XAUUSD,H1: Failed modifying LINKUSD
0	12:04:36.931	trend_dtrader XAUUSD,H1: Failed modifying LRCUSD
0	12:04:37.940	trend_dtrader XAUUSD,H1: Failed modifying LTCUSD
0	12:04:38.932	trend_dtrader XAUUSD,H1: Failed modifying MANAUSD
0	12:04:39.927	trend_dtrader XAUUSD,H1: Failed modifying MATICUSD
0	12:04:40.938	trend_dtrader XAUUSD,H1: Failed modifying NEARUSD
0	12:04:41.935	trend_dtrader XAUUSD,H1: Failed modifying NZDUSD
0	12:04:42.928	trend_dtrader XAUUSD,H1: Failed modifying SOLUSD
0	12:04:43.940	trend_dtrader XAUUSD,H1: Failed modifying SUIUSD
0	12:04:44.925	trend_dtrader XAUUSD,H1: Failed modifying TRXUSD
0	12:04:45.931	trend_dtrader XAUUSD,H1: Failed modifying UNIUSD
0	12:04:46.940	trend_dtrader XAUUSD,H1: Failed modifying USDCAD
0	12:04:47.927	trend_dtrader XAUUSD,H1: Failed modifying USDCHF
0	12:04:48.937	trend_dtrader XAUUSD,H1: Failed modifying USDJPY
0	12:04:49.939	trend_dtrader XAUUSD,H1: Failed modifying USDMXN
0	12:04:50.940	trend_dtrader XAUUSD,H1: Failed modifying USDZAR
0	12:04:51.931	trend_dtrader XAUUSD,H1: Failed modifying XAGUSD
0	12:04:52.938	trend_dtrader XAUUSD,H1: Failed modifying XAUUSD
0	12:04:53.928	trend_dtrader XAUUSD,H1: Failed modifying XBRUSD
0	12:04:54.940	trend_dtrader XAUUSD,H1: Failed modifying XNGUSD
0	12:04:55.925	trend_dtrader XAUUSD,H1: Failed modifying XRPUSD
0	12:04:56.926	trend_dtrader XAUUSD,H1: Failed modifying XTIUSD
0	12:04:57.939	trend_dtrader XAUUSD,H1: Failed modifying AAVEUSD
0	12:04:58.931	trend_dtrader XAUUSD,H1: Failed modifying ADAUSD
0	12:04:59.939	trend_dtrader XAUUSD,H1: Failed modifying ALGOUSD
0	12:05:00.931	trend_dtrader XAUUSD,H1: Failed modifying APTUSD
0	12:05:01.929	trend_dtrader XAUUSD,H1: Failed modifying ARBUSD
0	12:05:02.940	trend_dtrader XAUUSD,H1: Failed modifying ATOMUSD
0	12:05:03.934	trend_dtrader XAUUSD,H1: Failed modifying AUDUSD
0	12:05:04.926	trend_dtrader XAUUSD,H1: Failed modifying AVAXUSD
0	12:05:05.934	trend_dtrader XAUUSD,H1: Failed modifying AXSUSD
0	12:05:06.940	trend_dtrader XAUUSD,H1: Failed modifying BCHUSD
0	12:05:07.927	trend_dtrader XAUUSD,H1: Failed modifying BNBUSD
0	12:05:08.939	trend_dtrader XAUUSD,H1: Failed modifying BTCUSD
0	12:05:09.937	trend_dtrader XAUUSD,H1: Failed modifying DASHUSD
0	12:05:10.928	trend_dtrader XAUUSD,H1: Failed modifying DOGEUSD
0	12:05:11.938	trend_dtrader XAUUSD,H1: Failed modifying DOTUSD
0	12:05:12.939	trend_dtrader XAUUSD,H1: Failed modifying ETCUSD
0	12:05:13.933	trend_dtrader XAUUSD,H1: Failed modifying ETHUSD
0	12:05:14.939	trend_dtrader XAUUSD,H1: Failed modifying EURUSD
0	12:05:15.938	trend_dtrader XAUUSD,H1: Failed modifying FETUSD
0	12:05:16.927	trend_dtrader XAUUSD,H1: Failed modifying FILUSD
0	12:05:17.926	trend_dtrader XAUUSD,H1: Failed modifying FTMUSD
0	12:05:18.937	trend_dtrader XAUUSD,H1: Failed modifying GBPUSD
0	12:05:19.933	trend_dtrader XAUUSD,H1: Failed modifying GRTUSD
0	12:05:20.939	trend_dtrader XAUUSD,H1: Failed modifying ICPUSD
0	12:05:21.931	trend_dtrader XAUUSD,H1: Failed modifying IOTAUSD
0	12:05:22.940	trend_dtrader XAUUSD,H1: Failed modifying LINKUSD
0	12:05:23.938	trend_dtrader XAUUSD,H1: Failed modifying LRCUSD
0	12:05:24.926	trend_dtrader XAUUSD,H1: Failed modifying LTCUSD
0	12:05:25.937	trend_dtrader XAUUSD,H1: Failed modifying MANAUSD
0	12:05:26.931	trend_dtrader XAUUSD,H1: Failed modifying MATICUSD
0	12:05:27.937	trend_dtrader XAUUSD,H1: Failed modifying NEARUSD
0	12:05:28.930	trend_dtrader XAUUSD,H1: Failed modifying NZDUSD
0	12:05:29.928	trend_dtrader XAUUSD,H1: Failed modifying SOLUSD
0	12:05:30.940	trend_dtrader XAUUSD,H1: Failed modifying SUIUSD
0	12:05:31.936	trend_dtrader XAUUSD,H1: Failed modifying TRXUSD
0	12:05:32.926	trend_dtrader XAUUSD,H1: Failed modifying UNIUSD
0	12:05:33.939	trend_dtrader XAUUSD,H1: Failed modifying USDCAD
0	12:05:34.930	trend_dtrader XAUUSD,H1: Failed modifying USDCHF
0	12:05:35.939	trend_dtrader XAUUSD,H1: Failed modifying USDJPY
0	12:05:36.941	trend_dtrader XAUUSD,H1: Failed modifying USDMXN
0	12:05:37.939	trend_dtrader XAUUSD,H1: Failed modifying USDZAR
0	12:05:38.941	trend_dtrader XAUUSD,H1: Failed modifying XAGUSD
0	12:05:39.927	trend_dtrader XAUUSD,H1: Failed modifying XAUUSD
0	12:05:40.938	trend_dtrader XAUUSD,H1: Failed modifying XBRUSD
0	12:05:41.927	trend_dtrader XAUUSD,H1: Failed modifying XNGUSD
0	12:05:42.931	trend_dtrader XAUUSD,H1: Failed modifying XRPUSD
0	12:05:43.939	trend_dtrader XAUUSD,H1: Failed modifying XTIUSD
0	12:05:44.930	trend_dtrader XAUUSD,H1: Failed modifying AAVEUSD
0	12:05:45.939	trend_dtrader XAUUSD,H1: Failed modifying ADAUSD
0	12:05:46.932	trend_dtrader XAUUSD,H1: Failed modifying ALGOUSD
0	12:05:47.928	trend_dtrader XAUUSD,H1: Failed modifying APTUSD
0	12:05:48.932	trend_dtrader XAUUSD,H1: Failed modifying ARBUSD
0	12:05:49.939	trend_dtrader XAUUSD,H1: Failed modifying ATOMUSD
0	12:05:50.927	trend_dtrader XAUUSD,H1: Failed modifying AUDUSD
0	12:05:51.938	trend_dtrader XAUUSD,H1: Failed modifying AVAXUSD
0	12:05:52.928	trend_dtrader XAUUSD,H1: Failed modifying AXSUSD
0	12:05:53.933	trend_dtrader XAUUSD,H1: Failed modifying BCHUSD
0	12:05:54.939	trend_dtrader XAUUSD,H1: Failed modifying BNBUSD
0	12:05:55.928	trend_dtrader XAUUSD,H1: Failed modifying BTCUSD
0	12:05:56.940	trend_dtrader XAUUSD,H1: Failed modifying DASHUSD
0	12:05:57.926	trend_dtrader XAUUSD,H1: Failed modifying DOGEUSD
0	12:05:58.932	trend_dtrader XAUUSD,H1: Failed modifying DOTUSD
0	12:05:59.936	trend_dtrader XAUUSD,H1: Failed modifying ETCUSD
0	12:06:00.937	trend_dtrader XAUUSD,H1: Failed modifying ETHUSD
0	12:06:01.940	trend_dtrader XAUUSD,H1: Failed modifying EURUSD
0	12:06:02.930	trend_dtrader XAUUSD,H1: Failed modifying FETUSD
0	12:06:03.931	trend_dtrader XAUUSD,H1: Failed modifying FILUSD
0	12:06:04.925	trend_dtrader XAUUSD,H1: Failed modifying FTMUSD
0	12:06:05.934	trend_dtrader XAUUSD,H1: Failed modifying GBPUSD
0	12:06:06.932	trend_dtrader XAUUSD,H1: Failed modifying GRTUSD
0	12:06:07.939	trend_dtrader XAUUSD,H1: Failed modifying ICPUSD
0	12:06:08.927	trend_dtrader XAUUSD,H1: Failed modifying IOTAUSD
0	12:06:09.932	trend_dtrader XAUUSD,H1: Failed modifying LINKUSD
0	12:06:10.939	trend_dtrader XAUUSD,H1: Failed modifying LRCUSD
0	12:06:11.932	trend_dtrader XAUUSD,H1: Failed modifying LTCUSD
0	12:06:12.927	trend_dtrader XAUUSD,H1: Failed modifying MANAUSD
0	12:06:13.971	trend_dtrader XAUUSD,H1: Failed modifying MATICUSD
0	12:06:14.937	trend_dtrader XAUUSD,H1: Failed modifying NEARUSD
0	12:06:15.927	trend_dtrader XAUUSD,H1: Failed modifying NZDUSD
0	12:06:16.933	trend_dtrader XAUUSD,H1: Failed modifying SOLUSD
0	12:06:17.939	trend_dtrader XAUUSD,H1: Failed modifying SUIUSD
0	12:06:18.939	trend_dtrader XAUUSD,H1: Failed modifying TRXUSD
0	12:06:19.939	trend_dtrader XAUUSD,H1: Failed modifying UNIUSD
0	12:06:20.972	trend_dtrader XAUUSD,H1: Failed modifying USDCAD
0	12:06:21.931	trend_dtrader XAUUSD,H1: Failed modifying USDCHF
0	12:06:22.938	trend_dtrader XAUUSD,H1: Failed modifying USDJPY
0	12:06:23.931	trend_dtrader XAUUSD,H1: Failed modifying USDMXN
0	12:06:24.933	trend_dtrader XAUUSD,H1: Failed modifying USDZAR
0	12:06:25.940	trend_dtrader XAUUSD,H1: Failed modifying XAGUSD
0	12:06:26.932	trend_dtrader XAUUSD,H1: Failed modifying XAUUSD
0	12:06:27.937	trend_dtrader XAUUSD,H1: Failed modifying XBRUSD
0	12:06:28.941	trend_dtrader XAUUSD,H1: Failed modifying XNGUSD
0	12:06:29.929	trend_dtrader XAUUSD,H1: Failed modifying XRPUSD
0	12:06:30.935	trend_dtrader XAUUSD,H1: Failed modifying XTIUSD
0	12:06:31.938	trend_dtrader XAUUSD,H1: Failed modifying AAVEUSD
0	12:06:32.928	trend_dtrader XAUUSD,H1: Failed modifying ADAUSD
0	12:06:33.937	trend_dtrader XAUUSD,H1: Failed modifying ALGOUSD
0	12:06:34.926	trend_dtrader XAUUSD,H1: Failed modifying APTUSD
0	12:06:35.940	trend_dtrader XAUUSD,H1: Failed modifying ARBUSD
0	12:06:36.933	trend_dtrader XAUUSD,H1: Failed modifying ATOMUSD
0	12:06:37.933	trend_dtrader XAUUSD,H1: Failed modifying AUDUSD
0	12:06:38.928	trend_dtrader XAUUSD,H1: Failed modifying AVAXUSD
0	12:06:39.931	trend_dtrader XAUUSD,H1: Failed modifying AXSUSD
0	12:06:40.928	trend_dtrader XAUUSD,H1: Failed modifying BCHUSD
0	12:06:41.937	trend_dtrader XAUUSD,H1: Failed modifying BNBUSD
0	12:06:42.928	trend_dtrader XAUUSD,H1: Failed modifying BTCUSD
0	12:06:43.938	trend_dtrader XAUUSD,H1: Failed modifying DASHUSD
0	12:06:44.928	trend_dtrader XAUUSD,H1: Failed modifying DOGEUSD
0	12:06:45.936	trend_dtrader XAUUSD,H1: Failed modifying DOTUSD
0	12:06:46.939	trend_dtrader XAUUSD,H1: Failed modifying ETCUSD
0	12:06:47.938	trend_dtrader XAUUSD,H1: Failed modifying ETHUSD
0	12:06:48.932	trend_dtrader XAUUSD,H1: Failed modifying EURUSD
0	12:06:49.937	trend_dtrader XAUUSD,H1: Failed modifying FETUSD
0	12:06:50.938	trend_dtrader XAUUSD,H1: Failed modifying FILUSD
0	12:06:51.929	trend_dtrader XAUUSD,H1: Failed modifying FTMUSD
0	12:06:52.939	trend_dtrader XAUUSD,H1: Failed modifying GBPUSD
0	12:06:53.978	trend_dtrader XAUUSD,H1: Failed modifying GRTUSD
0	12:06:54.927	trend_dtrader XAUUSD,H1: Failed modifying ICPUSD
0	12:06:55.935	trend_dtrader XAUUSD,H1: Failed modifying IOTAUSD
0	12:06:56.931	trend_dtrader XAUUSD,H1: Failed modifying LINKUSD
0	12:06:57.926	trend_dtrader XAUUSD,H1: Failed modifying LRCUSD
0	12:06:58.933	trend_dtrader XAUUSD,H1: Failed modifying LTCUSD
0	12:06:59.926	trend_dtrader XAUUSD,H1: Failed modifying MANAUSD
0	12:07:00.938	trend_dtrader XAUUSD,H1: Failed modifying MATICUSD
0	12:07:01.931	trend_dtrader XAUUSD,H1: Failed modifying NEARUSD
0	12:07:02.938	trend_dtrader XAUUSD,H1: Failed modifying NZDUSD
0	12:07:03.951	trend_dtrader XAUUSD,H1: Failed modifying SOLUSD
0	12:07:04.949	trend_dtrader XAUUSD,H1: Failed modifying SUIUSD
0	12:07:05.940	trend_dtrader XAUUSD,H1: Failed modifying TRXUSD
0	12:07:06.931	trend_dtrader XAUUSD,H1: Failed modifying UNIUSD
0	12:07:07.928	trend_dtrader XAUUSD,H1: Failed modifying USDCAD
0	12:07:08.939	trend_dtrader XAUUSD,H1: Failed modifying USDCHF
0	12:07:09.936	trend_dtrader XAUUSD,H1: Failed modifying USDJPY
0	12:07:10.926	trend_dtrader XAUUSD,H1: Failed modifying USDMXN
0	12:07:11.937	trend_dtrader XAUUSD,H1: Failed modifying USDZAR
0	12:07:12.936	trend_dtrader XAUUSD,H1: Failed modifying XAGUSD
0	12:07:13.930	trend_dtrader XAUUSD,H1: Failed modifying XAUUSD
0	12:07:14.939	trend_dtrader XAUUSD,H1: Failed modifying XBRUSD
0	12:07:15.934	trend_dtrader XAUUSD,H1: Failed modifying XNGUSD
0	12:07:16.938	trend_dtrader XAUUSD,H1: Failed modifying XRPUSD
0	12:07:17.934	trend_dtrader XAUUSD,H1: Failed modifying XTIUSD
0	12:07:18.927	trend_dtrader XAUUSD,H1: Failed modifying AAVEUSD
0	12:07:19.938	trend_dtrader XAUUSD,H1: Failed modifying ADAUSD
0	12:07:20.930	trend_dtrader XAUUSD,H1: Failed modifying ALGOUSD
0	12:07:21.938	trend_dtrader XAUUSD,H1: Failed modifying APTUSD
0	12:07:22.931	trend_dtrader XAUUSD,H1: Failed modifying ARBUSD
0	12:07:23.928	trend_dtrader XAUUSD,H1: Failed modifying ATOMUSD
0	12:07:24.936	trend_dtrader XAUUSD,H1: Failed modifying AUDUSD
0	12:07:25.939	trend_dtrader XAUUSD,H1: Failed modifying AVAXUSD
0	12:07:26.938	trend_dtrader XAUUSD,H1: Failed modifying AXSUSD
0	12:07:27.938	trend_dtrader XAUUSD,H1: Failed modifying BCHUSD
0	12:07:28.930	trend_dtrader XAUUSD,H1: Failed modifying BNBUSD
0	12:07:29.933	trend_dtrader XAUUSD,H1: Failed modifying BTCUSD
0	12:07:30.927	trend_dtrader XAUUSD,H1: Failed modifying DASHUSD
0	12:07:31.932	trend_dtrader XAUUSD,H1: Failed modifying DOGEUSD
0	12:07:32.927	trend_dtrader XAUUSD,H1: Failed modifying DOTUSD
0	12:07:33.945	trend_dtrader XAUUSD,H1: Failed modifying ETCUSD
0	12:07:34.938	trend_dtrader XAUUSD,H1: Failed modifying ETHUSD
0	12:07:35.933	trend_dtrader XAUUSD,H1: Failed modifying EURUSD
0	12:07:36.929	trend_dtrader XAUUSD,H1: Failed modifying FETUSD
0	12:07:37.933	trend_dtrader XAUUSD,H1: Failed modifying FILUSD
0	12:07:38.939	trend_dtrader XAUUSD,H1: Failed modifying FTMUSD
0	12:07:39.940	trend_dtrader XAUUSD,H1: Failed modifying GBPUSD
0	12:07:40.936	trend_dtrader XAUUSD,H1: Failed modifying GRTUSD
0	12:07:41.934	trend_dtrader XAUUSD,H1: Failed modifying ICPUSD
0	12:07:42.927	trend_dtrader XAUUSD,H1: Failed modifying IOTAUSD
0	12:07:43.950	trend_dtrader XAUUSD,H1: Failed modifying LINKUSD
0	12:07:44.928	trend_dtrader XAUUSD,H1: Failed modifying LRCUSD
0	12:07:45.940	trend_dtrader XAUUSD,H1: Failed modifying LTCUSD
0	12:07:46.941	trend_dtrader XAUUSD,H1: Failed modifying MANAUSD
0	12:07:47.927	trend_dtrader XAUUSD,H1: Failed modifying MATICUSD
0	12:07:48.938	trend_dtrader XAUUSD,H1: Failed modifying NEARUSD
0	12:07:49.933	trend_dtrader XAUUSD,H1: Failed modifying NZDUSD
0	12:07:50.937	trend_dtrader XAUUSD,H1: Failed modifying SOLUSD
0	12:07:51.931	trend_dtrader XAUUSD,H1: Failed modifying SUIUSD
0	12:07:52.928	trend_dtrader XAUUSD,H1: Failed modifying TRXUSD
0	12:07:53.928	trend_dtrader XAUUSD,H1: Failed modifying UNIUSD
0	12:07:54.938	trend_dtrader XAUUSD,H1: Failed modifying USDCAD
0	12:07:55.931	trend_dtrader XAUUSD,H1: Failed modifying USDCHF
0	12:07:56.938	trend_dtrader XAUUSD,H1: Failed modifying USDJPY
0	12:07:57.934	trend_dtrader XAUUSD,H1: Failed modifying USDMXN
0	12:07:58.927	trend_dtrader XAUUSD,H1: Failed modifying USDZAR
0	12:07:59.936	trend_dtrader XAUUSD,H1: Failed modifying XAGUSD
0	12:08:00.940	trend_dtrader XAUUSD,H1: Failed modifying XAUUSD
0	12:08:01.933	trend_dtrader XAUUSD,H1: Failed modifying XBRUSD
0	12:08:02.939	trend_dtrader XAUUSD,H1: Failed modifying XNGUSD
0	12:08:03.934	trend_dtrader XAUUSD,H1: Failed modifying XRPUSD
0	12:08:04.926	trend_dtrader XAUUSD,H1: Failed modifying XTIUSD
0	12:08:05.934	trend_dtrader XAUUSD,H1: Failed modifying AAVEUSD
0	12:08:06.940	trend_dtrader XAUUSD,H1: Failed modifying ADAUSD
0	12:08:07.933	trend_dtrader XAUUSD,H1: Failed modifying ALGOUSD
0	12:08:08.942	trend_dtrader XAUUSD,H1: Failed modifying APTUSD
0	12:08:09.937	trend_dtrader XAUUSD,H1: Failed modifying ARBUSD
0	12:08:10.930	trend_dtrader XAUUSD,H1: Failed modifying ATOMUSD
0	12:08:11.936	trend_dtrader XAUUSD,H1: Failed modifying AUDUSD
0	12:08:12.934	trend_dtrader XAUUSD,H1: Failed modifying AVAXUSD
0	12:08:13.943	trend_dtrader XAUUSD,H1: Failed modifying AXSUSD
0	12:08:14.938	trend_dtrader XAUUSD,H1: Failed modifying BCHUSD
0	12:08:15.932	trend_dtrader XAUUSD,H1: Failed modifying BNBUSD
0	12:08:16.934	trend_dtrader XAUUSD,H1: Failed modifying BTCUSD
0	12:08:17.931	trend_dtrader XAUUSD,H1: Failed modifying DASHUSD
0	12:08:18.934	trend_dtrader XAUUSD,H1: Failed modifying DOGEUSD
0	12:08:19.938	trend_dtrader XAUUSD,H1: Failed modifying DOTUSD
0	12:08:20.928	trend_dtrader XAUUSD,H1: Failed modifying ETCUSD
0	12:08:21.940	trend_dtrader XAUUSD,H1: Failed modifying ETHUSD
0	12:08:22.938	trend_dtrader XAUUSD,H1: Failed modifying EURUSD
0	12:08:23.933	trend_dtrader XAUUSD,H1: Failed modifying FETUSD
0	12:08:24.940	trend_dtrader XAUUSD,H1: Failed modifying FILUSD
0	12:08:25.939	trend_dtrader XAUUSD,H1: Failed modifying FTMUSD
0	12:08:26.929	trend_dtrader XAUUSD,H1: Failed modifying GBPUSD
0	12:08:27.937	trend_dtrader XAUUSD,H1: Failed modifying GRTUSD
0	12:08:28.939	trend_dtrader XAUUSD,H1: Failed modifying ICPUSD
0	12:08:29.939	trend_dtrader XAUUSD,H1: Failed modifying IOTAUSD
0	12:08:30.932	trend_dtrader XAUUSD,H1: Failed modifying LINKUSD
0	12:08:31.938	trend_dtrader XAUUSD,H1: Failed modifying LRCUSD
0	12:08:32.928	trend_dtrader XAUUSD,H1: Failed modifying LTCUSD
0	12:08:33.939	trend_dtrader XAUUSD,H1: Failed modifying MANAUSD
0	12:08:34.931	trend_dtrader XAUUSD,H1: Failed modifying MATICUSD
0	12:08:35.940	trend_dtrader XAUUSD,H1: Failed modifying NEARUSD
0	12:08:36.926	trend_dtrader XAUUSD,H1: Failed modifying NZDUSD
0	12:08:37.937	trend_dtrader XAUUSD,H1: Failed modifying SOLUSD
0	12:08:38.937	trend_dtrader XAUUSD,H1: Failed modifying SUIUSD
0	12:08:39.938	trend_dtrader XAUUSD,H1: Failed modifying TRXUSD
0	12:08:40.940	trend_dtrader XAUUSD,H1: Failed modifying UNIUSD
0	12:08:41.932	trend_dtrader XAUUSD,H1: Failed modifying USDCAD
0	12:08:42.928	trend_dtrader XAUUSD,H1: Failed modifying USDCHF
0	12:08:43.934	trend_dtrader XAUUSD,H1: Failed modifying USDJPY
0	12:08:44.926	trend_dtrader XAUUSD,H1: Failed modifying USDMXN
0	12:08:45.937	trend_dtrader XAUUSD,H1: Failed modifying USDZAR
0	12:08:46.931	trend_dtrader XAUUSD,H1: Failed modifying XAGUSD
0	12:08:47.926	trend_dtrader XAUUSD,H1: Failed modifying XAUUSD
0	12:08:48.931	trend_dtrader XAUUSD,H1: Failed modifying XBRUSD
0	12:08:49.938	trend_dtrader XAUUSD,H1: Failed modifying XNGUSD
0	12:08:50.932	trend_dtrader XAUUSD,H1: Failed modifying XRPUSD
0	12:08:51.940	trend_dtrader XAUUSD,H1: Failed modifying XTIUSD
0	12:08:52.931	trend_dtrader XAUUSD,H1: Failed modifying AAVEUSD
0	12:08:53.929	trend_dtrader XAUUSD,H1: Failed modifying ADAUSD
0	12:08:54.939	trend_dtrader XAUUSD,H1: Failed modifying ALGOUSD
0	12:08:55.937	trend_dtrader XAUUSD,H1: Failed modifying APTUSD
0	12:08:56.926	trend_dtrader XAUUSD,H1: Failed modifying ARBUSD
0	12:08:57.935	trend_dtrader XAUUSD,H1: Failed modifying ATOMUSD
0	12:08:58.929	trend_dtrader XAUUSD,H1: Failed modifying AUDUSD
0	12:08:59.932	trend_dtrader XAUUSD,H1: Failed modifying AVAXUSD
0	12:09:00.939	trend_dtrader XAUUSD,H1: Failed modifying AXSUSD
0	12:09:01.927	trend_dtrader XAUUSD,H1: Failed modifying BCHUSD
0	12:09:02.947	trend_dtrader XAUUSD,H1: Failed modifying BNBUSD
0	12:09:03.949	trend_dtrader XAUUSD,H1: Failed modifying BTCUSD
0	12:09:04.956	trend_dtrader XAUUSD,H1: Failed modifying DASHUSD
0	12:09:05.945	trend_dtrader XAUUSD,H1: Failed modifying DOGEUSD
0	12:09:06.953	trend_dtrader XAUUSD,H1: Failed modifying DOTUSD
0	12:09:07.944	trend_dtrader XAUUSD,H1: Failed modifying ETCUSD
0	12:09:08.952	trend_dtrader XAUUSD,H1: Failed modifying ETHUSD
0	12:09:09.953	trend_dtrader XAUUSD,H1: Failed modifying EURUSD
0	12:09:10.944	trend_dtrader XAUUSD,H1: Failed modifying FETUSD
0	12:09:11.952	trend_dtrader XAUUSD,H1: Failed modifying FILUSD
0	12:09:12.941	trend_dtrader XAUUSD,H1: Failed modifying FTMUSD
0	12:09:13.955	trend_dtrader XAUUSD,H1: Failed modifying GBPUSD
0	12:09:14.945	trend_dtrader XAUUSD,H1: Failed modifying GRTUSD
0	12:09:15.954	trend_dtrader XAUUSD,H1: Failed modifying ICPUSD
0	12:09:16.951	trend_dtrader XAUUSD,H1: Failed modifying IOTAUSD
0	12:09:17.956	trend_dtrader XAUUSD,H1: Failed modifying LINKUSD
0	12:09:18.947	trend_dtrader XAUUSD,H1: Failed modifying LRCUSD
0	12:09:19.948	trend_dtrader XAUUSD,H1: Failed modifying LTCUSD
0	12:09:20.944	trend_dtrader XAUUSD,H1: Failed modifying MANAUSD
0	12:09:21.949	trend_dtrader XAUUSD,H1: Failed modifying MATICUSD
0	12:09:22.945	trend_dtrader XAUUSD,H1: Failed modifying NEARUSD
0	12:09:23.954	trend_dtrader XAUUSD,H1: Failed modifying NZDUSD
0	12:09:24.947	trend_dtrader XAUUSD,H1: Failed modifying SOLUSD
0	12:09:25.952	trend_dtrader XAUUSD,H1: Failed modifying SUIUSD
0	12:09:26.957	trend_dtrader XAUUSD,H1: Failed modifying TRXUSD
0	12:09:27.948	trend_dtrader XAUUSD,H1: Failed modifying UNIUSD
0	12:09:28.953	trend_dtrader XAUUSD,H1: Failed modifying USDCAD
0	12:09:29.945	trend_dtrader XAUUSD,H1: Failed modifying USDCHF
0	12:09:30.952	trend_dtrader XAUUSD,H1: Failed modifying USDJPY
0	12:09:31.955	trend_dtrader XAUUSD,H1: Failed modifying USDMXN
0	12:09:32.949	trend_dtrader XAUUSD,H1: Failed modifying USDZAR
0	12:09:33.956	trend_dtrader XAUUSD,H1: Failed modifying XAGUSD
0	12:09:34.953	trend_dtrader XAUUSD,H1: Failed modifying XAUUSD
0	12:09:35.948	trend_dtrader XAUUSD,H1: Failed modifying XBRUSD
0	12:09:36.958	trend_dtrader XAUUSD,H1: Failed modifying XNGUSD
0	12:09:37.955	trend_dtrader XAUUSD,H1: Failed modifying XRPUSD
0	12:09:38.947	trend_dtrader XAUUSD,H1: Failed modifying XTIUSD
0	12:09:39.943	trend_dtrader XAUUSD,H1: Failed modifying AAVEUSD
0	12:09:40.951	trend_dtrader XAUUSD,H1: Failed modifying ADAUSD
0	12:09:41.955	trend_dtrader XAUUSD,H1: Failed modifying ALGOUSD
0	12:09:42.951	trend_dtrader XAUUSD,H1: Failed modifying APTUSD
0	12:09:43.948	trend_dtrader XAUUSD,H1: Failed modifying ARBUSD
0	12:09:44.954	trend_dtrader XAUUSD,H1: Failed modifying ATOMUSD
0	12:09:45.955	trend_dtrader XAUUSD,H1: Failed modifying AUDUSD
0	12:09:46.946	trend_dtrader XAUUSD,H1: Failed modifying AVAXUSD
0	12:09:47.955	trend_dtrader XAUUSD,H1: Failed modifying AXSUSD
0	12:09:48.948	trend_dtrader XAUUSD,H1: Failed modifying BCHUSD
0	12:09:49.953	trend_dtrader XAUUSD,H1: Failed modifying BNBUSD
0	12:09:50.954	trend_dtrader XAUUSD,H1: Failed modifying BTCUSD
0	12:09:51.946	trend_dtrader XAUUSD,H1: Failed modifying DASHUSD
0	12:09:52.947	trend_dtrader XAUUSD,H1: Failed modifying DOGEUSD
0	12:09:53.950	trend_dtrader XAUUSD,H1: Failed modifying DOTUSD
0	12:09:54.952	trend_dtrader XAUUSD,H1: Failed modifying ETCUSD
0	12:09:55.944	trend_dtrader XAUUSD,H1: Failed modifying ETHUSD
0	12:09:56.950	trend_dtrader XAUUSD,H1: Failed modifying EURUSD
0	12:09:57.942	trend_dtrader XAUUSD,H1: Failed modifying FETUSD
0	12:09:58.945	trend_dtrader XAUUSD,H1: Failed modifying FILUSD
0	12:09:59.953	trend_dtrader XAUUSD,H1: Failed modifying FTMUSD
0	12:10:00.956	trend_dtrader XAUUSD,H1: Failed modifying GBPUSD
0	12:10:01.945	trend_dtrader XAUUSD,H1: Failed modifying GRTUSD
0	12:10:02.954	trend_dtrader XAUUSD,H1: Failed modifying ICPUSD
0	12:10:03.984	trend_dtrader XAUUSD,H1: Failed modifying IOTAUSD
0	12:10:04.952	trend_dtrader XAUUSD,H1: Failed modifying LINKUSD
0	12:10:05.982	trend_dtrader XAUUSD,H1: Failed modifying LRCUSD
0	12:10:06.947	trend_dtrader XAUUSD,H1: Failed modifying LTCUSD
0	12:10:07.951	trend_dtrader XAUUSD,H1: Failed modifying MANAUSD
0	12:10:08.943	trend_dtrader XAUUSD,H1: Failed modifying MATICUSD
0	12:10:09.954	trend_dtrader XAUUSD,H1: Failed modifying NEARUSD
0	12:10:10.946	trend_dtrader XAUUSD,H1: Failed modifying NZDUSD
0	12:10:11.954	trend_dtrader XAUUSD,H1: Failed modifying SOLUSD
0	12:10:12.941	trend_dtrader XAUUSD,H1: Failed modifying SUIUSD
0	12:10:13.956	trend_dtrader XAUUSD,H1: Failed modifying TRXUSD
0	12:10:14.944	trend_dtrader XAUUSD,H1: Failed modifying UNIUSD
0	12:10:15.954	trend_dtrader XAUUSD,H1: Failed modifying USDCAD
0	12:10:16.952	trend_dtrader XAUUSD,H1: Failed modifying USDCHF
0	12:10:17.954	trend_dtrader XAUUSD,H1: Failed modifying USDJPY
0	12:10:18.941	trend_dtrader XAUUSD,H1: Failed modifying USDMXN
0	12:10:19.950	trend_dtrader XAUUSD,H1: Failed modifying USDZAR
0	12:10:20.943	trend_dtrader XAUUSD,H1: Failed modifying XAGUSD
0	12:10:21.953	trend_dtrader XAUUSD,H1: Failed modifying XAUUSD
0	12:10:22.942	trend_dtrader XAUUSD,H1: Failed modifying XBRUSD
0	12:10:23.956	trend_dtrader XAUUSD,H1: Failed modifying XNGUSD
0	12:10:24.949	trend_dtrader XAUUSD,H1: Failed modifying XRPUSD
0	12:10:25.956	trend_dtrader XAUUSD,H1: Failed modifying XTIUSD
0	12:10:26.947	trend_dtrader XAUUSD,H1: Failed modifying AAVEUSD
0	12:10:27.942	trend_dtrader XAUUSD,H1: Failed modifying ADAUSD
0	12:10:28.949	trend_dtrader XAUUSD,H1: Failed modifying ALGOUSD
0	12:10:29.953	trend_dtrader XAUUSD,H1: Failed modifying APTUSD
0	12:10:30.952	trend_dtrader XAUUSD,H1: Failed modifying ARBUSD
0	12:10:31.944	trend_dtrader XAUUSD,H1: Failed modifying ATOMUSD
0	12:10:32.956	trend_dtrader XAUUSD,H1: Failed modifying AUDUSD
0	12:10:33.954	trend_dtrader XAUUSD,H1: Failed modifying AVAXUSD
0	12:10:34.956	trend_dtrader XAUUSD,H1: Failed modifying AXSUSD
0	12:10:35.969	trend_dtrader XAUUSD,H1: Failed modifying BCHUSD
0	12:10:36.943	trend_dtrader XAUUSD,H1: Failed modifying BNBUSD
0	12:10:37.956	trend_dtrader XAUUSD,H1: Failed modifying BTCUSD
0	12:10:38.943	trend_dtrader XAUUSD,H1: Failed modifying DASHUSD
0	12:10:39.952	trend_dtrader XAUUSD,H1: Failed modifying DOGEUSD
0	12:10:40.944	trend_dtrader XAUUSD,H1: Failed modifying DOTUSD
0	12:10:41.952	trend_dtrader XAUUSD,H1: Failed modifying ETCUSD
0	12:10:42.942	trend_dtrader XAUUSD,H1: Failed modifying ETHUSD
0	12:10:43.955	trend_dtrader XAUUSD,H1: Failed modifying EURUSD
0	12:10:44.948	trend_dtrader XAUUSD,H1: Failed modifying FETUSD
0	12:10:45.956	trend_dtrader XAUUSD,H1: Failed modifying FILUSD
0	12:10:46.949	trend_dtrader XAUUSD,H1: Failed modifying FTMUSD
0	12:10:47.942	trend_dtrader XAUUSD,H1: Failed modifying GBPUSD
0	12:10:48.954	trend_dtrader XAUUSD,H1: Failed modifying GRTUSD
0	12:10:49.943	trend_dtrader XAUUSD,H1: Failed modifying ICPUSD
0	12:10:50.951	trend_dtrader XAUUSD,H1: Failed modifying IOTAUSD
0	12:10:51.947	trend_dtrader XAUUSD,H1: Failed modifying LINKUSD
0	12:10:52.952	trend_dtrader XAUUSD,H1: Failed modifying LRCUSD
0	12:10:53.951	trend_dtrader XAUUSD,H1: Failed modifying LTCUSD
0	12:10:54.956	trend_dtrader XAUUSD,H1: Failed modifying MANAUSD
0	12:10:55.948	trend_dtrader XAUUSD,H1: Failed modifying MATICUSD
0	12:10:56.956	trend_dtrader XAUUSD,H1: Failed modifying NEARUSD
0	12:10:57.947	trend_dtrader XAUUSD,H1: Failed modifying NZDUSD
0	12:10:58.955	trend_dtrader XAUUSD,H1: Failed modifying SOLUSD
0	12:10:59.952	trend_dtrader XAUUSD,H1: Failed modifying SUIUSD
0	12:11:00.943	trend_dtrader XAUUSD,H1: Failed modifying TRXUSD
0	12:11:01.947	trend_dtrader XAUUSD,H1: Failed modifying UNIUSD
0	12:11:02.955	trend_dtrader XAUUSD,H1: Failed modifying USDCAD
0	12:11:03.959	trend_dtrader XAUUSD,H1: Failed modifying USDCHF
0	12:11:04.948	trend_dtrader XAUUSD,H1: Failed modifying USDJPY
0	12:11:05.951	trend_dtrader XAUUSD,H1: Failed modifying USDMXN
0	12:11:06.954	trend_dtrader XAUUSD,H1: Failed modifying USDZAR
0	12:11:07.948	trend_dtrader XAUUSD,H1: Failed modifying XAGUSD
0	12:11:08.954	trend_dtrader XAUUSD,H1: Failed modifying XAUUSD
0	12:11:09.952	trend_dtrader XAUUSD,H1: Failed modifying XBRUSD
0	12:11:10.943	trend_dtrader XAUUSD,H1: Failed modifying XNGUSD
0	12:11:11.962	trend_dtrader XAUUSD,H1: Failed modifying XRPUSD
0	12:11:12.952	trend_dtrader XAUUSD,H1: Failed modifying XTIUSD
0	12:11:13.949	trend_dtrader XAUUSD,H1: Failed modifying AAVEUSD
0	12:11:14.952	trend_dtrader XAUUSD,H1: Failed modifying ADAUSD
0	12:11:15.942	trend_dtrader XAUUSD,H1: Failed modifying ALGOUSD
0	12:11:16.954	trend_dtrader XAUUSD,H1: Failed modifying APTUSD
0	12:11:17.945	trend_dtrader XAUUSD,H1: Failed modifying ARBUSD
0	12:11:18.948	trend_dtrader XAUUSD,H1: Failed modifying ATOMUSD
0	12:11:19.941	trend_dtrader XAUUSD,H1: Failed modifying AUDUSD
0	12:11:20.958	trend_dtrader XAUUSD,H1: Failed modifying AVAXUSD
0	12:11:21.949	trend_dtrader XAUUSD,H1: Failed modifying AXSUSD
0	12:11:22.956	trend_dtrader XAUUSD,H1: Failed modifying BCHUSD
0	12:11:23.963	trend_dtrader XAUUSD,H1: Failed modifying BNBUSD
0	12:11:24.954	trend_dtrader XAUUSD,H1: Failed modifying BTCUSD
0	12:11:25.950	trend_dtrader XAUUSD,H1: Failed modifying DASHUSD
0	12:11:26.969	trend_dtrader XAUUSD,H1: Failed modifying DOGEUSD
0	12:11:27.944	trend_dtrader XAUUSD,H1: Failed modifying DOTUSD
0	12:11:28.958	trend_dtrader XAUUSD,H1: Failed modifying ETCUSD
0	12:11:29.946	trend_dtrader XAUUSD,H1: Failed modifying ETHUSD
0	12:11:30.954	trend_dtrader XAUUSD,H1: Failed modifying EURUSD
0	12:11:31.952	trend_dtrader XAUUSD,H1: Failed modifying FETUSD
0	12:11:32.956	trend_dtrader XAUUSD,H1: Failed modifying FILUSD
0	12:11:33.951	trend_dtrader XAUUSD,H1: Failed modifying FTMUSD
0	12:11:34.956	trend_dtrader XAUUSD,H1: Failed modifying GBPUSD
0	12:11:35.951	trend_dtrader XAUUSD,H1: Failed modifying GRTUSD
0	12:11:36.944	trend_dtrader XAUUSD,H1: Failed modifying ICPUSD
0	12:11:37.953	trend_dtrader XAUUSD,H1: Failed modifying IOTAUSD
0	12:11:38.948	trend_dtrader XAUUSD,H1: Failed modifying LINKUSD
0	12:11:39.956	trend_dtrader XAUUSD,H1: Failed modifying LRCUSD
0	12:11:40.949	trend_dtrader XAUUSD,H1: Failed modifying LTCUSD
0	12:11:41.942	trend_dtrader XAUUSD,H1: Failed modifying MANAUSD
0	12:11:42.951	trend_dtrader XAUUSD,H1: Failed modifying MATICUSD
0	12:11:43.955	trend_dtrader XAUUSD,H1: Failed modifying NEARUSD
0	12:11:44.946	trend_dtrader XAUUSD,H1: Failed modifying NZDUSD
0	12:11:45.955	trend_dtrader XAUUSD,H1: Failed modifying SOLUSD
0	12:11:46.956	trend_dtrader XAUUSD,H1: Failed modifying SUIUSD
0	12:11:47.950	trend_dtrader XAUUSD,H1: Failed modifying TRXUSD
0	12:11:48.956	trend_dtrader XAUUSD,H1: Failed modifying UNIUSD
0	12:11:49.953	trend_dtrader XAUUSD,H1: Failed modifying USDCAD
0	12:11:50.943	trend_dtrader XAUUSD,H1: Failed modifying USDCHF
0	12:11:51.950	trend_dtrader XAUUSD,H1: Failed modifying USDJPY
0	12:11:52.942	trend_dtrader XAUUSD,H1: Failed modifying USDMXN
0	12:11:53.956	trend_dtrader XAUUSD,H1: Failed modifying USDZAR
0	12:11:54.947	trend_dtrader XAUUSD,H1: Failed modifying XAGUSD
0	12:11:55.951	trend_dtrader XAUUSD,H1: Failed modifying XAUUSD
0	12:11:56.954	trend_dtrader XAUUSD,H1: Failed modifying XBRUSD
0	12:11:57.941	trend_dtrader XAUUSD,H1: Failed modifying XNGUSD
0	12:11:58.951	trend_dtrader XAUUSD,H1: Failed modifying XRPUSD
0	12:11:59.956	trend_dtrader XAUUSD,H1: Failed modifying XTIUSD
0	12:12:00.944	trend_dtrader XAUUSD,H1: Failed modifying AAVEUSD
0	12:12:01.949	trend_dtrader XAUUSD,H1: Failed modifying ADAUSD
0	12:12:02.955	trend_dtrader XAUUSD,H1: Failed modifying ALGOUSD
0	12:12:03.949	trend_dtrader XAUUSD,H1: Failed modifying APTUSD
0	12:12:04.954	trend_dtrader XAUUSD,H1: Failed modifying ARBUSD
0	12:12:05.950	trend_dtrader XAUUSD,H1: Failed modifying ATOMUSD
0	12:12:06.942	trend_dtrader XAUUSD,H1: Failed modifying AUDUSD
0	12:12:07.953	trend_dtrader XAUUSD,H1: Failed modifying AVAXUSD
0	12:12:08.943	trend_dtrader XAUUSD,H1: Failed modifying AXSUSD
0	12:12:09.954	trend_dtrader XAUUSD,H1: Failed modifying BCHUSD
0	12:12:10.944	trend_dtrader XAUUSD,H1: Failed modifying BNBUSD
0	12:12:11.950	trend_dtrader XAUUSD,H1: Failed modifying BTCUSD
0	12:12:12.956	trend_dtrader XAUUSD,H1: Failed modifying DASHUSD
0	12:12:13.952	trend_dtrader XAUUSD,H1: Failed modifying DOGEUSD
0	12:12:14.942	trend_dtrader XAUUSD,H1: Failed modifying DOTUSD
0	12:12:15.969	trend_dtrader XAUUSD,H1: Failed modifying ETCUSD
0	12:12:16.946	trend_dtrader XAUUSD,H1: Failed modifying ETHUSD
