0	19:44:03.528	Custom indicator ZigZag GBPUSD,H1: loaded successfully
0	19:44:03.563	Custom indicator s_and_d GBPUSD,H1: loaded successfully
0	19:44:03.648	ZigZag GBPUSD,H1: initialized
0	19:44:03.703	s_and_d GBPUSD,H1: initialized
0	19:44:04.019	Expert trend_dtrader AUDUSD,H1: loaded successfully
0	19:44:04.019	trend_dtrader AUDUSD,H1 inputs: mdesc=DBot FX; lot_size=0.01; 
0	19:44:14.270	trend_dtrader AUDUSD,H1: 6
0	19:44:14.270	trend_dtrader AUDUSD,H1: initialized
2	19:44:23.161	trend_dtrader AUDUSD,H1: open #1955512954 sell 0.01 USDCAD at 1.35079 sl: 1.35635 tp: 1.33973 ok
0	19:44:23.161	trend_dtrader AUDUSD,H1: Alert: USDCAD Ordered Successfully
0	19:44:24.259	trend_dtrader AUDUSD,H1: Alert: Failed XAUUSD
0	19:44:31.271	trend_dtrader AUDUSD,H1: Alert: Failed XAUUSD
0	19:44:33.952	trend_dtrader AUDUSD,H1: Alert: Failed XAUUSD
0	19:44:37.307	trend_dtrader AUDUSD,H1: Alert: Failed XAUUSD
0	19:44:40.688	trend_dtrader AUDUSD,H1: Alert: Failed XAUUSD
0	19:44:49.610	trend_dtrader AUDUSD,H1: Alert: Failed XAUUSD
0	19:44:58.621	trend_dtrader AUDUSD,H1: Alert: Failed XAUUSD
0	19:45:04.466	trend_dtrader AUDUSD,H1: Alert: Failed XAUUSD
0	19:45:06.299	trend_dtrader AUDUSD,H1: Alert: Failed XAUUSD
0	19:45:09.683	trend_dtrader AUDUSD,H1: Alert: Failed XAUUSD
0	19:45:14.268	trend_dtrader AUDUSD,H1: 18 : 45
0	19:45:20.295	trend_dtrader AUDUSD,H1: Alert: Failed XAUUSD
0	19:45:24.309	trend_dtrader AUDUSD,H1: Alert: Failed XAUUSD
0	19:45:29.145	trend_dtrader AUDUSD,H1: Alert: Failed XAUUSD
0	19:45:35.143	trend_dtrader AUDUSD,H1: Alert: Failed XAUUSD
0	19:45:40.360	trend_dtrader AUDUSD,H1: Alert: Failed XAUUSD
0	19:45:47.256	trend_dtrader AUDUSD,H1: Alert: Failed XAUUSD
0	19:45:54.400	trend_dtrader AUDUSD,H1: Alert: Failed XAUUSD
0	19:46:01.370	trend_dtrader AUDUSD,H1: Alert: Failed XAUUSD
0	19:46:06.834	trend_dtrader AUDUSD,H1: Alert: Failed XAUUSD
0	19:46:11.665	trend_dtrader AUDUSD,H1: Alert: Failed XAUUSD
0	19:46:14.264	trend_dtrader AUDUSD,H1: 18 : 46
0	19:46:19.883	trend_dtrader AUDUSD,H1: Alert: Failed XAUUSD
0	19:46:22.275	trend_dtrader AUDUSD,H1: uninit reason 1
0	19:46:22.276	trend_dtrader AUDUSD,H1: Alert: 1
0	19:46:22.324	Expert trend_dtrader AUDUSD,H1: removed
0	22:14:17.633	ZigZag GBPUSD,H1: uninit reason 9
0	22:14:17.633	s_and_d GBPUSD,H1: uninit reason 9
0	22:14:18.003	Custom indicator ZigZag GBPUSD,H1: removed
0	22:14:18.010	Custom indicator s_and_d GBPUSD,H1: removed
